11-05 17:25:16.385  2933 24871 D CompatibilityInfo: mCompatibilityFlags - 0
11-05 17:25:16.386  2933 24871 D CompatibilityInfo: applicationDensity - 480
11-05 17:25:16.386  2933 24871 D CompatibilityInfo: applicationScale - 1.0
11-05 17:25:16.389   667   667 I QTI PowerHAL: Disable request for mode: 0x1
11-05 17:25:16.389   667   667 D QTI PowerHAL: Releasing handle 0x5925e
11-05 17:25:16.389   667   667 D QTI PowerHAL: Couldn't find the hint for mode 0x0
11-05 17:25:16.389   667   667 I QTI PowerHAL: Current mode is 0x0
11-05 17:25:16.393  2933  3279 D InadvertentTouchController: <MSG_DISPLAY_CHANGED> mInadvertentTouchEnable or mCompleteSetupWizard false. return
11-05 17:25:16.395  2933  2954 D ActivityTrigger: ActivityTrigger activityStopTrigger 
11-05 17:25:16.396  2933  2933 I DeviceIdleController: becomeActiveLocked, reason = screen
11-05 17:25:16.396  2933  2933 D Telecom : AsusTelecomReceiver: AsusTelecomReceiver: onReceive()...action = android.intent.action.CONFIGURATION_CHANGED
11-05 17:25:16.398   693   693 D SurfaceFlinger: Backpressure trigger, skipping transaction & refresh!
11-05 17:25:16.399  3490  3573 D [TELESERVICE][AsusPhoneUtils]: getMobileSlot(): slotId = 0
11-05 17:25:16.402  2933  3134 I InputReader: Reconfiguring input devices.  changes=0x00000004
11-05 17:25:16.402  2933  3134 I InputReader: Device reconfigured: id=11, name='fts_ts', size 1080x2246, orientation 0, mode 1, display id 0
11-05 17:25:16.412  2933  7791 D WindowManager: adjustConfigurationLw, config:{0 0.0 ?mcc?mnc ?localeList ?layoutDir sw360dp w360dp h675dp 480dpi nrml long hdr port ?uimode ?night finger -keyb/v/h -nav/v appBounds=Rect(0, 0 - 1080, 2114)} mLidState:-1 mHasDockFeature:false mHasKeyboardFeature:false mHasHallSensorFeature:false config.hardKeyboardHidden:2
11-05 17:25:16.416   663  1099 D SDM     : DisplayBase::BuildLayerStackStats: LayerStack layer_count: 4, app_layer_count: 3, gpu_target_index: 3, display type: 0
11-05 17:25:16.419  3751  3787 D OpenedTimeAppInfoProvider: Update DB : number of affected records : 1
11-05 17:25:16.421  3751  4333 W ContextImpl: Calling a method in the system process without a qualified user: android.app.ContextImpl.bindService:1540 android.content.ContextWrapper.bindService:689 com.google.android.gms.common.stats.b.a:15 com.google.android.gms.common.stats.b.a:13 com.google.android.gms.ads.identifier.AdvertisingIdClient.a:60 
11-05 17:25:16.433   663  1099 D SDM     : DisplayBase::BuildLayerStackStats: LayerStack layer_count: 4, app_layer_count: 3, gpu_target_index: 3, display type: 0
11-05 17:25:16.434  4276  4276 D Launcher.Utilities: isPhone= true
11-05 17:25:16.437  3751  3787 I AppOpsStatusUpdateHandler: pkgName = com.android.systemui
11-05 17:25:16.437  3751  3787 I AppOpsStatusUpdateHandler: taskId = 2081
11-05 17:25:16.437  3751  3787 D CNAppLockHandler: CNAppLockHandler handleAppFocus
11-05 17:25:16.438  4276  4276 D FontUtils: getSavedDisplaySettingsFontScale: 1.0
11-05 17:25:16.441  4276  4276 D FontUtils: current Launcher saved fontscale: 1.0
11-05 17:25:16.444  4276  4276 D FontUtils: getSavedDisplaySettingsFontScale: 1.0
11-05 17:25:16.444  4276  4276 D FontUtils: checkAndGetSavedFontScale, Latest saved displaySettings fontscale: 1.0, current displaySettings fontscale: 1.0, AsusEzmodeStatus(0 is disabled): 0
11-05 17:25:16.446  3751  3751 D TaskWatcherService: pkgName: com.android.systemui taskId: 2081
11-05 17:25:16.446  3751  3751 W ContextImpl: Calling a method in the system process without a qualified user: android.app.ContextImpl.startService:1460 android.content.ContextWrapper.startService:655 com.asus.powersaver.TaskWatcherService$IncomingHandler.handleMessage:96 android.os.Handler.dispatchMessage:105 android.os.Looper.loop:169 
11-05 17:25:16.446  3751  4333 W ContextImpl: Calling a method in the system process without a qualified user: android.app.ContextImpl.bindService:1540 android.content.ContextWrapper.bindService:689 com.google.android.gms.common.stats.b.a:15 com.google.android.gms.common.stats.b.a:13 com.google.android.gms.analytics.internal.zzi$zza.zzzv:59 
11-05 17:25:16.446  3751  3751 W ContextImpl: Calling a method in the system process without a qualified user: android.app.ContextImpl.sendBroadcast:950 android.content.ContextWrapper.sendBroadcast:442 com.asus.powersaver.TaskWatcherService$IncomingHandler.handleMessage:111 android.os.Handler.dispatchMessage:105 android.os.Looper.loop:169 
11-05 17:25:16.446  6341 17751 D DatabaseIndexingManager: Indexing locale 'pt_BR' took 4 millis
11-05 17:25:16.448  4276  4276 D FontUtils: current Launcher saved fontscale: 1.0
11-05 17:25:16.449  4276  4276 I LauncherApplication: isSystemFontChanged: false
11-05 17:25:16.449  4276  4276 D FontUtils: getSavedDisplaySettingsFontScale: 1.0
11-05 17:25:16.451  2933  4240 D CompatibilityInfo: mCompatibilityFlags - 10
11-05 17:25:16.451  2933  4240 D CompatibilityInfo: applicationDensity - 480
11-05 17:25:16.451  2933  4240 D CompatibilityInfo: applicationScale - 1.0
11-05 17:25:16.452  3306  3306 D StatusBar: onConfigurationChanged Vertical new : true / old : false
11-05 17:25:16.452  4276  4276 D LauncherLog: LauncherProvier - getDatabase: normal-launcher.db
11-05 17:25:16.452  3306  3306 D LightBarController: Check FullscreenLight
11-05 17:25:16.452  3306  3306 D LightBarController: Check light: false light: false
11-05 17:25:16.452  3306  3306 D LightBarController: Check DockedLight
11-05 17:25:16.452  3306  3306 D LightBarController: Check light: false light: false
11-05 17:25:16.452  4276  4276 D Launcher.Model: onReceive intent=Intent { act=android.intent.action.CONFIGURATION_CHANGED flg=0x70200010 }
11-05 17:25:16.452  3751  3751 D PowerSaverService: onStartCommand PowerSaverService:
11-05 17:25:16.452  3751  3751 D PowerSaverService: onStartCommand  action:null
11-05 17:25:16.453  3751  3751 D PowerSaverService: current package:com.android.systemui, activity:com.android.systemui.recents.RecentsActivity, SMode:0, PMode:2
11-05 17:25:16.453  3306  3306 D skia    : --- SkAndroidCodec::NewFromStream returned null
11-05 17:25:16.460  3306  3674 D NetworkController.MobileSignalController(2): updateTelephonySignalStrength: hasService=true ss=SignalStrength: 99 0 0 -120 -160 -120 -1 -1 17 -107 -13 74 2147483647 0 2147483647 gsm|lte
11-05 17:25:16.463  3490  3573 D PhoneInterfaceManager: isWifiCallingAvailable: sub Id : 2
11-05 17:25:16.463  3306  3674 D NetworkController.MobileSignalController(2): isWifiCallingAvailable=false
11-05 17:25:16.463  3490  3573 D PhoneInterfaceManager: isVolteAvailable: sub Id : 2
11-05 17:25:16.464  3306  3674 D NetworkController.MobileSignalController(2): isVolteAvailable=false
11-05 17:25:16.465  3490  3573 D PhoneInterfaceManager: isVideoTelephonyAvailable: sub Id : 2
11-05 17:25:16.465  3306  3674 D NetworkController.MobileSignalController(2): isVideoTelephonyAvailable=false
11-05 17:25:16.466   663  1099 D SDM     : DisplayBase::BuildLayerStackStats: LayerStack layer_count: 4, app_layer_count: 3, gpu_target_index: 3, display type: 0
11-05 17:25:16.474  3306  3306 I keyguard: AsusMediator:onConfigurationChanged:{0 1.0 724mcc10mnc [pt_BR] ldltr sw360dp w360dp h675dp 480dpi nrml long hdr port finger -keyb/v/h -nav/h appBounds=Rect(0, 0 - 1080, 2114) s.356}
11-05 17:25:16.474  3306  3306 I keyguard: AsusSlideshowManager:onConfigurationChanged
11-05 17:25:16.474  3306  3306 I keyguard: SlideshowLocaleManager:getLanguageLocale: pt_br
11-05 17:25:16.474  3306  3306 I keyguard: AsusClockContainer_L:uninit
11-05 17:25:16.474  3306  3306 V KeyguardUpdateMonitor: *** unregister callback for com.android.keyguard.CarrierText$1@69595ad
11-05 17:25:16.475  3306  3306 V KeyguardUpdateMonitor: *** unregister callback for com.asus.keyguard.module.clock.ui.AsusSimpleDigitalClockForFBE$2@84d8287
11-05 17:25:16.475  3306  3306 I keyguard: AsusMediator:unregisterBarClockShowCallback callback:com.asus.keyguard.module.clock.ui.AsusWeatherClockContainer$1@4ba8c73
11-05 17:25:16.475  3306  3306 I keyguard: TargetContainer:uninitDrag
11-05 17:25:16.475  3306  3306 W keyguard: AnimationTargetContainer:reset mState:READY
11-05 17:25:16.476  3306  3306 I keyguard: AsusClockContainer_L:onInit
11-05 17:25:16.477  3306  3306 D AppWidgetUtils: isSupportNewWeatherInfoRequest supportFeature: 1
11-05 17:25:16.477  3306  3306 D keyguard: AsusClockContainer_L:onFinishInflate: mWeatherWidgetIdInSettings=-1
11-05 17:25:16.478  3306  3306 V KeyguardUpdateMonitor: *** register callback for com.android.keyguard.CarrierText$1@fbf026f
11-05 17:25:16.478  3306  3306 V KeyguardUpdateMonitor: *** unregister callback for null
11-05 17:25:16.478  3306  3306 D CarrierText: N=1
11-05 17:25:16.478  3306  3306 D CarrierText: isBrazilCountryCode subId=2 simCountryISO=br result=true
11-05 17:25:16.479  3306  3306 D CarrierText: i=0 subId=2 status=Normal ss=true
11-05 17:25:16.479  3306  3306 D CarrierText: getRoaming=false
11-05 17:25:16.479  3306  3306 D CarrierText: Handling (subId=2): READY Vivo
11-05 17:25:16.479  3306  3306 D CarrierText: Handling subId=2 simState=READY carrierName=Vivo carrierTextForSimState=Vivo mSimSlotMessage={}
11-05 17:25:16.479  3306  3306 D CarrierText: subId=2 voice_network_type=13 network_class=3 is2G=false hasService=true
11-05 17:25:16.479  3306  3306 D CarrierText: displayText=null carrierTextForSimState=Vivo
11-05 17:25:16.479  3306  3306 D CarrierText: SIM ready and in service: subId=2, ss=0 0 voice home data home Vivo Vivo 72410 Vivo Vivo 72410  LTE LTE CSS not supported -1 -1 RoamInd=-1 DefRoamInd=-1 EmergOnly=false IsDataRoamingFromRegistration=false IsUsingCarrierAggregation=true mLteEarfcnRsrpBoost=0
11-05 17:25:16.479  3306  3306 D CarrierText: displayText--Vivo
11-05 17:25:16.481  3306  3306 I keyguard: TargetContainer:onPathDataChanged mPathKey:clock data:null
11-05 17:25:16.481  3306  3306 I keyguard: AsusMediator:registerBarClockShowCallback callback:com.asus.keyguard.module.clock.ui.AsusWeatherClockContainer$1@8e8dc05
11-05 17:25:16.481  3306  3306 I keyguard: TargetContainer:init
11-05 17:25:16.481  3306  3306 D QSContainerImpl: onConfigurationChanged Vertical new : true / old : false
11-05 17:25:16.482  3306  3306 D QuickStatusBarHeader: onConfigurationChanged Vertical new : true / old : false
11-05 17:25:16.482 22073 22078 I zygote  : Method exceeds compiler instruction limit: 21658 in java.lang.Object X.1xK.B(int, X.0Jv)
11-05 17:25:16.482  3306  3306 D StatusBarIconController: isVertical: true
11-05 17:25:16.482  3306  3306 D StatusBarIconController: mZenIconView setVisibility VISIBLE
11-05 17:25:16.483  3306  3306 D keyguard: KeyguardUpdateMonitor:getUserCanSkipBouncer,getUserHasTrust:false,isFpAuthenticated:false,isFaceAuthenticated:false
11-05 17:25:16.485  3306  3306 I keyguard: TargetContainer:uninitDrag
11-05 17:25:16.485  3306  3306 W keyguard: AnimationTargetContainer:reset mState:READY
11-05 17:25:16.485  3306  3306 I keyguard: TargetContainer:uninitDrag
11-05 17:25:16.485  3306  3306 W keyguard: AnimationTargetContainer:reset mState:READY
11-05 17:25:16.486  3306  3306 I keyguard: TargetContainer:init
11-05 17:25:16.486  3306  3306 I keyguard: AsusLSShortcut:updateUI app:android.graphics.drawable.VectorDrawable@3ac6368 background:null color:-1
11-05 17:25:16.486  3306  3306 I keyguard: AsusLSShortcut:setAppInfo:Câmera
11-05 17:25:16.486  3306  3674 D NetworkController.MobileSignalController(2): onDataActivity: direction=3
11-05 17:25:16.486  3306  3306 I keyguard: TargetContainer:init
11-05 17:25:16.486  3306  3306 I keyguard: AsusLSShortcut:updateUI app:android.graphics.drawable.VectorDrawable@1203381 background:null color:-1
11-05 17:25:16.486  3490  3573 D PhoneInterfaceManager: isWifiCallingAvailable: sub Id : 2
11-05 17:25:16.487  3306  3674 D NetworkController.MobileSignalController(2): isWifiCallingAvailable=false
11-05 17:25:16.487  3306  3306 I keyguard: AsusLSShortcut:setAppInfo:Câmera
11-05 17:25:16.487  3306  3306 I keyguard: AsusLSShortcut:updateUI app:android.graphics.drawable.VectorDrawable@12d6c26 background:null color:-1
11-05 17:25:16.487  3490  3573 D PhoneInterfaceManager: isVolteAvailable: sub Id : 2
11-05 17:25:16.487  3306  3674 D NetworkController.MobileSignalController(2): isVolteAvailable=false
11-05 17:25:16.487  3306  3306 W keyguard: AsusShortcutInfo:appName not found:android.content.pm.PackageManager$NameNotFoundException: ComponentInfo{com.asus.keyguard.module.slideshow.ui/com.asus.keyguard.module.slideshow.ui.SlideshowSettingPanelView}
11-05 17:25:16.487  3306  3306 I keyguard: AsusLSShortcut:setAppInfo:null
11-05 17:25:16.487  3490  3573 D PhoneInterfaceManager: isVideoTelephonyAvailable: sub Id : 2
11-05 17:25:16.487  3306  3674 D NetworkController.MobileSignalController(2): isVideoTelephonyAvailable=false
11-05 17:25:16.487  3306  3674 D NetworkController.MobileSignalController(2): Change in state from: connected=true,enabled=true,level=4,inetCondition=1,iconGroup=IconGroup(4G+),activityIn=false,activityOut=false,rssi=0,lastModified=11-05 05:25:15,dataSim=true,networkName=Vivo,networkNameData=Vivo,dataConnected=true,roaming=false,isDefault=false,isEmergency=false,airplaneMode=false,carrierNetworkChangeMode=false,userSetup=true
11-05 17:25:16.487  3306  3674 D NetworkController.MobileSignalController(2): 	to: connected=true,enabled=true,level=4,inetCondition=1,iconGroup=IconGroup(4G+),activityIn=true,activityOut=true,rssi=0,lastModified=11-05 05:25:15,dataSim=true,networkName=Vivo,networkNameData=Vivo,dataConnected=true,roaming=false,isDefault=false,isEmergency=false,airplaneMode=false,carrierNetworkChangeMode=false,userSetup=true
11-05 17:25:16.487  3306  3674 D NetworkController.MobileSignalController(2): SubscriptionInfo.getSimSlotIndex(): 0
11-05 17:25:16.487  3306  3674 D NetworkController: isSimOff(0): false
11-05 17:25:16.487  3306  3674 D NetworkController: hasPrefered: false
11-05 17:25:16.488  3306  3674 D NetworkController.MobileSignalController(2): SubscriptionInfo.getSimSlotIndex(): 0
11-05 17:25:16.488  3306  3674 D NetworkController: isSimOff(0): false
11-05 17:25:16.488  3306  3674 D NetworkController: hasPrefered: false
11-05 17:25:16.488  3306  3674 D NetworkController.MobileSignalController(2): SubscriptionInfo.getSimSlotIndex(): 0
11-05 17:25:16.488  3306  3674 D NetworkController: isSimOff(0): false
11-05 17:25:16.488  3306  3674 D NetworkController: hasPrefered: false
11-05 17:25:16.489  3306  3306 I keyguard: AsusLSShortcut:updateUI app:android.graphics.drawable.VectorDrawable@e984e14 background:null color:-1
11-05 17:25:16.489  3306  3306 I keyguard: AsusLSShortcut:updateUI app:android.graphics.drawable.VectorDrawable@61b86bd background:null color:-1
11-05 17:25:16.489  3306  3306 I keyguard: TargetContainer:onPathDataChanged mPathKey:null data:null
11-05 17:25:16.489  3306  3306 I keyguard: TargetContainer:onPathDataChanged mPathKey:null data:null
11-05 17:25:16.489  3306  3674 D NetworkController.MobileSignalController(2): notifyListeners NetworkCountryIso=br
11-05 17:25:16.501  3306  3306 D MoreNotificationIcon: implementMoreNotificationIcon(false)
11-05 17:25:16.501  3306  3306 D StatusBar: android checkMoreIconColorize: !isPreL: true isGrayscale: true
11-05 17:25:16.502  3306  3306 D MoreNotificationIcon: implementMoreNotificationIcon(false)
11-05 17:25:16.502  3306  3306 D StatusBar: android checkMoreIconColorize: !isPreL: true isGrayscale: true
11-05 17:25:16.503  3306  3306 D MoreNotificationIcon: implementMoreNotificationIcon(false)
11-05 17:25:16.503  3306  3306 D StatusBar: android checkMoreIconColorize: !isPreL: true isGrayscale: true
11-05 17:25:16.504  3306  3306 D MoreNotificationIcon: implementMoreNotificationIcon(false)
11-05 17:25:16.504  3306  3306 D StatusBar: android checkMoreIconColorize: !isPreL: true isGrayscale: true
11-05 17:25:16.506  3306  3306 W StaticLayout: maxLineHeight should not be -1.  maxLines:2 lineCount:2
11-05 17:25:16.509  3306  3306 I chatty  : uid=10018(u0_a18) com.android.systemui identical 30 lines
11-05 17:25:16.509  3306  3306 W StaticLayout: maxLineHeight should not be -1.  maxLines:2 lineCount:2
11-05 17:25:16.515  3306  3306 W StaticLayout: maxLineHeight should not be -1.  maxLines:1 lineCount:1
11-05 17:25:16.515  3306  3306 I chatty  : uid=10018(u0_a18) com.android.systemui identical 1 line
11-05 17:25:16.515  3306  3306 W StaticLayout: maxLineHeight should not be -1.  maxLines:1 lineCount:1
11-05 17:25:16.532   663  1099 D SDM     : DisplayBase::BuildLayerStackStats: LayerStack layer_count: 4, app_layer_count: 3, gpu_target_index: 3, display type: 0
11-05 17:25:16.537  3306  3306 D MoreNotificationIcon: implementMoreNotificationIcon(false)
11-05 17:25:16.537  3306  3306 D StatusBar: android checkMoreIconColorize: !isPreL: true isGrayscale: true
11-05 17:25:16.537  3306  3306 D MoreNotificationIcon: implementMoreNotificationIcon(false)
11-05 17:25:16.537  3306  3306 D StatusBar: android checkMoreIconColorize: !isPreL: true isGrayscale: true
11-05 17:25:16.538  3306  3306 D MoreNotificationIcon: implementMoreNotificationIcon(false)
11-05 17:25:16.538  3306  3306 D StatusBar: android checkMoreIconColorize: !isPreL: true isGrayscale: true
11-05 17:25:16.539  3306  3306 D MoreNotificationIcon: implementMoreNotificationIcon(false)
11-05 17:25:16.540  3306  3306 D StatusBar: android checkMoreIconColorize: !isPreL: true isGrayscale: true
11-05 17:25:16.541  3306  3306 W StaticLayout: maxLineHeight should not be -1.  maxLines:2 lineCount:2
11-05 17:25:16.543  3306  3306 I chatty  : uid=10018(u0_a18) com.android.systemui identical 10 lines
11-05 17:25:16.543  3306  3306 W StaticLayout: maxLineHeight should not be -1.  maxLines:2 lineCount:2
11-05 17:25:16.556  3306  3306 D StatusBar: disable<e i a s b h r c s q >
11-05 17:25:16.566  2933  2933 W JobServiceContext: App Op not allow JobScheduler to start app com.google.android.projection.gearhead/10153
11-05 17:25:16.566  2933  2933 D JobSchedulerService: Error executing JobStatus{9157b79 #u0a153/203167958 com.google.android.projection.gearhead/com.google.android.apps.auto.wireless.scan.WifiChannelScanJobService u=0 s=10153 TIME=-5d2h3m30s109ms:-5d1h3m30s109ms READY}
11-05 17:25:16.566   663  1099 D SDM     : DisplayBase::BuildLayerStackStats: LayerStack layer_count: 4, app_layer_count: 3, gpu_target_index: 3, display type: 0
11-05 17:25:16.566  2933  2933 W JobServiceContext: App Op not allow JobScheduler to start app com.google.android.projection.gearhead/10153
11-05 17:25:16.566  2933  2933 D JobSchedulerService: Error executing JobStatus{5d104a5 #u0a153/790541 com.google.android.projection.gearhead/com.google.android.gearhead.cloud.home.CloudCardJobService u=0 s=10153 TIME=-4d22h47m21s60ms:none NET=3 PERSISTED failures=10 READY}
11-05 17:25:16.577  2933  2933 D CompatibilityInfo: mCompatibilityFlags - 0
11-05 17:25:16.577  2933  2933 D CompatibilityInfo: applicationDensity - 480
11-05 17:25:16.577  2933  2933 D CompatibilityInfo: applicationScale - 1.0
11-05 17:25:16.583   663  1099 D SDM     : DisplayBase::BuildLayerStackStats: LayerStack layer_count: 4, app_layer_count: 3, gpu_target_index: 3, display type: 0
11-05 17:25:16.613 13739 17757 D NextAppTrainingJobService: insert data - Package:__na__, Previous1:com.android.systemui, Previous2:com.YourCompany.SkyVision, Previous3:com.google.android.packageinstaller, Previous4:com.YourCompany.SkyVision, Timestamp:1541445916454, p1_ts_diff:752, p2_ts_diff:27318, p3_ts_diff:97733, p4_ts_diff:98051, p1_dur:752, p2_dur:26525, p3_dur:1, p4_dur:3, Hour:17, DayClass:12~18, Weekday:Monday, WeekClass:weekday, Timezone:America/Sao_Paulo, UTC:-2, Plugged:1, LastPlugged:4735416, MobileRadioOn:1, LastMobileRadioOn:972, WifiOn:1, LastWifiOn:10634098, GpsOn:-1, LastGpsOn:25387544, SensorOn:-1, LastSensorOn:106, WifiScan:-1, LastWifiScan:9072, WifiFullLock:-1, LastWifiFullLock:4733405, WifiRunning:1, LastWifiRunning:10634104, WifiMultiCastOn:-1, LastWifiMultiCastOn:1433883, AudioOn:1, LastAudioOn:25948, CameraOn:-1, LastCameraOn:335004436, VideoOn:-1, LastVideoOn:4240025, LowPowerModeOn:0, LastLowPowerModeOn:86400, FlashlightOn:0, LastFlashlightOn:86400, ChargingOn:1, LastChargingOn:4734944, PhoneInCall:-1, LastPhoneInCall:123501027, PhoneScanning:-1, LastPhoneScanning:27041762, BleScanning:-1, LastBleScanning:610739445, WifiHotspotOn:0, LastWifiHotspotOn:86400, 
11-05 17:25:16.622  3306  3306 I keyguard: AsusSlideshowManager:updateSlideshowInformation: imageSource: false
11-05 17:25:16.622  3306  3306 I keyguard: AsusSlideshowManager:setSlideshowInformationTitle: null, view: true
11-05 17:25:16.622  3306  3306 I keyguard: AsusKgBottomAreaZen35:setSlideshowInformationTextView: null
11-05 17:25:16.622  3306  3306 I keyguard: TargetContainer:initDrag
11-05 17:25:16.622  3306  3306 E keyguard: FramesHelp:not support no path data
11-05 17:25:16.622  3306  3306 D CarrierText: AsusCBMSG50Receiver subId=2 messageBody=VIVO SP 19 isMsg50=true mSimSlotMessage={}
11-05 17:25:16.622  3306  3306 D CarrierText: N=1
11-05 17:25:16.624  3306  3306 D CarrierText: isBrazilCountryCode subId=2 simCountryISO=br result=true
11-05 17:25:16.625  3306  3306 D CarrierText: i=0 subId=2 status=Normal ss=true
11-05 17:25:16.625  3306  3306 D CarrierText: getRoaming=false
11-05 17:25:16.625  3306  3306 D CarrierText: Handling (subId=2): READY Vivo
11-05 17:25:16.625  3306  3306 D CarrierText: Handling subId=2 simState=READY carrierName=Vivo carrierTextForSimState=Vivo mSimSlotMessage={2=VIVO SP 19}
11-05 17:25:16.627  3306  3306 D CarrierText: subId=2 voice_network_type=13 network_class=3 is2G=false hasService=true
11-05 17:25:16.627  3306  3306 D CarrierText: displayText=null carrierTextForSimState=Vivo
11-05 17:25:16.627  3306  3306 D CarrierText: SIM ready and in service: subId=2, ss=0 0 voice home data home Vivo Vivo 72410 Vivo Vivo 72410  LTE LTE CSS not supported -1 -1 RoamInd=-1 DefRoamInd=-1 EmergOnly=false IsDataRoamingFromRegistration=false IsUsingCarrierAggregation=true mLteEarfcnRsrpBoost=0
11-05 17:25:16.627  3306  3306 D CarrierText: displayText--Vivo
11-05 17:25:16.627  3306  3306 D CarrierText: AsusCBMSG50Receiver update mSimSlotMessage={2=VIVO SP 19}
11-05 17:25:16.627  3306  3306 I keyguard: TargetContainer:initDrag
11-05 17:25:16.627  3306  3306 E keyguard: FramesHelp:not support no path data
11-05 17:25:16.627  3306  3306 I keyguard: TargetContainer:initDrag
11-05 17:25:16.628  3306  3306 E keyguard: FramesHelp:not support no path data
11-05 17:25:16.630  3306  3306 D MoreNotificationIcon: implementMoreNotificationIcon(false)
11-05 17:25:16.630  3306  3306 D StatusBar: android checkMoreIconColorize: !isPreL: true isGrayscale: true
11-05 17:25:16.642 13739 17757 D NextAppCoreTrainingJobService: [filter predict result] current pkg = com.android.systemui, predict 1 = com.whatsapp:0.4267498552799225, predict 2 = com.facebook.katana:0.13468746840953827, predict 3 = com.ninegag.android.app:0.09450524300336838, predict 4 = com.pwrd.mffapt.android:0.07790713757276535, predict 5 = com.android.chrome:0.07216809689998627
11-05 17:25:16.642 13739 17757 D NextAppCoreTrainingJobService: [predict result] current pkg = com.android.systemui, predict 1 = com.whatsapp:0.4267498552799225, predict 2 = com.facebook.katana:0.13468746840953827, predict 3 = com.ninegag.android.app:0.09450524300336838, predict 4 = com.pwrd.mffapt.android:0.07790713757276535, predict 5 = com.android.chrome:0.07216809689998627
11-05 17:25:16.642 13739 17757 D NextAppCoreTrainingJobService: [predictAll] pkg = com.whatsapp,com.facebook.katana,com.ninegag.android.app,com.pwrd.mffapt.android,com.android.chrome,com.nianticlabs.pokemongo,com.google.android.googlequicksearchbox,org.telegram.messenger,com.google.android.gm,com.asus.deskclock,tesmath.calcy,com.android.vending,com.waze,com.google.android.projection.gearhead,com.asus.mobilemanager
11-05 17:25:16.642 13739 17757 D NextAppCoreTrainingJobService: [predictAll] rate= 4267,1346,945,779,721,567,435,365,159,151,84,1,0,0,0
11-05 17:25:16.650   663  1099 D SDM     : DisplayBase::BuildLayerStackStats: LayerStack layer_count: 4, app_layer_count: 3, gpu_target_index: 3, display type: 0
11-05 17:25:16.670  4276  4276 D Launcher: NextAppCoreObserver onChange:false
11-05 17:25:16.684   663  1099 D SDM     : DisplayBase::BuildLayerStackStats: LayerStack layer_count: 4, app_layer_count: 3, gpu_target_index: 3, display type: 0
11-05 17:25:16.689  4276 17760 D Launcher: app prediction list:com.whatsapp,com.facebook.katana,com.ninegag.android.app,com.pwrd.mffapt.android,com.android.chrome,com.nianticlabs.pokemongo,com.google.android.googlequicksearchbox,org.telegram.messenger,com.google.android.gm,com.asus.deskclock,tesmath.calcy,com.android.vending,com.waze,com.google.android.projection.gearhead,com.asus.mobilemanager
11-05 17:25:16.690  2933  2933 W JobServiceContext: App Op not allow JobScheduler to start app com.google.android.projection.gearhead/10153
11-05 17:25:16.690  2933  2933 D JobSchedulerService: Error executing JobStatus{9157b79 #u0a153/203167958 com.google.android.projection.gearhead/com.google.android.apps.auto.wireless.scan.WifiChannelScanJobService u=0 s=10153 TIME=-5d2h3m30s233ms:-5d1h3m30s233ms READY}
11-05 17:25:16.690  2933  2933 W JobServiceContext: App Op not allow JobScheduler to start app com.google.android.projection.gearhead/10153
11-05 17:25:16.690  2933  2933 D JobSchedulerService: Error executing JobStatus{5d104a5 #u0a153/790541 com.google.android.projection.gearhead/com.google.android.gearhead.cloud.home.CloudCardJobService u=0 s=10153 TIME=-4d22h47m21s184ms:none NET=3 PERSISTED failures=10 READY}
11-05 17:25:16.695  3306  3306 I keyguard: AsusSimpleDigitalClockForFBE:updateTime  hour:17  min:25
11-05 17:25:16.696  3306  3306 V KeyguardUpdateMonitor: *** register callback for com.asus.keyguard.module.clock.ui.AsusSimpleDigitalClockForFBE$2@f6a157
11-05 17:25:16.696  3306  3306 V KeyguardUpdateMonitor: *** unregister callback for null
11-05 17:25:16.700   663  1099 D SDM     : DisplayBase::BuildLayerStackStats: LayerStack layer_count: 5, app_layer_count: 4, gpu_target_index: 4, display type: 0
11-05 17:25:16.705  4276  4276 D LauncherLog: AppsCustomizePagedView - syncAppsPageItems page: 0 index: 0 Item: WhatsApp
11-05 17:25:16.707  4276  4276 D LauncherLog: AppsCustomizePagedView - syncAppsPageItems page: 0 index: 1 Item: Facebook
11-05 17:25:16.709  4276  4276 D LauncherLog: AppsCustomizePagedView - syncAppsPageItems page: 0 index: 2 Item: 9GAG
11-05 17:25:16.710  4276  4276 D LauncherLog: AppsCustomizePagedView - syncAppsPageItems page: 0 index: 3 Item: FINAL FANTASY AWAKENING(PT&ES)
11-05 17:25:16.711  4276  4276 D LauncherLog: AppsCustomizePagedView - syncAppsPageItems page: 0 index: 4 Item: Pokémon GO
11-05 17:25:16.716   663  1099 D SDM     : DisplayBase::BuildLayerStackStats: LayerStack layer_count: 5, app_layer_count: 4, gpu_target_index: 4, display type: 0
11-05 17:25:16.755  3306  3306 I keyguard: AsusFirstKGUnlockedMonitor:getSettingsForFirstKGUnlocked()  settings: true
11-05 17:25:16.756  3306  3306 D keyguard: LockScreenUtils:updateDensityDpi to 480,restoreToSystemDpi:true,originalSmallestWidth:361
11-05 17:25:16.757  3306  3306 D StatusBar: Status bar setSystemUiVisibility sbMode: 4
11-05 17:25:16.757  3306  3306 D GestureNavigationUtility: sIsNavigationBarHidden:false, sIsImmersive:false, sIsImmersiveByUser:false
11-05 17:25:16.757  3306  3306 D LightBarController: Check FullscreenLight
11-05 17:25:16.757  3306  3306 D LightBarController: Check light: false light: false
11-05 17:25:16.757  3306  3306 D LightBarController: Check DockedLight
11-05 17:25:16.757  3306  3306 D LightBarController: Check light: false light: false
11-05 17:25:16.757  3306  3306 D LightBarController: Check FullscreenLight
11-05 17:25:16.757  3306  3306 D LightBarController: Check light: true light: false
11-05 17:25:16.757  3306  3306 D LightBarController: Check DockedLight
11-05 17:25:16.757  3306  3306 D LightBarController: Check light: true light: false
11-05 17:25:16.758  3306  3306 D NavigationBar: Navigation bar setSystemUiVisibility nbMode: 0
11-05 17:25:16.758  3306  3306 D NavigationBarView: ImmersiveModeByUser: false
11-05 17:25:16.771  2933  2954 D CompatibilityInfo: mCompatibilityFlags - 0
11-05 17:25:16.771  2933  2954 D CompatibilityInfo: applicationDensity - 480
11-05 17:25:16.771  2933  2954 D CompatibilityInfo: applicationScale - 1.0
11-05 17:25:16.773  3306  3306 D LightBarController: Check HasLightNavigationBar
11-05 17:25:16.773  3306  3306 D LightBarController: Check light: false light: false
11-05 17:25:16.773  3306  3306 D LightBarController: mNavigationLight: false mHasLightNavigationBar: false mScrimAlphaBelowThreshold: true mImeShown: false
11-05 17:25:16.783 17165 17564 D UE4     : *** JavaEnvDestructor: 17564
11-05 17:25:16.784 17165 17565 D UE4     : *** JavaEnvDestructor: 17565
11-05 17:25:16.785 17165 17563 D UE4     : *** JavaEnvDestructor: 17563
11-05 17:25:16.801   663  1099 D SDM     : DisplayBase::BuildLayerStackStats: LayerStack layer_count: 5, app_layer_count: 4, gpu_target_index: 4, display type: 0
11-05 17:25:16.804  3306  3306 D StatusBar: Status bar setSystemUiVisibility sbMode: -1
11-05 17:25:16.804  3306  3306 D GestureNavigationUtility: sIsNavigationBarHidden:false, sIsImmersive:false, sIsImmersiveByUser:false
11-05 17:25:16.804  3306  3306 D NavigationBar: Navigation bar setSystemUiVisibility nbMode: 4
11-05 17:25:16.804  3306  3306 D NavigationBarView: ImmersiveModeByUser: false
11-05 17:25:16.805  3306  3306 D LightBarController: Check HasLightNavigationBar
11-05 17:25:16.805  3306  3306 D LightBarController: Check light: true light: false
11-05 17:25:16.805  3306  3306 D LightBarController: mNavigationLight: false mHasLightNavigationBar: false mScrimAlphaBelowThreshold: true mImeShown: false
11-05 17:25:16.817  2933  3113 I WindowManager: Screen frozen for +466ms due to Window{85ce4d1 u0 com.android.systemui.ImageWallpaper}
11-05 17:25:16.818   663  1099 D SDM     : DisplayBase::BuildLayerStackStats: LayerStack layer_count: 5, app_layer_count: 4, gpu_target_index: 4, display type: 0
11-05 17:25:16.833  3306  3306 D Recents : setIsRecentLaunching false
11-05 17:25:16.836   663  1099 D SDM     : DisplayBase::BuildLayerStackStats: LayerStack layer_count: 6, app_layer_count: 5, gpu_target_index: 5, display type: 0
11-05 17:25:16.838  3306  3306 D StatusBar: mTopActivityClassName:com.android.systemui.recents.RecentsActivity
11-05 17:25:16.838  3306  3306 D MoreNotificationIcon: implementMoreNotificationIcon(false)
11-05 17:25:16.838  3306  3306 D StatusBar: android checkMoreIconColorize: !isPreL: true isGrayscale: true
11-05 17:25:16.851   663  1099 D SDM     : DisplayBase::BuildLayerStackStats: LayerStack layer_count: 4, app_layer_count: 3, gpu_target_index: 3, display type: 0
11-05 17:25:16.868   663  1099 D SDM     : DisplayBase::BuildLayerStackStats: LayerStack layer_count: 8, app_layer_count: 7, gpu_target_index: 7, display type: 0
11-05 17:25:16.884   663  1099 D SDM     : DisplayBase::BuildLayerStackStats: LayerStack layer_count: 10, app_layer_count: 9, gpu_target_index: 9, display type: 0
11-05 17:25:16.901   663  1099 I chatty  : uid=1000(system) HwBinder:663_3 identical 1 line
11-05 17:25:16.918   663  1099 D SDM     : DisplayBase::BuildLayerStackStats: LayerStack layer_count: 10, app_layer_count: 9, gpu_target_index: 9, display type: 0
11-05 17:25:16.932 17165 17567 D UE4     : *** JavaEnvDestructor: 17567
11-05 17:25:16.935   663  1099 D SDM     : DisplayBase::BuildLayerStackStats: LayerStack layer_count: 10, app_layer_count: 9, gpu_target_index: 9, display type: 0
11-05 17:25:16.984   663  1099 I chatty  : uid=1000(system) HwBinder:663_3 identical 3 lines
11-05 17:25:17.001   663  1099 D SDM     : DisplayBase::BuildLayerStackStats: LayerStack layer_count: 10, app_layer_count: 9, gpu_target_index: 9, display type: 0
11-05 17:25:17.018   663  1099 D SDM     : DisplayBase::BuildLayerStackStats: LayerStack layer_count: 6, app_layer_count: 5, gpu_target_index: 5, display type: 0
11-05 17:25:17.034   663  1099 D SDM     : DisplayBase::BuildLayerStackStats: LayerStack layer_count: 6, app_layer_count: 5, gpu_target_index: 5, display type: 0
11-05 17:25:17.051   663  1099 D SDM     : DisplayBase::BuildLayerStackStats: LayerStack layer_count: 5, app_layer_count: 4, gpu_target_index: 4, display type: 0
11-05 17:25:17.060  3306  3306 D MoreNotificationIcon: implementMoreNotificationIcon(false)
11-05 17:25:17.060  3306  3306 D StatusBar: android checkMoreIconColorize: !isPreL: true isGrayscale: true
11-05 17:25:17.068   663  1099 D SDM     : DisplayBase::BuildLayerStackStats: LayerStack layer_count: 5, app_layer_count: 4, gpu_target_index: 4, display type: 0
11-05 17:25:17.087  2933  3181 V AudioService.RotationHelper: publishing device rotation =0 (x90deg)
11-05 17:25:17.089  2933  3181 W WindowOrientationListener: proposedRotation = 0
11-05 17:25:17.201   663  1099 D SDM     : DisplayBase::BuildLayerStackStats: LayerStack layer_count: 5, app_layer_count: 4, gpu_target_index: 4, display type: 0
11-05 17:25:17.301   663  1099 D SDM     : DisplayBase::BuildLayerStackStats: LayerStack layer_count: 5, app_layer_count: 4, gpu_target_index: 4, display type: 0
11-05 17:25:17.304  3306  3306 D Recents : Trigger AppWindowChangeCallback, isRecentLaunching: false
11-05 17:25:17.394   678   758 E ANDR-PERF-REQUEST: Failed to set timer
11-05 17:25:17.418   663  1099 D SDM     : DisplayBase::BuildLayerStackStats: LayerStack layer_count: 5, app_layer_count: 4, gpu_target_index: 4, display type: 0
11-05 17:25:17.495  3306  3674 D NetworkController.MobileSignalController(2): onDataActivity: direction=0
11-05 17:25:17.497  3490  3573 D PhoneInterfaceManager: isWifiCallingAvailable: sub Id : 2
11-05 17:25:17.498  3306  3674 D NetworkController.MobileSignalController(2): isWifiCallingAvailable=false
11-05 17:25:17.499  3490  3573 D PhoneInterfaceManager: isVolteAvailable: sub Id : 2
11-05 17:25:17.499  3306  3674 D NetworkController.MobileSignalController(2): isVolteAvailable=false
11-05 17:25:17.500  3490  3573 D PhoneInterfaceManager: isVideoTelephonyAvailable: sub Id : 2
11-05 17:25:17.501  3306  3674 D NetworkController.MobileSignalController(2): isVideoTelephonyAvailable=false
11-05 17:25:17.501  3306  3674 D NetworkController.MobileSignalController(2): Change in state from: connected=true,enabled=true,level=4,inetCondition=1,iconGroup=IconGroup(4G+),activityIn=true,activityOut=true,rssi=0,lastModified=11-05 05:25:16,dataSim=true,networkName=Vivo,networkNameData=Vivo,dataConnected=true,roaming=false,isDefault=false,isEmergency=false,airplaneMode=false,carrierNetworkChangeMode=false,userSetup=true
11-05 17:25:17.501  3306  3674 D NetworkController.MobileSignalController(2): 	to: connected=true,enabled=true,level=4,inetCondition=1,iconGroup=IconGroup(4G+),activityIn=false,activityOut=false,rssi=0,lastModified=11-05 05:25:16,dataSim=true,networkName=Vivo,networkNameData=Vivo,dataConnected=true,roaming=false,isDefault=false,isEmergency=false,airplaneMode=false,carrierNetworkChangeMode=false,userSetup=true
11-05 17:25:17.501  3306  3674 D NetworkController.MobileSignalController(2): SubscriptionInfo.getSimSlotIndex(): 0
11-05 17:25:17.501  3306  3674 D NetworkController: isSimOff(0): false
11-05 17:25:17.502  3306  3674 D NetworkController: hasPrefered: false
11-05 17:25:17.502  3306  3674 D NetworkController.MobileSignalController(2): SubscriptionInfo.getSimSlotIndex(): 0
11-05 17:25:17.502  3306  3674 D NetworkController: isSimOff(0): false
11-05 17:25:17.502  3306  3674 D NetworkController: hasPrefered: false
11-05 17:25:17.502  3306  3674 D NetworkController.MobileSignalController(2): SubscriptionInfo.getSimSlotIndex(): 0
11-05 17:25:17.502  3306  3674 D NetworkController: isSimOff(0): false
11-05 17:25:17.502  3306  3674 D NetworkController: hasPrefered: false
11-05 17:25:17.502  3306  3674 D NetworkController.MobileSignalController(2): notifyListeners NetworkCountryIso=br
11-05 17:25:17.507  3306  3306 D MoreNotificationIcon: implementMoreNotificationIcon(false)
11-05 17:25:17.508  3306  3306 D StatusBar: android checkMoreIconColorize: !isPreL: true isGrayscale: true
11-05 17:25:17.552   663  1099 D SDM     : DisplayBase::BuildLayerStackStats: LayerStack layer_count: 5, app_layer_count: 4, gpu_target_index: 4, display type: 0
11-05 17:25:17.586   663  1099 D SDM     : DisplayBase::BuildLayerStackStats: LayerStack layer_count: 5, app_layer_count: 4, gpu_target_index: 4, display type: 0
11-05 17:25:17.667 17165 17568 D UE4     : *** JavaEnvDestructor: 17568
11-05 17:25:17.692  3306  3306 D NavigationBarView: onInterceptTouchEvent name: 0 x = 545 y = 73
11-05 17:25:17.692  3306  3306 V DeadZone: consuming errant click: (545.49493,73.02637)
11-05 17:25:17.692  3306  3306 D DeadZone: Down event ate by navigation bar dead zone!
11-05 17:25:17.702  3306  3306 D NavigationBarView: onInterceptTouchEvent name: 2 x = 545 y = 73
11-05 17:25:17.707  3306  3628 D SystemServicesProxy: RemoveTask 2727, count:-8
11-05 17:25:17.722  2933  3183 I ActivityManager: Killing 17165:com.YourCompany.SkyVision/u0a177 (adj 902): remove task
11-05 17:25:17.730  3306  3306 D MoreNotificationIcon: implementMoreNotificationIcon(false)
11-05 17:25:17.731  3306  3306 D StatusBar: android checkMoreIconColorize: !isPreL: true isGrayscale: true
11-05 17:25:17.740  3306  3306 D NavigationBarView: onInterceptTouchEvent name: 1 x = 545 y = 73
11-05 17:25:17.990  2933  3133 W InputDispatcher: channel 'ee96fe9 com.YourCompany.SkyVision/com.epicgames.ue4.GameActivity (server)' ~ Consumer closed input channel or an error occurred.  events=0x9
11-05 17:25:17.990  2933  3133 E InputDispatcher: channel 'ee96fe9 com.YourCompany.SkyVision/com.epicgames.ue4.GameActivity (server)' ~ Channel is unrecoverably broken and will be disposed!
11-05 17:25:17.993  2933  4231 W ActivityManager: App Op not allow to restart app com.YourCompany.SkyVision/10177
11-05 17:25:17.994   668  1420 I sensors-hal: activate:126, android.sensor.gyroscope_uncalibrated/2 en=0
11-05 17:25:17.994  2933  4239 I WindowManager: WIN DEATH: Window{ee96fe9 u0 com.YourCompany.SkyVision/com.epicgames.ue4.GameActivity}
11-05 17:25:17.994  2933  4239 W InputDispatcher: Attempted to unregister already unregistered input channel 'ee96fe9 com.YourCompany.SkyVision/com.epicgames.ue4.GameActivity (server)'
11-05 17:25:17.996   668  1420 I sensors-hal: activate:137, android.sensor.gyroscope_uncalibrated/2 en=0 completed
11-05 17:25:17.996   668   668 I sensors-hal: batch:159, android.sensor.accelerometer/19, period=200000000, max_latency=0
11-05 17:25:17.999   668   668 I sensors-hal: batch:168, android.sensor.accelerometer/19, period=200000000, max_latency=0 request completed
11-05 17:25:18.005   663  1099 D SDM     : DisplayBase::BuildLayerStackStats: LayerStack layer_count: 5, app_layer_count: 4, gpu_target_index: 4, display type: 0
11-05 17:25:18.011  2933  2962 W ActivityManager: setHasOverlayUi called on unknown pid: 17165
11-05 17:25:18.012  3306  3306 D MoreNotificationIcon: implementMoreNotificationIcon(false)
11-05 17:25:18.013  3306  3306 D StatusBar: android checkMoreIconColorize: !isPreL: true isGrayscale: true
11-05 17:25:18.015  3306  3306 D MoreNotificationIcon: implementMoreNotificationIcon(false)
11-05 17:25:18.015  3306  3306 D StatusBar: android checkMoreIconColorize: !isPreL: true isGrayscale: true
11-05 17:25:18.086   663  1099 D SDM     : DisplayBase::BuildLayerStackStats: LayerStack layer_count: 5, app_layer_count: 4, gpu_target_index: 4, display type: 0
11-05 17:25:18.376  3306  3306 D NavigationBarView: onInterceptTouchEvent name: 0 x = 509 y = 54
11-05 17:25:18.380  2933  4231 D Telecom : TelecomServiceImpl: isRinging callingPackage = com.android.systemui
11-05 17:25:18.380  2933  4231 D Telecom : TelecomServiceImpl: canReadPhoneState callingPackage = com.android.systemui: TSI.iR@l8Q
11-05 17:25:18.381  2933  4231 D Telecom : TelecomServiceImpl: isPrivilegedDialerCalling = com.android.systemui: TSI.iR@l8Q
11-05 17:25:18.381  3306  3306 D KeyButtonView: ACTION_DOWN mCode: 3
11-05 17:25:18.385  2933  3133 I WindowManager: beforeDispatching keycode is KEYCODE_HOME
11-05 17:25:18.389  3306  3306 D NavigationBarView: onInterceptTouchEvent name: 2 x = 509 y = 54
11-05 17:25:18.403  3306  3306 D NavigationBarView: onInterceptTouchEvent name: 2 x = 509 y = 54
11-05 17:25:18.405   663  1099 D SDM     : DisplayBase::BuildLayerStackStats: LayerStack layer_count: 5, app_layer_count: 4, gpu_target_index: 4, display type: 0
11-05 17:25:18.420  3306  3306 D NavigationBarView: onInterceptTouchEvent name: 2 x = 509 y = 54
11-05 17:25:18.437  3306  3306 I chatty  : uid=10018(u0_a18) com.android.systemui identical 1 line
11-05 17:25:18.454  3306  3306 D NavigationBarView: onInterceptTouchEvent name: 2 x = 509 y = 54
11-05 17:25:18.466  3306  3306 D NavigationBarView: onInterceptTouchEvent name: 1 x = 509 y = 54
11-05 17:25:18.467  3306  3306 D KeyButtonView: ACTION_UP mCode: 3
11-05 17:25:18.468  2933  3133 I WindowManager: beforeDispatching keycode is KEYCODE_HOME
11-05 17:25:18.469  2933  3133 D Telecom : TelecomServiceImpl: isRinging callingPackage = android
11-05 17:25:18.470  2933  3133 D Telecom : TelecomServiceImpl: canReadPhoneState callingPackage = android: TSI.iR@l8U
11-05 17:25:18.470  2933  3133 D Telecom : TelecomServiceImpl: isPrivilegedDialerCalling = android: TSI.iR@l8U
11-05 17:25:18.505   663  1099 D SDM     : DisplayBase::BuildLayerStackStats: LayerStack layer_count: 5, app_layer_count: 4, gpu_target_index: 4, display type: 0
11-05 17:25:18.688  3306  3306 D Recents : setIsRecentLaunching false
11-05 17:25:18.754  3306  3306 I chatty  : uid=10018(u0_a18) com.android.systemui identical 2 lines
11-05 17:25:18.788  3306  3306 D Recents : setIsRecentLaunching false
11-05 17:25:18.795  3306  3306 D NetworkController.WifiSignalController: Change in state from: connected=true,enabled=true,level=4,inetCondition=1,iconGroup=IconGroup(Wi-Fi Icons),activityIn=true,activityOut=true,rssi=-60,lastModified=11-05 05:24:56,ssid="Labsoft",badgeEnum=0,isTransient=false
11-05 17:25:18.795  3306  3306 D NetworkController.WifiSignalController: 	to: connected=true,enabled=true,level=4,inetCondition=1,iconGroup=IconGroup(Wi-Fi Icons),activityIn=false,activityOut=false,rssi=-60,lastModified=11-05 05:24:56,ssid="Labsoft",badgeEnum=0,isTransient=false
11-05 17:25:18.795  3306  3306 D RecentsActivity: Dismiss Recents to launch home
11-05 17:25:18.798  2933  4239 I ActivityManager: START u0 {act=android.intent.action.MAIN cat=[android.intent.category.HOME] flg=0x10200000 cmp=com.asus.launcher/com.android.launcher3.Launcher} from uid 10018
11-05 17:25:18.805   663  1099 D SDM     : DisplayBase::BuildLayerStackStats: LayerStack layer_count: 5, app_layer_count: 4, gpu_target_index: 4, display type: 0
11-05 17:25:18.813  2933  4239 D ActivityTrigger: activityResumeTrigger: The activity in ApplicationInfo{30f9f39 com.asus.launcher} is now in focus and seems to be in full-screen mode
11-05 17:25:18.813  2933  4239 E ActivityTrigger: activityResumeTrigger: not whiteListedcom.asus.launcher/com.android.launcher3.Launcher/1550001275
11-05 17:25:18.813  2933  4239 D ActivityTrigger: ActivityTrigger activityPauseTrigger 
11-05 17:25:18.815  2933  4239 D CompatibilityInfo: mCompatibilityFlags - 0
11-05 17:25:18.815  2933  4239 D CompatibilityInfo: applicationDensity - 480
11-05 17:25:18.815  2933  4239 D CompatibilityInfo: applicationScale - 1.0
11-05 17:25:18.816  2933  4239 D ActivityTrigger: activityResumeTrigger: The activity in ApplicationInfo{30f9f39 com.asus.launcher} is now in focus and seems to be in full-screen mode
11-05 17:25:18.816  2933  4239 E ActivityTrigger: activityResumeTrigger: not whiteListedcom.asus.launcher/com.android.launcher3.Launcher/1550001275
11-05 17:25:18.822   663  1099 D SDM     : DisplayBase::BuildLayerStackStats: LayerStack layer_count: 5, app_layer_count: 4, gpu_target_index: 4, display type: 0
11-05 17:25:18.828  3306  3306 D MoreNotificationIcon: implementMoreNotificationIcon(false)
11-05 17:25:18.828  3306  3306 D StatusBar: android checkMoreIconColorize: !isPreL: true isGrayscale: true
11-05 17:25:18.831  2933  4239 D ActivityTrigger: activityResumeTrigger: The activity in ApplicationInfo{30f9f39 com.asus.launcher} is now in focus and seems to be in full-screen mode
11-05 17:25:18.831  2933  4239 E ActivityTrigger: activityResumeTrigger: not whiteListedcom.asus.launcher/com.android.launcher3.Launcher/1550001275
11-05 17:25:18.839   663  1099 D SDM     : DisplayBase::BuildLayerStackStats: LayerStack layer_count: 5, app_layer_count: 4, gpu_target_index: 4, display type: 0
11-05 17:25:18.841  2933  4239 I InputDispatcher: Window 'Window{6c1be29 u0 com.android.systemui/com.android.systemui.recents.RecentsActivity}' spent 8.0ms processing input events on average(0/39). Monitor spent 0.9ms processing input events on average(0/26). Window input events down spent 3.2ms on average (0/5). Window input events up spent 2.7ms on average (0/3). Monitor input events down spent 1.9ms on average (0/3). Monitor input events up spent 1.0ms on average (0/3).
11-05 17:25:18.855   663  1099 D SDM     : DisplayBase::BuildLayerStackStats: LayerStack layer_count: 5, app_layer_count: 4, gpu_target_index: 4, display type: 0
11-05 17:25:18.881  2933  4239 D WindowManager: adjustConfigurationLw, config:{0 1.0 724mcc10mnc [pt_BR] ldltr sw360dp w360dp h675dp 480dpi nrml long hdr port finger -keyb/v/h -nav/v appBounds=Rect(0, 0 - 1080, 2114) s.356} mLidState:-1 mHasDockFeature:false mHasKeyboardFeature:false mHasHallSensorFeature:false config.hardKeyboardHidden:2
11-05 17:25:18.882  4276  4276 V Launcher: [onNewIntent] called
11-05 17:25:18.882  4276  4276 I Launcher: Time spent in onNewIntent: 0ms
11-05 17:25:18.883  2933  4239 D ActivityManager: [MemInfo] Before resuming ActivityRecord{427bd83 u0 com.asus.launcher/com.android.launcher3.Launcher t2076}. System free memory=1356926976
11-05 17:25:18.899  2933  4231 D CompatibilityInfo: mCompatibilityFlags - 0
11-05 17:25:18.899  2933  4231 D CompatibilityInfo: applicationDensity - 480
11-05 17:25:18.899  2933  4231 D CompatibilityInfo: applicationScale - 1.0
11-05 17:25:18.906  3751  4333 W ContextImpl: Calling a method in the system process without a qualified user: android.app.ContextImpl.bindService:1540 android.content.ContextWrapper.bindService:689 com.google.android.gms.common.stats.b.a:15 com.google.android.gms.common.stats.b.a:13 com.google.android.gms.ads.identifier.AdvertisingIdClient.a:60 
11-05 17:25:18.910  3306  3306 D StatusBar: mTopActivityClassName:com.android.launcher3.Launcher
11-05 17:25:18.910  3306  3306 D MoreNotificationIcon: implementMoreNotificationIcon(false)
11-05 17:25:18.910  3306  3306 D StatusBar: android checkMoreIconColorize: !isPreL: true isGrayscale: true
11-05 17:25:18.912  3751  3787 D OpenedTimeAppInfoProvider: Update DB : number of affected records : 1
11-05 17:25:18.912  3306  3306 D NavigationBarView: resetFloatingToolState
11-05 17:25:18.912  3306  3306 D NavigationBarView: resetFloatingToolState
11-05 17:25:18.913  4276  4276 I NotificationListener: rebindListener: sIsConnected = false
11-05 17:25:18.916  3751  3751 D TaskWatcherService: pkgName: com.asus.launcher taskId: 2076
11-05 17:25:18.916  3751  3751 W ContextImpl: Calling a method in the system process without a qualified user: android.app.ContextImpl.startService:1460 android.content.ContextWrapper.startService:655 com.asus.powersaver.TaskWatcherService$IncomingHandler.handleMessage:96 android.os.Handler.dispatchMessage:105 android.os.Looper.loop:169 
11-05 17:25:18.917  2933  4233 D CompatibilityInfo: mCompatibilityFlags - 0
11-05 17:25:18.917  2933  4233 D CompatibilityInfo: applicationDensity - 480
11-05 17:25:18.917  2933  4233 D CompatibilityInfo: applicationScale - 1.0
11-05 17:25:18.918  3306  3306 D MoreNotificationIcon: implementMoreNotificationIcon(false)
11-05 17:25:18.918  3306  3306 D StatusBar: android checkMoreIconColorize: !isPreL: true isGrayscale: true
11-05 17:25:18.922   663  1099 D SDM     : DisplayBase::BuildLayerStackStats: LayerStack layer_count: 5, app_layer_count: 4, gpu_target_index: 4, display type: 0
11-05 17:25:18.923  3751  3751 W ContextImpl: Calling a method in the system process without a qualified user: android.app.ContextImpl.sendBroadcast:950 android.content.ContextWrapper.sendBroadcast:442 com.asus.powersaver.TaskWatcherService$IncomingHandler.handleMessage:111 android.os.Handler.dispatchMessage:105 android.os.Looper.loop:169 
11-05 17:25:18.924  4276  4276 V Launcher: [onResume] called
11-05 17:25:18.924  4276  4423 D Launcher_badge: LauncherProvider query badge db - launcher-loader-phone : com.asus.launcher
11-05 17:25:18.925  3751  3751 D PowerSaverService: onStartCommand PowerSaverService:
11-05 17:25:18.925  3751  3751 D PowerSaverService: onStartCommand  action:null
11-05 17:25:18.925  3751  3751 D PowerSaverService: current package:com.asus.launcher, activity:com.android.launcher3.Launcher, SMode:0, PMode:2
11-05 17:25:18.928  3306  3306 D MoreNotificationIcon: implementMoreNotificationIcon(false)
11-05 17:25:18.928  3306  3306 D StatusBar: android checkMoreIconColorize: !isPreL: true isGrayscale: true
11-05 17:25:18.928  4276  4276 I Launcher: hideAppsCustomizeHelper: return for no state changed
11-05 17:25:18.932  4276  4469 D GmailContractLoader: onAccountsUpdated: 0
11-05 17:25:18.932  3751  3787 I AppOpsStatusUpdateHandler: pkgName = com.asus.launcher
11-05 17:25:18.932  3751  3787 I AppOpsStatusUpdateHandler: taskId = 2076
11-05 17:25:18.932  3751  3787 D CNAppLockHandler: CNAppLockHandler handleAppFocus
11-05 17:25:18.934  4276  4469 D GmailContractLoader: Is Gmail install? true
11-05 17:25:18.934  4276  4469 D GmailContractLoader: updateGmailBadgeCount 0
11-05 17:25:18.934  4276  4469 I Launcher_badge: Badge DB update: com.google.android.gm|com.google.android.gm.ConversationListActivityGmail|0|0|null|null
