12-10 14:03:06.676  2845  4251 D CompatibilityInfo: applicationDensity - 480
12-10 14:03:06.676  2845  4251 D CompatibilityInfo: applicationScale - 1.0
12-10 14:03:06.729 17786 17786 W Primes  : Primes not initialized, returning default (no-op) Primes instance which will ignore all calls. Please call Primes.initialize(...) before using any Primes API.
12-10 14:03:06.729 17786 17786 W PrimesInit: Primes instant initialization
12-10 14:03:06.732 17786 17831 W Primes  : background initialization
12-10 14:03:06.747 17786 17831 I PrimesTesting: GserviceFlagsSupplier.get()
12-10 14:03:06.774 17811 17811 I CalendarProvider2: Created com.android.providers.calendar.CalendarAlarmManager@4a1a82b(com.android.providers.calendar.CalendarProvider2@653e488)
12-10 14:03:06.778 17811 17811 V Monotype: SetAppTypeFace- try to flip, app = com.android.providers.calendar
12-10 14:03:06.781 17811 17811 V Monotype:     Typeface getFontPathFlipFont - systemFont = default#default
12-10 14:03:06.802  2845  1122 D BatteryStatsService: updateFlags s=15
12-10 14:03:06.814  4061  5236 W Conscrypt: Could not set socket write timeout: java.net.SocketException: Socket closed
12-10 14:03:06.814  4061  5236 W Conscrypt: 	at com.google.android.gms.org.conscrypt.Platform.setSocketWriteTimeout(:com.google.android.gms@14799021@14.7.99 (040408-223214910):2)
12-10 14:03:06.814  4061  5236 W Conscrypt: 	at com.google.android.gms.org.conscrypt.ConscryptFileDescriptorSocket.setSoWriteTimeout(:com.google.android.gms@14799021@14.7.99 (040408-223214910):2)
12-10 14:03:06.818  2845  1122 E BatteryStatsService: no controller energy info supplied
12-10 14:03:06.850  2845  1122 E BatteryStatsService: modem info is invalid: ModemActivityInfo{ mTimestamp=14564270 mSleepTimeMs=34849 mIdleTimeMs=-34848 mTxTimeMs[]=[18, 1110, 220, 72, 286] mRxTimeMs=86195 mEnergyUsed=0}
12-10 14:03:06.876  2845  3951 D CompatibilityInfo: mCompatibilityFlags - 0
12-10 14:03:06.876  2845  3951 D CompatibilityInfo: applicationDensity - 480
12-10 14:03:06.876  2845  3951 D CompatibilityInfo: applicationScale - 1.0
12-10 14:03:07.192  2845  3951 D CompatibilityInfo: mCompatibilityFlags - 0
12-10 14:03:07.192  2845  3951 D CompatibilityInfo: applicationDensity - 480
12-10 14:03:07.193  2845  3951 D CompatibilityInfo: applicationScale - 1.0
12-10 14:03:07.205  2845  4251 D CompatibilityInfo: mCompatibilityFlags - 0
12-10 14:03:07.205  2845  4251 D CompatibilityInfo: applicationDensity - 480
12-10 14:03:07.205  2845  4251 D CompatibilityInfo: applicationScale - 1.0
12-10 14:03:07.303  2845  3951 D CompatibilityInfo: mCompatibilityFlags - 0
12-10 14:03:07.303  2845  3951 D CompatibilityInfo: applicationDensity - 480
12-10 14:03:07.303  2845  3951 D CompatibilityInfo: applicationScale - 1.0
12-10 14:03:07.346  2845  4251 I ActivityManager: Start proc 17860:com.nianticlabs.pokemongo:fitness/u0a151 for service com.nianticlabs.pokemongo/com.nianticlabs.background.fitness.FitnessJobService duration: 20
12-10 14:03:07.350 17860 17860 W zygote  : Using default instruction set features for ARM CPU variant (cortex-a9) using conservative defaults
12-10 14:03:07.363 17786 17845 V NativeCrypto: Registering com/google/android/gms/org/conscrypt/NativeCrypto's 287 native methods...
12-10 14:03:07.365  2845  4251 D CompatibilityInfo: mCompatibilityFlags - 0
12-10 14:03:07.365  2845  4251 D CompatibilityInfo: applicationDensity - 480
12-10 14:03:07.365  2845  4251 D CompatibilityInfo: applicationScale - 1.0
12-10 14:03:07.385  2845  4251 D CompatibilityInfo: mCompatibilityFlags - 0
12-10 14:03:07.385  2845  4251 D CompatibilityInfo: applicationDensity - 480
12-10 14:03:07.385  2845  4251 D CompatibilityInfo: applicationScale - 1.0
12-10 14:03:07.389 17786 17845 D NetworkSecurityConfig: No Network Security Config specified, using platform default
12-10 14:03:07.397 17786 17845 I ProviderInstaller: Installed default security provider GmsCore_OpenSSL
12-10 14:03:07.460 17860 17860 I MultiDex: VM with version 2.1.0 has multidex support
12-10 14:03:07.460 17860 17860 I MultiDex: Installing application
12-10 14:03:07.460 17860 17860 I MultiDex: VM has multidex support, MultiDex support library is disabled.
12-10 14:03:07.461 17860 17860 V Monotype: SetAppTypeFace- try to flip, app = com.nianticlabs.pokemongo
12-10 14:03:07.461  2845  4251 D CompatibilityInfo: mCompatibilityFlags - 0
12-10 14:03:07.461  2845  4251 D CompatibilityInfo: applicationDensity - 480
12-10 14:03:07.461  2845  4251 D CompatibilityInfo: applicationScale - 1.0
12-10 14:03:07.467  4061  4061 W ChimeraUtils: Non Chimera context
12-10 14:03:07.467  4061  4061 W ChimeraUtils: Non Chimera context
12-10 14:03:07.468 17860 17860 V Monotype:     Typeface getFontPathFlipFont - systemFont = default#default
12-10 14:03:07.491  2845  3606 D CompatibilityInfo: mCompatibilityFlags - 0
12-10 14:03:07.491  2845  3606 D CompatibilityInfo: applicationDensity - 480
12-10 14:03:07.491  2845  3606 D CompatibilityInfo: applicationScale - 1.0
12-10 14:03:07.728 17860 17860 D BgModeFitnessJob: onStartJob
12-10 14:03:07.738  4061 10387 W Conscrypt: Could not set socket write timeout: java.net.SocketException: Socket closed
12-10 14:03:07.740  4061 10387 W Conscrypt: 	at com.google.android.gms.org.conscrypt.Platform.setSocketWriteTimeout(:com.google.android.gms@14799021@14.7.99 (040408-223214910):2)
12-10 14:03:07.740  4061 10387 W Conscrypt: 	at com.google.android.gms.org.conscrypt.ConscryptFileDescriptorSocket.setSoWriteTimeout(:com.google.android.gms@14799021@14.7.99 (040408-223214910):2)
12-10 14:03:07.750  4061  4515 W Conscrypt: Could not set socket write timeout: java.net.SocketException: Socket closed
12-10 14:03:07.751  4061  4515 W Conscrypt: 	at com.google.android.gms.org.conscrypt.Platform.setSocketWriteTimeout(:com.google.android.gms@14799021@14.7.99 (040408-223214910):2)
12-10 14:03:07.751  4061  4515 W Conscrypt: 	at com.google.android.gms.org.conscrypt.ConscryptFileDescriptorSocket.setSoWriteTimeout(:com.google.android.gms@14799021@14.7.99 (040408-223214910):2)
12-10 14:03:07.784  4061 10374 W Conscrypt: Could not set socket write timeout: java.net.SocketException: Socket closed
12-10 14:03:07.788  2845  3606 D CompatibilityInfo: mCompatibilityFlags - 0
12-10 14:03:07.788  2845  3606 D CompatibilityInfo: applicationDensity - 480
12-10 14:03:07.788  4061 10374 W Conscrypt: 	at com.google.android.gms.org.conscrypt.Platform.setSocketWriteTimeout(:com.google.android.gms@14799021@14.7.99 (040408-223214910):2)
12-10 14:03:07.788  2845  3606 D CompatibilityInfo: applicationScale - 1.0
12-10 14:03:07.789  4061 10374 W Conscrypt: 	at com.google.android.gms.org.conscrypt.ConscryptFileDescriptorSocket.setSoWriteTimeout(:com.google.android.gms@14799021@14.7.99 (040408-223214910):2)
12-10 14:03:07.900  4061 10387 W Conscrypt: Could not set socket write timeout: java.net.SocketException: Socket closed
12-10 14:03:07.900  4061 10387 W Conscrypt: 	at com.google.android.gms.org.conscrypt.Platform.setSocketWriteTimeout(:com.google.android.gms@14799021@14.7.99 (040408-223214910):2)
12-10 14:03:07.900  4061 10387 W Conscrypt: 	at com.google.android.gms.org.conscrypt.ConscryptFileDescriptorSocket.setSoWriteTimeout(:com.google.android.gms@14799021@14.7.99 (040408-223214910):2)
12-10 14:03:07.911  4061  4515 W Conscrypt: Could not set socket write timeout: java.net.SocketException: Socket closed
12-10 14:03:07.911  4061  4515 W Conscrypt: 	at com.google.android.gms.org.conscrypt.Platform.setSocketWriteTimeout(:com.google.android.gms@14799021@14.7.99 (040408-223214910):2)
12-10 14:03:07.911  4061  4515 W Conscrypt: 	at com.google.android.gms.org.conscrypt.ConscryptFileDescriptorSocket.setSoWriteTimeout(:com.google.android.gms@14799021@14.7.99 (040408-223214910):2)
12-10 14:03:07.954  4061 10374 W Conscrypt: Could not set socket write timeout: java.net.SocketException: Socket closed
12-10 14:03:07.955  4061 10374 W Conscrypt: 	at com.google.android.gms.org.conscrypt.Platform.setSocketWriteTimeout(:com.google.android.gms@14799021@14.7.99 (040408-223214910):2)
12-10 14:03:07.955  4061 10374 W Conscrypt: 	at com.google.android.gms.org.conscrypt.ConscryptFileDescriptorSocket.setSoWriteTimeout(:com.google.android.gms@14799021@14.7.99 (040408-223214910):2)
12-10 14:03:07.955  4061  4072 W Conscrypt: Could not set socket write timeout: java.net.SocketException: Socket closed
12-10 14:03:07.955  4061  4072 W Conscrypt: 	at com.google.android.gms.org.conscrypt.Platform.setSocketWriteTimeout(:com.google.android.gms@14799021@14.7.99 (040408-223214910):2)
12-10 14:03:07.956  4061  4072 W Conscrypt: 	at com.google.android.gms.org.conscrypt.ConscryptFileDescriptorSocket.setSoWriteTimeout(:com.google.android.gms@14799021@14.7.99 (040408-223214910):2)
12-10 14:03:07.966  4061  4914 W Conscrypt: Could not set socket write timeout: java.net.SocketException: Socket closed
12-10 14:03:07.970  4061  4914 W Conscrypt: 	at com.google.android.gms.org.conscrypt.Platform.setSocketWriteTimeout(:com.google.android.gms@14799021@14.7.99 (040408-223214910):2)
12-10 14:03:07.970  4061  4914 W Conscrypt: 	at com.google.android.gms.org.conscrypt.ConscryptFileDescriptorSocket.setSoWriteTimeout(:com.google.android.gms@14799021@14.7.99 (040408-223214910):2)
12-10 14:03:08.002  4061  4072 W Conscrypt: Could not set socket write timeout: java.net.SocketException: Socket closed
12-10 14:03:08.002  4061  4072 W Conscrypt: 	at com.google.android.gms.org.conscrypt.Platform.setSocketWriteTimeout(:com.google.android.gms@14799021@14.7.99 (040408-223214910):2)
12-10 14:03:08.002  4061  4072 W Conscrypt: 	at com.google.android.gms.org.conscrypt.ConscryptFileDescriptorSocket.setSoWriteTimeout(:com.google.android.gms@14799021@14.7.99 (040408-223214910):2)
12-10 14:03:08.015  4061  4914 W Conscrypt: Could not set socket write timeout: java.net.SocketException: Socket closed
12-10 14:03:08.015  4061  4914 W Conscrypt: 	at com.google.android.gms.org.conscrypt.Platform.setSocketWriteTimeout(:com.google.android.gms@14799021@14.7.99 (040408-223214910):2)
12-10 14:03:08.015  4061  4914 W Conscrypt: 	at com.google.android.gms.org.conscrypt.ConscryptFileDescriptorSocket.setSoWriteTimeout(:com.google.android.gms@14799021@14.7.99 (040408-223214910):2)
12-10 14:03:08.638 17860 17860 I BgModeFitRecorder: Successfully listed subscriptions!
12-10 14:03:08.746 17418 17418 I chatty  : uid=10197(u0_a197) com.YourCompany.SkyVision expire 23 lines
12-10 14:03:08.849 17860 17860 I BgModeFitRecorder: Successfully subscribed to DataType{com.google.step_count.delta[steps(i)]}!
12-10 14:03:08.872 17860 17860 I BgModeFitRecorder: Successfully subscribed to DataType{com.google.distance.delta[distance(f)]}!
12-10 14:03:08.887 17860 17860 I BgModeFitRecorder: Successfully subscribed to DataType{com.google.calories.expended[calories(f)]}!
12-10 14:03:08.890 17860 17889 I BgModeFitnessReader: Last queried @ 1544453820731.
12-10 14:03:08.891 17860 17889 I BgModeFitnessReader: Querying 1544453820731 to 1544457788891.
12-10 14:03:08.908  2845  2887 D CompatibilityInfo: mCompatibilityFlags - 0
12-10 14:03:08.909  2845  2887 D CompatibilityInfo: applicationDensity - 480
12-10 14:03:08.909  2845  2887 D CompatibilityInfo: applicationScale - 1.0
12-10 14:03:09.007  2845  4251 D CompatibilityInfo: mCompatibilityFlags - 0
12-10 14:03:09.007  2845  4251 D CompatibilityInfo: applicationDensity - 480
12-10 14:03:09.007  2845  4251 D CompatibilityInfo: applicationScale - 1.0
12-10 14:03:09.031  2845  4251 D CompatibilityInfo: mCompatibilityFlags - 0
12-10 14:03:09.031  2845  4251 D CompatibilityInfo: applicationDensity - 480
12-10 14:03:09.031  2845  4251 D CompatibilityInfo: applicationScale - 1.0
12-10 14:03:09.047  3237  3237 I FirebaseJobDispatcher: com.google.android.apps.inputmethod.libs.framework.core.FirebaseJobDispatcherImpl$TaskRunnerJobService: onStartJob(): PeriodicContextualMetrics.
12-10 14:03:09.051  3237  3357 I PContextMetricsRunner: com.google.android.apps.inputmethod.libs.latin5.PeriodicContextualMetricsRunner: call()
12-10 14:03:09.051  3237  3357 I PContextMetricsRunner: com.google.android.apps.inputmethod.libs.latin5.PeriodicContextualMetricsRunner: call() : Finished in 2 ms
12-10 14:03:09.052  3237  3237 I FirebaseJobDispatcher: csx: Task: PeriodicContextualMetrics successes.
12-10 14:03:09.078  4061  8353 W Fitness : Trimming data point [12:27:20-13:53:57] outputted with range [12:57:00-14:03:08]
12-10 14:03:09.078  4061  8353 W Fitness : Point: wkk{DataPoint{105.38916015625@[1544452040234000000, 1544457237508000000,raw=0,insert=0](d:calories.expended:gms::default_calories_expended d:calories.expended:gms::from_activities_local)}}
12-10 14:03:09.101 17860 17860 I BgModeFitnessReader: Success!
12-10 14:03:09.102 17860 17889 I BgModeFitnessJob: ABORT: No Fitness data to send.
12-10 14:03:09.128  2845  3951 D CompatibilityInfo: mCompatibilityFlags - 0
12-10 14:03:09.128  2845  3951 D CompatibilityInfo: applicationDensity - 480
12-10 14:03:09.128  2845  3951 D CompatibilityInfo: applicationScale - 1.0
12-10 14:03:09.189  2845  2887 D CompatibilityInfo: mCompatibilityFlags - 0
12-10 14:03:09.189  2845  2887 D CompatibilityInfo: applicationDensity - 480
12-10 14:03:09.189  2845  2887 D CompatibilityInfo: applicationScale - 1.0
12-10 14:03:09.211  2845  2887 D CompatibilityInfo: mCompatibilityFlags - 0
12-10 14:03:09.211  2845  2887 D CompatibilityInfo: applicationDensity - 480
12-10 14:03:09.211  2845  2887 D CompatibilityInfo: applicationScale - 1.0
12-10 14:03:09.222 17786 17786 I peCommitFirebaseService: onStartJob, tag=PhenotypeCommitFirebase
12-10 14:03:09.291 17786 17786 I peCommitFirebaseService: onFinishJob, tag=PhenotypeCommitFirebase, status=SUCCESS
12-10 14:03:09.479  4061 17808 W Conscrypt: Could not set socket write timeout: java.net.SocketException: Socket closed
12-10 14:03:09.479  4061 17808 W Conscrypt: 	at com.google.android.gms.org.conscrypt.Platform.setSocketWriteTimeout(:com.google.android.gms@14799021@14.7.99 (040408-223214910):2)
12-10 14:03:09.479  4061 17808 W Conscrypt: 	at com.google.android.gms.org.conscrypt.ConscryptFileDescriptorSocket.setSoWriteTimeout(:com.google.android.gms@14799021@14.7.99 (040408-223214910):2)
12-10 14:03:09.628  4061 17808 W Conscrypt: Could not set socket write timeout: java.net.SocketException: Socket closed
12-10 14:03:09.628  4061 17808 W Conscrypt: 	at com.google.android.gms.org.conscrypt.Platform.setSocketWriteTimeout(:com.google.android.gms@14799021@14.7.99 (040408-223214910):2)
12-10 14:03:09.628  4061 17808 W Conscrypt: 	at com.google.android.gms.org.conscrypt.ConscryptFileDescriptorSocket.setSoWriteTimeout(:com.google.android.gms@14799021@14.7.99 (040408-223214910):2)
12-10 14:03:11.551  2845  1122 D CompatibilityInfo: mCompatibilityFlags - 0
12-10 14:03:11.551  2845  1122 D CompatibilityInfo: applicationDensity - 480
12-10 14:03:11.551  2845  1122 D CompatibilityInfo: applicationScale - 1.0
12-10 14:03:12.078  3252  3457 I chatty  : uid=10018(u0_a18) SysUiBg expire 21 lines
12-10 14:03:12.082  3590  3884 D PhoneInterfaceManager: isWifiCallingAvailable: sub Id : 2
12-10 14:03:12.084  3590  3884 D PhoneInterfaceManager: isVolteAvailable: sub Id : 2
12-10 14:03:12.085  3590  3884 D PhoneInterfaceManager: isVideoTelephonyAvailable: sub Id : 2
12-10 14:03:12.390  3590  3884 D PhoneInterfaceManager: isWifiCallingAvailable: sub Id : 2
12-10 14:03:12.392  3590  9696 D PhoneInterfaceManager: isVolteAvailable: sub Id : 2
12-10 14:03:12.393  3590  3884 D PhoneInterfaceManager: isVideoTelephonyAvailable: sub Id : 2
12-10 14:03:12.406  3252  3252 I chatty  : uid=10018(u0_a18) com.android.systemui expire 3 lines
12-10 14:03:13.316 17418 17418 W Thread-2: type=1400 audit(0.0:19672): avc: denied { read } for name="stat" dev="proc" ino=4026532127 scontext=u:r:untrusted_app_25:s0:c512,c768 tcontext=u:object_r:proc_stat:s0 tclass=file permissive=0
12-10 14:03:13.392  3590  3884 D PhoneInterfaceManager: isWifiCallingAvailable: sub Id : 2
12-10 14:03:13.392  3252  3457 I chatty  : uid=10018(u0_a18) SysUiBg expire 15 lines
12-10 14:03:13.392  3590  3884 D PhoneInterfaceManager: isVolteAvailable: sub Id : 2
12-10 14:03:13.393  3590  9696 D PhoneInterfaceManager: isVideoTelephonyAvailable: sub Id : 2
12-10 14:03:13.403  3252  3252 I chatty  : uid=10018(u0_a18) com.android.systemui expire 3 lines
12-10 14:03:13.416 17418 17418 W Thread-2: type=1400 audit(0.0:19673): avc: denied { read } for name="stat" dev="proc" ino=4026532127 scontext=u:r:untrusted_app_25:s0:c512,c768 tcontext=u:object_r:proc_stat:s0 tclass=file permissive=0
12-10 14:03:14.086 17418 17418 I chatty  : uid=10197(u0_a197) com.YourCompany.SkyVision identical 15 lines
12-10 14:03:14.196 17418 17418 W Thread-2: type=1400 audit(0.0:19680): avc: denied { read } for name="stat" dev="proc" ino=4026532127 scontext=u:r:untrusted_app_25:s0:c512,c768 tcontext=u:object_r:proc_stat:s0 tclass=file permissive=0
12-10 14:03:14.316 17418 17418 W Thread-2: type=1400 audit(0.0:19681): avc: denied { read } for name="stat" dev="proc" ino=4026532127 scontext=u:r:untrusted_app_25:s0:c512,c768 tcontext=u:object_r:proc_stat:s0 tclass=file permissive=0
12-10 14:03:14.317  3252  3457 I chatty  : uid=10018(u0_a18) SysUiBg expire 21 lines
12-10 14:03:14.318  3590  3884 D PhoneInterfaceManager: isWifiCallingAvailable: sub Id : 2
12-10 14:03:14.319  3590  3884 D PhoneInterfaceManager: isVolteAvailable: sub Id : 2
12-10 14:03:14.320  3590  3884 D PhoneInterfaceManager: isVideoTelephonyAvailable: sub Id : 2
12-10 14:03:15.366 17418 17418 W Thread-2: type=1400 audit(0.0:19691): avc: denied { read } for name="stat" dev="proc" ino=4026532127 scontext=u:r:untrusted_app_25:s0:c512,c768 tcontext=u:object_r:proc_stat:s0 tclass=file permissive=0
12-10 14:03:15.398  3590  3884 D PhoneInterfaceManager: isWifiCallingAvailable: sub Id : 2
12-10 14:03:15.399  3590  3884 D PhoneInterfaceManager: isVolteAvailable: sub Id : 2
12-10 14:03:15.401  3590  3884 D PhoneInterfaceManager: isVideoTelephonyAvailable: sub Id : 2
12-10 14:03:15.411  3252  3252 I chatty  : uid=10018(u0_a18) com.android.systemui expire 3 lines
12-10 14:03:15.466 17418 17418 W Thread-2: type=1400 audit(0.0:19692): avc: denied { read } for name="stat" dev="proc" ino=4026532127 scontext=u:r:untrusted_app_25:s0:c512,c768 tcontext=u:object_r:proc_stat:s0 tclass=file permissive=0
12-10 14:03:15.796  2479  2479 E TLOC    : [TLOCChannel]"Can't receive message due to timeout"
12-10 14:03:15.796  2479  2479 I TLOC    : [TLOCDaemon ]"timeout passed - start periodic warm-up"
12-10 14:03:15.798  2479  2479 I TLOC    : [ModemComm  ]"Start a session successfully"
12-10 14:03:15.798  2479  2479 D TLOC    : [TLOCDaemon ]"The command finished successfully"
12-10 14:03:15.798  2479  2479 D TLOC    : [TLOCDaemon ]"waiting for command"
12-10 14:03:15.798  2479  2479 D TLOC    : [TLOCChannel] "Going to receive message for TLOCD"
12-10 14:03:15.798  2479  2479 D TLOC    : [TLOCChannel] "wait for message for user TLOCD"
12-10 14:03:16.206 17418 17418 I chatty  : uid=10197(u0_a197) com.YourCompany.SkyVision identical 7 lines
12-10 14:03:16.316 17418 17418 W Thread-2: type=1400 audit(0.0:19700): avc: denied { read } for name="stat" dev="proc" ino=4026532127 scontext=u:r:untrusted_app_25:s0:c512,c768 tcontext=u:object_r:proc_stat:s0 tclass=file permissive=0
12-10 14:03:16.402  3590  3884 D PhoneInterfaceManager: isWifiCallingAvailable: sub Id : 2
12-10 14:03:16.404  3590  9696 D PhoneInterfaceManager: isVolteAvailable: sub Id : 2
12-10 14:03:16.405  3252  3457 I chatty  : uid=10018(u0_a18) SysUiBg expire 4 lines
12-10 14:03:16.406  3590  3884 D PhoneInterfaceManager: isVideoTelephonyAvailable: sub Id : 2
12-10 14:03:16.409  3252  3457 D NetworkController: isSimOff(0): false
12-10 14:03:16.409  3252  3457 D NetworkController: hasPrefered: false
12-10 14:03:16.409  3252  3457 D NetworkController.MobileSignalController(2): SubscriptionInfo.getSimSlotIndex(): 0
12-10 14:03:16.409  3252  3457 D NetworkController: isSimOff(0): false
12-10 14:03:16.409  3252  3457 D NetworkController: hasPrefered: false
12-10 14:03:16.409  3252  3457 D NetworkController.MobileSignalController(2): SubscriptionInfo.getSimSlotIndex(): 0
12-10 14:03:16.409  3252  3457 D NetworkController: isSimOff(0): false
12-10 14:03:16.409  3252  3457 D NetworkController: hasPrefered: false
12-10 14:03:16.411  3252  3457 D NetworkController.MobileSignalController(2): notifyListeners NetworkCountryIso=br
12-10 14:03:16.418  3252  3252 D MoreNotificationIcon: implementMoreNotificationIcon(false)
12-10 14:03:16.418  3252  3252 D StatusBar: com.asus.powersaver checkMoreIconColorize: !isPreL: true isGrayscale: true
12-10 14:03:16.419  3252  3252 D StatusBar: android checkMoreIconColorize: !isPreL: true isGrayscale: true
12-10 14:03:16.436 17418 17418 W Thread-2: type=1400 audit(0.0:19701): avc: denied { read } for name="stat" dev="proc" ino=4026532127 scontext=u:r:untrusted_app_25:s0:c512,c768 tcontext=u:object_r:proc_stat:s0 tclass=file permissive=0
12-10 14:03:18.246 17418 17418 I chatty  : uid=10197(u0_a197) com.YourCompany.SkyVision identical 17 lines
12-10 14:03:18.346 17418 17418 W Thread-2: type=1400 audit(0.0:19719): avc: denied { read } for name="stat" dev="proc" ino=4026532127 scontext=u:r:untrusted_app_25:s0:c512,c768 tcontext=u:object_r:proc_stat:s0 tclass=file permissive=0
12-10 14:03:18.409  3252  3457 D NetworkController.MobileSignalController(2): onDataActivity: direction=0
12-10 14:03:18.411  3590  3884 D PhoneInterfaceManager: isWifiCallingAvailable: sub Id : 2
12-10 14:03:18.413  3252  3457 D NetworkController.MobileSignalController(2): isWifiCallingAvailable=false
12-10 14:03:18.414  3590  9696 D PhoneInterfaceManager: isVolteAvailable: sub Id : 2
12-10 14:03:18.415  3252  3457 D NetworkController.MobileSignalController(2): isVolteAvailable=false
12-10 14:03:18.415  3590  3884 D PhoneInterfaceManager: isVideoTelephonyAvailable: sub Id : 2
12-10 14:03:18.415  3252  3457 D NetworkController.MobileSignalController(2): isVideoTelephonyAvailable=false
12-10 14:03:18.416  3252  3457 D NetworkController.MobileSignalController(2): Change in state from: connected=true,enabled=true,level=4,inetCondition=1,iconGroup=IconGroup(4G),activityIn=true,activityOut=true,rssi=0,lastModified=12-10 02:03:16,dataSim=true,networkName=Vivo,networkNameData=Vivo,dataConnected=true,roaming=false,isDefault=true,isEmergency=false,airplaneMode=false,carrierNetworkChangeMode=false,userSetup=true
12-10 14:03:18.416  3252  3457 D NetworkController.MobileSignalController(2): 	to: connected=true,enabled=true,level=4,inetCondition=1,iconGroup=IconGroup(4G),activityIn=false,activityOut=false,rssi=0,lastModified=12-10 02:03:16,dataSim=true,networkName=Vivo,networkNameData=Vivo,dataConnected=true,roaming=false,isDefault=true,isEmergency=false,airplaneMode=false,carrierNetworkChangeMode=false,userSetup=true
12-10 14:03:18.417  3252  3457 D NetworkController.MobileSignalController(2): SubscriptionInfo.getSimSlotIndex(): 0
12-10 14:03:18.417  3252  3457 D NetworkController: isSimOff(0): false
12-10 14:03:18.417  3252  3457 D NetworkController: hasPrefered: false
12-10 14:03:18.417  3252  3457 D NetworkController.MobileSignalController(2): SubscriptionInfo.getSimSlotIndex(): 0
12-10 14:03:18.417  3252  3457 D NetworkController: isSimOff(0): false
12-10 14:03:18.417  3252  3457 D NetworkController: hasPrefered: false
12-10 14:03:18.417  3252  3457 D NetworkController.MobileSignalController(2): SubscriptionInfo.getSimSlotIndex(): 0
12-10 14:03:18.417  3252  3457 D NetworkController: isSimOff(0): false
12-10 14:03:18.417  3252  3457 D NetworkController: hasPrefered: false
12-10 14:03:18.418  3252  3457 D NetworkController.MobileSignalController(2): notifyListeners NetworkCountryIso=br
12-10 14:03:18.424  3252  3252 D MoreNotificationIcon: implementMoreNotificationIcon(false)
12-10 14:03:18.424  3252  3252 D StatusBar: com.asus.powersaver checkMoreIconColorize: !isPreL: true isGrayscale: true
12-10 14:03:18.424  3252  3252 D StatusBar: android checkMoreIconColorize: !isPreL: true isGrayscale: true
12-10 14:03:18.456 17418 17418 W Thread-2: type=1400 audit(0.0:19720): avc: denied { read } for name="stat" dev="proc" ino=4026532127 scontext=u:r:untrusted_app_25:s0:c512,c768 tcontext=u:object_r:proc_stat:s0 tclass=file permissive=0
12-10 14:03:19.866 17418 17418 I chatty  : uid=10197(u0_a197) com.YourCompany.SkyVision identical 13 lines
12-10 14:03:19.976 17418 17418 W Thread-2: type=1400 audit(0.0:19734): avc: denied { read } for name="stat" dev="proc" ino=4026532127 scontext=u:r:untrusted_app_25:s0:c512,c768 tcontext=u:object_r:proc_stat:s0 tclass=file permissive=0
12-10 14:03:19.991  2845  3951 I BatteryService: health = 2, mPlugType = 1, mUsbAbnormal = 0
12-10 14:03:19.994  2845  4685 V LocSvc_HIDL_Subscription_jni: battery_level_update
12-10 14:03:19.994  2845  4685 V LocSvc_HIDL_Subscription_jni: [battery_level_update][886] [HC] =>> [HS]
12-10 14:03:19.995  2462  2462 V LocSvc_HIDL_IzatSubscription: [batteryLevelUpdate][757] [HS] <<<<= [HC]
12-10 14:03:19.996  3252  3252 D KeyguardUpdateMonitor: received broadcast android.intent.action.BATTERY_CHANGED
12-10 14:03:19.996  3252  3252 D PowerUI : oldTemp=340, mTemp=340
12-10 14:03:19.996  3252  3252 D PowerUI : findUsbOtg =false,supportReverseCharging =0
12-10 14:03:19.997  2845  4685 V LocSvc_HIDL_Subscription_jni: Exit Result 0
12-10 14:03:19.997  3754  3754 D PowerSaverService: extraBatteryHealth =2, dongle_type=-1
12-10 14:03:19.998  3754  3754 D PowerSaverService: battery_soh = -1
12-10 14:03:20.000  3252  3252 D KeyguardUpdateMonitor: handleBatteryUpdate
12-10 14:03:20.076 17418 17418 W Thread-2: type=1400 audit(0.0:19735): avc: denied { read } for name="stat" dev="proc" ino=4026532127 scontext=u:r:untrusted_app_25:s0:c512,c768 tcontext=u:object_r:proc_stat:s0 tclass=file permissive=0
12-10 14:03:22.656 17418 17418 I chatty  : uid=10197(u0_a197) com.YourCompany.SkyVision identical 24 lines
12-10 14:03:22.766 17418 17418 W Thread-2: type=1400 audit(0.0:19760): avc: denied { read } for name="stat" dev="proc" ino=4026532127 scontext=u:r:untrusted_app_25:s0:c512,c768 tcontext=u:object_r:proc_stat:s0 tclass=file permissive=0
12-10 14:03:22.786  3904  3947 I ThermalEngine: sensor:sense_skin_therm temp is 37604
12-10 14:03:22.866 17418 17418 W Thread-2: type=1400 audit(0.0:19761): avc: denied { read } for name="stat" dev="proc" ino=4026532127 scontext=u:r:untrusted_app_25:s0:c512,c768 tcontext=u:object_r:proc_stat:s0 tclass=file permissive=0
12-10 14:03:24.826 17418 17418 I chatty  : uid=10197(u0_a197) com.YourCompany.SkyVision identical 18 lines
12-10 14:03:24.926 17418 17418 W Thread-2: type=1400 audit(0.0:19780): avc: denied { read } for name="stat" dev="proc" ino=4026532127 scontext=u:r:untrusted_app_25:s0:c512,c768 tcontext=u:object_r:proc_stat:s0 tclass=file permissive=0
12-10 14:03:25.019 25283 25308 I Finsky  : [224] com.google.android.finsky.bo.an.run(6): Stats for Executor: BlockingExecutor com.google.android.finsky.bo.ao@7fd79e5[Running, pool size = 0, active threads = 0, queued tasks = 0, completed tasks = 8]
12-10 14:03:25.022 25283 25308 I Finsky  : [224] com.google.android.finsky.bo.an.run(6): Stats for Executor: LightweightExecutor com.google.android.finsky.bo.ao@e2edcba[Running, pool size = 4, active threads = 0, queued tasks = 0, completed tasks = 53]
12-10 14:03:25.023 25283 25308 I Finsky  : [224] com.google.android.finsky.bo.an.run(6): Stats for Executor: bgExecutor com.google.android.finsky.bo.ao@310d76b[Running, pool size = 4, active threads = 0, queued tasks = 0, completed tasks = 12]
12-10 14:03:25.024 25283 25308 I Finsky  : [224] com.google.android.finsky.bo.an.run(6): Stats for Executor: SimChangeExecutor com.google.android.finsky.bo.ao@79082c8[Running, pool size = 0, active threads = 0, queued tasks = 0, completed tasks = 0]
12-10 14:03:25.024 25283 25308 I Finsky  : [224] com.google.android.finsky.bo.an.run(6): Stats for Executor: Db-xternal_referrer_status.db com.google.android.finsky.bo.ao@f10cf61[Running, pool size = 0, active threads = 0, queued tasks = 0, completed tasks = 2]
12-10 14:03:25.025 25283 25308 I Finsky  : [224] com.google.android.finsky.bo.an.run(6): Stats for Executor: Db-split_install_service com.google.android.finsky.bo.ao@f5e0a86[Running, pool size = 0, active threads = 0, queued tasks = 0, completed tasks = 3]
12-10 14:03:25.026 17418 17418 W Thread-2: type=1400 audit(0.0:19781): avc: denied { read } for name="stat" dev="proc" ino=4026532127 scontext=u:r:untrusted_app_25:s0:c512,c768 tcontext=u:object_r:proc_stat:s0 tclass=file permissive=0
12-10 14:03:25.026 25283 25308 I Finsky  : [224] com.google.android.finsky.bo.an.run(6): Stats for Executor: StorageAwareDownloadServiceManagerSpaceChecker com.google.android.finsky.bo.ao@be37f47[Running, pool size = 0, active threads = 0, queued tasks = 0, completed tasks = 0]
12-10 14:03:25.026 25283 25308 I Finsky  : [224] com.google.android.finsky.bo.an.run(6): Stats for Executor: InstallBackgroundThread com.google.android.finsky.bo.ao@88f0374[Running, pool size = 0, active threads = 0, queued tasks = 0, completed tasks = 0]
12-10 14:03:25.027 25283 25308 I Finsky  : [224] com.google.android.finsky.bo.an.run(6): Stats for Executor: Db-install_service com.google.android.finsky.bo.ao@7aa009d[Running, pool size = 0, active threads = 0, queued tasks = 0, completed tasks = 0]
12-10 14:03:25.028 25283 25308 I Finsky  : [224] com.google.android.finsky.bo.an.run(6): Stats for Executor: InstallBackgroundThread com.google.android.finsky.bo.ao@6004912[Running, pool size = 0, active threads = 0, queued tasks = 0, completed tasks = 0]
12-10 14:03:29.616 17418 17418 I chatty  : uid=10197(u0_a197) com.YourCompany.SkyVision expire 41 lines
12-10 14:03:29.716 17418 17418 W Thread-2: type=1400 audit(0.0:19823): avc: denied { read } for name="stat" dev="proc" ino=4026532127 scontext=u:r:untrusted_app_25:s0:c512,c768 tcontext=u:object_r:proc_stat:s0 tclass=file permissive=0
12-10 14:03:29.734 25283 25308 I Finsky  : [224] com.google.android.finsky.bo.an.run(6): Stats for Executor: Db-frosting.db com.google.android.finsky.bo.ao@949e053[Running, pool size = 0, active threads = 0, queued tasks = 0, completed tasks = 5]
12-10 14:03:29.734 25283 25308 I Finsky  : [224] com.google.android.finsky.bo.an.run(6): Stats for Executor: Db-notification_cache com.google.android.finsky.bo.ao@9fffd90[Running, pool size = 0, active threads = 0, queued tasks = 0, completed tasks = 7]
12-10 14:03:29.846 17418 17418 W Thread-2: type=1400 audit(0.0:19824): avc: denied { read } for name="stat" dev="proc" ino=4026532127 scontext=u:r:untrusted_app_25:s0:c512,c768 tcontext=u:object_r:proc_stat:s0 tclass=file permissive=0
12-10 14:03:30.296 17418 17418 I chatty  : uid=10197(u0_a197) com.YourCompany.SkyVision identical 4 lines
12-10 14:03:30.426 17418 17418 W Thread-2: type=1400 audit(0.0:19829): avc: denied { read } for name="stat" dev="proc" ino=4026532127 scontext=u:r:untrusted_app_25:s0:c512,c768 tcontext=u:object_r:proc_stat:s0 tclass=file permissive=0
12-10 14:03:30.453  3252  3457 D NetworkController.MobileSignalController(2): onDataActivity: direction=3
12-10 14:03:30.455  3590  9696 D PhoneInterfaceManager: isWifiCallingAvailable: sub Id : 2
12-10 14:03:30.456  3252  3457 D NetworkController.MobileSignalController(2): isWifiCallingAvailable=false
12-10 14:03:30.456  3590  3884 D PhoneInterfaceManager: isVolteAvailable: sub Id : 2
12-10 14:03:30.457  3252  3457 D NetworkController.MobileSignalController(2): isVolteAvailable=false
12-10 14:03:30.458  3590  9696 D PhoneInterfaceManager: isVideoTelephonyAvailable: sub Id : 2
12-10 14:03:30.458  3252  3457 D NetworkController.MobileSignalController(2): isVideoTelephonyAvailable=false
12-10 14:03:30.459  3252  3457 D NetworkController.MobileSignalController(2): Change in state from: connected=true,enabled=true,level=4,inetCondition=1,iconGroup=IconGroup(4G),activityIn=false,activityOut=false,rssi=0,lastModified=12-10 02:03:18,dataSim=true,networkName=Vivo,networkNameData=Vivo,dataConnected=true,roaming=false,isDefault=true,isEmergency=false,airplaneMode=false,carrierNetworkChangeMode=false,userSetup=true
12-10 14:03:30.459  3252  3457 D NetworkController.MobileSignalController(2): 	to: connected=true,enabled=true,level=4,inetCondition=1,iconGroup=IconGroup(4G),activityIn=true,activityOut=true,rssi=0,lastModified=12-10 02:03:18,dataSim=true,networkName=Vivo,networkNameData=Vivo,dataConnected=true,roaming=false,isDefault=true,isEmergency=false,airplaneMode=false,carrierNetworkChangeMode=false,userSetup=true
12-10 14:03:30.459  3252  3457 D NetworkController.MobileSignalController(2): SubscriptionInfo.getSimSlotIndex(): 0
12-10 14:03:30.460  3252  3457 D NetworkController: isSimOff(0): false
12-10 14:03:30.460  3252  3457 D NetworkController: hasPrefered: false
12-10 14:03:30.460  3252  3457 D NetworkController.MobileSignalController(2): SubscriptionInfo.getSimSlotIndex(): 0
12-10 14:03:30.460  3252  3457 D NetworkController: isSimOff(0): false
12-10 14:03:30.460  3252  3457 D NetworkController: hasPrefered: false
12-10 14:03:30.460  3252  3457 D NetworkController.MobileSignalController(2): SubscriptionInfo.getSimSlotIndex(): 0
12-10 14:03:30.460  3252  3457 D NetworkController: isSimOff(0): false
12-10 14:03:30.460  3252  3457 D NetworkController: hasPrefered: false
12-10 14:03:30.461  3252  3457 D NetworkController.MobileSignalController(2): notifyListeners NetworkCountryIso=br
12-10 14:03:30.467  3252  3252 D MoreNotificationIcon: implementMoreNotificationIcon(false)
12-10 14:03:30.467  3252  3252 D StatusBar: com.asus.powersaver checkMoreIconColorize: !isPreL: true isGrayscale: true
12-10 14:03:30.468  3252  3252 D StatusBar: android checkMoreIconColorize: !isPreL: true isGrayscale: true
12-10 14:03:30.546 17418 17418 W Thread-2: type=1400 audit(0.0:19830): avc: denied { read } for name="stat" dev="proc" ino=4026532127 scontext=u:r:untrusted_app_25:s0:c512,c768 tcontext=u:object_r:proc_stat:s0 tclass=file permissive=0
12-10 14:03:31.216 17418 17418 I chatty  : uid=10197(u0_a197) com.YourCompany.SkyVision identical 6 lines
12-10 14:03:31.336 17418 17418 W Thread-2: type=1400 audit(0.0:19837): avc: denied { read } for name="stat" dev="proc" ino=4026532127 scontext=u:r:untrusted_app_25:s0:c512,c768 tcontext=u:object_r:proc_stat:s0 tclass=file permissive=0
12-10 14:03:31.456 17418 17418 W Thread-2: type=1400 audit(0.0:19838): avc: denied { read } for name="stat" dev="proc" ino=4026532127 scontext=u:r:untrusted_app_25:s0:c512,c768 tcontext=u:object_r:proc_stat:s0 tclass=file permissive=0
12-10 14:03:31.458  3252  3457 D NetworkController.MobileSignalController(2): onDataActivity: direction=0
12-10 14:03:31.459  3590  9696 D PhoneInterfaceManager: isWifiCallingAvailable: sub Id : 2
12-10 14:03:31.460  3252  3457 D NetworkController.MobileSignalController(2): isWifiCallingAvailable=false
12-10 14:03:31.461  3590  9696 D PhoneInterfaceManager: isVolteAvailable: sub Id : 2
12-10 14:03:31.461  3252  3457 D NetworkController.MobileSignalController(2): isVolteAvailable=false
12-10 14:03:31.462  3590  9696 D PhoneInterfaceManager: isVideoTelephonyAvailable: sub Id : 2
12-10 14:03:31.462  3252  3457 D NetworkController.MobileSignalController(2): isVideoTelephonyAvailable=false
12-10 14:03:31.464  3252  3457 D NetworkController.MobileSignalController(2): Change in state from: connected=true,enabled=true,level=4,inetCondition=1,iconGroup=IconGroup(4G),activityIn=true,activityOut=true,rssi=0,lastModified=12-10 02:03:30,dataSim=true,networkName=Vivo,networkNameData=Vivo,dataConnected=true,roaming=false,isDefault=true,isEmergency=false,airplaneMode=false,carrierNetworkChangeMode=false,userSetup=true
12-10 14:03:31.464  3252  3457 D NetworkController.MobileSignalController(2): 	to: connected=true,enabled=true,level=4,inetCondition=1,iconGroup=IconGroup(4G),activityIn=false,activityOut=false,rssi=0,lastModified=12-10 02:03:30,dataSim=true,networkName=Vivo,networkNameData=Vivo,dataConnected=true,roaming=false,isDefault=true,isEmergency=false,airplaneMode=false,carrierNetworkChangeMode=false,userSetup=true
12-10 14:03:31.464  3252  3457 D NetworkController.MobileSignalController(2): SubscriptionInfo.getSimSlotIndex(): 0
12-10 14:03:31.464  3252  3457 D NetworkController: isSimOff(0): false
12-10 14:03:31.464  3252  3457 D NetworkController: hasPrefered: false
12-10 14:03:31.464  3252  3457 D NetworkController.MobileSignalController(2): SubscriptionInfo.getSimSlotIndex(): 0
12-10 14:03:31.464  3252  3457 D NetworkController: isSimOff(0): false
12-10 14:03:31.464  3252  3457 D NetworkController: hasPrefered: false
12-10 14:03:31.464  3252  3457 D NetworkController.MobileSignalController(2): SubscriptionInfo.getSimSlotIndex(): 0
12-10 14:03:31.464  3252  3457 D NetworkController: isSimOff(0): false
12-10 14:03:31.464  3252  3457 D NetworkController: hasPrefered: false
12-10 14:03:31.465  3252  3457 D NetworkController.MobileSignalController(2): notifyListeners NetworkCountryIso=br
12-10 14:03:31.470  3252  3252 D MoreNotificationIcon: implementMoreNotificationIcon(false)
12-10 14:03:31.470  3252  3252 D StatusBar: com.asus.powersaver checkMoreIconColorize: !isPreL: true isGrayscale: true
12-10 14:03:31.470  3252  3252 D StatusBar: android checkMoreIconColorize: !isPreL: true isGrayscale: true
12-10 14:03:31.576 17418 17418 W Thread-2: type=1400 audit(0.0:19839): avc: denied { read } for name="stat" dev="proc" ino=4026532127 scontext=u:r:untrusted_app_25:s0:c512,c768 tcontext=u:object_r:proc_stat:s0 tclass=file permissive=0
12-10 14:03:32.446 17418 17418 I chatty  : uid=10197(u0_a197) com.YourCompany.SkyVision identical 8 lines
12-10 14:03:32.556 17418 17418 W Thread-2: type=1400 audit(0.0:19848): avc: denied { read } for name="stat" dev="proc" ino=4026532127 scontext=u:r:untrusted_app_25:s0:c512,c768 tcontext=u:object_r:proc_stat:s0 tclass=file permissive=0
12-10 14:03:32.568  2845  3951 I ActivityManager: Killing 13781:com.asus.internal.fdctoolstate/1000 (adj 906): empty #17
12-10 14:03:32.573  2845  3951 I ActivityManager: Killing 13767:com.android.defcontainer/u0a26 (adj 906): empty #18
12-10 14:03:32.610  3252  3252 D MoreNotificationIcon: implementMoreNotificationIcon(false)
12-10 14:03:32.610  3252  3252 D StatusBar: com.asus.powersaver checkMoreIconColorize: !isPreL: true isGrayscale: true
12-10 14:03:32.610  3252  3252 D StatusBar: android checkMoreIconColorize: !isPreL: true isGrayscale: true
12-10 14:03:32.625  3252  3252 D MoreNotificationIcon: implementMoreNotificationIcon(false)
12-10 14:03:32.625  3252  3252 D StatusBar: com.asus.powersaver checkMoreIconColorize: !isPreL: true isGrayscale: true
12-10 14:03:32.625  3252  3252 D StatusBar: android checkMoreIconColorize: !isPreL: true isGrayscale: true
12-10 14:03:32.666 17418 17418 W Thread-2: type=1400 audit(0.0:19849): avc: denied { read } for name="stat" dev="proc" ino=4026532127 scontext=u:r:untrusted_app_25:s0:c512,c768 tcontext=u:object_r:proc_stat:s0 tclass=file permissive=0
12-10 14:03:33.246 17418 17418 I chatty  : uid=10197(u0_a197) com.YourCompany.SkyVision identical 5 lines
12-10 14:03:33.356 17418 17418 W Thread-2: type=1400 audit(0.0:19855): avc: denied { read } for name="stat" dev="proc" ino=4026532127 scontext=u:r:untrusted_app_25:s0:c512,c768 tcontext=u:object_r:proc_stat:s0 tclass=file permissive=0
12-10 14:03:33.424 25283 25308 I Finsky  : [224] com.google.android.finsky.bo.an.run(6): Stats for Executor: InstallBackgroundThread com.google.android.finsky.bo.ao@a4ec8e3[Running, pool size = 0, active threads = 0, queued tasks = 0, completed tasks = 1]
12-10 14:03:33.425 25283 25308 I Finsky  : [224] com.google.android.finsky.bo.an.run(6): Stats for Executor: InstallBackgroundThread com.google.android.finsky.bo.ao@752e2e0[Running, pool size = 0, active threads = 0, queued tasks = 0, completed tasks = 0]
12-10 14:03:33.426 25283 25308 I Finsky  : [224] com.google.android.finsky.bo.an.run(6): Stats for Executor: VerifyAppsDataStore com.google.android.finsky.bo.ao@8ab0999[Running, pool size = 0, active threads = 0, queued tasks = 0, completed tasks = 14]
12-10 14:03:33.427 25283 25308 I Finsky  : [224] com.google.android.finsky.bo.an.run(6): Stats for Executor: Db-verify_apps.db com.google.android.finsky.bo.ao@315e45e[Running, pool size = 0, active threads = 0, queued tasks = 0, completed tasks = 17]
12-10 14:03:33.428 25283 25308 I Finsky  : [224] com.google.android.finsky.bo.an.run(6): Stats for Executor: Db-scheduler com.google.android.finsky.bo.ao@a9b103f[Running, pool size = 0, active threads = 0, queued tasks = 0, completed tasks = 28]
12-10 14:03:33.429 25283 25308 I Finsky  : [224] com.google.android.finsky.bo.an.run(6): Stats for Executor: Db-scheduler_logging_store.db com.google.android.finsky.bo.ao@2b34d0c[Running, pool size = 0, active threads = 0, queued tasks = 0, completed tasks = 6]
12-10 14:03:33.429 25283 25308 I Finsky  : [224] com.google.android.finsky.bo.an.run(6): Stats for Executor: InstallQueueDatabaseManager com.google.android.finsky.bo.ao@b19a655[Running, pool size = 0, active threads = 0, queued tasks = 0, completed tasks = 5]
12-10 14:03:33.486 17418 17418 W Thread-2: type=1400 audit(0.0:19856): avc: denied { read } for name="stat" dev="proc" ino=4026532127 scontext=u:r:untrusted_app_25:s0:c512,c768 tcontext=u:object_r:proc_stat:s0 tclass=file permissive=0
12-10 14:03:35.798  2479  2479 E TLOC    : [TLOCChannel]"Can't receive message due to timeout"
12-10 14:03:35.798  2479  2479 I TLOC    : [TLOCDaemon ]"timeout passed with no location fix - close the session"
12-10 14:03:35.799  2479  2479 I TLOC    : [ModemComm  ]"Stopped the session successfully"
12-10 14:03:35.799  2479  2592 I TLOC    : [Modem      ]"Received event indication of position report with status USER_END"
12-10 14:03:35.800  2479  2479 D TLOC    : [TLOCDaemon ]"The command finished successfully"
12-10 14:03:35.800  2479  2479 D TLOC    : [TLOCDaemon ]"waiting for command"
12-10 14:03:35.800  2479  2479 D TLOC    : [TLOCChannel] "Going to receive message for TLOCD"
12-10 14:03:35.800  2479  2479 D TLOC    : [TLOCChannel] "wait for message for user TLOCD"
12-10 14:03:41.306 17418 17418 I chatty  : uid=10197(u0_a197) com.YourCompany.SkyVision identical 71 lines
12-10 14:03:41.406 17418 17418 W Thread-2: type=1400 audit(0.0:19928): avc: denied { read } for name="stat" dev="proc" ino=4026532127 scontext=u:r:untrusted_app_25:s0:c512,c768 tcontext=u:object_r:proc_stat:s0 tclass=file permissive=0
12-10 14:03:41.495  3252  3457 D NetworkController.MobileSignalController(2): onDataActivity: direction=3
12-10 14:03:41.497  3590  9696 D PhoneInterfaceManager: isWifiCallingAvailable: sub Id : 2
12-10 14:03:41.498  3252  3457 D NetworkController.MobileSignalController(2): isWifiCallingAvailable=false
12-10 14:03:41.499  3590  9696 D PhoneInterfaceManager: isVolteAvailable: sub Id : 2
12-10 14:03:41.500  3252  3457 D NetworkController.MobileSignalController(2): isVolteAvailable=false
12-10 14:03:41.501  3590  9696 D PhoneInterfaceManager: isVideoTelephonyAvailable: sub Id : 2
12-10 14:03:41.501  3252  3457 D NetworkController.MobileSignalController(2): isVideoTelephonyAvailable=false
12-10 14:03:41.503  3252  3457 D NetworkController.MobileSignalController(2): Change in state from: connected=true,enabled=true,level=4,inetCondition=1,iconGroup=IconGroup(4G),activityIn=false,activityOut=false,rssi=0,lastModified=12-10 02:03:31,dataSim=true,networkName=Vivo,networkNameData=Vivo,dataConnected=true,roaming=false,isDefault=true,isEmergency=false,airplaneMode=false,carrierNetworkChangeMode=false,userSetup=true
12-10 14:03:41.503  3252  3457 D NetworkController.MobileSignalController(2): 	to: connected=true,enabled=true,level=4,inetCondition=1,iconGroup=IconGroup(4G),activityIn=true,activityOut=true,rssi=0,lastModified=12-10 02:03:31,dataSim=true,networkName=Vivo,networkNameData=Vivo,dataConnected=true,roaming=false,isDefault=true,isEmergency=false,airplaneMode=false,carrierNetworkChangeMode=false,userSetup=true
12-10 14:03:41.503  3252  3457 D NetworkController.MobileSignalController(2): SubscriptionInfo.getSimSlotIndex(): 0
12-10 14:03:41.503  3252  3457 D NetworkController: isSimOff(0): false
12-10 14:03:41.503  3252  3457 D NetworkController: hasPrefered: false
12-10 14:03:41.503  3252  3457 D NetworkController.MobileSignalController(2): SubscriptionInfo.getSimSlotIndex(): 0
12-10 14:03:41.503  3252  3457 D NetworkController: isSimOff(0): false
12-10 14:03:41.503  3252  3457 D NetworkController: hasPrefered: false
12-10 14:03:41.503  3252  3457 D NetworkController.MobileSignalController(2): SubscriptionInfo.getSimSlotIndex(): 0
12-10 14:03:41.503  3252  3457 D NetworkController: isSimOff(0): false
12-10 14:03:41.504  3252  3457 D NetworkController: hasPrefered: false
12-10 14:03:41.506 17418 17418 W Thread-2: type=1400 audit(0.0:19929): avc: denied { read } for name="stat" dev="proc" ino=4026532127 scontext=u:r:untrusted_app_25:s0:c512,c768 tcontext=u:object_r:proc_stat:s0 tclass=file permissive=0
12-10 14:03:41.506  3252  3457 D NetworkController.MobileSignalController(2): notifyListeners NetworkCountryIso=br
12-10 14:03:41.512  3252  3252 D MoreNotificationIcon: implementMoreNotificationIcon(false)
12-10 14:03:41.512  3252  3252 D StatusBar: com.asus.powersaver checkMoreIconColorize: !isPreL: true isGrayscale: true
12-10 14:03:41.512  3252  3252 D StatusBar: android checkMoreIconColorize: !isPreL: true isGrayscale: true
12-10 14:03:42.266 17418 17418 I chatty  : uid=10197(u0_a197) com.YourCompany.SkyVision expire 7 lines
12-10 14:03:42.366 17418 17418 W Thread-2: type=1400 audit(0.0:19937): avc: denied { read } for name="stat" dev="proc" ino=4026532127 scontext=u:r:untrusted_app_25:s0:c512,c768 tcontext=u:object_r:proc_stat:s0 tclass=file permissive=0
12-10 14:03:42.486 17418 17418 W Thread-2: type=1400 audit(0.0:19938): avc: denied { read } for name="stat" dev="proc" ino=4026532127 scontext=u:r:untrusted_app_25:s0:c512,c768 tcontext=u:object_r:proc_stat:s0 tclass=file permissive=0
12-10 14:03:42.500  3252  3457 D NetworkController.MobileSignalController(2): onDataActivity: direction=0
12-10 14:03:42.502  3590  9696 D PhoneInterfaceManager: isWifiCallingAvailable: sub Id : 2
12-10 14:03:42.502  3252  3457 D NetworkController.MobileSignalController(2): isWifiCallingAvailable=false
12-10 14:03:42.502  3590  9696 D PhoneInterfaceManager: isVolteAvailable: sub Id : 2
12-10 14:03:42.504  3252  3457 D NetworkController.MobileSignalController(2): isVolteAvailable=false
12-10 14:03:42.505  3590  9696 D PhoneInterfaceManager: isVideoTelephonyAvailable: sub Id : 2
12-10 14:03:42.506  3252  3457 D NetworkController.MobileSignalController(2): isVideoTelephonyAvailable=false
12-10 14:03:42.508  3252  3457 D NetworkController.MobileSignalController(2): Change in state from: connected=true,enabled=true,level=4,inetCondition=1,iconGroup=IconGroup(4G),activityIn=true,activityOut=true,rssi=0,lastModified=12-10 02:03:41,dataSim=true,networkName=Vivo,networkNameData=Vivo,dataConnected=true,roaming=false,isDefault=true,isEmergency=false,airplaneMode=false,carrierNetworkChangeMode=false,userSetup=true
12-10 14:03:42.508  3252  3457 D NetworkController.MobileSignalController(2): 	to: connected=true,enabled=true,level=4,inetCondition=1,iconGroup=IconGroup(4G),activityIn=false,activityOut=false,rssi=0,lastModified=12-10 02:03:41,dataSim=true,networkName=Vivo,networkNameData=Vivo,dataConnected=true,roaming=false,isDefault=true,isEmergency=false,airplaneMode=false,carrierNetworkChangeMode=false,userSetup=true
12-10 14:03:42.508  3252  3457 D NetworkController.MobileSignalController(2): SubscriptionInfo.getSimSlotIndex(): 0
12-10 14:03:42.508  3252  3457 D NetworkController: isSimOff(0): false
12-10 14:03:42.508  3252  3457 D NetworkController: hasPrefered: false
12-10 14:03:42.508  3252  3457 D NetworkController.MobileSignalController(2): SubscriptionInfo.getSimSlotIndex(): 0
12-10 14:03:42.508  3252  3457 D NetworkController: isSimOff(0): false
12-10 14:03:42.508  3252  3457 D NetworkController: hasPrefered: false
12-10 14:03:42.508  3252  3457 D NetworkController.MobileSignalController(2): SubscriptionInfo.getSimSlotIndex(): 0
12-10 14:03:42.508  3252  3457 D NetworkController: isSimOff(0): false
12-10 14:03:42.508  3252  3457 D NetworkController: hasPrefered: false
12-10 14:03:42.509  3252  3457 D NetworkController.MobileSignalController(2): notifyListeners NetworkCountryIso=br
12-10 14:03:42.514  3252  3252 D MoreNotificationIcon: implementMoreNotificationIcon(false)
12-10 14:03:42.515  3252  3252 D StatusBar: com.asus.powersaver checkMoreIconColorize: !isPreL: true isGrayscale: true
12-10 14:03:42.515  3252  3252 D StatusBar: android checkMoreIconColorize: !isPreL: true isGrayscale: true
12-10 14:03:42.586 17418 17418 W Thread-2: type=1400 audit(0.0:19939): avc: denied { read } for name="stat" dev="proc" ino=4026532127 scontext=u:r:untrusted_app_25:s0:c512,c768 tcontext=u:object_r:proc_stat:s0 tclass=file permissive=0
12-10 14:03:46.366 17418 17418 I chatty  : uid=10197(u0_a197) com.YourCompany.SkyVision identical 35 lines
12-10 14:03:46.476 17418 17418 W Thread-2: type=1400 audit(0.0:19975): avc: denied { read } for name="stat" dev="proc" ino=4026532127 scontext=u:r:untrusted_app_25:s0:c512,c768 tcontext=u:object_r:proc_stat:s0 tclass=file permissive=0
12-10 14:03:46.514  3252  3457 D NetworkController.MobileSignalController(2): onDataActivity: direction=3
12-10 14:03:46.515  3590  9696 D PhoneInterfaceManager: isWifiCallingAvailable: sub Id : 2
12-10 14:03:46.516  3252  3457 D NetworkController.MobileSignalController(2): isWifiCallingAvailable=false
12-10 14:03:46.517  3590  9696 D PhoneInterfaceManager: isVolteAvailable: sub Id : 2
12-10 14:03:46.517  3252  3457 D NetworkController.MobileSignalController(2): isVolteAvailable=false
12-10 14:03:46.517  3590  3884 D PhoneInterfaceManager: isVideoTelephonyAvailable: sub Id : 2
