12-10 14:01:13.318  4346 17529 D Launcher: app prediction list:com.whatsapp,com.facebook.katana,com.reddit.frontpage,com.ninegag.android.app,com.android.chrome,com.square_enix.android_googleplay.FFBEWW,com.nianticlabs.pokemongo,com.google.android.gm,com.google.android.googlequicksearchbox,org.telegram.messenger,com.google.android.keep,com.asus.contacts,com.yahoo.mobile.client.android.mail,com.waze,com.asus.deskclock
12-10 14:01:13.324 17418 17449 D UE4     : ***** RequestedContentScaleFactor different 0.800000 != 1.000000, not using res cache
12-10 14:01:13.325 17418 17449 D UE4     : VulkanRHI will NOT be used:
12-10 14:01:13.325 17418 17449 D UE4     :  ** Vulkan support is disabled in config.
12-10 14:01:13.325 17418 17449 D UE4     : OpenGL ES will be used.
12-10 14:01:13.325 17418 17449 D UE4     : FPlatformOpenGLDevice:Init
12-10 14:01:13.325 17418 17449 D UE4     : AndroidEGL::InitSurface 0, 1
12-10 14:01:13.325 17418 17449 D UE4     : [JAVA] - SetDesiredViewSize width=1144 and height=576
12-10 14:01:13.325 17418 17449 D UE4     : AndroidEGL::CreateEGLSurface() Already initialized: 0x6fb366d780
12-10 14:01:13.327  4346  4346 D LauncherLog: AppsCustomizePagedView - syncAppsPageItems page: 0 index: 0 Item: WhatsApp
12-10 14:01:13.329  4346  4346 D LauncherLog: AppsCustomizePagedView - syncAppsPageItems page: 0 index: 1 Item: Facebook
12-10 14:01:13.331  4346  4346 D LauncherLog: AppsCustomizePagedView - syncAppsPageItems page: 0 index: 2 Item: Reddit
12-10 14:01:13.332 17418 17449 D UE4     : LogRHI: Display: Testing for shader compiler compatibility
12-10 14:01:13.332 17418 17449 D UE4     : 
12-10 14:01:13.332 17418 17449 D UE4     : LogRHI: Display: Shaders compile fine no need to enable hacks
12-10 14:01:13.332 17418 17449 D UE4     : 
12-10 14:01:13.332 17418 17449 D UE4     : LogRHI: Display: Testing for round() function availability
12-10 14:01:13.332 17418 17449 D UE4     : 
12-10 14:01:13.332 17418 17449 D UE4     : LogRHI: Warning: Disabling the need for the round() function hack
12-10 14:01:13.332 17418 17449 D UE4     : 
12-10 14:01:13.334  4346  4346 D LauncherLog: AppsCustomizePagedView - syncAppsPageItems page: 0 index: 3 Item: 9GAG
12-10 14:01:13.334   663  1000 D SDM     : DisplayBase::BuildLayerStackStats: LayerStack layer_count: 9, app_layer_count: 8, gpu_target_index: 8, display type: 0
12-10 14:01:13.336  4346  4346 D LauncherLog: AppsCustomizePagedView - syncAppsPageItems page: 0 index: 4 Item: FFEXVIUS
12-10 14:01:13.344  2845  2911 D CompatibilityInfo: mCompatibilityFlags - 0
12-10 14:01:13.344  2845  2911 D CompatibilityInfo: applicationDensity - 480
12-10 14:01:13.344  2845  2911 D CompatibilityInfo: applicationScale - 1.0
12-10 14:01:13.350   663  1000 D SDM     : DisplayBase::BuildLayerStackStats: LayerStack layer_count: 9, app_layer_count: 8, gpu_target_index: 8, display type: 0
12-10 14:01:13.367   663  1000 D SDM     : DisplayBase::BuildLayerStackStats: LayerStack layer_count: 5, app_layer_count: 4, gpu_target_index: 4, display type: 0
12-10 14:01:13.384   663  1000 D SDM     : DisplayBase::BuildLayerStackStats: LayerStack layer_count: 5, app_layer_count: 4, gpu_target_index: 4, display type: 0
12-10 14:01:13.400   663  1000 D SDM     : DisplayBase::BuildLayerStackStats: LayerStack layer_count: 4, app_layer_count: 3, gpu_target_index: 3, display type: 0
12-10 14:01:13.418   663  1000 D SDM     : DisplayBase::BuildLayerStackStats: LayerStack layer_count: 4, app_layer_count: 3, gpu_target_index: 3, display type: 0
12-10 14:01:13.433   663  1000 D SDM     : DisplayBase::BuildLayerStackStats: LayerStack layer_count: 4, app_layer_count: 3, gpu_target_index: 3, display type: 0
12-10 14:01:13.463 17418 17424 I zygote64: Do partial code cache collection, code=23KB, data=29KB
12-10 14:01:13.463 17418 17424 I zygote64: After code cache collection, code=23KB, data=29KB
12-10 14:01:13.463 17418 17424 I zygote64: Increasing code cache capacity to 128KB
12-10 14:01:13.517   663  1000 D SDM     : DisplayBase::BuildLayerStackStats: LayerStack layer_count: 4, app_layer_count: 3, gpu_target_index: 3, display type: 0
12-10 14:01:13.737  2845  2911 D CompatibilityInfo: mCompatibilityFlags - 0
12-10 14:01:13.737  2845  2911 D CompatibilityInfo: applicationDensity - 480
12-10 14:01:13.737  2845  2911 D CompatibilityInfo: applicationScale - 1.0
12-10 14:01:13.740  2845  3951 D CompatibilityInfo: mCompatibilityFlags - 0
12-10 14:01:13.740  2845  3951 D CompatibilityInfo: applicationDensity - 480
12-10 14:01:13.740  2845  3951 D CompatibilityInfo: applicationScale - 1.0
12-10 14:01:13.741  4527  4527 I SearchServiceCore: Event Bus thread is enabled
12-10 14:01:13.752 17418 17449 D UE4     : [2018.12.10-16.01.13:752][  0]LogAndroid: Display: Android Version Make Model Language: 8.0.0 asus ASUS_Z01RD pt_BR
12-10 14:01:13.752  4346  4346 D LauncherAppWidgetHostView: updateAppWidget: [Launcher] = com.android.launcher3.Launcher@9a1df39
12-10 14:01:13.752 17418 17449 D UE4     : [2018.12.10-16.01.13:752][  0]LogAndroid: Case APP_CMD_START
12-10 14:01:13.752 17418 17449 D UE4     : [2018.12.10-16.01.13:752][  0]LogAndroid: Case APP_CMD_RESUME
12-10 14:01:13.752  4346  4346 D LauncherAppWidgetHostView: updateAppWidget: com.google.android.googlequicksearchbox
12-10 14:01:13.752 17418 17449 D UE4     : [2018.12.10-16.01.13:752][  0]LogInit: Display: Running engine for game: SkyVision
12-10 14:01:13.752 17418 17449 D UE4     : [2018.12.10-16.01.13:752][  0]LogInit: Display: RandInit(318263758) SRandInit(318263758).
12-10 14:01:13.752 17418 17449 D UE4     : [2018.12.10-16.01.13:752][  0]LogTaskGraph: Started task graph with 5 named threads and 9 total threads with 1 sets of task threads.
12-10 14:01:13.752 17418 17449 D UE4     : [2018.12.10-16.01.13:752][  0]LogStats: Stats thread started at 0.229371
12-10 14:01:13.752 17418 17449 D UE4     : [2018.12.10-16.01.13:752][  0]LogAndroid: Case APP_CMD_INPUT_CHANGED
12-10 14:01:13.752 17418 17449 D UE4     : [2018.12.10-16.01.13:752][  0]LogAndroid: Case APP_CMD_PAUSE
12-10 14:01:13.752 17418 17449 D UE4     : [2018.12.10-16.01.13:752][  0]LogICUInternationalization: Display: ICU TimeZone Detection - Raw Offset: -3:00, Platform Override: ''
12-10 14:01:13.753 17418 17449 D UE4     : [2018.12.10-16.01.13:753][  0]LogAndroid: Case APP_CMD_INIT_WINDOW
12-10 14:01:13.753 17418 17449 D UE4     : [2018.12.10-16.01.13:753][  0]LogPluginManager: Mounting plugin Paper2D
12-10 14:01:13.753 17418 17449 D UE4     : [2018.12.10-16.01.13:753][  0]LogPluginManager: Mounting plugin LiveLink
12-10 14:01:13.753 17418 17449 D UE4     : [2018.12.10-16.01.13:753][  0]LogPluginManager: Mounting plugin LightPropagationVolume
12-10 14:01:13.753 17418 17449 D UE4     : [2018.12.10-16.01.13:753][  0]LogPluginManager: Mounting plugin CryptoKeys
12-10 14:01:13.753 17418 17449 D UE4     : [2018.12.10-16.01.13:753][  0]LogPluginManager: Mounting plugin FacialAnimation
12-10 14:01:13.753 17418 17449 D UE4     : [2018.12.10-16.01.13:753][  0]LogPluginManager: Mounting plugin DatasmithContent
12-10 14:01:13.753 17418 17449 D UE4     : [2018.12.10-16.01.13:753][  0]LogPluginManager: Mounting plugin CharacterAI
12-10 14:01:13.753 17418 17449 D UE4     : [2018.12.10-16.01.13:753][  0]LogPluginManager: Mounting plugin AndroidMedia
12-10 14:01:13.753 17418 17449 D UE4     : [2018.12.10-16.01.13:753][  0]LogPluginManager: Mounting plugin ImgMedia
12-10 14:01:13.753 17418 17449 D UE4     : [2018.12.10-16.01.13:753][  0]LogPluginManager: Mounting plugin LinearTimecode
12-10 14:01:13.753 17418 17449 D UE4     : [2018.12.10-16.01.13:753][  0]LogPluginManager: Mounting plugin MediaCompositing
12-10 14:01:13.753 17418 17449 D UE4     : [2018.12.10-16.01.13:753][  0]LogPluginManager: Mounting plugin TcpMessaging
12-10 14:01:13.753 17418 17449 D UE4     : [2018.12.10-16.01.13:753][  0]LogPluginManager: Mounting plugin UdpMessaging
12-10 14:01:13.754 17418 17449 D UE4     : [2018.12.10-16.01.13:754][  0]LogPluginManager: Mounting plugin ActorSequence
12-10 14:01:13.754 17418 17449 D UE4     : [2018.12.10-16.01.13:754][  0]LogPluginManager: Mounting plugin OnlineSubsystem
12-10 14:01:13.754 17418 17449 D UE4     : [2018.12.10-16.01.13:754][  0]LogPluginManager: Mounting plugin OnlineSubsystemNull
12-10 14:01:13.754 17418 17449 D UE4     : [2018.12.10-16.01.13:754][  0]LogPluginManager: Mounting plugin OnlineSubsystemUtils
12-10 14:01:13.754 17418 17449 D UE4     : [2018.12.10-16.01.13:754][  0]LogPluginManager: Mounting plugin AndroidDeviceProfileSelector
12-10 14:01:13.754 17418 17449 D UE4     : [2018.12.10-16.01.13:754][  0]LogPluginManager: Mounting plugin AndroidMoviePlayer
12-10 14:01:13.754 17418 17449 D UE4     : [2018.12.10-16.01.13:754][  0]LogPluginManager: Mounting plugin AndroidPermission
12-10 14:01:13.754 17418 17449 D UE4     : [2018.12.10-16.01.13:754][  0]LogPluginManager: Mounting plugin AppleARKit
12-10 14:01:13.754 17418 17449 D UE4     : [2018.12.10-16.01.13:754][  0]LogPluginManager: Mounting plugin ArchVisCharacter
12-10 14:01:13.754 17418 17449 D UE4     : [2018.12.10-16.01.13:754][  0]LogPluginManager: Mounting plugin CableComponent
12-10 14:01:13.754 17418 17449 D UE4     : [2018.12.10-16.01.13:754][  0]LogPluginManager: Mounting plugin CustomMeshComponent
12-10 14:01:13.754 17418 17449 D UE4     : [2018.12.10-16.01.13:754][  0]LogPluginManager: Mounting plugin ExampleDeviceProfileSelector
12-10 14:01:13.754 17418 17449 D UE4     : [2018.12.10-16.01.13:754][  0]LogPluginManager: Mounting plugin GoogleCloudMessaging
12-10 14:01:13.754 17418 17449 D UE4     : [2018.12.10-16.01.13:754][  0]LogPluginManager: Mounting plugin GoogleVRHMD
12-10 14:01:13.754 17418 17449 D UE4     : [2018.12.10-16.01.13:754][  0]LogPluginManager: Mounting plugin ImmediatePhysics
12-10 14:01:13.754 17418 17449 D UE4     : [2018.12.10-16.01.13:754][  0]LogPluginManager: Mounting plugin LocationServicesBPLibrary
12-10 14:01:13.754 17418 17449 D UE4     : [2018.12.10-16.01.13:754][  0]LogPluginManager: Mounting plugin MobilePatchingUtils
12-10 14:01:13.754 17418 17449 D UE4     : [2018.12.10-16.01.13:754][  0]LogPluginManager: Mounting plugin OculusVR
12-10 14:01:13.755 17418 17449 D UE4     : [2018.12.10-16.01.13:754][  0]LogPluginManager: Mounting plugin PhysXVehicles
12-10 14:01:13.755 17418 17449 D UE4     : [2018.12.10-16.01.13:755][  0]LogPluginManager: Mounting plugin ProceduralMeshComponent
12-10 14:01:13.755 17418 17449 D UE4     : [2018.12.10-16.01.13:755][  0]LogPluginManager: Mounting plugin RuntimePhysXCooking
12-10 14:01:13.755 17418 17449 D UE4     : [2018.12.10-16.01.13:755][  0]LogPluginManager: Mounting plugin SteamVR
12-10 14:01:13.755 17418 17449 D UE4     : [2018.12.10-16.01.13:755][  0]LogStreaming: Display: Took  0.022s to configure plugins.
12-10 14:01:13.755 17418 17449 D UE4     : [2018.12.10-16.01.13:755][  0]LogAndroid: Case APP_CMD_GAINED_FOCUS
12-10 14:01:13.755 17418 17449 D UE4     : [2018.12.10-16.01.13:755][  0]LogInit: Using libcurl 7.46.0
12-10 14:01:13.755 17418 17449 D UE4     : [2018.12.10-16.01.13:755][  0]LogInit:  - built for arm-unknown-linux-androideabi
12-10 14:01:13.755 17418 17449 D UE4     : [2018.12.10-16.01.13:755][  0]LogInit:  - supports SSL with OpenSSL/1.0.1s
12-10 14:01:13.755 17418 17449 D UE4     : [2018.12.10-16.01.13:755][  0]LogInit:  - supports HTTP deflate (compression) using libz 1.2.8
12-10 14:01:13.755 17418 17449 D UE4     : [2018.12.10-16.01.13:755][  0]LogInit:  - other features:
12-10 14:01:13.755 17418 17449 D UE4     : [2018.12.10-16.01.13:755][  0]LogInit:      CURL_VERSION_SSL
12-10 14:01:13.755 17418 17449 D UE4     : [2018.12.10-16.01.13:755][  0]LogInit:      CURL_VERSION_LIBZ
12-10 14:01:13.756 17418 17449 D UE4     : [2018.12.10-16.01.13:756][  0]LogInit:      CURL_VERSION_IPV6
12-10 14:01:13.756 17418 17449 D UE4     : [2018.12.10-16.01.13:756][  0]LogInit:      CURL_VERSION_ASYNCHDNS
12-10 14:01:13.756 17418 17449 D UE4     : [2018.12.10-16.01.13:756][  0]LogInit:      CURL_VERSION_TLSAUTH_SRP
12-10 14:01:13.756 17418 17449 D UE4     : [2018.12.10-16.01.13:756][  0]LogInit:  Libcurl: using existing PEM file: '/storage/emulated/0/Android/data/com.YourCompany.SkyVision/files/ca-bundle.pem'
12-10 14:01:13.756 17418 17449 D UE4     : [2018.12.10-16.01.13:756][  0]LogInit:  CurlRequestOptions (configurable via config and command line):
12-10 14:01:13.756 17418 17449 D UE4     : [2018.12.10-16.01.13:756][  0]LogInit:  - bVerifyPeer = true  - Libcurl will verify peer certificate
12-10 14:01:13.756 17418 17449 D UE4     : [2018.12.10-16.01.13:756][  0]LogInit:  - bUseHttpProxy = false  - Libcurl will NOT use HTTP proxy
12-10 14:01:13.756 17418 17449 D UE4     : [2018.12.10-16.01.13:756][  0]LogInit:  - bDontReuseConnections = false  - Libcurl will reuse connections
12-10 14:01:13.756 17418 17449 D UE4     : [2018.12.10-16.01.13:756][  0]LogInit:  - CertBundlePath = /storage/emulated/0/Android/data/com.YourCompany.SkyVision/files/ca-bundle.pem  - Libcurl will set CURLOPT_CAINFO to it
12-10 14:01:13.756 17418 17449 D UE4     : [2018.12.10-16.01.13:756][  0]LogInit:  - MaxHostConnections = 16  - Libcurl will limit the number of connections to a host
12-10 14:01:13.756 17418 17449 D UE4     : [2018.12.10-16.01.13:756][  0]LogInit:  - LocalHostAddr = Default
12-10 14:01:13.756 17418 17449 D UE4     : [2018.12.10-16.01.13:756][  0]LogOnline: Display: OnlineSubsystemGooglePlayModule::StartupModule()
12-10 14:01:13.756 17418 17449 D UE4     : [2018.12.10-16.01.13:756][  0]LogOnline: Warning: FOnlineSubsystemGooglePlayModule was disabled
12-10 14:01:13.756 17418 17449 D UE4     : [2018.12.10-16.01.13:756][  0]LogOnline: Warning: FOnlineSubsystemGooglePlayModule was disabled
12-10 14:01:13.756 17418 17449 D UE4     : [2018.12.10-16.01.13:756][  0]LogInit: Build: ++UE4+Release-4.19-CL-4033788
12-10 14:01:13.757 17418 17449 D UE4     : [2018.12.10-16.01.13:757][  0]LogInit: Engine Version: 4.19.2-4033788+++UE4+Release-4.19
12-10 14:01:13.757 17418 17449 D UE4     : [2018.12.10-16.01.13:757][  0]LogInit: Compatible Engine Version: 4.19.0-3944462+++UE4+Release-4.19
12-10 14:01:13.757 17418 17449 D UE4     : [2018.12.10-16.01.13:757][  0]LogInit: Net CL: 3944462
12-10 14:01:13.757 17418 17449 D UE4     : [2018.12.10-16.01.13:757][  0]LogDevObjectVersion: Number of dev versions registered: 18
12-10 14:01:13.757 17418 17449 D UE4     : [2018.12.10-16.01.13:757][  0]LogDevObjectVersion:   Dev-Blueprints (B0D832E4-1F89-4F0D-ACCF-7EB736FD4AA2): 10
12-10 14:01:13.757 17418 17449 D UE4     : [2018.12.10-16.01.13:757][  0]LogDevObjectVersion:   Dev-Build (E1C64328-A22C-4D53-A36C-8E866417BD8C): 0
12-10 14:01:13.757 17418 17449 D UE4     : [2018.12.10-16.01.13:757][  0]LogDevObjectVersion:   Dev-Core (375EC13C-06E4-48FB-B500-84F0262A717E): 2
12-10 14:01:13.757 17418 17449 D UE4     : [2018.12.10-16.01.13:757][  0]LogDevObjectVersion:   Dev-Editor (E4B068ED-F494-42E9-A231-DA0B2E46BB41): 23
12-10 14:01:13.757 17418 17449 D UE4     : [2018.12.10-16.01.13:757][  0]LogDevObjectVersion:   Dev-Framework (CFFC743F-43B0-4480-9391-14DF171D2073): 33
12-10 14:01:13.757 17418 17449 D UE4     : [2018.12.10-16.01.13:757][  0]LogDevObjectVersion:   Dev-Mobile (B02B49B5-BB20-44E9-A304-32B752E40360): 2
12-10 14:01:13.757 17418 17449 D UE4     : [2018.12.10-16.01.13:757][  0]LogDevObjectVersion:   Dev-Networking (A4E4105C-59A1-49B5-A7C5-40C4547EDFEE): 0
12-10 14:01:13.757 17418 17449 D UE4     : [2018.12.10-16.01.13:757][  0]LogDevObjectVersion:   Dev-Online (39C831C9-5AE6-47DC-9A44-9C173E1C8E7C): 0
12-10 14:01:13.757 17418 17449 D UE4     : [2018.12.10-16.01.13:757][  0]LogDevObjectVersion:   Dev-Physics (78F01B33-EBEA-4F98-B9B4-84EACCB95AA2): 0
12-10 14:01:13.757 17418 17449 D UE4     : [2018.12.10-16.01.13:757][  0]LogDevObjectVersion:   Dev-Platform (6631380F-2D4D-43E0-8009-CF276956A95A): 0
12-10 14:01:13.757 17418 17449 D UE4     : [2018.12.10-16.01.13:757][  0]LogDevObjectVersion:   Dev-Rendering (12F88B9F-8875-4AFC-A67C-D90C383ABD29): 25
12-10 14:01:13.757 17418 17449 D UE4     : [2018.12.10-16.01.13:757][  0]LogDevObjectVersion:   Dev-Sequencer (7B5AE74C-D270-4C10-A958-57980B212A5A): 6
12-10 14:01:13.757 17418 17449 D UE4     : [2018.12.10-16.01.13:757][  0]LogDevObjectVersion:   Dev-VR (D7296918-1DD6-4BDD-9DE2-64A83CC13884): 1
12-10 14:01:13.757 17418 17449 D UE4     : [2018.12.10-16.01.13:757][  0]LogDevObjectVersion:   Dev-LoadTimes (C2A15278-BFE7-4AFE-6C17-90FF531DF755): 1
12-10 14:01:13.757 17418 17449 D UE4     : [2018.12.10-16.01.13:757][  0]LogDevObjectVersion:   Private-Geometry (6EACA3D4-40EC-4CC1-B786-8BED09428FC5): 2
12-10 14:01:13.757 17418 17449 D UE4     : [2018.12.10-16.01.13:757][  0]LogDevObjectVersion:   Dev-AnimPhys (29E575DD-E0A3-4627-9D10-D276232CDCEA): 16
12-10 14:01:13.757 17418 17449 D UE4     : [2018.12.10-16.01.13:757][  0]LogDevObjectVersion:   Dev-ReflectionCapture (6B266CEC-1EC7-4B8F-A30B-E4D90942FC07): 1
12-10 14:01:13.757 17418 17449 D UE4     : [2018.12.10-16.01.13:757][  0]LogDevObjectVersion:   Dev-Automation (0DF73D61-A23F-47EA-B727-89E90C41499A): 1
12-10 14:01:13.757 17418 17449 D UE4     : [2018.12.10-16.01.13:757][  0]LogInit: Compiled (64-bit): Apr 27 2018 02:36:19
12-10 14:01:13.757 17418 17449 D UE4     : [2018.12.10-16.01.13:757][  0]LogInit: Compiled with Clang: 3.8.256229 
12-10 14:01:13.757 17418 17449 D UE4     : [2018.12.10-16.01.13:757][  0]LogInit: Build Configuration: Development
12-10 14:01:13.757 17418 17449 D UE4     : [2018.12.10-16.01.13:757][  0]LogInit: Branch Name: ++UE4+Release-4.19
12-10 14:01:13.757 17418 17449 D UE4     : [2018.12.10-16.01.13:757][  0]LogInit: Command Line:   /Game/NivelCeu -Messaging -SessionId=EA20D3F949FD427129A3788D6794333F -SessionOwner="giovcavalc" -SessionName="Launch On Device" -iterative
12-10 14:01:13.757 17418 17449 D UE4     : [2018.12.10-16.01.13:757][  0]LogInit: Base Directory: 
12-10 14:01:13.757 17418 17449 D UE4     : [2018.12.10-16.01.13:757][  0]LogInit: Installed Engine Build: 0
12-10 14:01:13.757 17418 17449 D UE4     : [2018.12.10-16.01.13:757][  0]LogAndroid: Case APP_CMD_RESUME
12-10 14:01:13.758 17418 17449 D UE4     : [2018.12.10-16.01.13:758][  0]LogStreaming: Display: Took  0.001s to delete old logs.
12-10 14:01:13.758 17418 17449 D UE4     : [2018.12.10-16.01.13:758][  0]LogInit: Presizing for max 2097152 objects, including 0 objects not considered by GC, pre-allocating 0 bytes for permanent pool.
12-10 14:01:13.758 17418 17449 D UE4     : [2018.12.10-16.01.13:758][  0]LogStreaming: Display: Async Loading initialized: Event Driven Loader: true, Async Loading Thread: false
12-10 14:01:13.758 17418 17449 D UE4     : [2018.12.10-16.01.13:758][  0]LogInit: Object subsystem initialized
12-10 14:01:13.758 17418 17449 D UE4     : [2018.12.10-16.01.13:758][  0]LogAndroid: Mobile HDR: no
12-10 14:01:13.758 17418 17449 D UE4     : [2018.12.10-16.01.13:758][  0]LogAndroid: Setting Width=1432 and Height=720 (requested scale = 1.000000)
12-10 14:01:13.758 17418 17449 D UE4     : [2018.12.10-16.01.13:758][  0]LogAndroid: Checking 26 rules from DeviceProfile ini file.
12-10 14:01:13.758 17418 17449 D UE4     : [2018.12.10-16.01.13:758][  0]LogAndroid:   Default profile: Android_Default
12-10 14:01:13.758 17418 17449 D UE4     : [2018.12.10-16.01.13:758][  0]LogAndroid:   GpuFamily: Adreno (TM) 630
12-10 14:01:13.758 17418 17449 D UE4     : [2018.12.10-16.01.13:758][  0]LogAndroid:   GlVersion: OpenGL ES 3.2 V@283.0 (GIT@ce0e6b5, I93f55e53d1) (Date:08/09/18)
12-10 14:01:13.758 17418 17449 D UE4     : [2018.12.10-16.01.13:758][  0]LogAndroid:   VulkanVersion: 1.0.61
12-10 14:01:13.758 17418 17449 D UE4     : [2018.12.10-16.01.13:758][  0]LogAndroid:   AndroidVersion: 8.0.0
12-10 14:01:13.758 17418 17449 D UE4     : [2018.12.10-16.01.13:758][  0]LogAndroid:   DeviceMake: asus
12-10 14:01:13.758 17418 17449 D UE4     : [2018.12.10-16.01.13:758][  0]LogAndroid:   DeviceModel: ASUS_Z01RD
12-10 14:01:13.758 17418 17449 D UE4     : [2018.12.10-16.01.13:758][  0]LogAndroid:   UsingHoudini: false
12-10 14:01:13.758 17418 17449 D UE4     : [2018.12.10-16.01.13:758][  0]LogAndroid: Selected Device Profile: [Android_Mid]
12-10 14:01:13.758 17418 17449 D UE4     : [2018.12.10-16.01.13:758][  0]LogInit: Applying CVar settings loaded from the selected device profile: [Android_Mid]
12-10 14:01:13.758 17418 17449 D UE4     : [2018.12.10-16.01.13:758][  0]LogInit: Setting Device Profile CVar: [[r.BloomQuality:1]]
12-10 14:01:13.758 17418 17449 D UE4     : [2018.12.10-16.01.13:758][  0]LogInit: Setting Device Profile CVar: [[r.MobileContentScaleFactor:0.8]]
12-10 14:01:13.758 17418 17449 D UE4     : [2018.12.10-16.01.13:758][  0]LogInit: Setting Device Profile CVar: [[r.DepthOfFieldQuality:0]]
12-10 14:01:13.758 17418 17449 D UE4     : [2018.12.10-16.01.13:758][  0]LogInit: Setting Device Profile CVar: [[r.LightShaftQuality:0]]
12-10 14:01:13.758 17418 17449 D UE4     : [2018.12.10-16.01.13:758][  0]LogInit: Setting Device Profile CVar: [[r.RefractionQuality:0]]
12-10 14:01:13.758 17418 17449 D UE4     : [2018.12.10-16.01.13:758][  0]LogInit: Setting Device Profile CVar: [[r.ShadowQuality:2]]
12-10 14:01:13.758 17418 17449 D UE4     : [2018.12.10-16.01.13:758][  0]LogInit: Setting Device Profile CVar: [[slate.AbsoluteIndices:1]]
12-10 14:01:13.758 17418 17449 D UE4     : [2018.12.10-16.01.13:758][  0]LogInit: Memory total: Physical=5682.60MB (6GB approx) Available=2130.08MB PageSize=4.0KB
12-10 14:01:13.758 17418 17449 D UE4     : [2018.12.10-16.01.13:758][  0]LogInit: Using OS detected language (pt-BR).
12-10 14:01:13.758 17418 17449 D UE4     : [2018.12.10-16.01.13:758][  0]LogInit: Using OS detected locale (pt-BR).
12-10 14:01:13.758 17418 17449 D UE4     : [2018.12.10-16.01.13:758][  0]LogTextLocalizationManager: No localization for 'pt-BR' exists, so 'en' will be used for the language.
12-10 14:01:13.758 17418 17449 D UE4     : [2018.12.10-16.01.13:758][  0]LogTextLocalizationManager: No localization for 'pt-BR' exists, so 'en' will be used for the locale.
12-10 14:01:13.758 17418 17449 D UE4     : [2018.12.10-16.01.13:758][  0]LogStreaming: Display: Took  0.057s to EndInitTextLocalization.
12-10 14:01:13.758 17418 17449 D UE4     : [2018.12.10-16.01.13:758][  0]LogAndroid: Mobile HDR: no
12-10 14:01:13.758 17418 17449 D UE4     : [2018.12.10-16.01.13:758][  0]LogAndroid: Setting Width=1144 and Height=576 (requested scale = 0.800000)
12-10 14:01:13.758 17418 17449 D UE4     : [2018.12.10-16.01.13:758][  0]LogSlate: New Slate User Created.  User Index 0, Is Virtual User: 0
12-10 14:01:13.758 17418 17449 D UE4     : [2018.12.10-16.01.13:758][  0]LogSlate: Slate User Registered.  User Index 0, Is Virtual User: 0
12-10 14:01:13.758 17418 17449 D UE4     : [2018.12.10-16.01.13:758][  0]LogRHI: Initializing OpenGL RHI
12-10 14:01:13.758 17418 17449 D UE4     : [2018.12.10-16.01.13:758][  0]LogRHI:   GL_VENDOR: Qualcomm
12-10 14:01:13.758 17418 17449 D UE4     : [2018.12.10-16.01.13:758][  0]LogRHI:   GL_RENDERER: Adreno (TM) 630
12-10 14:01:13.758 17418 17449 D UE4     : [2018.12.10-16.01.13:758][  0]LogRHI:   GL_VERSION: OpenGL ES 3.2 V@283.0 (GIT@ce0e6b5, I93f55e53d1) (Date:08/09/18)
12-10 14:01:13.758 17418 17449 D UE4     : [2018.12.10-16.01.13:758][  0]LogRHI:   GL_SHADING_LANGUAGE_VERSION: OpenGL ES GLSL ES 3.20
12-10 14:01:13.759 17418 17449 D UE4     : [2018.12.10-16.01.13:758][  0]LogRHI: OpenGL Extensions:
12-10 14:01:13.759 17418 17449 D UE4     : [2018.12.10-16.01.13:759][  0]LogRHI:   GL_OES_EGL_image
12-10 14:01:13.759 17418 17449 D UE4     : [2018.12.10-16.01.13:759][  0]LogRHI:   GL_OES_EGL_image_external
12-10 14:01:13.759 17418 17449 D UE4     : [2018.12.10-16.01.13:759][  0]LogRHI:   GL_OES_EGL_sync
12-10 14:01:13.759 17418 17449 D UE4     : [2018.12.10-16.01.13:759][  0]LogRHI:   GL_OES_vertex_half_float
12-10 14:01:13.759 17418 17449 D UE4     : [2018.12.10-16.01.13:759][  0]LogRHI:   GL_OES_framebuffer_object
12-10 14:01:13.759 17418 17449 D UE4     : [2018.12.10-16.01.13:759][  0]LogRHI:   GL_OES_rgb8_rgba8
12-10 14:01:13.759 17418 17449 D UE4     : [2018.12.10-16.01.13:759][  0]LogRHI:   GL_OES_compressed_ETC1_RGB8_texture
12-10 14:01:13.759 17418 17449 D UE4     : [2018.12.10-16.01.13:759][  0]LogRHI:   GL_AMD_compressed_ATC_texture
12-10 14:01:13.759 17418 17449 D UE4     : [2018.12.10-16.01.13:759][  0]LogRHI:   GL_KHR_texture_compression_astc_ldr
12-10 14:01:13.759 17418 17449 D UE4     : [2018.12.10-16.01.13:759][  0]LogRHI:   GL_KHR_texture_compression_astc_hdr
12-10 14:01:13.759 17418 17449 D UE4     : [2018.12.10-16.01.13:759][  0]LogRHI:   GL_OES_texture_compression_astc
12-10 14:01:13.759 17418 17449 D UE4     : [2018.12.10-16.01.13:759][  0]LogRHI:   GL_OES_texture_npot
12-10 14:01:13.759 17418 17449 D UE4     : [2018.12.10-16.01.13:759][  0]LogRHI:   GL_EXT_texture_filter_anisotropic
12-10 14:01:13.759 17418 17449 D UE4     : [2018.12.10-16.01.13:759][  0]LogRHI:   GL_EXT_texture_format_BGRA8888
12-10 14:01:13.759 17418 17449 D UE4     : [2018.12.10-16.01.13:759][  0]LogRHI:   GL_OES_texture_3D
12-10 14:01:13.759 17418 17449 D UE4     : [2018.12.10-16.01.13:759][  0]LogRHI:   GL_EXT_color_buffer_float
12-10 14:01:13.759 17418 17449 D UE4     : [2018.12.10-16.01.13:759][  0]LogRHI:   GL_EXT_color_buffer_half_float
12-10 14:01:13.759 17418 17449 D UE4     : [2018.12.10-16.01.13:759][  0]LogRHI:   GL_QCOM_alpha_test
12-10 14:01:13.759 17418 17449 D UE4     : [2018.12.10-16.01.13:759][  0]LogRHI:   GL_OES_depth24
12-10 14:01:13.759 17418 17449 D UE4     : [2018.12.10-16.01.13:759][  0]LogRHI:   GL_OES_packed_depth_stencil
12-10 14:01:13.759 17418 17449 D UE4     : [2018.12.10-16.01.13:759][  0]LogRHI:   GL_OES_depth_texture
12-10 14:01:13.759 17418 17449 D UE4     : [2018.12.10-16.01.13:759][  0]LogRHI:   GL_OES_depth_texture_cube_map
12-10 14:01:13.759 17418 17449 D UE4     : [2018.12.10-16.01.13:759][  0]LogRHI:   GL_EXT_sRGB
12-10 14:01:13.759 17418 17449 D UE4     : [2018.12.10-16.01.13:759][  0]LogRHI:   GL_OES_texture_float
12-10 14:01:13.759 17418 17449 D UE4     : [2018.12.10-16.01.13:759][  0]LogRHI:   GL_OES_texture_float_linear
12-10 14:01:13.759 17418 17449 D UE4     : [2018.12.10-16.01.13:759][  0]LogRHI:   GL_OES_texture_half_float
12-10 14:01:13.759 17418 17449 D UE4     : [2018.12.10-16.01.13:759][  0]LogRHI:   GL_OES_texture_half_float_linear
12-10 14:01:13.759 17418 17449 D UE4     : [2018.12.10-16.01.13:759][  0]LogRHI:   GL_EXT_texture_type_2_10_10_10_REV
12-10 14:01:13.759 17418 17449 D UE4     : [2018.12.10-16.01.13:759][  0]LogRHI:   GL_EXT_texture_sRGB_decode
12-10 14:01:13.759 17418 17449 D UE4     : [2018.12.10-16.01.13:759][  0]LogRHI:   GL_OES_element_index_uint
12-10 14:01:13.759 17418 17449 D UE4     : [2018.12.10-16.01.13:759][  0]LogRHI:   GL_EXT_copy_image
12-10 14:01:13.759 17418 17449 D UE4     : [2018.12.10-16.01.13:759][  0]LogRHI:   GL_EXT_geometry_shader
12-10 14:01:13.759 17418 17449 D UE4     : [2018.12.10-16.01.13:759][  0]LogRHI:   GL_EXT_tessellation_shader
12-10 14:01:13.759 17418 17449 D UE4     : [2018.12.10-16.01.13:759][  0]LogRHI:   GL_OES_texture_stencil8
12-10 14:01:13.759 17418 17449 D UE4     : [2018.12.10-16.01.13:759][  0]LogRHI:   GL_EXT_shader_io_blocks
12-10 14:01:13.759 17418 17449 D UE4     : [2018.12.10-16.01.13:759][  0]LogRHI:   GL_OES_shader_image_atomic
12-10 14:01:13.759 17418 17449 D UE4     : [2018.12.10-16.01.13:759][  0]LogRHI:   GL_OES_sample_variables
12-10 14:01:13.759 17418 17449 D UE4     : [2018.12.10-16.01.13:759][  0]LogRHI:   GL_EXT_texture_border_clamp
12-10 14:01:13.759 17418 17449 D UE4     : [2018.12.10-16.01.13:759][  0]LogRHI:   GL_EXT_multisampled_render_to_texture
12-10 14:01:13.759 17418 17449 D UE4     : [2018.12.10-16.01.13:759][  0]LogRHI:   GL_EXT_multisampled_render_to_texture2
12-10 14:01:13.759 17418 17449 D UE4     : [2018.12.10-16.01.13:759][  0]LogRHI:   GL_OES_shader_multisample_interpolation
12-10 14:01:13.760 17418 17449 D UE4     : [2018.12.10-16.01.13:759][  0]LogRHI:   GL_EXT_texture_cube_map_array
12-10 14:01:13.760 17418 17449 D UE4     : [2018.12.10-16.01.13:760][  0]LogRHI:   GL_EXT_draw_buffers_indexed
12-10 14:01:13.760 17418 17449 D UE4     : [2018.12.10-16.01.13:760][  0]LogRHI:   GL_EXT_gpu_shader5
12-10 14:01:13.760 17418 17449 D UE4     : [2018.12.10-16.01.13:760][  0]LogRHI:   GL_EXT_robustness
12-10 14:01:13.760 17418 17449 D UE4     : [2018.12.10-16.01.13:760][  0]LogRHI:   GL_EXT_texture_buffer
12-10 14:01:13.760 17418 17449 D UE4     : [2018.12.10-16.01.13:760][  0]LogRHI:   GL_EXT_shader_framebuffer_fetch
12-10 14:01:13.760 17418 17449 D UE4     : [2018.12.10-16.01.13:760][  0]LogRHI:   GL_ARM_shader_framebuffer_fetch_depth_stencil
12-10 14:01:13.760 17418 17449 D UE4     : [2018.12.10-16.01.13:760][  0]LogRHI:   GL_OES_texture_storage_multisample_2d_array
12-10 14:01:13.760 17418 17449 D UE4     : [2018.12.10-16.01.13:760][  0]LogRHI:   GL_OES_sample_shading
12-10 14:01:13.760 17418 17449 D UE4     : [2018.12.10-16.01.13:760][  0]LogRHI:   GL_OES_get_program_binary
12-10 14:01:13.760 17418 17449 D UE4     : [2018.12.10-16.01.13:760][  0]LogRHI:   GL_EXT_debug_label
12-10 14:01:13.760 17418 17449 D UE4     : [2018.12.10-16.01.13:760][  0]LogRHI:   GL_KHR_blend_equation_advanced
12-10 14:01:13.760 17418 17449 D UE4     : [2018.12.10-16.01.13:760][  0]LogRHI:   GL_KHR_blend_equation_advanced_coherent
12-10 14:01:13.760 17418 17449 D UE4     : [2018.12.10-16.01.13:760][  0]LogRHI:   GL_QCOM_tiled_rendering
12-10 14:01:13.760 17418 17449 D UE4     : [2018.12.10-16.01.13:760][  0]LogRHI:   GL_ANDROID_extension_pack_es31a
12-10 14:01:13.760 17418 17449 D UE4     : [2018.12.10-16.01.13:760][  0]LogRHI:   GL_EXT_primitive_bounding_box
12-10 14:01:13.760 17418 17449 D UE4     : [2018.12.10-16.01.13:760][  0]LogRHI:   GL_OES_standard_derivatives
12-10 14:01:13.760 17418 17449 D UE4     : [2018.12.10-16.01.13:760][  0]LogRHI:   GL_OES_vertex_array_object
12-10 14:01:13.760 17418 17449 D UE4     : [2018.12.10-16.01.13:760][  0]LogRHI:   GL_EXT_disjoint_timer_query
12-10 14:01:13.760 17418 17449 D UE4     : [2018.12.10-16.01.13:760][  0]LogRHI:   GL_KHR_debug
12-10 14:01:13.760 17418 17449 D UE4     : [2018.12.10-16.01.13:760][  0]LogRHI:   GL_EXT_YUV_target
12-10 14:01:13.760 17418 17449 D UE4     : [2018.12.10-16.01.13:760][  0]LogRHI:   GL_EXT_sRGB_write_control
12-10 14:01:13.760 17418 17449 D UE4     : [2018.12.10-16.01.13:760][  0]LogRHI:   GL_EXT_texture_norm16
12-10 14:01:13.760 17418 17449 D UE4     : [2018.12.10-16.01.13:760][  0]LogRHI:   GL_EXT_discard_framebuffer
12-10 14:01:13.760 17418 17449 D UE4     : [2018.12.10-16.01.13:760][  0]LogRHI:   GL_OES_surfaceless_context
12-10 14:01:13.760 17418 17449 D UE4     : [2018.12.10-16.01.13:760][  0]LogRHI:   GL_OVR_multiview
12-10 14:01:13.760 17418 17449 D UE4     : [2018.12.10-16.01.13:760][  0]LogRHI:   GL_OVR_multiview2
12-10 14:01:13.760 17418 17449 D UE4     : [2018.12.10-16.01.13:760][  0]LogRHI:   GL_EXT_texture_sRGB_R8
12-10 14:01:13.760 17418 17449 D UE4     : [2018.12.10-16.01.13:760][  0]LogRHI:   GL_KHR_no_error
12-10 14:01:13.760 17418 17449 D UE4     : [2018.12.10-16.01.13:760][  0]LogRHI:   GL_EXT_debug_marker
12-10 14:01:13.760 17418 17449 D UE4     : [2018.12.10-16.01.13:760][  0]LogRHI:   GL_OES_EGL_image_external_essl3
12-10 14:01:13.760 17418 17449 D UE4     : [2018.12.10-16.01.13:760][  0]LogRHI:   GL_OVR_multiview_multisampled_render_to_texture
12-10 14:01:13.760 17418 17449 D UE4     : [2018.12.10-16.01.13:760][  0]LogRHI:   GL_EXT_buffer_storage
12-10 14:01:13.760 17418 17449 D UE4     : [2018.12.10-16.01.13:760][  0]LogRHI:   GL_EXT_external_buffer
12-10 14:01:13.760 17418 17449 D UE4     : [2018.12.10-16.01.13:760][  0]LogRHI:   GL_EXT_blit_framebuffer_params
12-10 14:01:13.760 17418 17449 D UE4     : [2018.12.10-16.01.13:760][  0]LogRHI:   GL_EXT_clip_cull_distance
12-10 14:01:13.760 17418 17449 D UE4     : [2018.12.10-16.01.13:760][  0]LogRHI:   GL_EXT_protected_textures
12-10 14:01:13.761 17418 17449 D UE4     : [2018.12.10-16.01.13:761][  0]LogRHI:   GL_EXT_shader_non_constant_global_initializers
12-10 14:01:13.761 17418 17449 D UE4     : [2018.12.10-16.01.13:761][  0]LogRHI:   GL_QCOM_texture_foveated
12-10 14:01:13.761 17418 17449 D UE4     : [2018.12.10-16.01.13:761][  0]LogRHI:   GL_QCOM_shader_framebuffer_fetch_noncoherent
12-10 14:01:13.761 17418 17449 D UE4     : [2018.12.10-16.01.13:761][  0]LogRHI:   GL_EXT_memory_object
12-10 14:01:13.761 17418 17449 D UE4     : [2018.12.10-16.01.13:761][  0]LogRHI:   GL_EXT_memory_object_fd
12-10 14:01:13.761 17418 17449 D UE4     : [2018.12.10-16.01.13:761][  0]LogRHI:   GL_EXT_EGL_image_array
12-10 14:01:13.761 17418 17449 D UE4     : [2018.12.10-16.01.13:761][  0]LogRHI:   GL_NV_shader_noperspective_interpolation
12-10 14:01:13.761 17418 17449 D UE4     : [2018.12.10-16.01.13:761][  0]LogRHI:   GL_MAX_VERTEX_ATTRIBS: 32
12-10 14:01:13.761 17418 17449 D UE4     : [2018.12.10-16.01.13:761][  0]LogRHI:   GL_MAX_VARYING_VECTORS: 31
12-10 14:01:13.761 17418 17449 D UE4     : [2018.12.10-16.01.13:761][  0]LogRHI:   GL_MAX_VERTEX_UNIFORM_VECTORS: 256
12-10 14:01:13.761 17418 17449 D UE4     : [2018.12.10-16.01.13:761][  0]LogRHI:   GL_MAX_FRAGMENT_UNIFORM_VECTORS: 256
12-10 14:01:13.761 17418 17449 D UE4     : [2018.12.10-16.01.13:761][  0]LogRHI: Fragment shader lowp precision: 10
12-10 14:01:13.761 17418 17449 D UE4     : [2018.12.10-16.01.13:761][  0]LogRHI: Fragment shader mediump precision: 10
12-10 14:01:13.761 17418 17449 D UE4     : [2018.12.10-16.01.13:761][  0]LogRHI: Fragment shader highp precision: 23
12-10 14:01:13.761 17418 17449 D UE4     : [2018.12.10-16.01.13:761][  0]LogRHI: Support for 4x MSAA detected
12-10 14:01:13.761 17418 17449 D UE4     : [2018.12.10-16.01.13:761][  0]LogRHI: Image external enabled: ImageExternalESSL300
12-10 14:01:13.761 17418 17449 D UE4     : [2018.12.10-16.01.13:761][  0]LogRHI: Device supports mobile multi-view.
12-10 14:01:13.761 17418 17449 D UE4     : [2018.12.10-16.01.13:761][  0]LogRHI:   GL_MAX_TEXTURE_SIZE: 16384
12-10 14:01:13.761 17418 17449 D UE4     : [2018.12.10-16.01.13:761][  0]LogRHI:   GL_MAX_CUBE_MAP_TEXTURE_SIZE: 16384
12-10 14:01:13.761 17418 17449 D UE4     : [2018.12.10-16.01.13:761][  0]LogRHI:   GL_MAX_ARRAY_TEXTURE_LAYERS: 2048
12-10 14:01:13.761 17418 17449 D UE4     : [2018.12.10-16.01.13:761][  0]LogRHI:   GL_MAX_RENDERBUFFER_SIZE: 16384
12-10 14:01:13.761 17418 17449 D UE4     : [2018.12.10-16.01.13:761][  0]LogRHI:   GL_MAX_TEXTURE_IMAGE_UNITS: 16
12-10 14:01:13.761 17418 17449 D UE4     : [2018.12.10-16.01.13:761][  0]LogRHI:   GL_MAX_DRAW_BUFFERS: 8
12-10 14:01:13.761 17418 17449 D UE4     : [2018.12.10-16.01.13:761][  0]LogRHI:   GL_MAX_COLOR_ATTACHMENTS: 1
12-10 14:01:13.761 17418 17449 D UE4     : [2018.12.10-16.01.13:761][  0]LogRHI:   GL_MAX_SAMPLES: 1
12-10 14:01:13.761 17418 17449 D UE4     : [2018.12.10-16.01.13:761][  0]LogRHI:   GL_MAX_COLOR_TEXTURE_SAMPLES: 1
12-10 14:01:13.761 17418 17449 D UE4     : [2018.12.10-16.01.13:761][  0]LogRHI:   GL_MAX_DEPTH_TEXTURE_SAMPLES: 1
12-10 14:01:13.761 17418 17449 D UE4     : [2018.12.10-16.01.13:761][  0]LogRHI:   GL_MAX_INTEGER_SAMPLES: 1
12-10 14:01:13.761 17418 17449 D UE4     : [2018.12.10-16.01.13:761][  0]LogRHI:   GL_MAX_COMBINED_TEXTURE_IMAGE_UNITS: 96
12-10 14:01:13.761 17418 17449 D UE4     : [2018.12.10-16.01.13:761][  0]LogRHI:   GL_MAX_VERTEX_ATTRIBS: 32
12-10 14:01:13.761 17418 17449 D UE4     : [2018.12.10-16.01.13:761][  0]LogRHI:   GL_MAX_TEXTURE_MAX_ANISOTROPY_EXT: 16
12-10 14:01:13.761 17418 17449 D UE4     : [2018.12.10-16.01.13:761][  0]LogRHI: OpenGL MajorVersion = 2, MinorVersion = 0, ShaderPlatform = GLSL_ES2, FeatureLevel = ES2
12-10 14:01:13.761 17418 17449 D UE4     : [2018.12.10-16.01.13:761][  0]LogRHI: PLATFORM_ANDROID
12-10 14:01:13.761 17418 17449 D UE4     : [2018.12.10-16.01.13:761][  0]LogRHI: Display: Testing for shader compiler compatibility
12-10 14:01:13.761 17418 17449 D UE4     : [2018.12.10-16.01.13:761][  0]LogRHI: Display: Shaders compile fine no need to enable hacks
12-10 14:01:13.761 17418 17449 D UE4     : [2018.12.10-16.01.13:761][  0]LogRHI: Display: Testing for round() function availability
12-10 14:01:13.761 17418 17449 D UE4     : [2018.12.10-16.01.13:761][  0]LogRHI: Warning: Disabling the need for the round() function hack
12-10 14:01:13.761 17418 17449 D UE4     : [2018.12.10-16.01.13:761][  0]LogMaterial: Verifying Global Shaders for GLSL_ES2
12-10 14:01:13.761 17418 17449 D UE4     : [2018.12.10-16.01.13:761][  0]LogSlate: Using Freetype 2.4.12
12-10 14:01:13.762 17418 17449 D UE4     : [2018.12.10-16.01.13:762][  0]LogSlate: SlateFontCache - WITH_FREETYPE: 1, WITH_HARFBUZZ: 1
12-10 14:01:13.762 17418 17449 D UE4     : [2018.12.10-16.01.13:762][  0]LogSlate: SlateFontCache - WITH_FREETYPE: 1, WITH_HARFBUZZ: 1
12-10 14:01:13.762 17418 17449 D UE4     : [2018.12.10-16.01.13:762][  0]LogAssetRegistry: FAssetRegistry took 0.0233 seconds to start up
12-10 14:01:13.762 17418 17449 D UE4     : [2018.12.10-16.01.13:762][  0]LogPackageLocalizationCache: Processed 9 localized package path(s) for 1 prioritized culture(s) in 0.016503 seconds
12-10 14:01:13.762 17418 17449 D UE4     : [2018.12.10-16.01.13:762][  0]LogNetVersion: SkyVision , NetCL: 3944462, EngineNetVer: 2, GameNetVer: 0 (Checksum: 2116121380)
12-10 14:01:13.762 17418 17449 D UE4     : [2018.12.10-16.01.13:762][  0]LogMoviePlayer: Initializing movie player
12-10 14:01:13.792 17418 17449 D UE4     : LogAndroid: Display: Passed PreInit()
12-10 14:01:13.792 17418 17449 D UE4     : 
12-10 14:01:13.792 17418 17449 D UE4     : [2018.12.10-16.01.13:792][  0]LogTcpMessaging: Initializing TcpMessaging bridge, listening on 127.0.0.1:6666
12-10 14:01:13.792 17418 17449 D UE4     : [2018.12.10-16.01.13:792][  0]LogUdpMessaging: Initializing bridge on interface 0.0.0.0:0 to multicast group 230.0.0.1:6666.
12-10 14:01:13.792 17418 17449 D UE4     : [2018.12.10-16.01.13:792][  0]LogAndroidPermission: UAndroidPermissionCallbackProxy::GetInstance
12-10 14:01:13.792 17418 17449 D UE4     : [2018.12.10-16.01.13:792][  0]LogUObjectArray: 31906 objects as part of root set at end of initial load.
12-10 14:01:13.792 17418 17449 D UE4     : [2018.12.10-16.01.13:792][  0]LogUObjectAllocator: 5672768 out of 0 bytes used by permanent object pool.
12-10 14:01:13.792 17418 17449 D UE4     : [2018.12.10-16.01.13:792][  0]LogUObjectArray: CloseDisregardForGC: 0/0 objects in disregard for GC pool
12-10 14:01:13.792 17418 17449 D UE4     : [2018.12.10-16.01.13:792][  0]LogAndroid: Display: Passed PreInit()
12-10 14:01:13.792 17418 17449 D UE4     : [2018.12.10-16.01.13:792][  0]LogEngine: Initializing Engine...
12-10 14:01:13.793 17418 17449 D UE4     : Initializing FGoogleVRHMD
12-10 14:01:13.793 17418 17449 D UE4     : [2018.12.10-16.01.13:793][  0]LogHMD: GoogleVR API created
12-10 14:01:13.796 17418 17449 W GVR     : [geo/render/ion/portgfx/visual_egl.cc:127] Non-pure loading is deprecated on Android.  To enable pure loading, pass kProcAddressPure to GetProcAddress.
12-10 14:01:13.808 17418 17449 D UE4     : [2018.12.10-16.01.13:808][  0]LogHMD: The current viewer is Default Cardboard
12-10 14:01:13.816 17418 17449 D UE4     : [2018.12.10-16.01.13:816][  0]LogStats: UGameplayTagsManager::ConstructGameplayTagTree: Construct from data asset -  0.000 s
12-10 14:01:13.816 17418 17449 D UE4     : [2018.12.10-16.01.13:816][  0]LogStats: UGameplayTagsManager::ConstructGameplayTagTree: GameplayTagTreeChangedEvent.Broadcast -  0.000 s
12-10 14:01:13.835   663  1000 D SDM     : DisplayBase::BuildLayerStackStats: LayerStack layer_count: 4, app_layer_count: 3, gpu_target_index: 3, display type: 0
12-10 14:01:13.841 17418 17449 D UE4     : LogAndroidAudio: Warning: SL Entered Init HW
12-10 14:01:13.841 17418 17449 D UE4     : 
12-10 14:01:13.841 17418 17449 D UE4     : [2018.12.10-16.01.13:841][  0]LogAndroidAudio: Warning: SL Entered Init HW
12-10 14:01:13.841 17418 17449 D UE4     : LogAndroidAudio: Warning: OpenSLES Initializing HW
12-10 14:01:13.841 17418 17449 D UE4     : 
12-10 14:01:13.841 17418 17449 D UE4     : [2018.12.10-16.01.13:841][  0]LogAndroidAudio: Warning: OpenSLES Initializing HW
12-10 14:01:13.842 17418 17449 D UE4     : LogAndroidAudio: Warning: OpenSLES Initialized
12-10 14:01:13.842 17418 17449 D UE4     : 
12-10 14:01:13.842 17418 17449 D UE4     : [2018.12.10-16.01.13:842][  0]LogAndroidAudio: Warning: OpenSLES Initialized
12-10 14:01:13.842 17418 17449 D UE4     : LogAndroidAudio: Warning: OpenSLAudioDevice: Allocated 12 sources
12-10 14:01:13.842 17418 17449 D UE4     : 
12-10 14:01:13.842 17418 17449 D UE4     : [2018.12.10-16.01.13:842][  0]LogAndroidAudio: Warning: OpenSLAudioDevice: Allocated 12 sources
12-10 14:01:13.842 17418 17449 D UE4     : [2018.12.10-16.01.13:842][  0]LogInit: FAudioDevice initialized.
12-10 14:01:13.842 17418 17449 D UE4     : LogAudio: Warning: Can't increase channels past starting number!
12-10 14:01:13.842 17418 17449 D UE4     : 
12-10 14:01:13.842 17418 17449 D UE4     : [2018.12.10-16.01.13:842][  0]LogAudio: Warning: Can't increase channels past starting number!
12-10 14:01:13.843 17418 17449 D UE4     : [2018.12.10-16.01.13:843][  0]LogInit: Texture streaming: Enabled
12-10 14:01:13.843 17418 17449 D UE4     : LogOnline: Warning: FOnlineSubsystemGooglePlayModule was disabled
12-10 14:01:13.843 17418 17449 D UE4     : 
12-10 14:01:13.843 17418 17449 D UE4     : [2018.12.10-16.01.13:843][  0]LogOnline: Warning: FOnlineSubsystemGooglePlayModule was disabled
12-10 14:01:13.851   663  1000 D SDM     : DisplayBase::BuildLayerStackStats: LayerStack layer_count: 4, app_layer_count: 3, gpu_target_index: 3, display type: 0
12-10 14:01:13.896  2845  1122 D CompatibilityInfo: mCompatibilityFlags - 0
12-10 14:01:13.896  2845  1122 D CompatibilityInfo: applicationDensity - 480
12-10 14:01:13.896  2845  1122 D CompatibilityInfo: applicationScale - 1.0
12-10 14:01:13.910 17418 17449 D UE4     : LogAudio: Warning: Can't increase channels past starting number!
12-10 14:01:13.910 17418 17449 D UE4     : 
12-10 14:01:13.910 17418 17449 D UE4     : [2018.12.10-16.01.13:910][  0]LogAudio: Warning: Can't increase channels past starting number!
12-10 14:01:13.913 17418 17449 D UE4     : LogInit: Display: Game Engine Initialized.
12-10 14:01:13.913 17418 17449 D UE4     : 
12-10 14:01:13.913 17418 17449 D UE4     : [2018.12.10-16.01.13:913][  0]LogInit: Display: Game Engine Initialized.
12-10 14:01:13.913 17418 17449 D UE4     : LogGameplayTags: Display: UGameplayTagsManager::DoneAddingNativeTags. DelegateIsBound: 0
12-10 14:01:13.913 17418 17449 D UE4     : 
12-10 14:01:13.913 17418 17449 D UE4     : [2018.12.10-16.01.13:913][  0]LogGameplayTags: Display: UGameplayTagsManager::DoneAddingNativeTags. DelegateIsBound: 0
12-10 14:01:13.913 17418 17449 D UE4     : [2018.12.10-16.01.13:913][  0]LogStats: UGameplayTagsManager::ConstructGameplayTagTree: Construct from data asset -  0.000 s
12-10 14:01:13.913 17418 17449 D UE4     : [2018.12.10-16.01.13:913][  0]LogStats: UGameplayTagsManager::ConstructGameplayTagTree: GameplayTagTreeChangedEvent.Broadcast -  0.000 s
12-10 14:01:13.933   693   815 W HWComposer: Ignoring duplicate VSYNC event from HWC (t=12627049887000)
12-10 14:01:13.934   663  1000 D SDM     : DisplayBase::BuildLayerStackStats: LayerStack layer_count: 4, app_layer_count: 3, gpu_target_index: 3, display type: 0
12-10 14:01:13.934 17418 17449 D UE4     : LogInit: Display: Starting Game.
12-10 14:01:13.934 17418 17449 D UE4     : 
12-10 14:01:13.934 17418 17449 D UE4     : [2018.12.10-16.01.13:934][  0]LogInit: Display: Starting Game.
12-10 14:01:13.935 17418 17449 D UE4     : [2018.12.10-16.01.13:935][  0]LogNet: Browse: /Game/NivelCeu?Name=Player
12-10 14:01:13.935 17418 17449 D UE4     : [2018.12.10-16.01.13:935][  0]LogLoad: LoadMap: /Game/NivelCeu?Name=Player
12-10 14:01:13.972  3590  3884 D PhoneInterfaceManager: isWifiCallingAvailable: sub Id : 2
12-10 14:01:13.972  3590  3884 D PhoneInterfaceManager: isVolteAvailable: sub Id : 2
12-10 14:01:13.973  3590  3884 D PhoneInterfaceManager: isVideoTelephonyAvailable: sub Id : 2
12-10 14:01:13.984 17418 17449 D UE4     : [2018.12.10-16.01.13:984][  0]LogAIModule: Creating AISystem for world NivelCeu
12-10 14:01:13.984 17418 17449 D UE4     : [2018.12.10-16.01.13:984][  0]LogLoad: Game class is 'GameModeBase'
12-10 14:01:13.987 17418 17449 D UE4     : LogUMG: Display: Widget Class WidgetUI_C - Loaded Fast Template.
12-10 14:01:13.987 17418 17449 D UE4     : 
12-10 14:01:13.987 17418 17449 D UE4     : [2018.12.10-16.01.13:987][  0]LogUMG: Display: Widget Class WidgetUI_C - Loaded Fast Template.
12-10 14:01:13.995 17418 17449 D UE4     : LogUMG: Display: Widget Class Crosshair_Widget_C - Loaded Fast Template.
12-10 14:01:13.996 17418 17449 D UE4     : 
12-10 14:01:13.996 17418 17449 D UE4     : [2018.12.10-16.01.13:996][  0]LogUMG: Display: Widget Class Crosshair_Widget_C - Loaded Fast Template.
12-10 14:01:13.996 17418 17449 D UE4     : [2018.12.10-16.01.13:996][  0]LogWorld: Bringing World /Game/NivelCeu.NivelCeu up for play (max tick rate 0) at 2018.12.10-14.01.13
12-10 14:01:13.997 17418 17449 D UE4     : [2018.12.10-16.01.13:997][  0]LogWorld: Bringing up level for play took: 0.011784
12-10 14:01:13.997 17418 17449 D UE4     : LogOnline: Warning: FOnlineSubsystemGooglePlayModule was disabled
12-10 14:01:13.997 17418 17449 D UE4     : 
12-10 14:01:13.997 17418 17449 D UE4     : [2018.12.10-16.01.13:997][  0]LogOnline: Warning: FOnlineSubsystemGooglePlayModule was disabled
12-10 14:01:14.000 17418 17449 D UE4     : [2018.12.10-16.01.14:000][  0]LogLoad: Took 0.065115 seconds to LoadMap(/Game/NivelCeu)
12-10 14:01:14.001   663  1000 D SDM     : DisplayBase::BuildLayerStackStats: LayerStack layer_count: 4, app_layer_count: 3, gpu_target_index: 3, display type: 0
12-10 14:01:14.005 17418 17536 D UE4     : *** JavaEnvDestructor: 17536
12-10 14:01:14.006 17418 17534 D UE4     : AndroidEGL::ResetDisplay()
12-10 14:01:14.007 17418 17534 D UE4     : *** JavaEnvDestructor: 17534
12-10 14:01:14.011 17418 17449 D UE4     : [2018.12.10-16.01.14:011][  0]LogSlate: Took 0.000230 seconds to synchronously load lazily loaded font '../../../Engine/Content/EngineFonts/Faces/RobotoRegular.ufont' (155K)
12-10 14:01:14.016 17418 17449 D UE4     : [2018.12.10-16.01.14:016][  0]LogRenderer: Reallocating scene render targets to support 1144x576 Format 10 NumSamples 1 (Frame:1).
12-10 14:01:14.016 17418 17449 D UE4     : [2018.12.10-16.01.14:016][  0]LogAndroid: Passed GEngineLoop.Init()
12-10 14:01:14.017 17418 17449 D UE4     : LogModuleManager: Warning: ModuleManager: Module 'FunctionalTesting' not found - its StaticallyLinkedModuleInitializers function is null.
12-10 14:01:14.017 17418 17449 D UE4     : 
12-10 14:01:14.017 17418 17449 D UE4     : [2018.12.10-16.01.14:017][  0]LogModuleManager: Warning: ModuleManager: Module 'FunctionalTesting' not found - its StaticallyLinkedModuleInitializers function is null.
12-10 14:01:14.018 17418 17449 D UE4     : LogAndroidEvents: Display: DequeueAppEvent : 9, 0
12-10 14:01:14.018 17418 17449 D UE4     : 
12-10 14:01:14.018 17418 17449 D UE4     : [2018.12.10-16.01.14:018][  0]LogAndroidEvents: Display: DequeueAppEvent : 9, 0
12-10 14:01:14.018 17418 17449 D UE4     : LogAndroidEvents: Display: DequeueAppEvent : 7, 0
12-10 14:01:14.018 17418 17449 D UE4     : 
12-10 14:01:14.018 17418 17449 D UE4     : [2018.12.10-16.01.14:018][  0]LogAndroidEvents: Display: DequeueAppEvent : 7, 0
12-10 14:01:14.018 17418 17449 D UE4     : LogAndroidEvents: Display: DequeueAppEvent : 6, 0
12-10 14:01:14.018 17418 17449 D UE4     : 
12-10 14:01:14.018 17418 17449 D UE4     : [2018.12.10-16.01.14:018][  0]LogAndroidEvents: Display: DequeueAppEvent : 6, 0
12-10 14:01:14.018 17418 17449 D UE4     : LogAndroidEvents: Display: DequeueAppEvent : 0, 3013009424
12-10 14:01:14.018 17418 17449 D UE4     : 
12-10 14:01:14.018 17418 17449 D UE4     : [2018.12.10-16.01.14:018][  0]LogAndroidEvents: Display: DequeueAppEvent : 0, 3013009424
12-10 14:01:14.018 17418 17449 D UE4     : APP_EVENT_STATE_WINDOW_CREATED, 0, 0, 0
12-10 14:01:14.018 17418 17449 D UE4     : LogAndroidEvents: Display: ExecWindowCreated
12-10 14:01:14.018 17418 17449 D UE4     : 
12-10 14:01:14.018 17418 17449 D UE4     : [2018.12.10-16.01.14:018][  0]LogAndroidEvents: Display: ExecWindowCreated
12-10 14:01:14.018 17418 17449 D UE4     : AndroidEGL::ReInitWindow()
12-10 14:01:14.018 17418 17449 D UE4     : AndroidEGL::ReInit()
12-10 14:01:14.018 17418 17449 D UE4     : AndroidEGL::ResetDisplay()
12-10 14:01:14.018 17418 17449 D UE4     : AndroidEGL::InitSurface 0, 1
12-10 14:01:14.018 17418 17449 D UE4     : AndroidEGL::CreateEGLSurface() Already initialized: 0x6fb366d780
12-10 14:01:14.018 17418 17449 D UE4     : ExecWindowCreated, 0, 1, 0
12-10 14:01:14.018 17418 17449 D UE4     : LogAndroidEvents: Display: DequeueAppEvent : 11, 0
12-10 14:01:14.018 17418 17449 D UE4     : 
12-10 14:01:14.018 17418 17449 D UE4     : [2018.12.10-16.01.14:018][  0]LogAndroidEvents: Display: DequeueAppEvent : 11, 0
12-10 14:01:14.018 17418 17449 D UE4     : LogAndroidEvents: Display: DequeueAppEvent : 7, 0
12-10 14:01:14.018 17418 17449 D UE4     : 
12-10 14:01:14.018 17418 17449 D UE4     : [2018.12.10-16.01.14:018][  0]LogAndroidEvents: Display: DequeueAppEvent : 7, 0
12-10 14:01:14.018 17418 17449 D UE4     : [2018.12.10-16.01.14:018][  0]LogTemp: Android resume audio
12-10 14:01:14.020   667   667 I QTI PowerHAL: Disable request for mode: 0x1
12-10 14:01:14.020   667   667 D QTI PowerHAL: Releasing handle 0x1017
12-10 14:01:14.020   667   667 D QTI PowerHAL: Couldn't find the hint for mode 0x0
12-10 14:01:14.020   667   667 I QTI PowerHAL: Current mode is 0x0
12-10 14:01:14.022 17418 17449 D ConfigUtils: Parameters file not found for reading: java.io.FileNotFoundException: /storage/emulated/0/Cardboard/current_device_params (No such file or directory)
12-10 14:01:14.027 17418 17449 D UE4     : Registering volume receiver
