12-08 19:06:29.929  3306  3686 D NetworkController.MobileSignalController(2): isVideoTelephonyAvailable=false
12-08 19:06:29.930  3306  3686 D NetworkController.MobileSignalController(2): Change in state from: connected=true,enabled=true,level=5,inetCondition=1,iconGroup=IconGroup(4G+),activityIn=false,activityOut=false,rssi=0,lastModified=12-08 07:06:22,dataSim=true,networkName=Vivo,networkNameData=Vivo,dataConnected=true,roaming=false,isDefault=false,isEmergency=false,airplaneMode=false,carrierNetworkChangeMode=false,userSetup=true
12-08 19:06:29.930  3306  3686 D NetworkController.MobileSignalController(2): 	to: connected=true,enabled=true,level=5,inetCondition=1,iconGroup=IconGroup(4G+),activityIn=true,activityOut=true,rssi=0,lastModified=12-08 07:06:22,dataSim=true,networkName=Vivo,networkNameData=Vivo,dataConnected=true,roaming=false,isDefault=false,isEmergency=false,airplaneMode=false,carrierNetworkChangeMode=false,userSetup=true
12-08 19:06:29.930  3306  3686 D NetworkController.MobileSignalController(2): SubscriptionInfo.getSimSlotIndex(): 0
12-08 19:06:29.930  3306  3686 D NetworkController: isSimOff(0): false
12-08 19:06:29.930  3306  3686 D NetworkController: hasPrefered: false
12-08 19:06:29.930  3306  3686 D NetworkController.MobileSignalController(2): SubscriptionInfo.getSimSlotIndex(): 0
12-08 19:06:29.930  3306  3686 D NetworkController: isSimOff(0): false
12-08 19:06:29.930  3306  3686 D NetworkController: hasPrefered: false
12-08 19:06:29.930  3306  3686 D NetworkController.MobileSignalController(2): SubscriptionInfo.getSimSlotIndex(): 0
12-08 19:06:29.930  3306  3686 D NetworkController: isSimOff(0): false
12-08 19:06:29.930  3306  3686 D NetworkController: hasPrefered: false
12-08 19:06:29.931  3306  3686 D NetworkController.MobileSignalController(2): notifyListeners NetworkCountryIso=br
12-08 19:06:29.935  3306  3306 D MoreNotificationIcon: implementMoreNotificationIcon(false)
12-08 19:06:29.935  3306  3306 D StatusBar: android checkMoreIconColorize: !isPreL: true isGrayscale: true
12-08 19:06:29.935  3306  3306 D StatusBar: com.whatsapp checkMoreIconColorize: !isPreL: true isGrayscale: true
12-08 19:06:30.016 15410 15410 W Thread-2: type=1400 audit(0.0:11301): avc: denied { read } for name="stat" dev="proc" ino=4026532127 scontext=u:r:untrusted_app_25:s0:c512,c768 tcontext=u:object_r:proc_stat:s0 tclass=file permissive=0
12-08 19:06:30.756 15410 15410 I chatty  : uid=10193(u0_a193) com.YourCompany.SkyVision identical 7 lines
12-08 19:06:30.866 15410 15410 W Thread-2: type=1400 audit(0.0:11309): avc: denied { read } for name="stat" dev="proc" ino=4026532127 scontext=u:r:untrusted_app_25:s0:c512,c768 tcontext=u:object_r:proc_stat:s0 tclass=file permissive=0
12-08 19:06:30.930  3306  3686 D NetworkController.MobileSignalController(2): onDataActivity: direction=0
12-08 19:06:30.932  3517  4008 D PhoneInterfaceManager: isWifiCallingAvailable: sub Id : 2
12-08 19:06:30.932  3306  3686 D NetworkController.MobileSignalController(2): isWifiCallingAvailable=false
12-08 19:06:30.933  3517  4008 D PhoneInterfaceManager: isVolteAvailable: sub Id : 2
12-08 19:06:30.934  3306  3686 D NetworkController.MobileSignalController(2): isVolteAvailable=false
12-08 19:06:30.934  3517  4008 D PhoneInterfaceManager: isVideoTelephonyAvailable: sub Id : 2
12-08 19:06:30.935  3306  3686 D NetworkController.MobileSignalController(2): isVideoTelephonyAvailable=false
12-08 19:06:30.936  3306  3686 D NetworkController.MobileSignalController(2): Change in state from: connected=true,enabled=true,level=5,inetCondition=1,iconGroup=IconGroup(4G+),activityIn=true,activityOut=true,rssi=0,lastModified=12-08 07:06:29,dataSim=true,networkName=Vivo,networkNameData=Vivo,dataConnected=true,roaming=false,isDefault=false,isEmergency=false,airplaneMode=false,carrierNetworkChangeMode=false,userSetup=true
12-08 19:06:30.936  3306  3686 D NetworkController.MobileSignalController(2): 	to: connected=true,enabled=true,level=5,inetCondition=1,iconGroup=IconGroup(4G+),activityIn=false,activityOut=false,rssi=0,lastModified=12-08 07:06:29,dataSim=true,networkName=Vivo,networkNameData=Vivo,dataConnected=true,roaming=false,isDefault=false,isEmergency=false,airplaneMode=false,carrierNetworkChangeMode=false,userSetup=true
12-08 19:06:30.936  3306  3686 D NetworkController.MobileSignalController(2): SubscriptionInfo.getSimSlotIndex(): 0
12-08 19:06:30.936  3306  3686 D NetworkController: isSimOff(0): false
12-08 19:06:30.936  3306  3686 D NetworkController: hasPrefered: false
12-08 19:06:30.936  3306  3686 D NetworkController.MobileSignalController(2): SubscriptionInfo.getSimSlotIndex(): 0
12-08 19:06:30.936  3306  3686 D NetworkController: isSimOff(0): false
12-08 19:06:30.937  3306  3686 D NetworkController: hasPrefered: false
12-08 19:06:30.937  3306  3686 D NetworkController.MobileSignalController(2): SubscriptionInfo.getSimSlotIndex(): 0
12-08 19:06:30.937  3306  3686 D NetworkController: isSimOff(0): false
12-08 19:06:30.937  3306  3686 D NetworkController: hasPrefered: false
12-08 19:06:30.938  3306  3686 D NetworkController.MobileSignalController(2): notifyListeners NetworkCountryIso=br
12-08 19:06:30.943  3306  3306 D MoreNotificationIcon: implementMoreNotificationIcon(false)
12-08 19:06:30.943  3306  3306 D StatusBar: android checkMoreIconColorize: !isPreL: true isGrayscale: true
12-08 19:06:30.944  3306  3306 D StatusBar: com.whatsapp checkMoreIconColorize: !isPreL: true isGrayscale: true
12-08 19:06:30.945  2821  3199 W WindowOrientationListener: proposedRotation = 1
12-08 19:06:30.986 15410 15410 W Thread-2: type=1400 audit(0.0:11310): avc: denied { read } for name="stat" dev="proc" ino=4026532127 scontext=u:r:untrusted_app_25:s0:c512,c768 tcontext=u:object_r:proc_stat:s0 tclass=file permissive=0
12-08 19:06:33.776 15410 15410 I chatty  : uid=10193(u0_a193) com.YourCompany.SkyVision identical 26 lines
12-08 19:06:33.876 15410 15410 W Thread-2: type=1400 audit(0.0:11337): avc: denied { read } for name="stat" dev="proc" ino=4026532127 scontext=u:r:untrusted_app_25:s0:c512,c768 tcontext=u:object_r:proc_stat:s0 tclass=file permissive=0
12-08 19:06:33.940  3306  3686 D NetworkController.MobileSignalController(2): onDataActivity: direction=3
12-08 19:06:33.941  3517  4008 D PhoneInterfaceManager: isWifiCallingAvailable: sub Id : 2
12-08 19:06:33.942  3306  3686 D NetworkController.MobileSignalController(2): isWifiCallingAvailable=false
12-08 19:06:33.943  3517  4008 D PhoneInterfaceManager: isVolteAvailable: sub Id : 2
12-08 19:06:33.943  3306  3686 D NetworkController.MobileSignalController(2): isVolteAvailable=false
12-08 19:06:33.944  3517  4008 D PhoneInterfaceManager: isVideoTelephonyAvailable: sub Id : 2
12-08 19:06:33.945  3306  3686 D NetworkController.MobileSignalController(2): isVideoTelephonyAvailable=false
12-08 19:06:33.947  3306  3686 D NetworkController.MobileSignalController(2): Change in state from: connected=true,enabled=true,level=5,inetCondition=1,iconGroup=IconGroup(4G+),activityIn=false,activityOut=false,rssi=0,lastModified=12-08 07:06:30,dataSim=true,networkName=Vivo,networkNameData=Vivo,dataConnected=true,roaming=false,isDefault=false,isEmergency=false,airplaneMode=false,carrierNetworkChangeMode=false,userSetup=true
12-08 19:06:33.947  3306  3686 D NetworkController.MobileSignalController(2): 	to: connected=true,enabled=true,level=5,inetCondition=1,iconGroup=IconGroup(4G+),activityIn=true,activityOut=true,rssi=0,lastModified=12-08 07:06:30,dataSim=true,networkName=Vivo,networkNameData=Vivo,dataConnected=true,roaming=false,isDefault=false,isEmergency=false,airplaneMode=false,carrierNetworkChangeMode=false,userSetup=true
12-08 19:06:33.947  3306  3686 D NetworkController.MobileSignalController(2): SubscriptionInfo.getSimSlotIndex(): 0
12-08 19:06:33.947  3306  3686 D NetworkController: isSimOff(0): false
12-08 19:06:33.947  3306  3686 D NetworkController: hasPrefered: false
12-08 19:06:33.947  3306  3686 D NetworkController.MobileSignalController(2): SubscriptionInfo.getSimSlotIndex(): 0
12-08 19:06:33.948  3306  3686 D NetworkController: isSimOff(0): false
12-08 19:06:33.948  3306  3686 D NetworkController: hasPrefered: false
12-08 19:06:33.948  3306  3686 D NetworkController.MobileSignalController(2): SubscriptionInfo.getSimSlotIndex(): 0
12-08 19:06:33.948  3306  3686 D NetworkController: isSimOff(0): false
12-08 19:06:33.948  3306  3686 D NetworkController: hasPrefered: false
12-08 19:06:33.949  3306  3686 D NetworkController.MobileSignalController(2): notifyListeners NetworkCountryIso=br
12-08 19:06:33.951  3306  3306 D MoreNotificationIcon: implementMoreNotificationIcon(false)
12-08 19:06:33.951  3306  3306 D StatusBar: android checkMoreIconColorize: !isPreL: true isGrayscale: true
12-08 19:06:33.951  3306  3306 D StatusBar: com.whatsapp checkMoreIconColorize: !isPreL: true isGrayscale: true
12-08 19:06:33.996 15410 15410 W Thread-2: type=1400 audit(0.0:11338): avc: denied { read } for name="stat" dev="proc" ino=4026532127 scontext=u:r:untrusted_app_25:s0:c512,c768 tcontext=u:object_r:proc_stat:s0 tclass=file permissive=0
12-08 19:06:34.826 15410 15410 I chatty  : uid=10193(u0_a193) com.YourCompany.SkyVision identical 8 lines
12-08 19:06:34.926 15410 15410 W Thread-2: type=1400 audit(0.0:11347): avc: denied { read } for name="stat" dev="proc" ino=4026532127 scontext=u:r:untrusted_app_25:s0:c512,c768 tcontext=u:object_r:proc_stat:s0 tclass=file permissive=0
12-08 19:06:34.945  3306  3686 D NetworkController.MobileSignalController(2): onDataActivity: direction=0
12-08 19:06:34.946  3517  4008 D PhoneInterfaceManager: isWifiCallingAvailable: sub Id : 2
12-08 19:06:34.946  3306  3686 D NetworkController.MobileSignalController(2): isWifiCallingAvailable=false
12-08 19:06:34.947  3517  4008 D PhoneInterfaceManager: isVolteAvailable: sub Id : 2
12-08 19:06:34.947  3306  3686 D NetworkController.MobileSignalController(2): isVolteAvailable=false
12-08 19:06:34.949  3517  4008 D PhoneInterfaceManager: isVideoTelephonyAvailable: sub Id : 2
12-08 19:06:34.949  3306  3686 D NetworkController.MobileSignalController(2): isVideoTelephonyAvailable=false
12-08 19:06:34.950  3306  3686 D NetworkController.MobileSignalController(2): Change in state from: connected=true,enabled=true,level=5,inetCondition=1,iconGroup=IconGroup(4G+),activityIn=true,activityOut=true,rssi=0,lastModified=12-08 07:06:33,dataSim=true,networkName=Vivo,networkNameData=Vivo,dataConnected=true,roaming=false,isDefault=false,isEmergency=false,airplaneMode=false,carrierNetworkChangeMode=false,userSetup=true
12-08 19:06:34.950  3306  3686 D NetworkController.MobileSignalController(2): 	to: connected=true,enabled=true,level=5,inetCondition=1,iconGroup=IconGroup(4G+),activityIn=false,activityOut=false,rssi=0,lastModified=12-08 07:06:33,dataSim=true,networkName=Vivo,networkNameData=Vivo,dataConnected=true,roaming=false,isDefault=false,isEmergency=false,airplaneMode=false,carrierNetworkChangeMode=false,userSetup=true
12-08 19:06:34.950  3306  3686 D NetworkController.MobileSignalController(2): SubscriptionInfo.getSimSlotIndex(): 0
12-08 19:06:34.950  3306  3686 D NetworkController: isSimOff(0): false
12-08 19:06:34.950  3306  3686 D NetworkController: hasPrefered: false
12-08 19:06:34.950  3306  3686 D NetworkController.MobileSignalController(2): SubscriptionInfo.getSimSlotIndex(): 0
12-08 19:06:34.950  3306  3686 D NetworkController: isSimOff(0): false
12-08 19:06:34.950  3306  3686 D NetworkController: hasPrefered: false
12-08 19:06:34.950  3306  3686 D NetworkController.MobileSignalController(2): SubscriptionInfo.getSimSlotIndex(): 0
12-08 19:06:34.950  3306  3686 D NetworkController: isSimOff(0): false
12-08 19:06:34.951  3306  3686 D NetworkController: hasPrefered: false
12-08 19:06:34.952  3306  3686 D NetworkController.MobileSignalController(2): notifyListeners NetworkCountryIso=br
12-08 19:06:34.955  3306  3306 D MoreNotificationIcon: implementMoreNotificationIcon(false)
12-08 19:06:34.955  3306  3306 D StatusBar: android checkMoreIconColorize: !isPreL: true isGrayscale: true
12-08 19:06:34.955  3306  3306 D StatusBar: com.whatsapp checkMoreIconColorize: !isPreL: true isGrayscale: true
12-08 19:06:35.026 15410 15410 W Thread-2: type=1400 audit(0.0:11348): avc: denied { read } for name="stat" dev="proc" ino=4026532127 scontext=u:r:untrusted_app_25:s0:c512,c768 tcontext=u:object_r:proc_stat:s0 tclass=file permissive=0
12-08 19:06:36.246 15410 15410 I chatty  : uid=10193(u0_a193) com.YourCompany.SkyVision identical 11 lines
12-08 19:06:36.346 15410 15410 W Thread-2: type=1400 audit(0.0:11360): avc: denied { read } for name="stat" dev="proc" ino=4026532127 scontext=u:r:untrusted_app_25:s0:c512,c768 tcontext=u:object_r:proc_stat:s0 tclass=file permissive=0
12-08 19:06:36.371  3306  3686 D NetworkController.MobileSignalController(2): onSignalStrengthsChanged signalStrength=SignalStrength: 99 0 0 -120 -160 -120 -1 -1 29 -76 -7 252 2147483647 0 2147483647 gsm|lte level=5
12-08 19:06:36.371  3306  3686 D NetworkController.MobileSignalController(2): updateTelephonySignalStrength: hasService=true ss=SignalStrength: 99 0 0 -120 -160 -120 -1 -1 29 -76 -7 252 2147483647 0 2147483647 gsm|lte
12-08 19:06:36.372  3517  4008 D PhoneInterfaceManager: isWifiCallingAvailable: sub Id : 2
12-08 19:06:36.372  3306  3686 D NetworkController.MobileSignalController(2): isWifiCallingAvailable=false
12-08 19:06:36.373  3517  4008 D PhoneInterfaceManager: isVolteAvailable: sub Id : 2
12-08 19:06:36.373  3306  3686 D NetworkController.MobileSignalController(2): isVolteAvailable=false
12-08 19:06:36.373  3517  4008 D PhoneInterfaceManager: isVideoTelephonyAvailable: sub Id : 2
12-08 19:06:36.374  3306  3686 D NetworkController.MobileSignalController(2): isVideoTelephonyAvailable=false
12-08 19:06:36.446 15410 15410 W Thread-2: type=1400 audit(0.0:11361): avc: denied { read } for name="stat" dev="proc" ino=4026532127 scontext=u:r:untrusted_app_25:s0:c512,c768 tcontext=u:object_r:proc_stat:s0 tclass=file permissive=0
12-08 19:06:36.546 15410 15410 I chatty  : uid=10193(u0_a193) com.YourCompany.SkyVision identical 1 line
12-08 19:06:36.666 15410 15410 W Thread-2: type=1400 audit(0.0:11363): avc: denied { read } for name="stat" dev="proc" ino=4026532127 scontext=u:r:untrusted_app_25:s0:c512,c768 tcontext=u:object_r:proc_stat:s0 tclass=file permissive=0
12-08 19:06:36.711  3306  3686 D NetworkController: onReceive: intent=Intent { act=android.net.wifi.RSSI_CHANGED flg=0x4000010 (has extras) }
12-08 19:06:36.712  3306  3686 D NetworkController.WifiSignalController: Change in state from: connected=true,enabled=true,level=2,inetCondition=1,iconGroup=IconGroup(Wi-Fi Icons),activityIn=true,activityOut=true,rssi=-75,lastModified=12-08 07:06:21,ssid="GIOVANE_2.4",badgeEnum=0,isTransient=false
12-08 19:06:36.712  3306  3686 D NetworkController.WifiSignalController: 	to: connected=true,enabled=true,level=3,inetCondition=1,iconGroup=IconGroup(Wi-Fi Icons),activityIn=true,activityOut=true,rssi=-66,lastModified=12-08 07:06:21,ssid="GIOVANE_2.4",badgeEnum=0,isTransient=false
12-08 19:06:36.723  3306  3306 D MoreNotificationIcon: implementMoreNotificationIcon(false)
12-08 19:06:36.723  3306  3306 D StatusBar: android checkMoreIconColorize: !isPreL: true isGrayscale: true
12-08 19:06:36.723  3306  3306 D StatusBar: com.whatsapp checkMoreIconColorize: !isPreL: true isGrayscale: true
12-08 19:06:36.729 28046 28087 I CarrierServices: [6885] bxd.a: FiST: Wifi connectivity status true
12-08 19:06:36.731 28046 28129 I CarrierServices: [6905] bei.handleMessage: RCS is disabled, skipping config update request
12-08 19:06:36.731 28046 28087 I CarrierServices: [6885] bxi.d: Connected state: [1], networkType: [WIFI]
12-08 19:06:36.736 28046 28153 I CarrierServices: [6912] dax.a: CarrierServices.apk is not sim call manager. Not enabling MMTel.
12-08 19:06:36.736 28046 28153 I CarrierServices: [6912] bda.run: (MMTel): : Ignoring Network Change based on IMS preferences
12-08 19:06:36.786 15410 15410 W Thread-2: type=1400 audit(0.0:11364): avc: denied { read } for name="stat" dev="proc" ino=4026532127 scontext=u:r:untrusted_app_25:s0:c512,c768 tcontext=u:object_r:proc_stat:s0 tclass=file permissive=0
12-08 19:06:37.316 15410 15410 I chatty  : uid=10193(u0_a193) com.YourCompany.SkyVision identical 5 lines
12-08 19:06:37.416 15410 15410 W Thread-2: type=1400 audit(0.0:11370): avc: denied { read } for name="stat" dev="proc" ino=4026532127 scontext=u:r:untrusted_app_25:s0:c512,c768 tcontext=u:object_r:proc_stat:s0 tclass=file permissive=0
12-08 19:06:37.441   672  3433 I WifiHAL : event received NL80211_CMD_VENDOR, vendor_id = 0x1374, subcmd = 0xa
12-08 19:06:37.442  3443  3443 I wpa_supplicant: wlan0: CTRL-EVENT-AVOID-FREQ ranges=2412-2457,5180-5260
12-08 19:06:37.516 15410 15410 W Thread-2: type=1400 audit(0.0:11371): avc: denied { read } for name="stat" dev="proc" ino=4026532127 scontext=u:r:untrusted_app_25:s0:c512,c768 tcontext=u:object_r:proc_stat:s0 tclass=file permissive=0
12-08 19:06:38.086 15410 15410 I chatty  : uid=10193(u0_a193) com.YourCompany.SkyVision identical 5 lines
12-08 19:06:38.186 15410 15410 W Thread-2: type=1400 audit(0.0:11377): avc: denied { read } for name="stat" dev="proc" ino=4026532127 scontext=u:r:untrusted_app_25:s0:c512,c768 tcontext=u:object_r:proc_stat:s0 tclass=file permissive=0
12-08 19:06:38.249  2821  7818 I ActivityManager: Killing 14857:com.android.keychain/1000 (adj 906): empty #17
12-08 19:06:38.290  3306  3306 D MoreNotificationIcon: implementMoreNotificationIcon(false)
12-08 19:06:38.291  3306  3306 D StatusBar: android checkMoreIconColorize: !isPreL: true isGrayscale: true
12-08 19:06:38.291  3306  3306 D StatusBar: com.whatsapp checkMoreIconColorize: !isPreL: true isGrayscale: true
12-08 19:06:38.306 15410 15410 W Thread-2: type=1400 audit(0.0:11378): avc: denied { read } for name="stat" dev="proc" ino=4026532127 scontext=u:r:untrusted_app_25:s0:c512,c768 tcontext=u:object_r:proc_stat:s0 tclass=file permissive=0
12-08 19:06:38.406 15410 15410 I chatty  : uid=10193(u0_a193) com.YourCompany.SkyVision identical 1 line
12-08 19:06:38.506 15410 15410 W Thread-2: type=1400 audit(0.0:11380): avc: denied { read } for name="stat" dev="proc" ino=4026532127 scontext=u:r:untrusted_app_25:s0:c512,c768 tcontext=u:object_r:proc_stat:s0 tclass=file permissive=0
12-08 19:06:38.534  2421  2461 D         : DpmQmiMgr areAllIfaceActive 
12-08 19:06:38.612  3306  3686 D NetworkController.MobileSignalController(2): onSignalStrengthsChanged signalStrength=SignalStrength: 99 0 0 -120 -160 -120 -1 -1 29 -77 -7 196 2147483647 0 2147483647 gsm|lte level=5
12-08 19:06:38.612  3306  3686 D NetworkController.MobileSignalController(2): updateTelephonySignalStrength: hasService=true ss=SignalStrength: 99 0 0 -120 -160 -120 -1 -1 29 -77 -7 196 2147483647 0 2147483647 gsm|lte
12-08 19:06:38.613  3517  4008 D PhoneInterfaceManager: isWifiCallingAvailable: sub Id : 2
12-08 19:06:38.613  3306  3686 D NetworkController.MobileSignalController(2): isWifiCallingAvailable=false
12-08 19:06:38.614  3517  4008 D PhoneInterfaceManager: isVolteAvailable: sub Id : 2
12-08 19:06:38.615  3306  3686 D NetworkController.MobileSignalController(2): isVolteAvailable=false
12-08 19:06:38.615  3517  4008 D PhoneInterfaceManager: isVideoTelephonyAvailable: sub Id : 2
12-08 19:06:38.616 15410 15410 W Thread-2: type=1400 audit(0.0:11381): avc: denied { read } for name="stat" dev="proc" ino=4026532127 scontext=u:r:untrusted_app_25:s0:c512,c768 tcontext=u:object_r:proc_stat:s0 tclass=file permissive=0
12-08 19:06:38.616  3306  3686 D NetworkController.MobileSignalController(2): isVideoTelephonyAvailable=false
12-08 19:06:39.556 15410 15410 I chatty  : uid=10193(u0_a193) com.YourCompany.SkyVision expire 9 lines
12-08 19:06:39.656 15410 15410 W Thread-2: type=1400 audit(0.0:11391): avc: denied { read } for name="stat" dev="proc" ino=4026532127 scontext=u:r:untrusted_app_25:s0:c512,c768 tcontext=u:object_r:proc_stat:s0 tclass=file permissive=0
12-08 19:06:39.730  3306  3686 D NetworkController: onReceive: intent=Intent { act=android.net.wifi.RSSI_CHANGED flg=0x4000010 (has extras) }
12-08 19:06:39.733  3306  3686 D NetworkController.WifiSignalController: Change in state from: connected=true,enabled=true,level=3,inetCondition=1,iconGroup=IconGroup(Wi-Fi Icons),activityIn=true,activityOut=true,rssi=-66,lastModified=12-08 07:06:36,ssid="GIOVANE_2.4",badgeEnum=0,isTransient=false
12-08 19:06:39.733  3306  3686 D NetworkController.WifiSignalController: 	to: connected=true,enabled=true,level=2,inetCondition=1,iconGroup=IconGroup(Wi-Fi Icons),activityIn=true,activityOut=true,rssi=-71,lastModified=12-08 07:06:36,ssid="GIOVANE_2.4",badgeEnum=0,isTransient=false
12-08 19:06:39.740  3306  3306 D MoreNotificationIcon: implementMoreNotificationIcon(false)
12-08 19:06:39.740  3306  3306 D StatusBar: android checkMoreIconColorize: !isPreL: true isGrayscale: true
12-08 19:06:39.740  3306  3306 D StatusBar: com.whatsapp checkMoreIconColorize: !isPreL: true isGrayscale: true
12-08 19:06:39.744 28046 28087 I CarrierServices: [6885] bxd.a: FiST: Wifi connectivity status true
12-08 19:06:39.747 28046 28129 I CarrierServices: [6905] bei.handleMessage: RCS is disabled, skipping config update request
12-08 19:06:39.747 28046 28087 I CarrierServices: [6885] bxi.d: Connected state: [1], networkType: [WIFI]
12-08 19:06:39.750 28046 28153 I CarrierServices: [6912] dax.a: CarrierServices.apk is not sim call manager. Not enabling MMTel.
12-08 19:06:39.750 28046 28153 I CarrierServices: [6912] bda.run: (MMTel): : Ignoring Network Change based on IMS preferences
12-08 19:06:39.776 15410 15410 W Thread-2: type=1400 audit(0.0:11392): avc: denied { read } for name="stat" dev="proc" ino=4026532127 scontext=u:r:untrusted_app_25:s0:c512,c768 tcontext=u:object_r:proc_stat:s0 tclass=file permissive=0
12-08 19:06:41.189  2821  2969 D PowerManagerService: SmartRead handleMessage MSG_SCREEN_SMART_READING_TIMEOUT
12-08 19:06:41.189  2821  2969 D PowerManagerService: SmartRead MSG_SCREEN_SMART_READING_TIMEOUT send smart reading broadcast mSRSetting = 0
12-08 19:06:42.146 15410 15410 I chatty  : uid=10193(u0_a193) com.YourCompany.SkyVision identical 22 lines
12-08 19:06:42.266 15410 15410 W Thread-2: type=1400 audit(0.0:11415): avc: denied { read } for name="stat" dev="proc" ino=4026532127 scontext=u:r:untrusted_app_25:s0:c512,c768 tcontext=u:object_r:proc_stat:s0 tclass=file permissive=0
12-08 19:06:42.352 14937 14967 I Finsky  : [2239] com.google.android.finsky.bo.an.run(6): Stats for Executor: BlockingExecutor com.google.android.finsky.bo.ao@dc0566[Running, pool size = 3, active threads = 0, queued tasks = 0, completed tasks = 7]
12-08 19:06:42.353 14937 14967 I Finsky  : [2239] com.google.android.finsky.bo.an.run(6): Stats for Executor: LightweightExecutor com.google.android.finsky.bo.ao@a3790a7[Running, pool size = 4, active threads = 0, queued tasks = 0, completed tasks = 53]
12-08 19:06:42.376 15410 15410 W Thread-2: type=1400 audit(0.0:11416): avc: denied { read } for name="stat" dev="proc" ino=4026532127 scontext=u:r:untrusted_app_25:s0:c512,c768 tcontext=u:object_r:proc_stat:s0 tclass=file permissive=0
12-08 19:06:42.458 14937 14967 I Finsky  : [2239] com.google.android.finsky.bo.an.run(6): Stats for Executor: bgExecutor com.google.android.finsky.bo.ao@fe5a954[Running, pool size = 4, active threads = 0, queued tasks = 0, completed tasks = 10]
12-08 19:06:42.486 15410 15410 W Thread-2: type=1400 audit(0.0:11417): avc: denied { read } for name="stat" dev="proc" ino=4026532127 scontext=u:r:untrusted_app_25:s0:c512,c768 tcontext=u:object_r:proc_stat:s0 tclass=file permissive=0
12-08 19:06:42.535 14937 14967 I Finsky  : [2239] com.google.android.finsky.bo.an.run(6): Stats for Executor: SimChangeExecutor com.google.android.finsky.bo.ao@958e0fd[Running, pool size = 0, active threads = 0, queued tasks = 0, completed tasks = 0]
12-08 19:06:42.562 14937 14967 I Finsky  : [2239] com.google.android.finsky.bo.an.run(6): Stats for Executor: Db-xternal_referrer_status.db com.google.android.finsky.bo.ao@1311f2[Running, pool size = 0, active threads = 0, queued tasks = 0, completed tasks = 1]
12-08 19:06:42.562 14937 14967 I Finsky  : [2239] com.google.android.finsky.bo.an.run(6): Stats for Executor: Db-split_install_service com.google.android.finsky.bo.ao@ac29043[Running, pool size = 0, active threads = 0, queued tasks = 0, completed tasks = 5]
12-08 19:06:42.596 15410 15410 W Thread-2: type=1400 audit(0.0:11418): avc: denied { read } for name="stat" dev="proc" ino=4026532127 scontext=u:r:untrusted_app_25:s0:c512,c768 tcontext=u:object_r:proc_stat:s0 tclass=file permissive=0
12-08 19:06:42.609 14937 14967 I Finsky  : [2239] com.google.android.finsky.bo.an.run(6): Stats for Executor: StorageAwareDownloadServiceManagerSpaceChecker com.google.android.finsky.bo.ao@39e06c0[Running, pool size = 0, active threads = 0, queued tasks = 0, completed tasks = 0]
12-08 19:06:42.696 15410 15410 W Thread-2: type=1400 audit(0.0:11419): avc: denied { read } for name="stat" dev="proc" ino=4026532127 scontext=u:r:untrusted_app_25:s0:c512,c768 tcontext=u:object_r:proc_stat:s0 tclass=file permissive=0
12-08 19:06:42.740  3306  3686 D NetworkController: onReceive: intent=Intent { act=android.net.wifi.RSSI_CHANGED flg=0x4000010 (has extras) }
12-08 19:06:42.742  3306  3686 D NetworkController.WifiSignalController: Change in state from: connected=true,enabled=true,level=2,inetCondition=1,iconGroup=IconGroup(Wi-Fi Icons),activityIn=true,activityOut=true,rssi=-71,lastModified=12-08 07:06:39,ssid="GIOVANE_2.4",badgeEnum=0,isTransient=false
12-08 19:06:42.742  3306  3686 D NetworkController.WifiSignalController: 	to: connected=true,enabled=true,level=4,inetCondition=1,iconGroup=IconGroup(Wi-Fi Icons),activityIn=true,activityOut=true,rssi=-60,lastModified=12-08 07:06:39,ssid="GIOVANE_2.4",badgeEnum=0,isTransient=false
12-08 19:06:42.747 28046 28087 I CarrierServices: [6885] bxd.a: FiST: Wifi connectivity status true
12-08 19:06:42.750 28046 28129 I CarrierServices: [6905] bei.handleMessage: RCS is disabled, skipping config update request
12-08 19:06:42.753 28046 28153 I CarrierServices: [6912] dax.a: CarrierServices.apk is not sim call manager. Not enabling MMTel.
12-08 19:06:42.753 28046 28153 I CarrierServices: [6912] bda.run: (MMTel): : Ignoring Network Change based on IMS preferences
12-08 19:06:42.756 28046 28087 I CarrierServices: [6885] bxi.d: Connected state: [1], networkType: [WIFI]
12-08 19:06:42.760  3306  3306 D MoreNotificationIcon: implementMoreNotificationIcon(false)
12-08 19:06:42.760  3306  3306 D StatusBar: android checkMoreIconColorize: !isPreL: true isGrayscale: true
12-08 19:06:42.761  3306  3306 D StatusBar: com.whatsapp checkMoreIconColorize: !isPreL: true isGrayscale: true
12-08 19:06:42.785 14937 14967 I Finsky  : [2239] com.google.android.finsky.bo.an.run(6): Stats for Executor: Db-scheduler com.google.android.finsky.bo.ao@8d78ff9[Running, pool size = 0, active threads = 0, queued tasks = 0, completed tasks = 11]
12-08 19:06:42.786 14937 14967 I Finsky  : [2239] com.google.android.finsky.bo.an.run(6): Stats for Executor: Db-frosting.db com.google.android.finsky.bo.ao@53c5b3e[Running, pool size = 0, active threads = 0, queued tasks = 0, completed tasks = 3]
12-08 19:06:42.786 14937 14967 I Finsky  : [2239] com.google.android.finsky.bo.an.run(6): Stats for Executor: Db-notification_cache com.google.android.finsky.bo.ao@e73ed9f[Running, pool size = 0, active threads = 0, queued tasks = 0, completed tasks = 4]
12-08 19:06:42.801  2821  3199 W WindowOrientationListener: proposedRotation = 0
12-08 19:06:42.816 15410 15410 W Thread-2: type=1400 audit(0.0:11420): avc: denied { read } for name="stat" dev="proc" ino=4026532127 scontext=u:r:untrusted_app_25:s0:c512,c768 tcontext=u:object_r:proc_stat:s0 tclass=file permissive=0
12-08 19:06:42.936 15410 15410 W Thread-2: type=1400 audit(0.0:11421): avc: denied { read } for name="stat" dev="proc" ino=4026532127 scontext=u:r:untrusted_app_25:s0:c512,c768 tcontext=u:object_r:proc_stat:s0 tclass=file permissive=0
12-08 19:06:42.969 14937 14967 I Finsky  : [2239] com.google.android.finsky.bo.an.run(6): Stats for Executor: InstallQueueDatabaseManager com.google.android.finsky.bo.ao@1bcceec[Running, pool size = 0, active threads = 0, queued tasks = 0, completed tasks = 3]
12-08 19:06:43.021 14937 14967 I Finsky  : [2239] com.google.android.finsky.bo.an.run(6): Stats for Executor: Db-scheduler_logging_store.db com.google.android.finsky.bo.ao@af832b5[Running, pool size = 0, active threads = 0, queued tasks = 0, completed tasks = 2]
12-08 19:06:43.021 14937 14967 I Finsky  : [2239] com.google.android.finsky.bo.an.run(6): Stats for Executor: InstallBackgroundThread com.google.android.finsky.bo.ao@81eed4a[Running, pool size = 0, active threads = 0, queued tasks = 0, completed tasks = 0]
12-08 19:06:43.022 14937 14967 I Finsky  : [2239] com.google.android.finsky.bo.an.run(6): Stats for Executor: Db-install_service com.google.android.finsky.bo.ao@2b3c4bb[Running, pool size = 0, active threads = 0, queued tasks = 0, completed tasks = 0]
12-08 19:06:43.022 14937 14967 I Finsky  : [2239] com.google.android.finsky.bo.an.run(6): Stats for Executor: InstallBackgroundThread com.google.android.finsky.bo.ao@1dedd8[Running, pool size = 0, active threads = 0, queued tasks = 0, completed tasks = 0]
12-08 19:06:43.046 15410 15410 W Thread-2: type=1400 audit(0.0:11422): avc: denied { read } for name="stat" dev="proc" ino=4026532127 scontext=u:r:untrusted_app_25:s0:c512,c768 tcontext=u:object_r:proc_stat:s0 tclass=file permissive=0
12-08 19:06:43.126   680   775 E ANDR-PERF-REQUEST: Failed to set timer
12-08 19:06:43.166 15410 15410 W Thread-2: type=1400 audit(0.0:11423): avc: denied { read } for name="stat" dev="proc" ino=4026532127 scontext=u:r:untrusted_app_25:s0:c512,c768 tcontext=u:object_r:proc_stat:s0 tclass=file permissive=0
12-08 19:06:43.349  2821  3199 W WindowOrientationListener: proposedRotation = 3
12-08 19:06:43.496 15410 15410 I chatty  : uid=10193(u0_a193) com.YourCompany.SkyVision identical 3 lines
12-08 19:06:43.596 15410 15410 W Thread-2: type=1400 audit(0.0:11427): avc: denied { read } for name="stat" dev="proc" ino=4026532127 scontext=u:r:untrusted_app_25:s0:c512,c768 tcontext=u:object_r:proc_stat:s0 tclass=file permissive=0
12-08 19:06:43.627  2821  2915 D BatteryStatsService: updateFlags s=4
12-08 19:06:43.649  2821  2915 E BatteryStatsService: modem info is invalid: ModemActivityInfo{ mTimestamp=354294236 mSleepTimeMs=16157 mIdleTimeMs=-14495 mTxTimeMs[]=[1031, 10, 0, 0, 0] mRxTimeMs=69610 mEnergyUsed=0}
12-08 19:06:43.692  3711  3749 I QcrilOemhookMsgTunnel: [0]processOemHookIndication length=21
12-08 19:06:43.693  3711  3749 I QcrilOemhookMsgTunnel: [0]Response ID in RIL_UNSOL_OEM_HOOK_RAW is 525306
12-08 19:06:43.693  3711  3711 D QcrilMsgTunnelIfaceManager: handleMessage what = 0
12-08 19:06:43.696  3306  3686 D NetworkController.MobileSignalController(2): onSignalStrengthsChanged signalStrength=SignalStrength: 99 0 0 -120 -160 -120 -1 -1 29 -77 -7 196 2147483647 0 2147483647 gsm|lte level=5
12-08 19:06:43.696  3306  3686 D NetworkController.MobileSignalController(2): updateTelephonySignalStrength: hasService=true ss=SignalStrength: 99 0 0 -120 -160 -120 -1 -1 29 -77 -7 196 2147483647 0 2147483647 gsm|lte
12-08 19:06:43.698  3517  4008 D PhoneInterfaceManager: isWifiCallingAvailable: sub Id : 2
12-08 19:06:43.699  3306  3686 D NetworkController.MobileSignalController(2): isWifiCallingAvailable=false
12-08 19:06:43.699  3482  3482 D QC_RIL_OEM_HOOK: Received Broadcast Intent ACTION_UNSOL_RESPONSE_OEM_HOOK_RAW
12-08 19:06:43.699  3482  3482 D QC_RIL_OEM_HOOK: Oem ID in QCRILHOOK UNSOL RESP is QOEMHOOK
12-08 19:06:43.701  3517  3752 D PhoneInterfaceManager: isVolteAvailable: sub Id : 2
12-08 19:06:43.701  3306  3686 D NetworkController.MobileSignalController(2): isVolteAvailable=false
12-08 19:06:43.702  3517  3752 D PhoneInterfaceManager: isVideoTelephonyAvailable: sub Id : 2
12-08 19:06:43.702  3517  3517 D QC_RIL_OEM_HOOK: Received Broadcast Intent ACTION_UNSOL_RESPONSE_OEM_HOOK_RAW
12-08 19:06:43.702  3306  3686 D NetworkController.MobileSignalController(2): isVideoTelephonyAvailable=false
12-08 19:06:43.702  3517  3517 D QC_RIL_OEM_HOOK: Oem ID in QCRILHOOK UNSOL RESP is QOEMHOOK
12-08 19:06:43.702  3517  3517 D QC_RIL_OEM_HOOK: Received Broadcast Intent ACTION_UNSOL_RESPONSE_OEM_HOOK_RAW
12-08 19:06:43.702  3517  3517 D QC_RIL_OEM_HOOK: Oem ID in QCRILHOOK UNSOL RESP is QOEMHOOK
12-08 19:06:43.710  3306  3686 D NetworkController.MobileSignalController(2): onDataActivity: direction=0
12-08 19:06:43.714  3517  3752 D PhoneInterfaceManager: isWifiCallingAvailable: sub Id : 2
12-08 19:06:43.714  3306  3686 D NetworkController.MobileSignalController(2): isWifiCallingAvailable=false
12-08 19:06:43.715  3517  4008 D PhoneInterfaceManager: isVolteAvailable: sub Id : 2
12-08 19:06:43.715  3306  3686 D NetworkController.MobileSignalController(2): isVolteAvailable=false
12-08 19:06:43.716 15410 15410 W Thread-2: type=1400 audit(0.0:11428): avc: denied { read } for name="stat" dev="proc" ino=4026532127 scontext=u:r:untrusted_app_25:s0:c512,c768 tcontext=u:object_r:proc_stat:s0 tclass=file permissive=0
12-08 19:06:43.717  3517  3752 D PhoneInterfaceManager: isVideoTelephonyAvailable: sub Id : 2
12-08 19:06:43.717  3306  3686 D NetworkController.MobileSignalController(2): isVideoTelephonyAvailable=false
12-08 19:06:43.717  3306  3686 D NetworkController.MobileSignalController(2): onDataActivity: direction=4
12-08 19:06:43.718  3517  3752 D PhoneInterfaceManager: isWifiCallingAvailable: sub Id : 2
12-08 19:06:43.719  3306  3686 D NetworkController.MobileSignalController(2): isWifiCallingAvailable=false
12-08 19:06:43.720  3517  3752 D PhoneInterfaceManager: isVolteAvailable: sub Id : 2
12-08 19:06:43.721  3306  3686 D NetworkController.MobileSignalController(2): isVolteAvailable=false
12-08 19:06:43.723  3517  3752 D PhoneInterfaceManager: isVideoTelephonyAvailable: sub Id : 2
12-08 19:06:43.724  3306  3686 D NetworkController.MobileSignalController(2): isVideoTelephonyAvailable=false
12-08 19:06:43.726  2421  2461 D         : DpmDfsTracker::addDfsFilters: add 4 DFS filters
12-08 19:06:43.728  2421  2461 D         : DpmDfsTracker::addDfsFilters: add 5 DFS filters
12-08 19:06:43.729  2421  4246 D         : DpmDfsTracker::dfsIndCb callback
12-08 19:06:43.730  2421  4295 D         : DpmDfsTracker::dfsIndCb callback
12-08 19:06:43.740  3306  3686 D NetworkController.MobileSignalController(2): onServiceStateChanged voiceState=0 dataState=0
12-08 19:06:43.740  3306  3686 D NetworkController.MobileSignalController(2): updateTelephonySignalStrength: hasService=true ss=SignalStrength: 99 0 0 -120 -160 -120 -1 -1 29 -77 -7 196 2147483647 0 2147483647 gsm|lte
12-08 19:06:43.743  3517  3752 D PhoneInterfaceManager: isWifiCallingAvailable: sub Id : 2
12-08 19:06:43.744  3306  3686 D NetworkController.MobileSignalController(2): isWifiCallingAvailable=false
12-08 19:06:43.747  3517  3517 D ServiceStateProvider: subId=2
12-08 19:06:43.751  3306  3306 D KeyguardUpdateMonitor: received broadcast android.intent.action.SERVICE_STATE
12-08 19:06:43.752  3306  3306 V KeyguardUpdateMonitor: action android.intent.action.SERVICE_STATE serviceState=0 0 voice home data home VIVO VIVO 72410 VIVO VIVO 72410  LTE LTE CSS not supported -1 -1 RoamInd=-1 DefRoamInd=-1 EmergOnly=false IsDataRoamingFromRegistration=false IsUsingCarrierAggregation=false mLteEarfcnRsrpBoost=0 subId=2
12-08 19:06:43.752  3306  3306 D KeyguardUpdateMonitor: handleServiceStateChange(subId=2, serviceState=0 0 voice home data home VIVO VIVO 72410 VIVO VIVO 72410  LTE LTE CSS not supported -1 -1 RoamInd=-1 DefRoamInd=-1 EmergOnly=false IsDataRoamingFromRegistration=false IsUsingCarrierAggregation=false mLteEarfcnRsrpBoost=0
12-08 19:06:43.752  3306  3306 D CarrierText: N=1
12-08 19:06:43.752  3517  3752 D PhoneInterfaceManager: isVolteAvailable: sub Id : 2
12-08 19:06:43.752  3306  3686 D NetworkController.MobileSignalController(2): isVolteAvailable=false
12-08 19:06:43.755  3306  3306 D CarrierText: isBrazilCountryCode subId=2 simCountryISO=br result=true
12-08 19:06:43.755  3517  3748 D PhoneInterfaceManager: isVideoTelephonyAvailable: sub Id : 2
12-08 19:06:43.755  3463  3635 I QCNEJ/CndHalConnector: -> SND notifyWwanSubtypeChanged(13)
12-08 19:06:43.755  3306  3686 D NetworkController.MobileSignalController(2): isVideoTelephonyAvailable=false
12-08 19:06:43.755  2821  2900 D CompatibilityInfo: mCompatibilityFlags - 0
12-08 19:06:43.755  2821  2900 D CompatibilityInfo: applicationDensity - 480
12-08 19:06:43.755  2821  2900 D CompatibilityInfo: applicationScale - 1.0
12-08 19:06:43.756  3306  3686 D NetworkController.MobileSignalController(2): Change in state from: connected=true,enabled=true,level=5,inetCondition=1,iconGroup=IconGroup(4G+),activityIn=false,activityOut=false,rssi=0,lastModified=12-08 07:06:34,dataSim=true,networkName=Vivo,networkNameData=Vivo,dataConnected=true,roaming=false,isDefault=false,isEmergency=false,airplaneMode=false,carrierNetworkChangeMode=false,userSetup=true
12-08 19:06:43.756  3306  3686 D NetworkController.MobileSignalController(2): 	to: connected=true,enabled=true,level=5,inetCondition=1,iconGroup=IconGroup(4G),activityIn=false,activityOut=false,rssi=0,lastModified=12-08 07:06:34,dataSim=true,networkName=Vivo,networkNameData=Vivo,dataConnected=true,roaming=false,isDefault=false,isEmergency=false,airplaneMode=false,carrierNetworkChangeMode=false,userSetup=true
12-08 19:06:43.756  3306  3686 D NetworkController.MobileSignalController(2): SubscriptionInfo.getSimSlotIndex(): 0
12-08 19:06:43.756  3306  3686 D NetworkController: isSimOff(0): false
12-08 19:06:43.756  3306  3686 D NetworkController: hasPrefered: false
12-08 19:06:43.756  3306  3686 D NetworkController.MobileSignalController(2): SubscriptionInfo.getSimSlotIndex(): 0
12-08 19:06:43.756  3306  3686 D NetworkController: isSimOff(0): false
12-08 19:06:43.756  3306  3686 D NetworkController: hasPrefered: false
12-08 19:06:43.756  3306  3686 D NetworkController.MobileSignalController(2): SubscriptionInfo.getSimSlotIndex(): 0
12-08 19:06:43.756  3306  3686 D NetworkController: isSimOff(0): false
12-08 19:06:43.756  3306  3686 D NetworkController: hasPrefered: false
12-08 19:06:43.758  3306  3306 D CarrierText: i=0 subId=2 status=Normal ss=true
12-08 19:06:43.758  3306  3306 D CarrierText: getRoaming=false
12-08 19:06:43.758  3306  3306 D CarrierText: Handling (subId=2): READY Vivo
12-08 19:06:43.759 30068 30068 V AsusCellBroadcast: [CellBroadcastReceiver] onReceive Intent { act=android.intent.action.SERVICE_STATE flg=0x1000010 cmp=com.android.cellbroadcastreceiver/.CellBroadcastReceiver (has extras) } , privileged=false
12-08 19:06:43.761  3306  3306 D CarrierText: Handling subId=2 simState=READY carrierName=Vivo carrierTextForSimState=Vivo mSimSlotMessage={}
12-08 19:06:43.762  3463  3635 I QCNEJ/CndHalConnector: -> SND notifyMobileDataEnabledChanged(true)
12-08 19:06:43.763  3306  3686 D NetworkController.MobileSignalController(2): notifyListeners NetworkCountryIso=br
12-08 19:06:43.764  3306  3686 D NetworkController: onReceive: intent=Intent { act=android.intent.action.SERVICE_STATE flg=0x1000010 (has extras) }
12-08 19:06:43.764  3306  3306 D CarrierText: subId=2 voice_network_type=13 network_class=3 is2G=false hasService=true
12-08 19:06:43.765  3306  3306 D CarrierText: displayText=null carrierTextForSimState=Vivo
12-08 19:06:43.765  3306  3306 D CarrierText: SIM ready and in service: subId=2, ss=0 0 voice home data home VIVO VIVO 72410 VIVO VIVO 72410  LTE LTE CSS not supported -1 -1 RoamInd=-1 DefRoamInd=-1 EmergOnly=false IsDataRoamingFromRegistration=false IsUsingCarrierAggregation=false mLteEarfcnRsrpBoost=0
12-08 19:06:43.765  3306  3306 D CarrierText: displayText--Vivo
12-08 19:06:43.765  3306  3306 D CarrierText: N=1
12-08 19:06:43.766  3306  3306 D CarrierText: isBrazilCountryCode subId=2 simCountryISO=br result=true
12-08 19:06:43.767  3306  3306 D CarrierText: i=0 subId=2 status=Normal ss=true
12-08 19:06:43.767  3306  3306 D CarrierText: getRoaming=false
12-08 19:06:43.767  3306  3306 D CarrierText: Handling (subId=2): READY Vivo
12-08 19:06:43.769  3306  3306 D CarrierText: Handling subId=2 simState=READY carrierName=Vivo carrierTextForSimState=Vivo mSimSlotMessage={2=VIVO SP 11}
12-08 19:06:43.770  3306  3306 D CarrierText: subId=2 voice_network_type=13 network_class=3 is2G=false hasService=true
12-08 19:06:43.770  3306  3306 D CarrierText: displayText=null carrierTextForSimState=Vivo
12-08 19:06:43.770  3306  3306 D CarrierText: SIM ready and in service: subId=2, ss=0 0 voice home data home VIVO VIVO 72410 VIVO VIVO 72410  LTE LTE CSS not supported -1 -1 RoamInd=-1 DefRoamInd=-1 EmergOnly=false IsDataRoamingFromRegistration=false IsUsingCarrierAggregation=false mLteEarfcnRsrpBoost=0
12-08 19:06:43.770  3306  3306 D CarrierText: displayText--Vivo
12-08 19:06:43.772  2821  4453 D CompatibilityInfo: mCompatibilityFlags - 0
12-08 19:06:43.772  2821  4453 D CompatibilityInfo: applicationDensity - 480
12-08 19:06:43.772  2821  4453 D CompatibilityInfo: applicationScale - 1.0
12-08 19:06:43.775  6692  6692 D SimCardReceiver: onReceive actioncode: android.intent.action.SERVICE_STATE
12-08 19:06:43.776  3306  3306 D MoreNotificationIcon: implementMoreNotificationIcon(false)
12-08 19:06:43.776  3306  3306 D StatusBar: android checkMoreIconColorize: !isPreL: true isGrayscale: true
12-08 19:06:43.776  3306  3306 D StatusBar: com.whatsapp checkMoreIconColorize: !isPreL: true isGrayscale: true
12-08 19:06:43.778  6692 15655 D PhoneCapabilityTester: sim1 isActive = true
12-08 19:06:43.778  6692 15655 D PhoneCapabilityTester: sim2 isActive = false
12-08 19:06:43.780  3517  3517 D PhoneGlobals: [mPhoneStateListener] onServiceStateChanged, subId[0] = 2, phoneId = 0
12-08 19:06:43.780  3517  3517 D PhoneGlobals: [mPhoneStateListener] onServiceStateChanged, state.getState() = 0
12-08 19:06:43.780  3517  3517 D PhoneGlobals: [mPhoneStateListener] onServiceStateChanged, isNonRoamingInService = true
12-08 19:06:43.780  3517  3517 D TeleService: [TELESERVICE][AsusPhoneUtils]: checkRoamingStateForPrompt(), bRoaming = false, slot = 0
12-08 19:06:43.781  3463  3463 W DPMJ    : |SERVICE| DPM received ACTION_ANY_DATA_CONNECTION_STATE_CHANGEDdefault
12-08 19:06:43.781  3463  3463 W DPMJ    : |SERVICE| If apn type is default ->default
12-08 19:06:43.781  3517  3517 D PhoneGlobals: [mPhoneStateListener] onServiceStateChanged, state.getRoaming() = false, getPhone(subId[0]).getDataRoamingEnabled() = false
12-08 19:06:43.782  3517  3517 D [TELESERVICE][AsusPhoneUtils]: getMobileSlot(): slotId = 0
12-08 19:06:43.782  3517  3517 D TeleService: [TELESERVICE][AsusPhoneUtils]: getRoamingNotificationDB: iRoamingNotificationState = 1, ret = true
12-08 19:06:43.782  3517  3517 D PhoneGlobals: [mPhoneStateListener] onServiceStateChanged, mobileDataOn = true
12-08 19:06:43.782  3517  3517 D PhoneGlobals: onServiceStateChanged(): mServiceState = 0, mServiceState2 = 1
12-08 19:06:43.782  3517  3517 D PhoneGlobals: onReceive(): action = android.intent.action.SERVICE_STATE
12-08 19:06:43.782  3517  3517 D TeleService: PhoneGlobals: mReceiver: ACTION_SERVICE_STATE_CHANGED
12-08 19:06:43.782  3517  3517 D PhoneGlobals: handleServiceStateChanged: intent = Intent { act=android.intent.action.SERVICE_STATE flg=0x1000010 (has extras) }
12-08 19:06:43.783  3755  3755 W ContextImpl: Calling a method in the system process without a qualified user: android.app.ContextImpl.sendBroadcast:965 android.content.ContextWrapper.sendBroadcast:447 com.asus.mobilemanagerservice.MobileManagerService$b.onReceive:54 android.app.LoadedApk$ReceiverDispatcher$Args.lambda$-android_app_LoadedApk$ReceiverDispatcher$Args_51298:1299 android.app.-$Lambda$FilBqgnXJrN9Mgyks1XHeAxzSTk.$m$0:4 
12-08 19:06:43.784  3517  3517 D PhoneGlobals: handleServiceStateChanged: state = 0, ss.getVoiceRoaming() = false
12-08 19:06:43.784  3517  3517 D [TELESERVICE][AsusPhoneUtils]: setHasShowedmRoamingDialog(): on = false, slotId = 0
12-08 19:06:43.785  3517  3517 D [TELESERVICE][AsusPhoneUtils]: getMobileSlot(): slotId = 0
12-08 19:06:43.786  3517  3517 D PhoneGlobals: onReceive(): action = android.intent.action.ANY_DATA_STATE
12-08 19:06:43.787  3517  3517 D PhoneGlobals: mReceiver: android.intent.action.ANY_DATA_STATE
12-08 19:06:43.787  3517  3517 D PhoneGlobals: - state: CONNECTED
12-08 19:06:43.787  3517  3517 D PhoneGlobals: - reason: null
12-08 19:06:43.787  3517  3517 D PhoneGlobals: - subId: 2
12-08 19:06:43.787  3517  3517 D PhoneGlobals: - phoneId: 0
12-08 19:06:43.787  3517  3517 D [TELESERVICE][AsusPhoneUtils]: getMobileSlot(): slotId = 0
12-08 19:06:43.787  3517  3517 D TeleService: PhoneGlobals: mReceiver: ACTION_ANY_DATA_CONNECTION_STATE_CHANGED: subId = 2
12-08 19:06:43.787  3517  3517 D TeleService: PhoneGlobals: mReceiver: ACTION_ANY_DATA_CONNECTION_STATE_CHANGED: mDataDisconnectedDueToRoaming = false
12-08 19:06:43.788  3517  3517 D TeleService: PhoneGlobals: mReceiver: ACTION_ANY_DATA_CONNECTION_STATE_CHANGED: phone.getDataRoamingEnabled = false
12-08 19:06:43.788  3517  3517 D PhoneGlobals: handleMessage() msg.what: 102
12-08 19:06:43.788  3517  3517 D PhoneGlobals: handleMessage() msg.what: 11
12-08 19:06:43.788  3517  3517 D TeleService: PhoneGlobals: mHandler: EVENT_DATA_ROAMING_OK
12-08 19:06:43.788  2821  4453 D CompatibilityInfo: mCompatibilityFlags - 0
12-08 19:06:43.788  2821  4453 D CompatibilityInfo: applicationDensity - 480
12-08 19:06:43.788  2821  4453 D CompatibilityInfo: applicationScale - 1.0
12-08 19:06:43.791  3463  3635 I QCNEJ/CndHalConnector: -> SND notifyRatConnectionStatusChanged(rat = 0, CONNECTED)
12-08 19:06:43.792 28046 28046 I CarrierServices: [2] ServiceStateReceiver.onReceive: Received SERVICE_STATE intent.
12-08 19:06:43.797  2821  4453 D CompatibilityInfo: mCompatibilityFlags - 0
12-08 19:06:43.797  2821  4453 D CompatibilityInfo: applicationDensity - 480
12-08 19:06:43.797  2821  4453 D CompatibilityInfo: applicationScale - 1.0
12-08 19:06:43.836 15410 15410 W Thread-2: type=1400 audit(0.0:11429): avc: denied { read } for name="stat" dev="proc" ino=4026532127 scontext=u:r:untrusted_app_25:s0:c512,c768 tcontext=u:object_r:proc_stat:s0 tclass=file permissive=0
12-08 19:06:45.366 15410 15410 I chatty  : uid=10193(u0_a193) com.YourCompany.SkyVision identical 14 lines
12-08 19:06:45.486 15410 15410 W Thread-2: type=1400 audit(0.0:11444): avc: denied { read } for name="stat" dev="proc" ino=4026532127 scontext=u:r:untrusted_app_25:s0:c512,c768 tcontext=u:object_r:proc_stat:s0 tclass=file permissive=0
12-08 19:06:45.552 15410 15448 D UE4     : [2018.12.08-21.06.45:552][685]LogBlueprintUserMessages: [GoogleVRPawn_326] StaticMesh
12-08 19:06:45.568 15410 15448 D UE4     : [2018.12.08-21.06.45:568][686]LogBlueprintUserMessages: [GoogleVRPawn_326] StaticMesh
12-08 19:06:45.586 15410 15410 W Thread-2: type=1400 audit(0.0:11445): avc: denied { read } for name="stat" dev="proc" ino=4026532127 scontext=u:r:untrusted_app_25:s0:c512,c768 tcontext=u:object_r:proc_stat:s0 tclass=file permissive=0
12-08 19:06:45.588 15410 15448 D UE4     : [2018.12.08-21.06.45:588][687]LogBlueprintUserMessages: [GoogleVRPawn_326] StaticMesh
12-08 19:06:45.602 15410 15448 D UE4     : [2018.12.08-21.06.45:602][688]LogBlueprintUserMessages: [GoogleVRPawn_326] StaticMesh
12-08 19:06:45.618 15410 15448 D UE4     : [2018.12.08-21.06.45:618][689]LogBlueprintUserMessages: [GoogleVRPawn_326] StaticMesh
12-08 19:06:45.636 15410 15448 D UE4     : [2018.12.08-21.06.45:636][690]LogBlueprintUserMessages: [GoogleVRPawn_326] StaticMesh
12-08 19:06:45.652 15410 15448 D UE4     : [2018.12.08-21.06.45:652][691]LogBlueprintUserMessages: [GoogleVRPawn_326] StaticMesh
12-08 19:06:45.669 15410 15448 D UE4     : [2018.12.08-21.06.45:669][692]LogBlueprintUserMessages: [GoogleVRPawn_326] StaticMesh
12-08 19:06:45.686 15410 15410 W Thread-2: type=1400 audit(0.0:11446): avc: denied { read } for name="stat" dev="proc" ino=4026532127 scontext=u:r:untrusted_app_25:s0:c512,c768 tcontext=u:object_r:proc_stat:s0 tclass=file permissive=0
12-08 19:06:45.686 15410 15448 D UE4     : [2018.12.08-21.06.45:686][693]LogBlueprintUserMessages: [GoogleVRPawn_326] StaticMesh
12-08 19:06:45.703 15410 15448 D UE4     : [2018.12.08-21.06.45:703][694]LogBlueprintUserMessages: [GoogleVRPawn_326] StaticMesh
12-08 19:06:45.719 15410 15448 D UE4     : [2018.12.08-21.06.45:719][695]LogBlueprintUserMessages: [GoogleVRPawn_326] StaticMesh
12-08 19:06:45.736 15410 15448 D UE4     : [2018.12.08-21.06.45:736][696]LogBlueprintUserMessages: [GoogleVRPawn_326] StaticMesh
12-08 19:06:45.748  3306  3686 D NetworkController: onReceive: intent=Intent { act=android.net.wifi.RSSI_CHANGED flg=0x4000010 (has extras) }
12-08 19:06:45.753 15410 15448 D UE4     : [2018.12.08-21.06.45:753][697]LogBlueprintUserMessages: [GoogleVRPawn_326] StaticMesh
12-08 19:06:45.756  3306  3686 D NetworkController.WifiSignalController: Change in state from: connected=true,enabled=true,level=4,inetCondition=1,iconGroup=IconGroup(Wi-Fi Icons),activityIn=true,activityOut=true,rssi=-60,lastModified=12-08 07:06:42,ssid="GIOVANE_2.4",badgeEnum=0,isTransient=false
12-08 19:06:45.756  3306  3686 D NetworkController.WifiSignalController: 	to: connected=true,enabled=true,level=3,inetCondition=1,iconGroup=IconGroup(Wi-Fi Icons),activityIn=true,activityOut=true,rssi=-67,lastModified=12-08 07:06:42,ssid="GIOVANE_2.4",badgeEnum=0,isTransient=false
12-08 19:06:45.756 28046 28087 I CarrierServices: [6885] bxd.a: FiST: Wifi connectivity status true
12-08 19:06:45.758 28046 28087 I CarrierServices: [6885] bxi.d: Connected state: [1], networkType: [WIFI]
12-08 19:06:45.758 28046 28129 I CarrierServices: [6905] bei.handleMessage: RCS is disabled, skipping config update request
