12-10 14:05:11.066  3252  3457 D NetworkController.MobileSignalController(2): isVolteAvailable=false
12-10 14:05:11.066  3754  4401 W ContextImpl: Calling a method in the system process without a qualified user: android.app.ContextImpl.bindService:1540 android.content.ContextWrapper.bindService:689 com.google.android.gms.common.stats.b.a:15 com.google.android.gms.common.stats.b.a:13 com.google.android.gms.analytics.internal.zzi$zza.zzzv:59 
12-10 14:05:11.066  3590  3780 D PhoneInterfaceManager: isVideoTelephonyAvailable: sub Id : 2
12-10 14:05:11.066  3252  3457 D NetworkController.MobileSignalController(2): isVideoTelephonyAvailable=false
12-10 14:05:11.067  3252  3252 D StatusBar: onConfigurationChanged Vertical new : true / old : false
12-10 14:05:11.067  3252  3252 D LightBarController: Check FullscreenLight
12-10 14:05:11.067  3252  3252 D LightBarController: Check light: false light: false
12-10 14:05:11.067  3252  3252 D LightBarController: Check DockedLight
12-10 14:05:11.067  3252  3252 D LightBarController: Check light: false light: false
12-10 14:05:11.067  3252  3252 D skia    : --- SkAndroidCodec::NewFromStream returned null
12-10 14:05:11.077   663  1000 D SDM     : DisplayBase::BuildLayerStackStats: LayerStack layer_count: 4, app_layer_count: 3, gpu_target_index: 3, display type: 0
12-10 14:05:11.083  3252  3252 I keyguard: AsusMediator:onConfigurationChanged:{0 1.0 724mcc10mnc [pt_BR] ldltr sw360dp w360dp h675dp 480dpi nrml long hdr port finger -keyb/v/h -nav/h appBounds=Rect(0, 0 - 1080, 2114) s.34}
12-10 14:05:11.084  3252  3252 I keyguard: AsusSlideshowManager:onConfigurationChanged
12-10 14:05:11.084  3252  3252 I keyguard: SlideshowLocaleManager:getLanguageLocale: pt_br
12-10 14:05:11.084  3252  3252 I keyguard: AsusClockContainer_L:uninit
12-10 14:05:11.084  3252  3252 V KeyguardUpdateMonitor: *** unregister callback for com.android.keyguard.CarrierText$1@e51b2f5
12-10 14:05:11.084  2845 18129 V AudioService.RotationHelper: publishing device rotation =0 (x90deg)
12-10 14:05:11.084  3252  3252 V KeyguardUpdateMonitor: *** unregister callback for com.asus.keyguard.module.clock.ui.AsusSimpleDigitalClockForFBE$2@8bb8578
12-10 14:05:11.084  3252  3252 I keyguard: AsusMediator:unregisterBarClockShowCallback callback:com.asus.keyguard.module.clock.ui.AsusWeatherClockContainer$1@20fdefb
12-10 14:05:11.084  3252  3252 I keyguard: TargetContainer:uninitDrag
12-10 14:05:11.084  3252  3252 W keyguard: AnimationTargetContainer:reset mState:READY
12-10 14:05:11.085  3252  3252 I keyguard: AsusClockContainer_L:onInit
12-10 14:05:11.086  3252  3252 D AppWidgetUtils: isSupportNewWeatherInfoRequest supportFeature: 1
12-10 14:05:11.086  3252  3252 D keyguard: AsusClockContainer_L:onFinishInflate: mWeatherWidgetIdInSettings=-1
12-10 14:05:11.087  3252  3252 V KeyguardUpdateMonitor: *** register callback for com.android.keyguard.CarrierText$1@2e699f9
12-10 14:05:11.087  3252  3252 V KeyguardUpdateMonitor: *** unregister callback for null
12-10 14:05:11.087  3252  3252 D CarrierText: N=1
12-10 14:05:11.087  3252  3252 D CarrierText: isBrazilCountryCode subId=2 simCountryISO=br result=true
12-10 14:05:11.088  3252  3252 D CarrierText: i=0 subId=2 status=Normal ss=true
12-10 14:05:11.088  3252  3252 D CarrierText: getRoaming=false
12-10 14:05:11.088  3252  3252 D CarrierText: Handling (subId=2): READY Vivo
12-10 14:05:11.089  3252  3252 D CarrierText: Handling subId=2 simState=READY carrierName=Vivo carrierTextForSimState=Vivo mSimSlotMessage={}
12-10 14:05:11.089  3252  3252 D CarrierText: subId=2 voice_network_type=13 network_class=3 is2G=false hasService=true
12-10 14:05:11.089  3252  3252 D CarrierText: displayText=null carrierTextForSimState=Vivo
12-10 14:05:11.089  3252  3252 D CarrierText: SIM ready and in service: subId=2, ss=0 0 voice home data home Vivo Vivo 72410 Vivo Vivo 72410  LTE LTE CSS not supported -1 -1 RoamInd=-1 DefRoamInd=-1 EmergOnly=false IsDataRoamingFromRegistration=false IsUsingCarrierAggregation=false mLteEarfcnRsrpBoost=0
12-10 14:05:11.089  3252  3252 D CarrierText: displayText--Vivo
12-10 14:05:11.090  3252  3252 I keyguard: TargetContainer:onPathDataChanged mPathKey:clock data:null
12-10 14:05:11.090  3252  3252 I keyguard: AsusMediator:registerBarClockShowCallback callback:com.asus.keyguard.module.clock.ui.AsusWeatherClockContainer$1@ea3079f
12-10 14:05:11.090  3252  3252 I keyguard: TargetContainer:init
12-10 14:05:11.091  3252  3252 D QSContainerImpl: onConfigurationChanged Vertical new : true / old : false
12-10 14:05:11.091  3252  3252 D QuickStatusBarHeader: onConfigurationChanged Vertical new : true / old : false
12-10 14:05:11.091  3252  3252 D StatusBarIconController: isVertical: true
12-10 14:05:11.091  3252  3252 D StatusBarIconController: mZenIconView setVisibility VISIBLE
12-10 14:05:11.092  3252  3252 D keyguard: KeyguardUpdateMonitor:getUserCanSkipBouncer,getUserHasTrust:false,isFpAuthenticated:false,isFaceAuthenticated:false
12-10 14:05:11.094  3252  3252 I keyguard: TargetContainer:uninitDrag
12-10 14:05:11.094  3252  3252 W keyguard: AnimationTargetContainer:reset mState:READY
12-10 14:05:11.094  3252  3252 I keyguard: TargetContainer:uninitDrag
12-10 14:05:11.094  3252  3252 W keyguard: AnimationTargetContainer:reset mState:READY
12-10 14:05:11.095  3252  3252 I keyguard: TargetContainer:init
12-10 14:05:11.095  3252  3252 I keyguard: AsusLSShortcut:updateUI app:android.graphics.drawable.VectorDrawable@2844f4a background:null color:-1
12-10 14:05:11.095  3252  3252 I keyguard: AsusLSShortcut:setAppInfo:Cmera
12-10 14:05:11.096  3252  3252 I keyguard: TargetContainer:init
12-10 14:05:11.096  3252  3252 I keyguard: AsusLSShortcut:updateUI app:android.graphics.drawable.VectorDrawable@fba7ebb background:null color:-1
12-10 14:05:11.096  3252  3252 I keyguard: AsusLSShortcut:setAppInfo:Cmera
12-10 14:05:11.096  3252  3252 I keyguard: AsusLSShortcut:updateUI app:android.graphics.drawable.VectorDrawable@4a71fd8 background:null color:-1
12-10 14:05:11.096  3252  3252 W keyguard: AsusShortcutInfo:appName not found:android.content.pm.PackageManager$NameNotFoundException: ComponentInfo{com.asus.keyguard.module.slideshow.ui/com.asus.keyguard.module.slideshow.ui.SlideshowSettingPanelView}
12-10 14:05:11.096  3252  3252 I keyguard: AsusLSShortcut:setAppInfo:null
12-10 14:05:11.098  3252  3252 I keyguard: AsusLSShortcut:updateUI app:android.graphics.drawable.VectorDrawable@c401616 background:null color:-1
12-10 14:05:11.098  3252  3252 I keyguard: AsusLSShortcut:updateUI app:android.graphics.drawable.VectorDrawable@9084b97 background:null color:-1
12-10 14:05:11.098  3252  3252 I keyguard: TargetContainer:onPathDataChanged mPathKey:null data:null
12-10 14:05:11.098  3252  3252 I keyguard: TargetContainer:onPathDataChanged mPathKey:null data:null
12-10 14:05:11.109  3252  3252 D MoreNotificationIcon: implementMoreNotificationIcon(false)
12-10 14:05:11.109  3252  3252 D StatusBar: com.asus.powersaver checkMoreIconColorize: !isPreL: true isGrayscale: true
12-10 14:05:11.109  3252  3252 D StatusBar: android checkMoreIconColorize: !isPreL: true isGrayscale: true
12-10 14:05:11.110  3252  3252 D MoreNotificationIcon: implementMoreNotificationIcon(false)
12-10 14:05:11.110  3252  3252 D StatusBar: com.asus.powersaver checkMoreIconColorize: !isPreL: true isGrayscale: true
12-10 14:05:11.110  3252  3252 D StatusBar: android checkMoreIconColorize: !isPreL: true isGrayscale: true
12-10 14:05:11.111   663  1000 D SDM     : DisplayBase::BuildLayerStackStats: LayerStack layer_count: 4, app_layer_count: 3, gpu_target_index: 3, display type: 0
12-10 14:05:11.111  3252  3252 D MoreNotificationIcon: implementMoreNotificationIcon(false)
12-10 14:05:11.111  3252  3252 D StatusBar: com.asus.powersaver checkMoreIconColorize: !isPreL: true isGrayscale: true
12-10 14:05:11.111  3252  3252 D StatusBar: android checkMoreIconColorize: !isPreL: true isGrayscale: true
12-10 14:05:11.111  3252  3252 D MoreNotificationIcon: implementMoreNotificationIcon(false)
12-10 14:05:11.111  3252  3252 D StatusBar: com.asus.powersaver checkMoreIconColorize: !isPreL: true isGrayscale: true
12-10 14:05:11.111  3252  3252 D StatusBar: android checkMoreIconColorize: !isPreL: true isGrayscale: true
12-10 14:05:11.113  3252  3252 W StaticLayout: maxLineHeight should not be -1.  maxLines:2 lineCount:2
12-10 14:05:11.115  3252  3252 I chatty  : uid=10018(u0_a18) com.android.systemui identical 22 lines
12-10 14:05:11.115  3252  3252 W StaticLayout: maxLineHeight should not be -1.  maxLines:2 lineCount:2
12-10 14:05:11.118  3252  3252 W StaticLayout: maxLineHeight should not be -1.  maxLines:1 lineCount:1
12-10 14:05:11.121  3252  3252 I chatty  : uid=10018(u0_a18) com.android.systemui identical 15 lines
12-10 14:05:11.121  3252  3252 W StaticLayout: maxLineHeight should not be -1.  maxLines:1 lineCount:1
12-10 14:05:11.143   663  1000 D SDM     : DisplayBase::BuildLayerStackStats: LayerStack layer_count: 4, app_layer_count: 3, gpu_target_index: 3, display type: 0
12-10 14:05:11.150  3252  3252 D MoreNotificationIcon: implementMoreNotificationIcon(false)
12-10 14:05:11.150  3252  3252 D StatusBar: com.asus.powersaver checkMoreIconColorize: !isPreL: true isGrayscale: true
12-10 14:05:11.150  3252  3252 D StatusBar: android checkMoreIconColorize: !isPreL: true isGrayscale: true
12-10 14:05:11.151  3252  3252 D MoreNotificationIcon: implementMoreNotificationIcon(false)
12-10 14:05:11.151  3252  3252 D StatusBar: com.asus.powersaver checkMoreIconColorize: !isPreL: true isGrayscale: true
12-10 14:05:11.151  3252  3252 D StatusBar: android checkMoreIconColorize: !isPreL: true isGrayscale: true
12-10 14:05:11.152  3252  3252 D MoreNotificationIcon: implementMoreNotificationIcon(false)
12-10 14:05:11.152  3252  3252 D StatusBar: com.asus.powersaver checkMoreIconColorize: !isPreL: true isGrayscale: true
12-10 14:05:11.152  3252  3252 D StatusBar: android checkMoreIconColorize: !isPreL: true isGrayscale: true
12-10 14:05:11.153  3252  3252 D MoreNotificationIcon: implementMoreNotificationIcon(false)
12-10 14:05:11.153  3252  3252 D StatusBar: com.asus.powersaver checkMoreIconColorize: !isPreL: true isGrayscale: true
12-10 14:05:11.153  3252  3252 D StatusBar: android checkMoreIconColorize: !isPreL: true isGrayscale: true
12-10 14:05:11.155  3252  3252 W StaticLayout: maxLineHeight should not be -1.  maxLines:2 lineCount:2
12-10 14:05:11.157  3252  3252 I chatty  : uid=10018(u0_a18) com.android.systemui identical 10 lines
12-10 14:05:11.157  3252  3252 W StaticLayout: maxLineHeight should not be -1.  maxLines:2 lineCount:2
12-10 14:05:11.158  2845  2845 W JobServiceContext: App Op not allow JobScheduler to start app com.google.android.projection.gearhead/10153
12-10 14:05:11.158  2845  2845 D JobSchedulerService: Error executing JobStatus{4673817 #u0a153/790541 com.google.android.projection.gearhead/com.google.android.gearhead.cloud.home.CloudCardJobService u=0 s=10153 TIME=-1h4m17s257ms:+1h55m42s743ms NET=3 PERSISTED READY}
12-10 14:05:11.165  2845  2845 D CompatibilityInfo: mCompatibilityFlags - 0
12-10 14:05:11.165  2845  2845 D CompatibilityInfo: applicationDensity - 480
12-10 14:05:11.165  2845  2845 D CompatibilityInfo: applicationScale - 1.0
12-10 14:05:11.167  3252  3252 W StaticLayout: maxLineHeight should not be -1.  maxLines:1 lineCount:1
12-10 14:05:11.167  3252  3252 I chatty  : uid=10018(u0_a18) com.android.systemui identical 2 lines
12-10 14:05:11.167  3252  3252 W StaticLayout: maxLineHeight should not be -1.  maxLines:1 lineCount:1
12-10 14:05:11.174  3252  3252 D StatusBar: disable<e i a s b h r c s q >
12-10 14:05:11.192  2847 18148 D NextAppTrainingJobService: insert data - Package:__na__, Previous1:com.YourCompany.SkyVision, Previous2:com.google.android.packageinstaller, Previous3:com.YourCompany.SkyVision, Previous4:com.asus.launcher, Timestamp:1544457911040, p1_ts_diff:236670, p2_ts_diff:236738, p3_ts_diff:237085, p4_ts_diff:287703, p1_dur:236670, p2_dur:56, p3_dur:187, p4_dur:50556, Hour:14, DayClass:12~18, Weekday:Monday, WeekClass:weekday, Timezone:America/Sao_Paulo, UTC:-2, Plugged:1, LastPlugged:5810995, MobileRadioOn:1, LastMobileRadioOn:238083, WifiOn:0, LastWifiOn:86400, GpsOn:-1, LastGpsOn:6115349, SensorOn:-1, LastSensorOn:229336, WifiScan:-1, LastWifiScan:1354763, WifiFullLock:0, LastWifiFullLock:86400, WifiRunning:1, LastWifiRunning:14655266, WifiMultiCastOn:-1, LastWifiMultiCastOn:556810, AudioOn:1, LastAudioOn:1558493, CameraOn:0, LastCameraOn:86400, VideoOn:-1, LastVideoOn:9878498, LowPowerModeOn:0, LastLowPowerModeOn:86400, FlashlightOn:0, LastFlashlightOn:86400, ChargingOn:1, LastChargingOn:5810532, PhoneInCall:0, LastPhoneInCall:86400, PhoneScanning:-1, LastPhoneScanning:14654102, BleScanning:0, LastBleScanning:86400, WifiHotspotOn:0, LastWifiHotspotOn:86400, 
12-10 14:05:11.194   663  1000 D SDM     : DisplayBase::BuildLayerStackStats: LayerStack layer_count: 4, app_layer_count: 3, gpu_target_index: 3, display type: 0
12-10 14:05:11.199  3754  3754 D FOCUS_FOREGROUND_MONITOR: HIT: [AutoCCT] v1.1.0 Update CS(3) L(298) success
12-10 14:05:11.211   663  1000 D SDM     : DisplayBase::BuildLayerStackStats: LayerStack layer_count: 4, app_layer_count: 3, gpu_target_index: 3, display type: 0
12-10 14:05:11.218  2847 18148 D NextAppCoreTrainingJobService: [filter predict result] current pkg = com.YourCompany.SkyVision, predict 1 = com.whatsapp:0.29164162278175354, predict 2 = com.facebook.katana:0.14416275918483734, predict 3 = com.reddit.frontpage:0.13775549829006195, predict 4 = com.ninegag.android.app:0.0904339849948883, predict 5 = com.android.chrome:0.0580366849899292
12-10 14:05:11.218  2847 18148 D NextAppCoreTrainingJobService: [predict result] current pkg = com.YourCompany.SkyVision, predict 1 = com.whatsapp:0.29164162278175354, predict 2 = com.facebook.katana:0.14416275918483734, predict 3 = com.reddit.frontpage:0.13775549829006195, predict 4 = com.ninegag.android.app:0.0904339849948883, predict 5 = com.android.chrome:0.0580366849899292
12-10 14:05:11.218  2847 18148 D NextAppCoreTrainingJobService: [20 launch app][filter predict result] current pkg = com.YourCompany.SkyVision, predict 1 = com.whatsapp:0.29164162278175354, predict 2 = com.facebook.katana:0.14416275918483734, predict 3 = com.reddit.frontpage:0.13775549829006195, predict 4 = com.ninegag.android.app:0.0904339849948883, predict 5 = com.android.chrome:0.0580366849899292
12-10 14:05:11.218  2847 18148 D NextAppCoreTrainingJobService: [20 launch app][predict result] current pkg = com.YourCompany.SkyVision, predict 1 = com.whatsapp:0.29164162278175354, predict 2 = com.facebook.katana:0.14416275918483734, predict 3 = com.reddit.frontpage:0.13775549829006195, predict 4 = com.ninegag.android.app:0.0904339849948883, predict 5 = com.android.chrome:0.0580366849899292
12-10 14:05:11.219  2847 18148 D NextAppCoreTrainingJobService: [predictAll] pkg = com.whatsapp,com.facebook.katana,com.reddit.frontpage,com.ninegag.android.app,com.android.chrome,com.square_enix.android_googleplay.FFBEWW,com.nianticlabs.pokemongo,com.google.android.gm,com.google.android.googlequicksearchbox,org.telegram.messenger,com.google.android.keep,com.asus.contacts,com.yahoo.mobile.client.android.mail,com.waze,com.asus.deskclock
12-10 14:05:11.219  2847 18148 D NextAppCoreTrainingJobService: [predictAll] rate= 2916,1441,1377,904,580,504,361,265,232,181,163,122,119,119,118
12-10 14:05:11.220  3252  3252 I keyguard: AsusSlideshowManager:updateSlideshowInformation: imageSource: false
12-10 14:05:11.220  3252  3252 I keyguard: AsusSlideshowManager:setSlideshowInformationTitle: null, view: true
12-10 14:05:11.220  3252  3252 I keyguard: AsusKgBottomAreaZen35:setSlideshowInformationTextView: null
12-10 14:05:11.220  3252  3252 I keyguard: TargetContainer:initDrag
12-10 14:05:11.220  3252  3252 E keyguard: FramesHelp:not support no path data
12-10 14:05:11.220  3252  3252 I keyguard: TargetContainer:initDrag
12-10 14:05:11.220  3252  3252 E keyguard: FramesHelp:not support no path data
12-10 14:05:11.220  3252  3252 I keyguard: TargetContainer:initDrag
12-10 14:05:11.220  3252  3252 E keyguard: FramesHelp:not support no path data
12-10 14:05:11.227   663  1000 D SDM     : DisplayBase::BuildLayerStackStats: LayerStack layer_count: 4, app_layer_count: 3, gpu_target_index: 3, display type: 0
12-10 14:05:11.240  4346  4346 D Launcher: NextAppCoreObserver onChange:false
12-10 14:05:11.244   663  1000 D SDM     : DisplayBase::BuildLayerStackStats: LayerStack layer_count: 4, app_layer_count: 3, gpu_target_index: 3, display type: 0
12-10 14:05:11.257  2845  2845 W JobServiceContext: App Op not allow JobScheduler to start app com.google.android.projection.gearhead/10153
12-10 14:05:11.257  2845  2845 D JobSchedulerService: Error executing JobStatus{4673817 #u0a153/790541 com.google.android.projection.gearhead/com.google.android.gearhead.cloud.home.CloudCardJobService u=0 s=10153 TIME=-1h4m17s357ms:+1h55m42s643ms NET=3 PERSISTED READY}
12-10 14:05:11.266  4346 18150 D Launcher: app prediction list:com.whatsapp,com.facebook.katana,com.reddit.frontpage,com.ninegag.android.app,com.android.chrome,com.square_enix.android_googleplay.FFBEWW,com.nianticlabs.pokemongo,com.google.android.gm,com.google.android.googlequicksearchbox,org.telegram.messenger,com.google.android.keep,com.asus.contacts,com.yahoo.mobile.client.android.mail,com.waze,com.asus.deskclock
12-10 14:05:11.278   663  1000 D SDM     : DisplayBase::BuildLayerStackStats: LayerStack layer_count: 5, app_layer_count: 4, gpu_target_index: 4, display type: 0
12-10 14:05:11.281  4346  4346 D LauncherLog: AppsCustomizePagedView - syncAppsPageItems page: 0 index: 0 Item: WhatsApp
12-10 14:05:11.284  4346  4346 D LauncherLog: AppsCustomizePagedView - syncAppsPageItems page: 0 index: 1 Item: Facebook
12-10 14:05:11.286  4346  4346 D LauncherLog: AppsCustomizePagedView - syncAppsPageItems page: 0 index: 2 Item: Reddit
12-10 14:05:11.288  4346  4346 D LauncherLog: AppsCustomizePagedView - syncAppsPageItems page: 0 index: 3 Item: 9GAG
12-10 14:05:11.291  4346  4346 D LauncherLog: AppsCustomizePagedView - syncAppsPageItems page: 0 index: 4 Item: FFEXVIUS
12-10 14:05:11.297  3252  3252 I keyguard: AsusSimpleDigitalClockForFBE:updateTime  hour:14  min:05
12-10 14:05:11.299  3252  3252 V KeyguardUpdateMonitor: *** register callback for com.asus.keyguard.module.clock.ui.AsusSimpleDigitalClockForFBE$2@78e2f08
12-10 14:05:11.299  3252  3252 V KeyguardUpdateMonitor: *** unregister callback for null
12-10 14:05:11.311  2845  2911 D CompatibilityInfo: mCompatibilityFlags - 0
12-10 14:05:11.311  2845  2911 D CompatibilityInfo: applicationDensity - 480
12-10 14:05:11.311  2845  2911 D CompatibilityInfo: applicationScale - 1.0
12-10 14:05:11.311  2845  2845 W JobServiceContext: App Op not allow JobScheduler to start app com.google.android.projection.gearhead/10153
12-10 14:05:11.311  2845  2845 D JobSchedulerService: Error executing JobStatus{4673817 #u0a153/790541 com.google.android.projection.gearhead/com.google.android.gearhead.cloud.home.CloudCardJobService u=0 s=10153 TIME=-1h4m17s411ms:+1h55m42s589ms NET=3 PERSISTED READY}
12-10 14:05:11.312   663  1000 D SDM     : DisplayBase::BuildLayerStackStats: LayerStack layer_count: 5, app_layer_count: 4, gpu_target_index: 4, display type: 0
12-10 14:05:11.334 17418 17561 D UE4     : *** JavaEnvDestructor: 17561
12-10 14:05:11.334 17418 17562 D UE4     : *** JavaEnvDestructor: 17562
12-10 14:05:11.335 17418 17560 D UE4     : *** JavaEnvDestructor: 17560
12-10 14:05:11.348  3252  3252 I keyguard: AsusFirstKGUnlockedMonitor:getSettingsForFirstKGUnlocked()  settings: true
12-10 14:05:11.348  3252  3252 D keyguard: LockScreenUtils:updateDensityDpi to 480,restoreToSystemDpi:true,originalSmallestWidth:361
12-10 14:05:11.349  3252  3252 D StatusBar: Status bar setSystemUiVisibility sbMode: 4
12-10 14:05:11.349  3252  3252 D GestureNavigationUtility: sIsNavigationBarHidden:false, sIsImmersive:false, sIsImmersiveByUser:false
12-10 14:05:11.350  3252  3252 D LightBarController: Check FullscreenLight
12-10 14:05:11.350  3252  3252 D LightBarController: Check light: true light: false
12-10 14:05:11.350  3252  3252 D LightBarController: Check DockedLight
12-10 14:05:11.350  3252  3252 D LightBarController: Check light: true light: false
12-10 14:05:11.350  3252  3252 D NavigationBar: Navigation bar setSystemUiVisibility nbMode: 0
12-10 14:05:11.350  3252  3252 D NavigationBarView: ImmersiveModeByUser: false
12-10 14:05:11.350  3252  3252 D LightBarController: Check HasLightNavigationBar
12-10 14:05:11.350  3252  3252 D LightBarController: Check light: false light: false
12-10 14:05:11.350  3252  3252 D LightBarController: mNavigationLight: false mHasLightNavigationBar: false mScrimAlphaBelowThreshold: true mImeShown: false
12-10 14:05:11.364  2845  4584 I OpenGLRenderer: Initialized EGL, version 1.4
12-10 14:05:11.365  2845  4584 D OpenGLRenderer: Swap behavior 2
12-10 14:05:11.378   663  1000 D SDM     : DisplayBase::BuildLayerStackStats: LayerStack layer_count: 5, app_layer_count: 4, gpu_target_index: 4, display type: 0
12-10 14:05:11.396   663  1000 D SDM     : DisplayBase::BuildLayerStackStats: LayerStack layer_count: 5, app_layer_count: 4, gpu_target_index: 4, display type: 0
12-10 14:05:11.440  3252  3252 D StatusBar: Status bar setSystemUiVisibility sbMode: -1
12-10 14:05:11.440  3252  3252 D GestureNavigationUtility: sIsNavigationBarHidden:false, sIsImmersive:false, sIsImmersiveByUser:false
12-10 14:05:11.440  3252  3252 D NavigationBar: Navigation bar setSystemUiVisibility nbMode: 4
12-10 14:05:11.440  3252  3252 D NavigationBarView: ImmersiveModeByUser: false
12-10 14:05:11.441  3252  3252 D LightBarController: Check HasLightNavigationBar
12-10 14:05:11.441  3252  3252 D LightBarController: Check light: true light: false
12-10 14:05:11.441  3252  3252 D LightBarController: mNavigationLight: false mHasLightNavigationBar: false mScrimAlphaBelowThreshold: true mImeShown: false
12-10 14:05:11.442  3252  3252 D Recents : setIsRecentLaunching false
12-10 14:05:11.447  2845  3122 I WindowManager: Screen frozen for +499ms due to Window{2e59834 u0 com.android.systemui.ImageWallpaper}
12-10 14:05:11.462   663  1000 D SDM     : DisplayBase::BuildLayerStackStats: LayerStack layer_count: 6, app_layer_count: 5, gpu_target_index: 5, display type: 0
12-10 14:05:11.463  3252  3252 D StatusBar: mTopActivityClassName:com.android.systemui.recents.RecentsActivity
12-10 14:05:11.463  3252  3252 D MoreNotificationIcon: implementMoreNotificationIcon(false)
12-10 14:05:11.463  3252  3252 D StatusBar: com.asus.powersaver checkMoreIconColorize: !isPreL: true isGrayscale: true
12-10 14:05:11.463  3252  3252 D StatusBar: android checkMoreIconColorize: !isPreL: true isGrayscale: true
12-10 14:05:11.470 17418 17566 D UE4     : *** JavaEnvDestructor: 17566
12-10 14:05:11.479   663  1000 D SDM     : DisplayBase::BuildLayerStackStats: LayerStack layer_count: 4, app_layer_count: 3, gpu_target_index: 3, display type: 0
12-10 14:05:11.495   663  1000 D SDM     : DisplayBase::BuildLayerStackStats: LayerStack layer_count: 8, app_layer_count: 7, gpu_target_index: 7, display type: 0
12-10 14:05:11.512   663  1000 D SDM     : DisplayBase::BuildLayerStackStats: LayerStack layer_count: 10, app_layer_count: 9, gpu_target_index: 9, display type: 0
12-10 14:05:11.612   663  1000 I chatty  : uid=1000(system) HwBinder:663_2 identical 6 lines
12-10 14:05:11.629   663  1000 D SDM     : DisplayBase::BuildLayerStackStats: LayerStack layer_count: 10, app_layer_count: 9, gpu_target_index: 9, display type: 0
12-10 14:05:11.646   663  1000 D SDM     : DisplayBase::BuildLayerStackStats: LayerStack layer_count: 6, app_layer_count: 5, gpu_target_index: 5, display type: 0
12-10 14:05:11.662   663  1000 D SDM     : DisplayBase::BuildLayerStackStats: LayerStack layer_count: 6, app_layer_count: 5, gpu_target_index: 5, display type: 0
12-10 14:05:11.679   663  1000 D SDM     : DisplayBase::BuildLayerStackStats: LayerStack layer_count: 5, app_layer_count: 4, gpu_target_index: 4, display type: 0
12-10 14:05:11.684  3252  3252 D MoreNotificationIcon: implementMoreNotificationIcon(false)
12-10 14:05:11.684  3252  3252 D StatusBar: com.asus.powersaver checkMoreIconColorize: !isPreL: true isGrayscale: true
12-10 14:05:11.685  3252  3252 D StatusBar: android checkMoreIconColorize: !isPreL: true isGrayscale: true
12-10 14:05:11.696   663  1000 D SDM     : DisplayBase::BuildLayerStackStats: LayerStack layer_count: 5, app_layer_count: 4, gpu_target_index: 4, display type: 0
12-10 14:05:11.812   663  1000 D SDM     : DisplayBase::BuildLayerStackStats: LayerStack layer_count: 5, app_layer_count: 4, gpu_target_index: 4, display type: 0
12-10 14:05:11.828   678   724 E ANDR-PERF-REQUEST: Failed to set timer
12-10 14:05:11.862   663  1000 D SDM     : DisplayBase::BuildLayerStackStats: LayerStack layer_count: 5, app_layer_count: 4, gpu_target_index: 4, display type: 0
12-10 14:05:11.890  3252  3252 D Recents : Trigger AppWindowChangeCallback, isRecentLaunching: false
12-10 14:05:12.129  3252  3252 D NavigationBarView: onInterceptTouchEvent name: 0 x = 591 y = 91
12-10 14:05:12.138  3252  3252 V DeadZone: consuming errant click: (591.4524,91.01831)
12-10 14:05:12.138  3252  3252 D DeadZone: Down event ate by navigation bar dead zone!
12-10 14:05:12.141  3252  3411 D SystemServicesProxy: RemoveTask 4347, count:-14
12-10 14:05:12.147  3252  3252 D NavigationBarView: onInterceptTouchEvent name: 2 x = 591 y = 91
12-10 14:05:12.163  3252  3252 D NavigationBarView: onInterceptTouchEvent name: 2 x = 591 y = 91
12-10 14:05:12.164  2845  3951 I ActivityManager: Killing 17418:com.YourCompany.SkyVision/u0a197 (adj 900): remove task
12-10 14:05:12.175  3252  3252 D MoreNotificationIcon: implementMoreNotificationIcon(false)
12-10 14:05:12.175  3252  3252 D StatusBar: com.asus.powersaver checkMoreIconColorize: !isPreL: true isGrayscale: true
12-10 14:05:12.175  3252  3252 D StatusBar: android checkMoreIconColorize: !isPreL: true isGrayscale: true
12-10 14:05:12.181  3252  3252 D NavigationBarView: onInterceptTouchEvent name: 2 x = 591 y = 91
12-10 14:05:12.196  3252  3252 D NavigationBarView: onInterceptTouchEvent name: 2 x = 594 y = 88
12-10 14:05:12.210  3252  3252 D NavigationBarView: onInterceptTouchEvent name: 2 x = 603 y = 82
12-10 14:05:12.210  3252  3252 D NavigationBarView: onInterceptTouchEvent name: 1 x = 603 y = 82
12-10 14:05:12.447   663  1000 D SDM     : DisplayBase::BuildLayerStackStats: LayerStack layer_count: 5, app_layer_count: 4, gpu_target_index: 4, display type: 0
12-10 14:05:12.664  2845  3143 W InputDispatcher: channel '237d9d0 com.YourCompany.SkyVision/com.epicgames.ue4.GameActivity (server)' ~ Consumer closed input channel or an error occurred.  events=0x9
12-10 14:05:12.664  2845  3143 E InputDispatcher: channel '237d9d0 com.YourCompany.SkyVision/com.epicgames.ue4.GameActivity (server)' ~ Channel is unrecoverably broken and will be disposed!
12-10 14:05:12.669   668  1455 I sensors-hal: activate:126, android.sensor.gyroscope_uncalibrated/2 en=0
12-10 14:05:12.670  2845  4251 I WindowManager: WIN DEATH: Window{237d9d0 u0 com.YourCompany.SkyVision/com.epicgames.ue4.GameActivity}
12-10 14:05:12.671  2845  4251 W InputDispatcher: Attempted to unregister already unregistered input channel '237d9d0 com.YourCompany.SkyVision/com.epicgames.ue4.GameActivity (server)'
12-10 14:05:12.671  2845  3606 W ActivityManager: App Op not allow to restart app com.YourCompany.SkyVision/10197
12-10 14:05:12.675   668  1455 I sensors-hal: activate:137, android.sensor.gyroscope_uncalibrated/2 en=0 completed
12-10 14:05:12.676   668   668 I sensors-hal: batch:159, android.sensor.accelerometer/34, period=200000000, max_latency=0
12-10 14:05:12.677   668   668 I sensors-hal: batch:168, android.sensor.accelerometer/34, period=200000000, max_latency=0 request completed
12-10 14:05:12.684   663  1000 D SDM     : DisplayBase::BuildLayerStackStats: LayerStack layer_count: 5, app_layer_count: 4, gpu_target_index: 4, display type: 0
12-10 14:05:12.697  3252  3252 D MoreNotificationIcon: implementMoreNotificationIcon(false)
12-10 14:05:12.697  3252  3252 D StatusBar: com.asus.powersaver checkMoreIconColorize: !isPreL: true isGrayscale: true
12-10 14:05:12.697  3252  3252 D StatusBar: android checkMoreIconColorize: !isPreL: true isGrayscale: true
12-10 14:05:12.699  2845  2947 W ActivityManager: setHasOverlayUi called on unknown pid: 17418
12-10 14:05:12.699  3252  3252 D MoreNotificationIcon: implementMoreNotificationIcon(false)
12-10 14:05:12.699  3252  3252 D StatusBar: com.asus.powersaver checkMoreIconColorize: !isPreL: true isGrayscale: true
12-10 14:05:12.699  3252  3252 D StatusBar: android checkMoreIconColorize: !isPreL: true isGrayscale: true
12-10 14:05:12.763  3252  3252 D NavigationBarView: onInterceptTouchEvent name: 0 x = 550 y = 108
12-10 14:05:12.766  2845  3606 D Telecom : TelecomServiceImpl: isRinging callingPackage = com.android.systemui
12-10 14:05:12.766  2845  3606 D Telecom : TelecomServiceImpl: canReadPhoneState callingPackage = com.android.systemui: TSI.iR@Phw
12-10 14:05:12.766  2845  3606 D Telecom : TelecomServiceImpl: isPrivilegedDialerCalling = com.android.systemui: TSI.iR@Phw
12-10 14:05:12.767  3252  3252 D KeyButtonView: ACTION_DOWN mCode: 3
12-10 14:05:12.769  2845  3143 I WindowManager: beforeDispatching keycode is KEYCODE_HOME
12-10 14:05:12.799   663  1000 D SDM     : DisplayBase::BuildLayerStackStats: LayerStack layer_count: 5, app_layer_count: 4, gpu_target_index: 4, display type: 0
12-10 14:05:12.827  3252  3457 D NetworkController.MobileSignalController(2): onDataActivity: direction=2
12-10 14:05:12.828  3590  3780 D PhoneInterfaceManager: isWifiCallingAvailable: sub Id : 2
12-10 14:05:12.828  3252  3457 D NetworkController.MobileSignalController(2): isWifiCallingAvailable=false
12-10 14:05:12.829  3590  3780 D PhoneInterfaceManager: isVolteAvailable: sub Id : 2
12-10 14:05:12.829  3252  3457 D NetworkController.MobileSignalController(2): isVolteAvailable=false
12-10 14:05:12.830  3590  3780 D PhoneInterfaceManager: isVideoTelephonyAvailable: sub Id : 2
12-10 14:05:12.830  3252  3457 D NetworkController.MobileSignalController(2): isVideoTelephonyAvailable=false
12-10 14:05:12.831  3252  3252 D NavigationBarView: onInterceptTouchEvent name: 2 x = 550 y = 108
12-10 14:05:12.831  3252  3457 D NetworkController.MobileSignalController(2): Change in state from: connected=true,enabled=true,level=4,inetCondition=1,iconGroup=IconGroup(4G),activityIn=false,activityOut=false,rssi=0,lastModified=12-10 02:05:00,dataSim=true,networkName=Vivo,networkNameData=Vivo,dataConnected=true,roaming=false,isDefault=true,isEmergency=false,airplaneMode=false,carrierNetworkChangeMode=false,userSetup=true
12-10 14:05:12.831  3252  3457 D NetworkController.MobileSignalController(2): 	to: connected=true,enabled=true,level=4,inetCondition=1,iconGroup=IconGroup(4G),activityIn=false,activityOut=true,rssi=0,lastModified=12-10 02:05:00,dataSim=true,networkName=Vivo,networkNameData=Vivo,dataConnected=true,roaming=false,isDefault=true,isEmergency=false,airplaneMode=false,carrierNetworkChangeMode=false,userSetup=true
12-10 14:05:12.831  3252  3457 D NetworkController.MobileSignalController(2): SubscriptionInfo.getSimSlotIndex(): 0
12-10 14:05:12.831  3252  3457 D NetworkController: isSimOff(0): false
12-10 14:05:12.831  3252  3457 D NetworkController: hasPrefered: false
12-10 14:05:12.831  3252  3457 D NetworkController.MobileSignalController(2): SubscriptionInfo.getSimSlotIndex(): 0
12-10 14:05:12.831  3252  3457 D NetworkController: isSimOff(0): false
12-10 14:05:12.831  3252  3457 D NetworkController: hasPrefered: false
12-10 14:05:12.831  3252  3457 D NetworkController.MobileSignalController(2): SubscriptionInfo.getSimSlotIndex(): 0
12-10 14:05:12.831  3252  3457 D NetworkController: isSimOff(0): false
12-10 14:05:12.831  3252  3457 D NetworkController: hasPrefered: false
12-10 14:05:12.832  3252  3457 D NetworkController.MobileSignalController(2): notifyListeners NetworkCountryIso=br
12-10 14:05:12.837  3252  3252 D MoreNotificationIcon: implementMoreNotificationIcon(false)
12-10 14:05:12.837  3252  3252 D StatusBar: com.asus.powersaver checkMoreIconColorize: !isPreL: true isGrayscale: true
12-10 14:05:12.837  3252  3252 D StatusBar: android checkMoreIconColorize: !isPreL: true isGrayscale: true
12-10 14:05:12.845  3252  3252 D NavigationBarView: onInterceptTouchEvent name: 1 x = 550 y = 108
12-10 14:05:12.845  3252  3252 D KeyButtonView: ACTION_UP mCode: 3
12-10 14:05:12.846  2845  3143 I WindowManager: beforeDispatching keycode is KEYCODE_HOME
12-10 14:05:12.847  2845  3143 D Telecom : TelecomServiceImpl: isRinging callingPackage = android
12-10 14:05:12.848  2845  3143 D Telecom : TelecomServiceImpl: canReadPhoneState callingPackage = android: TSI.iR@Ph0
12-10 14:05:12.848  2845  3143 D Telecom : TelecomServiceImpl: isPrivilegedDialerCalling = android: TSI.iR@Ph0
12-10 14:05:12.865   663  1000 D SDM     : DisplayBase::BuildLayerStackStats: LayerStack layer_count: 5, app_layer_count: 4, gpu_target_index: 4, display type: 0
12-10 14:05:12.899   663  1000 D SDM     : DisplayBase::BuildLayerStackStats: LayerStack layer_count: 5, app_layer_count: 4, gpu_target_index: 4, display type: 0
12-10 14:05:13.082  3252  3252 D Recents : setIsRecentLaunching false
12-10 14:05:13.149  3252  3252 I chatty  : uid=10018(u0_a18) com.android.systemui identical 2 lines
12-10 14:05:13.182  3252  3252 D Recents : setIsRecentLaunching false
12-10 14:05:13.190  3252  3252 D RecentsActivity: Dismiss Recents to launch home
12-10 14:05:13.196  2845  3606 I ActivityManager: START u0 {act=android.intent.action.MAIN cat=[android.intent.category.HOME] flg=0x10200000 cmp=com.asus.launcher/com.android.launcher3.Launcher} from uid 10018
12-10 14:05:13.213  2845  3606 D ActivityTrigger: activityResumeTrigger: The activity in ApplicationInfo{b39d632 com.asus.launcher} is now in focus and seems to be in full-screen mode
12-10 14:05:13.213  2845  3606 E ActivityTrigger: activityResumeTrigger: not whiteListedcom.asus.launcher/com.android.launcher3.Launcher/1550001310
12-10 14:05:13.213  2845  3606 D ActivityTrigger: ActivityTrigger activityPauseTrigger 
12-10 14:05:13.215  2845  3606 D CompatibilityInfo: mCompatibilityFlags - 0
12-10 14:05:13.215  2845  3606 D CompatibilityInfo: applicationDensity - 480
12-10 14:05:13.215  2845  3606 D CompatibilityInfo: applicationScale - 1.0
12-10 14:05:13.216  2845  3606 D ActivityTrigger: activityResumeTrigger: The activity in ApplicationInfo{b39d632 com.asus.launcher} is now in focus and seems to be in full-screen mode
12-10 14:05:13.216  2845  3606 E ActivityTrigger: activityResumeTrigger: not whiteListedcom.asus.launcher/com.android.launcher3.Launcher/1550001310
12-10 14:05:13.216   663  1000 D SDM     : DisplayBase::BuildLayerStackStats: LayerStack layer_count: 5, app_layer_count: 4, gpu_target_index: 4, display type: 0
12-10 14:05:13.225  2845  3606 D ActivityTrigger: activityResumeTrigger: The activity in ApplicationInfo{b39d632 com.asus.launcher} is now in focus and seems to be in full-screen mode
12-10 14:05:13.225  2845  3606 E ActivityTrigger: activityResumeTrigger: not whiteListedcom.asus.launcher/com.android.launcher3.Launcher/1550001310
12-10 14:05:13.227  2845  3606 I InputDispatcher: Window 'Window{6aaac2d u0 com.android.systemui/com.android.systemui.recents.RecentsActivity}' spent 7.0ms processing input events on average(0/27). Monitor spent 1.5ms processing input events on average(0/25). Window input events down spent 7.2ms on average (0/5). Window input events up spent 3.0ms on average (0/3). Monitor input events down spent 3.8ms on average (0/3). Monitor input events up spent 0.9ms on average (0/3).
12-10 14:05:13.233   663  1000 D SDM     : DisplayBase::BuildLayerStackStats: LayerStack layer_count: 5, app_layer_count: 4, gpu_target_index: 4, display type: 0
12-10 14:05:13.249   663  1000 D SDM     : DisplayBase::BuildLayerStackStats: LayerStack layer_count: 5, app_layer_count: 4, gpu_target_index: 4, display type: 0
12-10 14:05:13.252  2845  3606 D WindowManager: adjustConfigurationLw, config:{0 1.0 724mcc10mnc [pt_BR] ldltr sw360dp w360dp h675dp 480dpi nrml long hdr port finger -keyb/v/h -nav/v appBounds=Rect(0, 0 - 1080, 2114) s.34} mLidState:-1 mHasDockFeature:false mHasKeyboardFeature:false mHasHallSensorFeature:false config.hardKeyboardHidden:2
12-10 14:05:13.253  2845  3606 D ActivityManager: [MemInfo] Before resuming ActivityRecord{efb4394 u0 com.asus.launcher/com.android.launcher3.Launcher t4320}. System free memory=2311909376
12-10 14:05:13.254  4346  4346 V Launcher: [onNewIntent] called
12-10 14:05:13.255  4346  4346 I Launcher: Time spent in onNewIntent: 1ms
12-10 14:05:13.263  2845  3633 D CompatibilityInfo: mCompatibilityFlags - 0
12-10 14:05:13.263  2845  3633 D CompatibilityInfo: applicationDensity - 480
12-10 14:05:13.263  2845  3633 D CompatibilityInfo: applicationScale - 1.0
12-10 14:05:13.266  3252  3252 D StatusBar: mTopActivityClassName:com.android.launcher3.Launcher
12-10 14:05:13.266  3252  3252 D MoreNotificationIcon: implementMoreNotificationIcon(false)
12-10 14:05:13.266  3252  3252 D StatusBar: com.asus.powersaver checkMoreIconColorize: !isPreL: true isGrayscale: true
12-10 14:05:13.266  3252  3252 D StatusBar: android checkMoreIconColorize: !isPreL: true isGrayscale: true
12-10 14:05:13.269  3754  4401 W ContextImpl: Calling a method in the system process without a qualified user: android.app.ContextImpl.bindService:1540 android.content.ContextWrapper.bindService:689 com.google.android.gms.common.stats.b.a:15 com.google.android.gms.common.stats.b.a:13 com.google.android.gms.ads.identifier.AdvertisingIdClient.a:60 
12-10 14:05:13.275  3754  3788 D OpenedTimeAppInfoProvider: Update DB : number of affected records : 1
12-10 14:05:13.283  2845  2887 D CompatibilityInfo: mCompatibilityFlags - 0
12-10 14:05:13.283  2845  2887 D CompatibilityInfo: applicationDensity - 480
12-10 14:05:13.283  2845  2887 D CompatibilityInfo: applicationScale - 1.0
12-10 14:05:13.285  3252  3252 D NavigationBarView: resetFloatingToolState
12-10 14:05:13.285  3252  3252 D NavigationBarView: resetFloatingToolState
12-10 14:05:13.286  4346  4346 I NotificationListener: rebindListener: sIsConnected = false
12-10 14:05:13.288  3754  3788 I AppOpsStatusUpdateHandler: pkgName = com.asus.launcher
12-10 14:05:13.288  3754  3788 I AppOpsStatusUpdateHandler: taskId = 4320
12-10 14:05:13.288  3754  3754 D TaskWatcherService: pkgName: com.asus.launcher taskId: 4320
12-10 14:05:13.288  3754  3788 D CNAppLockHandler: CNAppLockHandler handleAppFocus
12-10 14:05:13.289  3754  3754 W ContextImpl: Calling a method in the system process without a qualified user: android.app.ContextImpl.startService:1460 android.content.ContextWrapper.startService:655 com.asus.powersaver.TaskWatcherService$IncomingHandler.handleMessage:96 android.os.Handler.dispatchMessage:105 android.os.Looper.loop:169 
12-10 14:05:13.290  2845  3951 D CompatibilityInfo: mCompatibilityFlags - 0
12-10 14:05:13.290  2845  3951 D CompatibilityInfo: applicationDensity - 480
12-10 14:05:13.290  2845  3951 D CompatibilityInfo: applicationScale - 1.0
12-10 14:05:13.292  4346  4346 V Launcher: [onResume] called
12-10 14:05:13.292  3754  3754 W ContextImpl: Calling a method in the system process without a qualified user: android.app.ContextImpl.sendBroadcast:950 android.content.ContextWrapper.sendBroadcast:442 com.asus.powersaver.TaskWatcherService$IncomingHandler.handleMessage:111 android.os.Handler.dispatchMessage:105 android.os.Looper.loop:169 
12-10 14:05:13.293  4346  4495 D Launcher_badge: LauncherProvider query badge db - launcher-loader-phone : com.asus.launcher
12-10 14:05:13.293  3754  3754 D PowerSaverService: onStartCommand PowerSaverService:
12-10 14:05:13.293  3754  3754 D PowerSaverService: onStartCommand  action:null
12-10 14:05:13.294  3252  3252 D MoreNotificationIcon: implementMoreNotificationIcon(false)
12-10 14:05:13.294  3754  3754 D PowerSaverService: current package:com.asus.launcher, activity:com.android.launcher3.Launcher, SMode:0, PMode:2
12-10 14:05:13.294  3252  3252 D StatusBar: com.asus.powersaver checkMoreIconColorize: !isPreL: true isGrayscale: true
12-10 14:05:13.294  3252  3252 D StatusBar: android checkMoreIconColorize: !isPreL: true isGrayscale: true
12-10 14:05:13.295  4346  4346 I Launcher: hideAppsCustomizeHelper: return for no state changed
12-10 14:05:13.298  4527  4646 W SearchServiceCore: Abort, client detached.
12-10 14:05:13.301  4346  4346 I Launcher: Time spent in onResume: 9ms
12-10 14:05:13.302  4527  4646 W SessionLifecycleManager: Handover failed. Creating new session controller.
12-10 14:05:13.304  4346  4547 D GmailContractLoader: onAccountsUpdated: 0
12-10 14:05:13.306   693   693 D SurfaceFlinger: duplicate layer name: changing com.asus.launcher/com.android.launcher3.Launcher to com.asus.launcher/com.android.launcher3.Launcher#1
12-10 14:05:13.307  4346  4547 D GmailContractLoader: Is Gmail install? true
12-10 14:05:13.307  4346  4547 D GmailContractLoader: updateGmailBadgeCount 0
12-10 14:05:13.307  4346  4547 I Launcher_badge: Badge DB update: com.google.android.gm|com.google.android.gm.ConversationListActivityGmail|0|0|null|null
12-10 14:05:13.307  4346  4547 D Launcher_badge: LauncherProvider update badge db - badge-receiver-thread : com.asus.launcher
12-10 14:05:13.311  4346  4495 I TelephonyLoader: No SMS permission
12-10 14:05:13.311  4346  4495 D Launcher_badge: [registerMmsSmsObserver]
12-10 14:05:13.311  4346  4495 D Launcher_badge: LauncherProvider query badge db - launcher-loader-phone : com.asus.launcher
12-10 14:05:13.316   663  1000 D SDM     : DisplayBase::BuildLayerStackStats: LayerStack layer_count: 5, app_layer_count: 4, gpu_target_index: 4, display type: 0
12-10 14:05:13.317  4346  4346 D LauncherLog: ratio: 0.796875
12-10 14:05:13.318  4346  4346 D NotificationListener: start NotificationListener
12-10 14:05:13.318  4346  4346 D NotificationListener: onBind
12-10 14:05:13.319  4346  4346 D Launcher: onBadgeDataUpdate: size = 8
12-10 14:05:13.319  3252  3252 D StatusBar: Status bar setSystemUiVisibility sbMode: -1
12-10 14:05:13.319  3252  3252 D GestureNavigationUtility: sIsNavigationBarHidden:false, sIsImmersive:false, sIsImmersiveByUser:false
12-10 14:05:13.319  3252  3252 D NavigationBar: Navigation bar setSystemUiVisibility nbMode: -1
12-10 14:05:13.319  3252  3252 D NavigationBarView: ImmersiveModeByUser: false
12-10 14:05:13.319  4346  4346 V Launcher: [onWindowFocusChanged]: true, takes: 0ms
12-10 14:05:13.320  3252  3252 D MoreNotificationIcon: implementMoreNotificationIcon(false)
12-10 14:05:13.320  3252  3252 D StatusBar: com.asus.powersaver checkMoreIconColorize: !isPreL: true isGrayscale: true
12-10 14:05:13.320  3252  3252 D StatusBar: android checkMoreIconColorize: !isPreL: true isGrayscale: true
12-10 14:05:13.322  3252  3252 D MoreNotificationIcon: implementMoreNotificationIcon(false)
12-10 14:05:13.322  3252  3252 D StatusBar: com.asus.powersaver checkMoreIconColorize: !isPreL: true isGrayscale: true
12-10 14:05:13.322  3252  3252 D StatusBar: android checkMoreIconColorize: !isPreL: true isGrayscale: true
12-10 14:05:13.325  4527  4646 W ThreadPoolDumper: Queue length for executor EventBus is now 11. Perhaps some tasks are too long, or the pool is too small.
12-10 14:05:13.333   663  1000 D SDM     : DisplayBase::BuildLayerStackStats: LayerStack layer_count: 5, app_layer_count: 4, gpu_target_index: 4, display type: 0
12-10 14:05:13.335  3252  3252 D MoreNotificationIcon: implementMoreNotificationIcon(false)
12-10 14:05:13.335  3252  3252 D StatusBar: com.asus.powersaver checkMoreIconColorize: !isPreL: true isGrayscale: true
12-10 14:05:13.335  3252  3252 D StatusBar: android checkMoreIconColorize: !isPreL: true isGrayscale: true
12-10 14:05:13.336  4527  4646 I StreamController: registerScope: nowcards-15-b0c57e-675b
12-10 14:05:13.337  4346  4346 D Launcher.Utilities: isPhone= true
12-10 14:05:13.346  4346  4346 I chatty  : uid=10016(u0_a16) com.asus.launcher identical 1 line
12-10 14:05:13.352  4346  4346 D Launcher.Utilities: isPhone= true
12-10 14:05:13.355  4527  4646 W TemplatedStringEvaluato: Got templated string with no display string
12-10 14:05:13.369  4346  4346 I NotificationListener: onListenerConnected
12-10 14:05:13.369  4346  4346 I NotificationListener: onNotificationFullRefresh
12-10 14:05:13.369  4346  4346 D Launcher: onBadgeDataUpdate: size = 0
12-10 14:05:13.369  4346  4346 D Launcher: bindAppsUpdated start, apps size: 1, isUpdateAppsIcon: true
12-10 14:05:13.369  4346  4346 D Launcher: updateFolders start
12-10 14:05:13.369  4346  4346 D Launcher: updateFolders finished: 0ms
12-10 14:05:13.369  4346  4346 D Launcher: bindAppsUpdated finished: 0ms
12-10 14:05:13.376  3252  3252 D MoreNotificationIcon: implementMoreNotificationIcon(false)
12-10 14:05:13.377  3252  3252 D StatusBar: com.asus.powersaver checkMoreIconColorize: !isPreL: true isGrayscale: true
12-10 14:05:13.377  3252  3252 D StatusBar: android checkMoreIconColorize: !isPreL: true isGrayscale: true
12-10 14:05:13.378  3252  3252 D MoreNotificationIcon: implementMoreNotificationIcon(false)
12-10 14:05:13.379  3252  3252 D StatusBar: com.asus.powersaver checkMoreIconColorize: !isPreL: true isGrayscale: true
12-10 14:05:13.379  3252  3252 D StatusBar: android checkMoreIconColorize: !isPreL: true isGrayscale: true
12-10 14:05:13.382  4346  4346 D Launcher.Utilities: isPhone= true
12-10 14:05:13.383  4527  4646 I MicroDetectionState: Keep running hotword in interactor process
12-10 14:05:13.383   663  1000 D SDM     : DisplayBase::BuildLayerStackStats: LayerStack layer_count: 5, app_layer_count: 4, gpu_target_index: 4, display type: 0
12-10 14:05:13.385  3252  3252 D MoreNotificationIcon: implementMoreNotificationIcon(false)
12-10 14:05:13.385  3252  3252 D StatusBar: com.asus.powersaver checkMoreIconColorize: !isPreL: true isGrayscale: true
12-10 14:05:13.386  3252  3252 D StatusBar: android checkMoreIconColorize: !isPreL: true isGrayscale: true
12-10 14:05:13.400   663  1000 D SDM     : DisplayBase::BuildLayerStackStats: LayerStack layer_count: 4, app_layer_count: 3, gpu_target_index: 3, display type: 0
12-10 14:05:13.401  3252  3252 D MoreNotificationIcon: implementMoreNotificationIcon(false)
12-10 14:05:13.401  3252  3252 D StatusBar: com.asus.powersaver checkMoreIconColorize: !isPreL: true isGrayscale: true
12-10 14:05:13.401  3252  3252 D StatusBar: android checkMoreIconColorize: !isPreL: true isGrayscale: true
12-10 14:05:13.416   663  1000 D SDM     : DisplayBase::BuildLayerStackStats: LayerStack layer_count: 5, app_layer_count: 4, gpu_target_index: 4, display type: 0
12-10 14:05:13.433   663  1000 I chatty  : uid=1000(system) HwBinder:663_2 identical 1 line
12-10 14:05:13.440  2845  2845 W JobServiceContext: App Op not allow JobScheduler to start app com.google.android.projection.gearhead/10153
12-10 14:05:13.440  2845  2845 D JobSchedulerService: Error executing JobStatus{4673817 #u0a153/790541 com.google.android.projection.gearhead/com.google.android.gearhead.cloud.home.CloudCardJobService u=0 s=10153 TIME=-1h4m19s540ms:+1h55m40s460ms NET=3 PERSISTED READY}
12-10 14:05:13.451   663  1000 D SDM     : DisplayBase::BuildLayerStackStats: LayerStack layer_count: 5, app_layer_count: 4, gpu_target_index: 4, display type: 0
12-10 14:05:13.462  2845  2845 D CompatibilityInfo: mCompatibilityFlags - 0
12-10 14:05:13.462  2845  2845 D CompatibilityInfo: applicationDensity - 480
12-10 14:05:13.462  2845  2845 D CompatibilityInfo: applicationScale - 1.0
12-10 14:05:13.467   663  1000 D SDM     : DisplayBase::BuildLayerStackStats: LayerStack layer_count: 5, app_layer_count: 4, gpu_target_index: 4, display type: 0
12-10 14:05:13.475  2845  2911 D ActivityTrigger: ActivityTrigger activityStopTrigger 
12-10 14:05:13.487  3252  3252 D MoreNotificationIcon: implementMoreNotificationIcon(false)
12-10 14:05:13.487  3252  3252 D StatusBar: com.asus.powersaver checkMoreIconColorize: !isPreL: true isGrayscale: true
12-10 14:05:13.488  3252  3252 D StatusBar: android checkMoreIconColorize: !isPreL: true isGrayscale: true
12-10 14:05:13.493  3252  3252 D Recents : setIsRecentLaunching false
12-10 14:05:13.494  3252  3252 D MoreNotificationIcon: implementMoreNotificationIcon(false)
12-10 14:05:13.494  3252  3252 D StatusBar: com.asus.powersaver checkMoreIconColorize: !isPreL: true isGrayscale: true
12-10 14:05:13.495  3252  3252 D StatusBar: android checkMoreIconColorize: !isPreL: true isGrayscale: true
12-10 14:05:13.510  2847 18169 D NextAppTrainingJobService: insert data - Package:__na__, Previous1:com.android.systemui, Previous2:com.YourCompany.SkyVision, Previous3:com.google.android.packageinstaller, Previous4:com.YourCompany.SkyVision, Timestamp:1544457913319, p1_ts_diff:1058, p2_ts_diff:238950, p3_ts_diff:239018, p4_ts_diff:239365, p1_dur:1058, p2_dur:237824, p3_dur:56, p4_dur:187, Hour:14, DayClass:12~18, Weekday:Monday, WeekClass:weekday, Timezone:America/Sao_Paulo, UTC:-2, Plugged:1, LastPlugged:5813276, MobileRadioOn:1, LastMobileRadioOn:240364, WifiOn:0, LastWifiOn:86400, GpsOn:-1, LastGpsOn:6117630, SensorOn:-1, LastSensorOn:231617, WifiScan:-1, LastWifiScan:1357044, WifiFullLock:0, LastWifiFullLock:86400, WifiRunning:1, LastWifiRunning:14657547, WifiMultiCastOn:-1, LastWifiMultiCastOn:559091, AudioOn:1, LastAudioOn:1560774, CameraOn:0, LastCameraOn:86400, VideoOn:-1, LastVideoOn:9880779, LowPowerModeOn:0, LastLowPowerModeOn:86400, FlashlightOn:0, LastFlashlightOn:86400, ChargingOn:1, LastChargingOn:5812813, PhoneInCall:0, LastPhoneInCall:86400, PhoneScanning:-1, LastPhoneScanning:14656383, BleScanning:0, LastBleScanning:86400, WifiHotspotOn:0, LastWifiHotspotOn:86400, 
12-10 14:05:13.510  3252  3252 D MoreNotificationIcon: implementMoreNotificationIcon(false)
