11-12 17:08:16.045  4069  4069 D MoreNotificationIcon: implementMoreNotificationIcon(false)
11-12 17:08:16.046  4069  4069 D StatusBar: android checkMoreIconColorize: !isPreL: true isGrayscale: true
11-12 17:08:16.084 20030 20146 D UE4     : *** JavaEnvDestructor: 20146
11-12 17:08:16.085 20030 20147 D UE4     : *** JavaEnvDestructor: 20147
11-12 17:08:16.085 20030 20145 D UE4     : *** JavaEnvDestructor: 20145
11-12 17:08:16.144   680   751 E ANDR-PERF-OPTSHANDLER: perf_lock_rel: updated /sys/class/scsi_host/host0/../../../clkscale_enable with 1
11-12 17:08:16.144   680   751 E ANDR-PERF-OPTSHANDLER:  return value 2
11-12 17:08:16.185 20030 20061 D UE4     : [2018.11.12-19.08.16:185][  0]LogUdpMessaging: Initializing bridge on interface 0.0.0.0:0 to multicast group 230.0.0.1:6666.
11-12 17:08:16.748  2975  3011 I zygote64: Explicit concurrent copying GC freed 201602(8MB) AllocSpace objects, 12(272KB) LOS objects, 42% free, 25MB/43MB, paused 654us total 232.525ms
11-12 17:08:17.080 20030 20143 D UE4     : *** JavaEnvDestructor: 20143
11-12 17:08:17.082 20030 20144 D UE4     : *** JavaEnvDestructor: 20144
11-12 17:08:17.183 20030 20061 D UE4     : [2018.11.12-19.08.17:183][  0]LogTcpMessaging: Initializing TcpMessaging bridge, listening on 127.0.0.1:6666
11-12 17:08:17.186 20030 20061 D UE4     : Execution has been resumed!
11-12 17:08:17.191 20030 20100 D UE4     : LogStats: Warning: MetaData mismatch. Did you assign a stat to two groups? New //STATGROUP_Threads//FUdpMessageBeacon///Thread_4ec7_0///####STATCAT_Advanced#### old //STATGROUP_Threads//FUdpMessageBeacon///Thread_4eb2_0///####STATCAT_Advanced####
11-12 17:08:17.192 20030 20100 D UE4     : 
11-12 17:08:17.192 20030 20100 D UE4     : LogStats: Warning: MetaData mismatch. Did you assign a stat to two groups? New //STATGROUP_Threads//FUdpMessageProcessor.Sender///Thread_4ec8_0///####STATCAT_Advanced#### old //STATGROUP_Threads//FUdpMessageProcessor.Sender///Thread_4eb3_0///####STATCAT_Advanced####
11-12 17:08:17.192 20030 20100 D UE4     : 
11-12 17:08:17.192 20030 20100 D UE4     : LogStats: Warning: MetaData mismatch. Did you assign a stat to two groups? New //STATGROUP_Threads//FUdpMessageProcessor///Thread_4ec6_0///####STATCAT_Advanced#### old //STATGROUP_Threads//FUdpMessageProcessor///Thread_4eb1_0///####STATCAT_Advanced####
11-12 17:08:17.192 20030 20100 D UE4     : 
11-12 17:08:17.192 20030 20100 D UE4     : LogStats: Warning: MetaData mismatch. Did you assign a stat to two groups? New //STATGROUP_Threads//UdpMessageMulticastReceiver///Thread_4ec9_0///####STATCAT_Advanced#### old //STATGROUP_Threads//UdpMessageMulticastReceiver///Thread_4eb4_0///####STATCAT_Advanced####
11-12 17:08:17.192 20030 20100 D UE4     : 
11-12 17:08:17.192 20030 20100 D UE4     : LogStats: Warning: MetaData mismatch. Did you assign a stat to two groups? New //STATGROUP_Threads//FTcpMessageTransport///Thread_4ecc_0///####STATCAT_Advanced#### old //STATGROUP_Threads//FTcpMessageTransport///Thread_4eaf_0///####STATCAT_Advanced####
11-12 17:08:17.192 20030 20100 D UE4     : 
11-12 17:08:17.192 20030 20100 D UE4     : LogStats: Warning: MetaData mismatch. Did you assign a stat to two groups? New //STATGROUP_Threads//FTcpListener///Thread_4ecd_0///####STATCAT_Advanced#### old //STATGROUP_Threads//FTcpListener///Thread_4eb0_0///####STATCAT_Advanced####
11-12 17:08:17.192 20030 20100 D UE4     : 
11-12 17:08:17.192 20030 20061 D UE4     : [2018.11.12-19.08.17:192][  0]LogStats: Warning: MetaData mismatch. Did you assign a stat to two groups? New //STATGROUP_Threads//FUdpMessageBeacon///Thread_4ec7_0///####STATCAT_Advanced#### old //STATGROUP_Threads//FUdpMessageBeacon///Thread_4eb2_0///####STATCAT_Advanced####
11-12 17:08:17.193 20030 20061 D UE4     : [2018.11.12-19.08.17:193][  0]LogStats: Warning: MetaData mismatch. Did you assign a stat to two groups? New //STATGROUP_Threads//FUdpMessageProcessor.Sender///Thread_4ec8_0///####STATCAT_Advanced#### old //STATGROUP_Threads//FUdpMessageProcessor.Sender///Thread_4eb3_0///####STATCAT_Advanced####
11-12 17:08:17.193 20030 20061 D UE4     : [2018.11.12-19.08.17:193][  0]LogStats: Warning: MetaData mismatch. Did you assign a stat to two groups? New //STATGROUP_Threads//FUdpMessageProcessor///Thread_4ec6_0///####STATCAT_Advanced#### old //STATGROUP_Threads//FUdpMessageProcessor///Thread_4eb1_0///####STATCAT_Advanced####
11-12 17:08:17.193 20030 20061 D UE4     : [2018.11.12-19.08.17:193][  0]LogStats: Warning: MetaData mismatch. Did you assign a stat to two groups? New //STATGROUP_Threads//UdpMessageMulticastReceiver///Thread_4ec9_0///####STATCAT_Advanced#### old //STATGROUP_Threads//UdpMessageMulticastReceiver///Thread_4eb4_0///####STATCAT_Advanced####
11-12 17:08:17.193 20030 20061 D UE4     : [2018.11.12-19.08.17:193][  0]LogStats: Warning: MetaData mismatch. Did you assign a stat to two groups? New //STATGROUP_Threads//FTcpMessageTransport///Thread_4ecc_0///####STATCAT_Advanced#### old //STATGROUP_Threads//FTcpMessageTransport///Thread_4eaf_0///####STATCAT_Advanced####
11-12 17:08:17.193 20030 20061 D UE4     : [2018.11.12-19.08.17:193][  0]LogStats: Warning: MetaData mismatch. Did you assign a stat to two groups? New //STATGROUP_Threads//FTcpListener///Thread_4ecd_0///####STATCAT_Advanced#### old //STATGROUP_Threads//FTcpListener///Thread_4eb0_0///####STATCAT_Advanced####
11-12 17:08:17.204 20030 20061 D UE4     : [2018.11.12-19.08.17:204][  0]LogContentStreaming: Texture pool size now 1000 MB
11-12 17:08:17.206 20030 20030 W Thread-2: type=1400 audit(0.0:24587): avc: denied { read } for name="stat" dev="proc" ino=4026532127 scontext=u:r:untrusted_app_25:s0:c512,c768 tcontext=u:object_r:proc_stat:s0 tclass=file permissive=0
11-12 17:08:17.295 20030 20061 D UE4     : [2018.11.12-19.08.17:295][  1]LogBlueprintUserMessages: [GoogleVRPawn_326] 
11-12 17:08:17.299   665   982 D SDM     : DisplayBase::BuildLayerStackStats: LayerStack layer_count: 3, app_layer_count: 2, gpu_target_index: 2, display type: 0
11-12 17:08:17.300 20030 20061 D UE4     : [2018.11.12-19.08.17:300][  2]LogBlueprintUserMessages: [GoogleVRPawn_326] 
11-12 17:08:17.306 20030 20030 W Thread-2: type=1400 audit(0.0:24588): avc: denied { read } for name="stat" dev="proc" ino=4026532127 scontext=u:r:untrusted_app_25:s0:c512,c768 tcontext=u:object_r:proc_stat:s0 tclass=file permissive=0
11-12 17:08:17.306 20030 20061 D UE4     : [2018.11.12-19.08.17:306][  3]LogBlueprintUserMessages: [GoogleVRPawn_326] 
11-12 17:08:17.310 20030 20061 D UE4     : [2018.11.12-19.08.17:310][  4]LogBlueprintUserMessages: [GoogleVRPawn_326] 
11-12 17:08:17.320 20030 20061 D UE4     : [2018.11.12-19.08.17:320][  5]LogBlueprintUserMessages: [GoogleVRPawn_326] 
11-12 17:08:17.339 20030 20061 D UE4     : [2018.11.12-19.08.17:339][  6]LogBlueprintUserMessages: [GoogleVRPawn_326] 
11-12 17:08:17.355 20030 20061 D UE4     : [2018.11.12-19.08.17:355][  7]LogBlueprintUserMessages: [GoogleVRPawn_326] 
11-12 17:08:17.389 20030 20061 D UE4     : [2018.11.12-19.08.17:389][  8]LogBlueprintUserMessages: [GoogleVRPawn_326] 
11-12 17:08:17.393 20030 20061 D UE4     : [2018.11.12-19.08.17:393][  9]LogBlueprintUserMessages: [GoogleVRPawn_326] 
11-12 17:08:17.404 20030 20061 D UE4     : [2018.11.12-19.08.17:404][ 10]LogBlueprintUserMessages: [GoogleVRPawn_326] 
11-12 17:08:17.406 20030 20030 W Thread-2: type=1400 audit(0.0:24589): avc: denied { read } for name="stat" dev="proc" ino=4026532127 scontext=u:r:untrusted_app_25:s0:c512,c768 tcontext=u:object_r:proc_stat:s0 tclass=file permissive=0
11-12 17:08:17.421 20030 20061 D UE4     : [2018.11.12-19.08.17:421][ 11]LogBlueprintUserMessages: [GoogleVRPawn_326] 
11-12 17:08:17.438 20030 20061 D UE4     : [2018.11.12-19.08.17:438][ 12]LogBlueprintUserMessages: [GoogleVRPawn_326] 
11-12 17:08:17.454 20030 20061 D UE4     : [2018.11.12-19.08.17:454][ 13]LogBlueprintUserMessages: [GoogleVRPawn_326] 
11-12 17:08:17.471 20030 20061 D UE4     : [2018.11.12-19.08.17:471][ 14]LogBlueprintUserMessages: [GoogleVRPawn_326] 
11-12 17:08:17.488 20030 20061 D UE4     : [2018.11.12-19.08.17:488][ 15]LogBlueprintUserMessages: [GoogleVRPawn_326] 
11-12 17:08:17.504 20030 20061 D UE4     : [2018.11.12-19.08.17:504][ 16]LogBlueprintUserMessages: [GoogleVRPawn_326] 
11-12 17:08:17.517   670   670 I sensors-hal: batch:159, android.sensor.accelerometer/34, period=2500000, max_latency=0
11-12 17:08:17.517   670   670 I sensors-hal: batch:168, android.sensor.accelerometer/34, period=2500000, max_latency=0 request completed
11-12 17:08:17.521 20030 20061 D UE4     : [2018.11.12-19.08.17:521][ 17]LogBlueprintUserMessages: [GoogleVRPawn_326] 
11-12 17:08:17.526 20030 20030 W Thread-2: type=1400 audit(0.0:24590): avc: denied { read } for name="stat" dev="proc" ino=4026532127 scontext=u:r:untrusted_app_25:s0:c512,c768 tcontext=u:object_r:proc_stat:s0 tclass=file permissive=0
11-12 17:08:17.538 20030 20061 D UE4     : [2018.11.12-19.08.17:538][ 18]LogBlueprintUserMessages: [GoogleVRPawn_326] 
11-12 17:08:17.548   665   982 D SDM     : DisplayBase::BuildLayerStackStats: LayerStack layer_count: 3, app_layer_count: 2, gpu_target_index: 2, display type: 0
11-12 17:08:17.555 20030 20061 D UE4     : [2018.11.12-19.08.17:555][ 19]LogBlueprintUserMessages: [GoogleVRPawn_326] 
11-12 17:08:17.571 20030 20061 D UE4     : [2018.11.12-19.08.17:571][ 20]LogBlueprintUserMessages: [GoogleVRPawn_326] 
11-12 17:08:17.588 20030 20061 D UE4     : [2018.11.12-19.08.17:588][ 21]LogBlueprintUserMessages: [GoogleVRPawn_326] 
11-12 17:08:17.604 20030 20061 D UE4     : [2018.11.12-19.08.17:604][ 22]LogBlueprintUserMessages: [GoogleVRPawn_326] 
11-12 17:08:17.621 20030 20061 D UE4     : [2018.11.12-19.08.17:621][ 23]LogBlueprintUserMessages: [GoogleVRPawn_326] 
11-12 17:08:17.626 20030 20030 W Thread-2: type=1400 audit(0.0:24591): avc: denied { read } for name="stat" dev="proc" ino=4026532127 scontext=u:r:untrusted_app_25:s0:c512,c768 tcontext=u:object_r:proc_stat:s0 tclass=file permissive=0
11-12 17:08:17.640 20030 20061 D UE4     : [2018.11.12-19.08.17:640][ 24]LogBlueprintUserMessages: [GoogleVRPawn_326] 
11-12 17:08:17.654 20030 20061 D UE4     : [2018.11.12-19.08.17:654][ 25]LogBlueprintUserMessages: [GoogleVRPawn_326] 
11-12 17:08:17.671 20030 20061 D UE4     : [2018.11.12-19.08.17:671][ 26]LogBlueprintUserMessages: [GoogleVRPawn_326] 
11-12 17:08:17.689 20030 20061 D UE4     : [2018.11.12-19.08.17:689][ 27]LogBlueprintUserMessages: [GoogleVRPawn_326] 
11-12 17:08:17.704 20030 20061 D UE4     : [2018.11.12-19.08.17:704][ 28]LogBlueprintUserMessages: [GoogleVRPawn_326] 
11-12 17:08:17.720 20030 20061 D UE4     : [2018.11.12-19.08.17:720][ 29]LogBlueprintUserMessages: [GoogleVRPawn_326] 
11-12 17:08:17.737 20030 20061 D UE4     : [2018.11.12-19.08.17:737][ 30]LogBlueprintUserMessages: [GoogleVRPawn_326] 
11-12 17:08:17.746 20030 20030 W Thread-2: type=1400 audit(0.0:24592): avc: denied { read } for name="stat" dev="proc" ino=4026532127 scontext=u:r:untrusted_app_25:s0:c512,c768 tcontext=u:object_r:proc_stat:s0 tclass=file permissive=0
11-12 17:08:17.754 20030 20061 D UE4     : [2018.11.12-19.08.17:754][ 31]LogBlueprintUserMessages: [GoogleVRPawn_326] 
11-12 17:08:17.771 20030 20061 D UE4     : [2018.11.12-19.08.17:771][ 32]LogBlueprintUserMessages: [GoogleVRPawn_326] 
11-12 17:08:17.789 20030 20061 D UE4     : [2018.11.12-19.08.17:789][ 33]LogBlueprintUserMessages: [GoogleVRPawn_326] 
11-12 17:08:17.805 20030 20061 D UE4     : [2018.11.12-19.08.17:805][ 34]LogBlueprintUserMessages: [GoogleVRPawn_326] 
11-12 17:08:17.821 20030 20061 D UE4     : [2018.11.12-19.08.17:821][ 35]LogBlueprintUserMessages: [GoogleVRPawn_326] 
11-12 17:08:17.838 20030 20061 D UE4     : [2018.11.12-19.08.17:838][ 36]LogBlueprintUserMessages: [GoogleVRPawn_326] 
11-12 17:08:17.846 20030 20030 W Thread-2: type=1400 audit(0.0:24593): avc: denied { read } for name="stat" dev="proc" ino=4026532127 scontext=u:r:untrusted_app_25:s0:c512,c768 tcontext=u:object_r:proc_stat:s0 tclass=file permissive=0
11-12 17:08:17.855 20030 20061 D UE4     : [2018.11.12-19.08.17:855][ 37]LogBlueprintUserMessages: [GoogleVRPawn_326] 
11-12 17:08:17.871 20030 20061 D UE4     : [2018.11.12-19.08.17:871][ 38]LogBlueprintUserMessages: [GoogleVRPawn_326] 
11-12 17:08:17.890 20030 20061 D UE4     : [2018.11.12-19.08.17:890][ 39]LogBlueprintUserMessages: [GoogleVRPawn_326] 
11-12 17:08:17.905 20030 20061 D UE4     : [2018.11.12-19.08.17:905][ 40]LogBlueprintUserMessages: [GoogleVRPawn_326] 
11-12 17:08:17.921 20030 20061 D UE4     : [2018.11.12-19.08.17:921][ 41]LogBlueprintUserMessages: [GoogleVRPawn_326] 
11-12 17:08:17.938 20030 20061 D UE4     : [2018.11.12-19.08.17:938][ 42]LogBlueprintUserMessages: [GoogleVRPawn_326] 
11-12 17:08:17.955 20030 20061 D UE4     : [2018.11.12-19.08.17:955][ 43]LogBlueprintUserMessages: [GoogleVRPawn_326] 
11-12 17:08:17.956 20030 20030 W Thread-2: type=1400 audit(0.0:24594): avc: denied { read } for name="stat" dev="proc" ino=4026532127 scontext=u:r:untrusted_app_25:s0:c512,c768 tcontext=u:object_r:proc_stat:s0 tclass=file permissive=0
11-12 17:08:17.972 20030 20061 D UE4     : [2018.11.12-19.08.17:972][ 44]LogBlueprintUserMessages: [GoogleVRPawn_326] 
11-12 17:08:17.988 20030 20061 D UE4     : [2018.11.12-19.08.17:988][ 45]LogBlueprintUserMessages: [GoogleVRPawn_326] 
11-12 17:08:18.005 20030 20061 D UE4     : [2018.11.12-19.08.18:005][ 46]LogBlueprintUserMessages: [GoogleVRPawn_326] 
11-12 17:08:18.021 20030 20061 D UE4     : [2018.11.12-19.08.18:021][ 47]LogBlueprintUserMessages: [GoogleVRPawn_326] 
11-12 17:08:18.039 20030 20061 D UE4     : [2018.11.12-19.08.18:039][ 48]LogBlueprintUserMessages: [GoogleVRPawn_326] 
11-12 17:08:18.055 20030 20061 D UE4     : [2018.11.12-19.08.18:055][ 49]LogBlueprintUserMessages: [GoogleVRPawn_326] 
11-12 17:08:18.055  4069  4069 D MoreNotificationIcon: implementMoreNotificationIcon(false)
11-12 17:08:18.055  4069  4069 D StatusBar: android checkMoreIconColorize: !isPreL: true isGrayscale: true
11-12 17:08:18.071 20030 20061 D UE4     : [2018.11.12-19.08.18:071][ 50]LogBlueprintUserMessages: [GoogleVRPawn_326] 
11-12 17:08:18.076 20030 20030 W Thread-2: type=1400 audit(0.0:24595): avc: denied { read } for name="stat" dev="proc" ino=4026532127 scontext=u:r:untrusted_app_25:s0:c512,c768 tcontext=u:object_r:proc_stat:s0 tclass=file permissive=0
11-12 17:08:18.089 20030 20061 D UE4     : [2018.11.12-19.08.18:089][ 51]LogBlueprintUserMessages: [GoogleVRPawn_326] 
11-12 17:08:18.090  4069  4382 D NetworkController.MobileSignalController(2): onSignalStrengthsChanged signalStrength=SignalStrength: 10 0 -93 -120 -150 -120 -1 -1 99 2147483647 2147483647 2147483647 2147483647 0 2147483647 gsm|lte level=4
11-12 17:08:18.090  4069  4382 D NetworkController.MobileSignalController(2): updateTelephonySignalStrength: hasService=true ss=SignalStrength: 10 0 -93 -120 -150 -120 -1 -1 99 2147483647 2147483647 2147483647 2147483647 0 2147483647 gsm|lte
11-12 17:08:18.092  4277 16205 D PhoneInterfaceManager: isWifiCallingAvailable: sub Id : 2
11-12 17:08:18.093  4069  4382 D NetworkController.MobileSignalController(2): isWifiCallingAvailable=false
11-12 17:08:18.094  4277 16205 D PhoneInterfaceManager: isVolteAvailable: sub Id : 2
11-12 17:08:18.094  4069  4382 D NetworkController.MobileSignalController(2): isVolteAvailable=false
11-12 17:08:18.095  4277 16205 D PhoneInterfaceManager: isVideoTelephonyAvailable: sub Id : 2
11-12 17:08:18.095  4069  4382 D NetworkController.MobileSignalController(2): isVideoTelephonyAvailable=false
11-12 17:08:18.100   665   982 D SDM     : DisplayBase::BuildLayerStackStats: LayerStack layer_count: 3, app_layer_count: 2, gpu_target_index: 2, display type: 0
11-12 17:08:18.107 20030 20061 D UE4     : [2018.11.12-19.08.18:107][ 52]LogBlueprintUserMessages: [GoogleVRPawn_326] 
11-12 17:08:18.121 20030 20061 D UE4     : [2018.11.12-19.08.18:121][ 53]LogBlueprintUserMessages: [GoogleVRPawn_326] 
11-12 17:08:18.139 20030 20061 D UE4     : [2018.11.12-19.08.18:139][ 54]LogBlueprintUserMessages: [GoogleVRPawn_326] 
11-12 17:08:18.156 20030 20061 D UE4     : [2018.11.12-19.08.18:156][ 55]LogBlueprintUserMessages: [GoogleVRPawn_326] 
11-12 17:08:18.173 20030 20061 D UE4     : [2018.11.12-19.08.18:173][ 56]LogBlueprintUserMessages: [GoogleVRPawn_326] 
11-12 17:08:18.176 20030 20030 W Thread-2: type=1400 audit(0.0:24596): avc: denied { read } for name="stat" dev="proc" ino=4026532127 scontext=u:r:untrusted_app_25:s0:c512,c768 tcontext=u:object_r:proc_stat:s0 tclass=file permissive=0
11-12 17:08:18.190 20030 20061 D UE4     : [2018.11.12-19.08.18:190][ 57]LogBlueprintUserMessages: [GoogleVRPawn_326] 
11-12 17:08:18.207 20030 20061 D UE4     : [2018.11.12-19.08.18:207][ 58]LogBlueprintUserMessages: [GoogleVRPawn_326] 
11-12 17:08:18.224 20030 20061 D UE4     : [2018.11.12-19.08.18:224][ 59]LogBlueprintUserMessages: [GoogleVRPawn_326] 
11-12 17:08:18.240 20030 20061 D UE4     : [2018.11.12-19.08.18:240][ 60]LogBlueprintUserMessages: [GoogleVRPawn_326] 
11-12 17:08:18.256 20030 20061 D UE4     : [2018.11.12-19.08.18:256][ 61]LogBlueprintUserMessages: [GoogleVRPawn_326] 
11-12 17:08:18.273 20030 20061 D UE4     : [2018.11.12-19.08.18:273][ 62]LogBlueprintUserMessages: [GoogleVRPawn_326] 
11-12 17:08:18.289 20030 20061 D UE4     : [2018.11.12-19.08.18:289][ 63]LogBlueprintUserMessages: [GoogleVRPawn_326] 
11-12 17:08:18.296 20030 20030 W Thread-2: type=1400 audit(0.0:24597): avc: denied { read } for name="stat" dev="proc" ino=4026532127 scontext=u:r:untrusted_app_25:s0:c512,c768 tcontext=u:object_r:proc_stat:s0 tclass=file permissive=0
11-12 17:08:18.307 20030 20061 D UE4     : [2018.11.12-19.08.18:307][ 64]LogBlueprintUserMessages: [GoogleVRPawn_326] 
11-12 17:08:18.323 20030 20061 D UE4     : [2018.11.12-19.08.18:323][ 65]LogBlueprintUserMessages: [GoogleVRPawn_326] 
11-12 17:08:18.339 20030 20061 D UE4     : [2018.11.12-19.08.18:339][ 66]LogBlueprintUserMessages: [GoogleVRPawn_326] 
11-12 17:08:18.357 20030 20061 D UE4     : [2018.11.12-19.08.18:357][ 67]LogBlueprintUserMessages: [GoogleVRPawn_326] 
11-12 17:08:18.374 20030 20061 D UE4     : [2018.11.12-19.08.18:374][ 68]LogBlueprintUserMessages: [GoogleVRPawn_326] 
11-12 17:08:18.390 20030 20061 D UE4     : [2018.11.12-19.08.18:389][ 69]LogBlueprintUserMessages: [GoogleVRPawn_326] 
11-12 17:08:18.407 20030 20061 D UE4     : [2018.11.12-19.08.18:407][ 70]LogBlueprintUserMessages: [GoogleVRPawn_326] 
11-12 17:08:18.416 20030 20030 W Thread-2: type=1400 audit(0.0:24598): avc: denied { read } for name="stat" dev="proc" ino=4026532127 scontext=u:r:untrusted_app_25:s0:c512,c768 tcontext=u:object_r:proc_stat:s0 tclass=file permissive=0
11-12 17:08:18.423 20030 20061 D UE4     : [2018.11.12-19.08.18:423][ 71]LogBlueprintUserMessages: [GoogleVRPawn_326] 
11-12 17:08:18.440 20030 20061 D UE4     : [2018.11.12-19.08.18:440][ 72]LogBlueprintUserMessages: [GoogleVRPawn_326] 
11-12 17:08:18.457 20030 20061 D UE4     : [2018.11.12-19.08.18:457][ 73]LogBlueprintUserMessages: [GoogleVRPawn_326] 
11-12 17:08:18.473 20030 20061 D UE4     : [2018.11.12-19.08.18:473][ 74]LogBlueprintUserMessages: [GoogleVRPawn_326] 
11-12 17:08:18.491 20030 20061 D UE4     : [2018.11.12-19.08.18:491][ 75]LogBlueprintUserMessages: [GoogleVRPawn_326] 
11-12 17:08:18.507 20030 20061 D UE4     : [2018.11.12-19.08.18:507][ 76]LogBlueprintUserMessages: [GoogleVRPawn_326] 
11-12 17:08:18.516 20030 20030 W Thread-2: type=1400 audit(0.0:24599): avc: denied { read } for name="stat" dev="proc" ino=4026532127 scontext=u:r:untrusted_app_25:s0:c512,c768 tcontext=u:object_r:proc_stat:s0 tclass=file permissive=0
11-12 17:08:18.525 20030 20061 D UE4     : [2018.11.12-19.08.18:525][ 77]LogBlueprintUserMessages: [GoogleVRPawn_326] 
11-12 17:08:18.541 20030 20061 D UE4     : [2018.11.12-19.08.18:541][ 78]LogBlueprintUserMessages: [GoogleVRPawn_326] 
11-12 17:08:18.557 20030 20061 D UE4     : [2018.11.12-19.08.18:557][ 79]LogBlueprintUserMessages: [GoogleVRPawn_326] 
11-12 17:08:18.574 20030 20061 D UE4     : [2018.11.12-19.08.18:574][ 80]LogBlueprintUserMessages: [GoogleVRPawn_326] 
11-12 17:08:18.591 20030 20061 D UE4     : [2018.11.12-19.08.18:591][ 81]LogBlueprintUserMessages: [GoogleVRPawn_326] 
11-12 17:08:18.608 20030 20061 D UE4     : [2018.11.12-19.08.18:608][ 82]LogBlueprintUserMessages: [GoogleVRPawn_326] 
11-12 17:08:18.624 20030 20061 D UE4     : [2018.11.12-19.08.18:624][ 83]LogBlueprintUserMessages: [GoogleVRPawn_326] 
11-12 17:08:18.626 20030 20030 W Thread-2: type=1400 audit(0.0:24600): avc: denied { read } for name="stat" dev="proc" ino=4026532127 scontext=u:r:untrusted_app_25:s0:c512,c768 tcontext=u:object_r:proc_stat:s0 tclass=file permissive=0
11-12 17:08:18.641 20030 20061 D UE4     : [2018.11.12-19.08.18:641][ 84]LogBlueprintUserMessages: [GoogleVRPawn_326] 
11-12 17:08:18.657 20030 20061 D UE4     : [2018.11.12-19.08.18:657][ 85]LogBlueprintUserMessages: [GoogleVRPawn_326] 
11-12 17:08:18.674 20030 20061 D UE4     : [2018.11.12-19.08.18:674][ 86]LogBlueprintUserMessages: [GoogleVRPawn_326] 
11-12 17:08:18.691 20030 20061 D UE4     : [2018.11.12-19.08.18:691][ 87]LogBlueprintUserMessages: [GoogleVRPawn_326] 
11-12 17:08:18.708 20030 20061 D UE4     : [2018.11.12-19.08.18:708][ 88]LogBlueprintUserMessages: [GoogleVRPawn_326] 
11-12 17:08:18.725 20030 20061 D UE4     : [2018.11.12-19.08.18:725][ 89]LogBlueprintUserMessages: [GoogleVRPawn_326] 
11-12 17:08:18.741 20030 20061 D UE4     : [2018.11.12-19.08.18:741][ 90]LogBlueprintUserMessages: [GoogleVRPawn_326] 
11-12 17:08:18.746 20030 20030 W Thread-2: type=1400 audit(0.0:24601): avc: denied { read } for name="stat" dev="proc" ino=4026532127 scontext=u:r:untrusted_app_25:s0:c512,c768 tcontext=u:object_r:proc_stat:s0 tclass=file permissive=0
11-12 17:08:18.759 20030 20061 D UE4     : [2018.11.12-19.08.18:759][ 91]LogBlueprintUserMessages: [GoogleVRPawn_326] 
11-12 17:08:18.774 20030 20061 D UE4     : [2018.11.12-19.08.18:774][ 92]LogBlueprintUserMessages: [GoogleVRPawn_326] 
11-12 17:08:18.795 20030 20061 D UE4     : [2018.11.12-19.08.18:795][ 93]LogBlueprintUserMessages: [GoogleVRPawn_326] 
11-12 17:08:18.812 20030 20061 D UE4     : [2018.11.12-19.08.18:812][ 94]LogBlueprintUserMessages: [GoogleVRPawn_326] 
11-12 17:08:18.829 20030 20061 D UE4     : [2018.11.12-19.08.18:829][ 95]LogBlueprintUserMessages: [GoogleVRPawn_326] 
11-12 17:08:18.846 20030 20030 W Thread-2: type=1400 audit(0.0:24602): avc: denied { read } for name="stat" dev="proc" ino=4026532127 scontext=u:r:untrusted_app_25:s0:c512,c768 tcontext=u:object_r:proc_stat:s0 tclass=file permissive=0
11-12 17:08:18.846 20030 20061 D UE4     : [2018.11.12-19.08.18:846][ 96]LogBlueprintUserMessages: [GoogleVRPawn_326] 
11-12 17:08:18.863 20030 20061 D UE4     : [2018.11.12-19.08.18:863][ 97]LogBlueprintUserMessages: [GoogleVRPawn_326] 
11-12 17:08:18.876 20030 20061 D UE4     : [2018.11.12-19.08.18:876][ 98]LogBlueprintUserMessages: [GoogleVRPawn_326] 
11-12 17:08:18.896 20030 20061 D UE4     : [2018.11.12-19.08.18:896][ 99]LogBlueprintUserMessages: [GoogleVRPawn_326] 
11-12 17:08:18.910 20030 20061 D UE4     : [2018.11.12-19.08.18:910][100]LogBlueprintUserMessages: [GoogleVRPawn_326] 
11-12 17:08:18.927 20030 20061 D UE4     : [2018.11.12-19.08.18:927][101]LogBlueprintUserMessages: [GoogleVRPawn_326] 
11-12 17:08:18.945 20030 20061 D UE4     : [2018.11.12-19.08.18:945][102]LogBlueprintUserMessages: [GoogleVRPawn_326] 
11-12 17:08:18.961 20030 20061 D UE4     : [2018.11.12-19.08.18:961][103]LogBlueprintUserMessages: [GoogleVRPawn_326] 
11-12 17:08:18.966 20030 20030 W Thread-2: type=1400 audit(0.0:24603): avc: denied { read } for name="stat" dev="proc" ino=4026532127 scontext=u:r:untrusted_app_25:s0:c512,c768 tcontext=u:object_r:proc_stat:s0 tclass=file permissive=0
11-12 17:08:18.979 20030 20061 D UE4     : [2018.11.12-19.08.18:979][104]LogBlueprintUserMessages: [GoogleVRPawn_326] 
11-12 17:08:18.993 20030 20061 D UE4     : [2018.11.12-19.08.18:993][105]LogBlueprintUserMessages: [GoogleVRPawn_326] 
11-12 17:08:19.011 20030 20061 D UE4     : [2018.11.12-19.08.19:011][106]LogBlueprintUserMessages: [GoogleVRPawn_326] 
11-12 17:08:19.027 20030 20061 D UE4     : [2018.11.12-19.08.19:026][107]LogBlueprintUserMessages: [GoogleVRPawn_326] 
11-12 17:08:19.046 20030 20061 D UE4     : [2018.11.12-19.08.19:046][108]LogBlueprintUserMessages: [GoogleVRPawn_326] 
11-12 17:08:19.063 20030 20061 D UE4     : [2018.11.12-19.08.19:063][109]LogBlueprintUserMessages: [GoogleVRPawn_326] 
11-12 17:08:19.066 20030 20030 W Thread-2: type=1400 audit(0.0:24604): avc: denied { read } for name="stat" dev="proc" ino=4026532127 scontext=u:r:untrusted_app_25:s0:c512,c768 tcontext=u:object_r:proc_stat:s0 tclass=file permissive=0
11-12 17:08:19.080 20030 20061 D UE4     : [2018.11.12-19.08.19:080][110]LogBlueprintUserMessages: [GoogleVRPawn_326] 
11-12 17:08:19.095 20030 20061 D UE4     : [2018.11.12-19.08.19:095][111]LogBlueprintUserMessages: [GoogleVRPawn_326] 
11-12 17:08:19.112 20030 20061 D UE4     : [2018.11.12-19.08.19:112][112]LogBlueprintUserMessages: [GoogleVRPawn_326] 
11-12 17:08:19.127 20030 20061 D UE4     : [2018.11.12-19.08.19:127][113]LogBlueprintUserMessages: [GoogleVRPawn_326] 
11-12 17:08:19.144 20030 20061 D UE4     : [2018.11.12-19.08.19:144][114]LogBlueprintUserMessages: [GoogleVRPawn_326] 
11-12 17:08:19.163 20030 20061 D UE4     : [2018.11.12-19.08.19:163][115]LogBlueprintUserMessages: [GoogleVRPawn_326] 
11-12 17:08:19.176 20030 20061 D UE4     : [2018.11.12-19.08.19:176][116]LogBlueprintUserMessages: [GoogleVRPawn_326] 
11-12 17:08:19.186 20030 20030 W Thread-2: type=1400 audit(0.0:24605): avc: denied { read } for name="stat" dev="proc" ino=4026532127 scontext=u:r:untrusted_app_25:s0:c512,c768 tcontext=u:object_r:proc_stat:s0 tclass=file permissive=0
11-12 17:08:19.197 20030 20061 D UE4     : [2018.11.12-19.08.19:197][117]LogBlueprintUserMessages: [GoogleVRPawn_326] 
11-12 17:08:19.212 20030 20061 D UE4     : [2018.11.12-19.08.19:212][118]LogBlueprintUserMessages: [GoogleVRPawn_326] 
11-12 17:08:19.230 20030 20061 D UE4     : [2018.11.12-19.08.19:230][119]LogBlueprintUserMessages: [GoogleVRPawn_326] 
11-12 17:08:19.246 20030 20061 D UE4     : [2018.11.12-19.08.19:246][120]LogBlueprintUserMessages: [GoogleVRPawn_326] 
11-12 17:08:19.261 20030 20061 D UE4     : [2018.11.12-19.08.19:261][121]LogBlueprintUserMessages: [GoogleVRPawn_326] 
11-12 17:08:19.277 20030 20061 D UE4     : [2018.11.12-19.08.19:277][122]LogBlueprintUserMessages: [GoogleVRPawn_326] 
11-12 17:08:19.286 20030 20030 W Thread-2: type=1400 audit(0.0:24606): avc: denied { read } for name="stat" dev="proc" ino=4026532127 scontext=u:r:untrusted_app_25:s0:c512,c768 tcontext=u:object_r:proc_stat:s0 tclass=file permissive=0
11-12 17:08:19.297 20030 20061 D UE4     : [2018.11.12-19.08.19:297][123]LogBlueprintUserMessages: [GoogleVRPawn_326] 
11-12 17:08:19.312 20030 20061 D UE4     : [2018.11.12-19.08.19:312][124]LogBlueprintUserMessages: [GoogleVRPawn_326] 
11-12 17:08:19.330 20030 20061 D UE4     : [2018.11.12-19.08.19:330][125]LogBlueprintUserMessages: [GoogleVRPawn_326] 
11-12 17:08:19.346 20030 20061 D UE4     : [2018.11.12-19.08.19:346][126]LogBlueprintUserMessages: [GoogleVRPawn_326] 
11-12 17:08:19.363 20030 20061 D UE4     : [2018.11.12-19.08.19:363][127]LogBlueprintUserMessages: [GoogleVRPawn_326] 
11-12 17:08:19.378 20030 20061 D UE4     : [2018.11.12-19.08.19:378][128]LogBlueprintUserMessages: [GoogleVRPawn_326] 
11-12 17:08:19.396 20030 20030 W Thread-2: type=1400 audit(0.0:24607): avc: denied { read } for name="stat" dev="proc" ino=4026532127 scontext=u:r:untrusted_app_25:s0:c512,c768 tcontext=u:object_r:proc_stat:s0 tclass=file permissive=0
11-12 17:08:19.396 20030 20061 D UE4     : [2018.11.12-19.08.19:396][129]LogBlueprintUserMessages: [GoogleVRPawn_326] 
11-12 17:08:19.413 20030 20061 D UE4     : [2018.11.12-19.08.19:413][130]LogBlueprintUserMessages: [GoogleVRPawn_326] 
11-12 17:08:19.430 20030 20061 D UE4     : [2018.11.12-19.08.19:430][131]LogBlueprintUserMessages: [GoogleVRPawn_326] 
11-12 17:08:19.445 20030 20061 D UE4     : [2018.11.12-19.08.19:445][132]LogBlueprintUserMessages: [GoogleVRPawn_326] 
11-12 17:08:19.461 20030 20061 D UE4     : [2018.11.12-19.08.19:461][133]LogBlueprintUserMessages: [GoogleVRPawn_326] 
11-12 17:08:19.477 20030 20061 D UE4     : [2018.11.12-19.08.19:477][134]LogBlueprintUserMessages: [GoogleVRPawn_326] 
11-12 17:08:19.497 20030 20061 D UE4     : [2018.11.12-19.08.19:496][135]LogBlueprintUserMessages: [GoogleVRPawn_326] 
11-12 17:08:19.513 20030 20061 D UE4     : [2018.11.12-19.08.19:513][136]LogBlueprintUserMessages: [GoogleVRPawn_326] 
11-12 17:08:19.516 20030 20030 W Thread-2: type=1400 audit(0.0:24608): avc: denied { read } for name="stat" dev="proc" ino=4026532127 scontext=u:r:untrusted_app_25:s0:c512,c768 tcontext=u:object_r:proc_stat:s0 tclass=file permissive=0
11-12 17:08:19.529 20030 20061 D UE4     : [2018.11.12-19.08.19:529][137]LogBlueprintUserMessages: [GoogleVRPawn_326] 
11-12 17:08:19.546 20030 20061 D UE4     : [2018.11.12-19.08.19:546][138]LogBlueprintUserMessages: [GoogleVRPawn_326] 
11-12 17:08:19.563 20030 20061 D UE4     : [2018.11.12-19.08.19:563][139]LogBlueprintUserMessages: [GoogleVRPawn_326] 
11-12 17:08:19.580 20030 20061 D UE4     : [2018.11.12-19.08.19:580][140]LogBlueprintUserMessages: [GoogleVRPawn_326] 
11-12 17:08:19.594 20030 20061 D UE4     : [2018.11.12-19.08.19:594][141]LogBlueprintUserMessages: [GoogleVRPawn_326] 
11-12 17:08:19.613 20030 20061 D UE4     : [2018.11.12-19.08.19:613][142]LogBlueprintUserMessages: [GoogleVRPawn_326] 
11-12 17:08:19.629 20030 20061 D UE4     : [2018.11.12-19.08.19:629][143]LogBlueprintUserMessages: [GoogleVRPawn_326] 
11-12 17:08:19.636 20030 20030 W Thread-2: type=1400 audit(0.0:24609): avc: denied { read } for name="stat" dev="proc" ino=4026532127 scontext=u:r:untrusted_app_25:s0:c512,c768 tcontext=u:object_r:proc_stat:s0 tclass=file permissive=0
11-12 17:08:19.645 20030 20061 D UE4     : [2018.11.12-19.08.19:645][144]LogBlueprintUserMessages: [GoogleVRPawn_326] 
11-12 17:08:19.662 20030 20061 D UE4     : [2018.11.12-19.08.19:662][145]LogBlueprintUserMessages: [GoogleVRPawn_326] 
11-12 17:08:19.678 20030 20061 D UE4     : [2018.11.12-19.08.19:678][146]LogBlueprintUserMessages: [GoogleVRPawn_326] 
11-12 17:08:19.696 20030 20061 D UE4     : [2018.11.12-19.08.19:696][147]LogBlueprintUserMessages: [GoogleVRPawn_326] 
11-12 17:08:19.714 20030 20061 D UE4     : [2018.11.12-19.08.19:714][148]LogBlueprintUserMessages: [GoogleVRPawn_326] 
11-12 17:08:19.730 20030 20061 D UE4     : [2018.11.12-19.08.19:730][149]LogBlueprintUserMessages: [GoogleVRPawn_326] 
11-12 17:08:19.736 20030 20030 W Thread-2: type=1400 audit(0.0:24610): avc: denied { read } for name="stat" dev="proc" ino=4026532127 scontext=u:r:untrusted_app_25:s0:c512,c768 tcontext=u:object_r:proc_stat:s0 tclass=file permissive=0
11-12 17:08:19.748 20030 20061 D UE4     : [2018.11.12-19.08.19:748][150]LogBlueprintUserMessages: [GoogleVRPawn_326] 
11-12 17:08:19.761 20030 20061 D UE4     : [2018.11.12-19.08.19:761][151]LogBlueprintUserMessages: [GoogleVRPawn_326] 
11-12 17:08:19.778 20030 20061 D UE4     : [2018.11.12-19.08.19:778][152]LogBlueprintUserMessages: [GoogleVRPawn_326] 
11-12 17:08:19.795 20030 20061 D UE4     : [2018.11.12-19.08.19:795][153]LogBlueprintUserMessages: [GoogleVRPawn_326] 
11-12 17:08:19.812 20030 20061 D UE4     : [2018.11.12-19.08.19:812][154]LogBlueprintUserMessages: [GoogleVRPawn_326] 
11-12 17:08:19.829 20030 20061 D UE4     : [2018.11.12-19.08.19:829][155]LogBlueprintUserMessages: [GoogleVRPawn_326] 
11-12 17:08:19.847 20030 20061 D UE4     : [2018.11.12-19.08.19:847][156]LogBlueprintUserMessages: [GoogleVRPawn_326] 
11-12 17:08:19.856 20030 20030 W Thread-2: type=1400 audit(0.0:24611): avc: denied { read } for name="stat" dev="proc" ino=4026532127 scontext=u:r:untrusted_app_25:s0:c512,c768 tcontext=u:object_r:proc_stat:s0 tclass=file permissive=0
11-12 17:08:19.864 20030 20061 D UE4     : [2018.11.12-19.08.19:864][157]LogBlueprintUserMessages: [GoogleVRPawn_326] 
11-12 17:08:19.881 20030 20061 D UE4     : [2018.11.12-19.08.19:881][158]LogBlueprintUserMessages: [GoogleVRPawn_326] 
11-12 17:08:19.897 20030 20061 D UE4     : [2018.11.12-19.08.19:897][159]LogBlueprintUserMessages: [GoogleVRPawn_326] 
11-12 17:08:19.913 20030 20061 D UE4     : [2018.11.12-19.08.19:913][160]LogBlueprintUserMessages: [GoogleVRPawn_326] 
11-12 17:08:19.932 20030 20061 D UE4     : [2018.11.12-19.08.19:932][161]LogBlueprintUserMessages: [GoogleVRPawn_326] 
11-12 17:08:19.948 20030 20061 D UE4     : [2018.11.12-19.08.19:948][162]LogBlueprintUserMessages: [GoogleVRPawn_326] 
11-12 17:08:19.963 20030 20061 D UE4     : [2018.11.12-19.08.19:963][163]LogBlueprintUserMessages: [GoogleVRPawn_326] 
11-12 17:08:19.966 20030 20030 W Thread-2: type=1400 audit(0.0:24612): avc: denied { read } for name="stat" dev="proc" ino=4026532127 scontext=u:r:untrusted_app_25:s0:c512,c768 tcontext=u:object_r:proc_stat:s0 tclass=file permissive=0
11-12 17:08:19.982 20030 20061 D UE4     : [2018.11.12-19.08.19:982][164]LogBlueprintUserMessages: [GoogleVRPawn_326] 
11-12 17:08:19.996 20030 20061 D UE4     : [2018.11.12-19.08.19:996][165]LogBlueprintUserMessages: [GoogleVRPawn_326] 
11-12 17:08:20.015 20030 20061 D UE4     : [2018.11.12-19.08.20:015][166]LogBlueprintUserMessages: [GoogleVRPawn_326] 
11-12 17:08:20.032 20030 20061 D UE4     : [2018.11.12-19.08.20:032][167]LogBlueprintUserMessages: [GoogleVRPawn_326] 
11-12 17:08:20.047 20030 20061 D UE4     : [2018.11.12-19.08.20:047][168]LogBlueprintUserMessages: [GoogleVRPawn_326] 
11-12 17:08:20.065 20030 20061 D UE4     : [2018.11.12-19.08.20:065][169]LogBlueprintUserMessages: [GoogleVRPawn_326] 
11-12 17:08:20.066 20030 20030 W Thread-2: type=1400 audit(0.0:24613): avc: denied { read } for name="stat" dev="proc" ino=4026532127 scontext=u:r:untrusted_app_25:s0:c512,c768 tcontext=u:object_r:proc_stat:s0 tclass=file permissive=0
11-12 17:08:20.082 20030 20061 D UE4     : [2018.11.12-19.08.20:082][170]LogBlueprintUserMessages: [GoogleVRPawn_326] 
11-12 17:08:20.096 20030 20061 D UE4     : [2018.11.12-19.08.20:096][171]LogBlueprintUserMessages: [GoogleVRPawn_326] 
11-12 17:08:20.114 20030 20061 D UE4     : [2018.11.12-19.08.20:114][172]LogBlueprintUserMessages: [GoogleVRPawn_326] 
11-12 17:08:20.132 20030 20061 D UE4     : [2018.11.12-19.08.20:132][173]LogBlueprintUserMessages: [GoogleVRPawn_326] 
11-12 17:08:20.148 20030 20061 D UE4     : [2018.11.12-19.08.20:148][174]LogBlueprintUserMessages: [GoogleVRPawn_326] 
11-12 17:08:20.165 20030 20061 D UE4     : [2018.11.12-19.08.20:165][175]LogBlueprintUserMessages: [GoogleVRPawn_326] 
11-12 17:08:20.166 20030 20030 W Thread-2: type=1400 audit(0.0:24614): avc: denied { read } for name="stat" dev="proc" ino=4026532127 scontext=u:r:untrusted_app_25:s0:c512,c768 tcontext=u:object_r:proc_stat:s0 tclass=file permissive=0
11-12 17:08:20.182 20030 20061 D UE4     : [2018.11.12-19.08.20:182][176]LogBlueprintUserMessages: [GoogleVRPawn_326] 
11-12 17:08:20.197 20030 20061 D UE4     : [2018.11.12-19.08.20:197][177]LogBlueprintUserMessages: [GoogleVRPawn_326] 
11-12 17:08:20.214 20030 20061 D UE4     : [2018.11.12-19.08.20:214][178]LogBlueprintUserMessages: [GoogleVRPawn_326] 
11-12 17:08:20.231 20030 20061 D UE4     : [2018.11.12-19.08.20:231][179]LogBlueprintUserMessages: [GoogleVRPawn_326] 
11-12 17:08:20.248 20030 20061 D UE4     : [2018.11.12-19.08.20:248][180]LogBlueprintUserMessages: [GoogleVRPawn_326] 
11-12 17:08:20.264 20030 20061 D UE4     : [2018.11.12-19.08.20:264][181]LogBlueprintUserMessages: [GoogleVRPawn_326] 
11-12 17:08:20.282 20030 20061 D UE4     : [2018.11.12-19.08.20:282][182]LogBlueprintUserMessages: [GoogleVRPawn_326] 
11-12 17:08:20.286 20030 20030 W Thread-2: type=1400 audit(0.0:24615): avc: denied { read } for name="stat" dev="proc" ino=4026532127 scontext=u:r:untrusted_app_25:s0:c512,c768 tcontext=u:object_r:proc_stat:s0 tclass=file permissive=0
11-12 17:08:20.299 20030 20061 D UE4     : [2018.11.12-19.08.20:299][183]LogBlueprintUserMessages: [GoogleVRPawn_326] 
11-12 17:08:20.314 20030 20061 D UE4     : [2018.11.12-19.08.20:314][184]LogBlueprintUserMessages: [GoogleVRPawn_326] 
11-12 17:08:20.333 20030 20061 D UE4     : [2018.11.12-19.08.20:333][185]LogBlueprintUserMessages: [GoogleVRPawn_326] 
11-12 17:08:20.347 20030 20061 D UE4     : [2018.11.12-19.08.20:347][186]LogBlueprintUserMessages: [GoogleVRPawn_326] 
11-12 17:08:20.365 20030 20061 D UE4     : [2018.11.12-19.08.20:365][187]LogBlueprintUserMessages: [GoogleVRPawn_326] 
11-12 17:08:20.383 20030 20061 D UE4     : [2018.11.12-19.08.20:383][188]LogBlueprintUserMessages: [GoogleVRPawn_326] 
11-12 17:08:20.398 20030 20061 D UE4     : [2018.11.12-19.08.20:398][189]LogBlueprintUserMessages: [GoogleVRPawn_326] 
11-12 17:08:20.406 20030 20030 W Thread-2: type=1400 audit(0.0:24616): avc: denied { read } for name="stat" dev="proc" ino=4026532127 scontext=u:r:untrusted_app_25:s0:c512,c768 tcontext=u:object_r:proc_stat:s0 tclass=file permissive=0
11-12 17:08:20.414 20030 20061 D UE4     : [2018.11.12-19.08.20:414][190]LogBlueprintUserMessages: [GoogleVRPawn_326] 
11-12 17:08:20.432 20030 20061 D UE4     : [2018.11.12-19.08.20:432][191]LogBlueprintUserMessages: [GoogleVRPawn_326] 
11-12 17:08:20.448 20030 20061 D UE4     : [2018.11.12-19.08.20:448][192]LogBlueprintUserMessages: [GoogleVRPawn_326] 
11-12 17:08:20.464 20030 20061 D UE4     : [2018.11.12-19.08.20:464][193]LogBlueprintUserMessages: [GoogleVRPawn_326] 
11-12 17:08:20.481 20030 20061 D UE4     : [2018.11.12-19.08.20:481][194]LogBlueprintUserMessages: [GoogleVRPawn_326] 
11-12 17:08:20.498 20030 20061 D UE4     : [2018.11.12-19.08.20:498][195]LogBlueprintUserMessages: [GoogleVRPawn_326] 
11-12 17:08:20.506 20030 20030 W Thread-2: type=1400 audit(0.0:24617): avc: denied { read } for name="stat" dev="proc" ino=4026532127 scontext=u:r:untrusted_app_25:s0:c512,c768 tcontext=u:object_r:proc_stat:s0 tclass=file permissive=0
11-12 17:08:20.515 20030 20061 D UE4     : [2018.11.12-19.08.20:515][196]LogBlueprintUserMessages: [GoogleVRPawn_326] 
11-12 17:08:20.531 20030 20061 D UE4     : [2018.11.12-19.08.20:531][197]LogBlueprintUserMessages: [GoogleVRPawn_326] 
11-12 17:08:20.549 20030 20061 D UE4     : [2018.11.12-19.08.20:549][198]LogBlueprintUserMessages: [GoogleVRPawn_326] 
11-12 17:08:20.565 20030 20061 D UE4     : [2018.11.12-19.08.20:565][199]LogBlueprintUserMessages: [GoogleVRPawn_326] 
11-12 17:08:20.581 20030 20061 D UE4     : [2018.11.12-19.08.20:581][200]LogBlueprintUserMessages: [GoogleVRPawn_326] 
11-12 17:08:20.599 20030 20061 D UE4     : [2018.11.12-19.08.20:599][201]LogBlueprintUserMessages: [GoogleVRPawn_326] 
11-12 17:08:20.606 20030 20030 W Thread-2: type=1400 audit(0.0:24618): avc: denied { read } for name="stat" dev="proc" ino=4026532127 scontext=u:r:untrusted_app_25:s0:c512,c768 tcontext=u:object_r:proc_stat:s0 tclass=file permissive=0
11-12 17:08:20.615 20030 20061 D UE4     : [2018.11.12-19.08.20:615][202]LogBlueprintUserMessages: [GoogleVRPawn_326] 
11-12 17:08:20.632 20030 20061 D UE4     : [2018.11.12-19.08.20:632][203]LogBlueprintUserMessages: [GoogleVRPawn_326] 
11-12 17:08:20.648 20030 20061 D UE4     : [2018.11.12-19.08.20:648][204]LogBlueprintUserMessages: [GoogleVRPawn_326] 
11-12 17:08:20.665 20030 20061 D UE4     : [2018.11.12-19.08.20:665][205]LogBlueprintUserMessages: [GoogleVRPawn_326] 
11-12 17:08:20.682 20030 20061 D UE4     : [2018.11.12-19.08.20:682][206]LogBlueprintUserMessages: [GoogleVRPawn_326] 
11-12 17:08:20.699 20030 20061 D UE4     : [2018.11.12-19.08.20:699][207]LogBlueprintUserMessages: [GoogleVRPawn_326] 
11-12 17:08:20.714 20030 20061 D UE4     : [2018.11.12-19.08.20:714][208]LogBlueprintUserMessages: [GoogleVRPawn_326] 
11-12 17:08:20.716 20030 20030 W Thread-2: type=1400 audit(0.0:24619): avc: denied { read } for name="stat" dev="proc" ino=4026532127 scontext=u:r:untrusted_app_25:s0:c512,c768 tcontext=u:object_r:proc_stat:s0 tclass=file permissive=0
11-12 17:08:20.733 20030 20061 D UE4     : [2018.11.12-19.08.20:733][209]LogBlueprintUserMessages: [GoogleVRPawn_326] 
11-12 17:08:20.749 20030 20061 D UE4     : [2018.11.12-19.08.20:749][210]LogBlueprintUserMessages: [GoogleVRPawn_326] 
11-12 17:08:20.765 20030 20061 D UE4     : [2018.11.12-19.08.20:765][211]LogBlueprintUserMessages: [GoogleVRPawn_326] 
11-12 17:08:20.782 20030 20061 D UE4     : [2018.11.12-19.08.20:782][212]LogBlueprintUserMessages: [GoogleVRPawn_326] 
11-12 17:08:20.798 20030 20061 D UE4     : [2018.11.12-19.08.20:798][213]LogBlueprintUserMessages: [GoogleVRPawn_326] 
11-12 17:08:20.815 20030 20061 D UE4     : [2018.11.12-19.08.20:815][214]LogBlueprintUserMessages: [GoogleVRPawn_326] 
11-12 17:08:20.832 20030 20061 D UE4     : [2018.11.12-19.08.20:832][215]LogBlueprintUserMessages: [GoogleVRPawn_326] 
11-12 17:08:20.836 20030 20030 W Thread-2: type=1400 audit(0.0:24620): avc: denied { read } for name="stat" dev="proc" ino=4026532127 scontext=u:r:untrusted_app_25:s0:c512,c768 tcontext=u:object_r:proc_stat:s0 tclass=file permissive=0
11-12 17:08:20.849 20030 20061 D UE4     : [2018.11.12-19.08.20:849][216]LogBlueprintUserMessages: [GoogleVRPawn_326] 
11-12 17:08:20.865 20030 20061 D UE4     : [2018.11.12-19.08.20:865][217]LogBlueprintUserMessages: [GoogleVRPawn_326] 
11-12 17:08:20.883 20030 20061 D UE4     : [2018.11.12-19.08.20:883][218]LogBlueprintUserMessages: [GoogleVRPawn_326] 
11-12 17:08:20.900 20030 20061 D UE4     : [2018.11.12-19.08.20:900][219]LogBlueprintUserMessages: [GoogleVRPawn_326] 
11-12 17:08:20.915 20030 20061 D UE4     : [2018.11.12-19.08.20:915][220]LogBlueprintUserMessages: [GoogleVRPawn_326] 
11-12 17:08:20.933 20030 20061 D UE4     : [2018.11.12-19.08.20:933][221]LogBlueprintUserMessages: [GoogleVRPawn_326] 
11-12 17:08:20.936 20030 20030 W Thread-2: type=1400 audit(0.0:24621): avc: denied { read } for name="stat" dev="proc" ino=4026532127 scontext=u:r:untrusted_app_25:s0:c512,c768 tcontext=u:object_r:proc_stat:s0 tclass=file permissive=0
11-12 17:08:20.952 20030 20061 D UE4     : [2018.11.12-19.08.20:951][222]LogBlueprintUserMessages: [GoogleVRPawn_326] 
11-12 17:08:20.967 20030 20061 D UE4     : [2018.11.12-19.08.20:967][223]LogBlueprintUserMessages: [GoogleVRPawn_326] 
11-12 17:08:20.984 20030 20061 D UE4     : [2018.11.12-19.08.20:984][224]LogBlueprintUserMessages: [GoogleVRPawn_326] 
11-12 17:08:21.001 20030 20061 D UE4     : [2018.11.12-19.08.21:001][225]LogBlueprintUserMessages: [GoogleVRPawn_326] 
11-12 17:08:21.015 20030 20061 D UE4     : [2018.11.12-19.08.21:015][226]LogBlueprintUserMessages: [GoogleVRPawn_326] 
11-12 17:08:21.034 20030 20061 D UE4     : [2018.11.12-19.08.21:034][227]LogBlueprintUserMessages: [GoogleVRPawn_326] 
11-12 17:08:21.036 20030 20030 W Thread-2: type=1400 audit(0.0:24622): avc: denied { read } for name="stat" dev="proc" ino=4026532127 scontext=u:r:untrusted_app_25:s0:c512,c768 tcontext=u:object_r:proc_stat:s0 tclass=file permissive=0
11-12 17:08:21.051 20030 20061 D UE4     : [2018.11.12-19.08.21:051][228]LogBlueprintUserMessages: [GoogleVRPawn_326] 
11-12 17:08:21.067 20030 20061 D UE4     : [2018.11.12-19.08.21:067][229]LogBlueprintUserMessages: [GoogleVRPawn_326] 
11-12 17:08:21.082 20030 20061 D UE4     : [2018.11.12-19.08.21:082][230]LogBlueprintUserMessages: [GoogleVRPawn_326] 
11-12 17:08:21.099 20030 20061 D UE4     : [2018.11.12-19.08.21:099][231]LogBlueprintUserMessages: [GoogleVRPawn_326] 
11-12 17:08:21.116 20030 20061 D UE4     : [2018.11.12-19.08.21:116][232]LogBlueprintUserMessages: [GoogleVRPawn_326] 
11-12 17:08:21.133 20030 20061 D UE4     : [2018.11.12-19.08.21:133][233]LogBlueprintUserMessages: [GoogleVRPawn_326] 
11-12 17:08:21.150 20030 20061 D UE4     : [2018.11.12-19.08.21:150][234]LogBlueprintUserMessages: [GoogleVRPawn_326] 
11-12 17:08:21.156 20030 20030 W Thread-2: type=1400 audit(0.0:24623): avc: denied { read } for name="stat" dev="proc" ino=4026532127 scontext=u:r:untrusted_app_25:s0:c512,c768 tcontext=u:object_r:proc_stat:s0 tclass=file permissive=0
11-12 17:08:21.166 20030 20061 D UE4     : [2018.11.12-19.08.21:166][235]LogBlueprintUserMessages: [GoogleVRPawn_326] 
11-12 17:08:21.184 20030 20061 D UE4     : [2018.11.12-19.08.21:184][236]LogBlueprintUserMessages: [GoogleVRPawn_326] 
11-12 17:08:21.200 20030 20061 D UE4     : [2018.11.12-19.08.21:200][237]LogBlueprintUserMessages: [GoogleVRPawn_326] 
11-12 17:08:21.217 20030 20061 D UE4     : [2018.11.12-19.08.21:217][238]LogBlueprintUserMessages: [GoogleVRPawn_326] 
11-12 17:08:21.233 20030 20061 D UE4     : [2018.11.12-19.08.21:233][239]LogBlueprintUserMessages: [GoogleVRPawn_326] 
11-12 17:08:21.249 20030 20061 D UE4     : [2018.11.12-19.08.21:249][240]LogBlueprintUserMessages: [GoogleVRPawn_326] 
11-12 17:08:21.256 20030 20030 W Thread-2: type=1400 audit(0.0:24624): avc: denied { read } for name="stat" dev="proc" ino=4026532127 scontext=u:r:untrusted_app_25:s0:c512,c768 tcontext=u:object_r:proc_stat:s0 tclass=file permissive=0
11-12 17:08:21.267 20030 20061 D UE4     : [2018.11.12-19.08.21:267][241]LogBlueprintUserMessages: [GoogleVRPawn_326] 
11-12 17:08:21.283 20030 20061 D UE4     : [2018.11.12-19.08.21:283][242]LogBlueprintUserMessages: [GoogleVRPawn_326] 
11-12 17:08:21.300 20030 20061 D UE4     : [2018.11.12-19.08.21:300][243]LogBlueprintUserMessages: [GoogleVRPawn_326] 
11-12 17:08:21.316 20030 20061 D UE4     : [2018.11.12-19.08.21:316][244]LogBlueprintUserMessages: [GoogleVRPawn_326] 
11-12 17:08:21.333 20030 20061 D UE4     : [2018.11.12-19.08.21:333][245]LogBlueprintUserMessages: [GoogleVRPawn_326] 
11-12 17:08:21.350 20030 20061 D UE4     : [2018.11.12-19.08.21:350][246]LogBlueprintUserMessages: [GoogleVRPawn_326] 
11-12 17:08:21.366 20030 20030 W Thread-2: type=1400 audit(0.0:24625): avc: denied { read } for name="stat" dev="proc" ino=4026532127 scontext=u:r:untrusted_app_25:s0:c512,c768 tcontext=u:object_r:proc_stat:s0 tclass=file permissive=0
11-12 17:08:21.366 20030 20061 D UE4     : [2018.11.12-19.08.21:366][247]LogBlueprintUserMessages: [GoogleVRPawn_326] Donut_O_Iluminado_382
11-12 17:08:21.371 20030 20061 D UE4     : [2018.11.12-19.08.21:371][247]LogSlate: Took 0.000643 seconds to synchronously load lazily loaded font '../../../Engine/Content/EngineFonts/Faces/RobotoRegular.ufont' (155K)
11-12 17:08:21.383 20030 20061 D UE4     : [2018.11.12-19.08.21:383][248]LogBlueprintUserMessages: [GoogleVRPawn_326] Donut_O_Iluminado_382
11-12 17:08:21.405 20030 20061 D UE4     : [2018.11.12-19.08.21:405][249]LogBlueprintUserMessages: [GoogleVRPawn_326] Donut_O_Iluminado_382
11-12 17:08:21.417 20030 20061 D UE4     : [2018.11.12-19.08.21:417][250]LogBlueprintUserMessages: [GoogleVRPawn_326] 
11-12 17:08:21.433 20030 20061 D UE4     : [2018.11.12-19.08.21:432][251]LogBlueprintUserMessages: [GoogleVRPawn_326] 
11-12 17:08:21.450 20030 20061 D UE4     : [2018.11.12-19.08.21:450][252]LogBlueprintUserMessages: [GoogleVRPawn_326] Donut_O_Iluminado_382
11-12 17:08:21.467 20030 20061 D UE4     : [2018.11.12-19.08.21:467][253]LogBlueprintUserMessages: [GoogleVRPawn_326] Donut_O_Iluminado_382
11-12 17:08:21.483 20030 20061 D UE4     : [2018.11.12-19.08.21:483][254]LogBlueprintUserMessages: [GoogleVRPawn_326] Donut_O_Iluminado_382
11-12 17:08:21.486 20030 20030 W Thread-2: type=1400 audit(0.0:24626): avc: denied { read } for name="stat" dev="proc" ino=4026532127 scontext=u:r:untrusted_app_25:s0:c512,c768 tcontext=u:object_r:proc_stat:s0 tclass=file permissive=0
11-12 17:08:21.501 20030 20061 D UE4     : [2018.11.12-19.08.21:501][255]LogBlueprintUserMessages: [GoogleVRPawn_326] Donut_O_Iluminado_382
11-12 17:08:21.518 20030 20061 D UE4     : [2018.11.12-19.08.21:518][256]LogBlueprintUserMessages: [GoogleVRPawn_326] Donut_O_Iluminado_382
11-12 17:08:21.534 20030 20061 D UE4     : [2018.11.12-19.08.21:534][257]LogBlueprintUserMessages: [GoogleVRPawn_326] Donut_O_Iluminado_382
11-12 17:08:21.552 20030 20061 D UE4     : [2018.11.12-19.08.21:552][258]LogBlueprintUserMessages: [GoogleVRPawn_326] Donut_O_Iluminado_382
11-12 17:08:21.568 20030 20061 D UE4     : [2018.11.12-19.08.21:568][259]LogBlueprintUserMessages: [GoogleVRPawn_326] 
11-12 17:08:21.580   670  1448 I sensors-hal: flush:188, android.sensor.accelerometer/33
11-12 17:08:21.583   670  1448 I sensors-hal: flush:194, android.sensor.accelerometer/33 completed
11-12 17:08:21.586 20030 20030 W Thread-2: type=1400 audit(0.0:24627): avc: denied { read } for name="stat" dev="proc" ino=4026532127 scontext=u:r:untrusted_app_25:s0:c512,c768 tcontext=u:object_r:proc_stat:s0 tclass=file permissive=0
11-12 17:08:21.586 20030 20061 D UE4     : [2018.11.12-19.08.21:586][260]LogBlueprintUserMessages: [GoogleVRPawn_326] 
11-12 17:08:21.601 20030 20061 D UE4     : [2018.11.12-19.08.21:601][261]LogBlueprintUserMessages: [GoogleVRPawn_326] 
11-12 17:08:21.607  2975  2992 W ActivityManager: App Op not allow to start app com.waze/10165
11-12 17:08:21.617 20030 20061 D UE4     : [2018.11.12-19.08.21:617][262]LogBlueprintUserMessages: [GoogleVRPawn_326] 
11-12 17:08:21.619  2975  2992 D CompatibilityInfo: mCompatibilityFlags - 10
11-12 17:08:21.619  2975  2992 D CompatibilityInfo: applicationDensity - 480
11-12 17:08:21.619  2975  2992 D CompatibilityInfo: applicationScale - 1.0
11-12 17:08:21.632 20030 20061 D UE4     : [2018.11.12-19.08.21:632][263]LogBlueprintUserMessages: [GoogleVRPawn_326] 
11-12 17:08:21.650 20030 20061 D UE4     : [2018.11.12-19.08.21:650][264]LogBlueprintUserMessages: [GoogleVRPawn_326] 
11-12 17:08:21.668 20030 20061 D UE4     : [2018.11.12-19.08.21:668][265]LogBlueprintUserMessages: [GoogleVRPawn_326] 
11-12 17:08:21.683 20030 20061 D UE4     : [2018.11.12-19.08.21:683][266]LogBlueprintUserMessages: [GoogleVRPawn_326] 
11-12 17:08:21.700 20030 20061 D UE4     : [2018.11.12-19.08.21:700][267]LogBlueprintUserMessages: [GoogleVRPawn_326] 
