11-05 17:24:48.356 25204 25257 D hll     : beforeExecute: isTerminating=false, isTerminated=false, isShutdown=false, taskCount=2741, activeCount=1, completedCount=2740, corePoolSize=8, poolSize=8, maxPoolSize=512, largestPoolSize=8
11-05 17:24:48.356 25204 25258 D hll     : beforeExecute: isTerminating=false, isTerminated=false, isShutdown=false, taskCount=2742, activeCount=2, completedCount=2740, corePoolSize=8, poolSize=8, maxPoolSize=512, largestPoolSize=8
11-05 17:24:48.358 25204 25258 W DeviceUtils: ExifInterface only supports saving attributes on JPEG formats.
11-05 17:24:48.358 25204 25258 W DeviceUtils: java.io.IOException: ExifInterface only supports saving attributes on JPEG formats.
11-05 17:24:48.358 25204 25258 W DeviceUtils: 	at android.media.ExifInterface.saveAttributes(ExifInterface.java:1770)
11-05 17:24:48.358 25204 25258 W DeviceUtils: 	at gqg.b(SourceFile:212)
11-05 17:24:48.358 25204 25258 W DeviceUtils: 	at gqg.a(SourceFile:33)
11-05 17:24:48.358 25204 25258 W DeviceUtils: 	at gqg$1.a(SourceFile:163)
11-05 17:24:48.358 25204 25258 W DeviceUtils: 	at gqg$1.doInBackground(SourceFile:160)
11-05 17:24:48.358 25204 25258 W DeviceUtils: 	at android.os.AsyncTask$2.call(AsyncTask.java:333)
11-05 17:24:48.358 25204 25258 W DeviceUtils: 	at java.util.concurrent.FutureTask.run(FutureTask.java:266)
11-05 17:24:48.358 25204 25258 W DeviceUtils: 	at java.util.concurrent.ThreadPoolExecutor.runWorker(ThreadPoolExecutor.java:1162)
11-05 17:24:48.358 25204 25258 W DeviceUtils: 	at java.util.concurrent.ThreadPoolExecutor$Worker.run(ThreadPoolExecutor.java:636)
11-05 17:24:48.358 25204 25258 W DeviceUtils: 	at java.lang.Thread.run(Thread.java:764)
11-05 17:24:48.358 25204 25257 W DeviceUtils: ExifInterface only supports saving attributes on JPEG formats.
11-05 17:24:48.358 25204 25257 W DeviceUtils: java.io.IOException: ExifInterface only supports saving attributes on JPEG formats.
11-05 17:24:48.358 25204 25257 W DeviceUtils: 	at android.media.ExifInterface.saveAttributes(ExifInterface.java:1770)
11-05 17:24:48.358 25204 25257 W DeviceUtils: 	at gqg.b(SourceFile:212)
11-05 17:24:48.358 25204 25257 W DeviceUtils: 	at gqg.a(SourceFile:33)
11-05 17:24:48.358 25204 25257 W DeviceUtils: 	at gqg$1.a(SourceFile:163)
11-05 17:24:48.358 25204 25257 W DeviceUtils: 	at gqg$1.doInBackground(SourceFile:160)
11-05 17:24:48.358 25204 25257 W DeviceUtils: 	at android.os.AsyncTask$2.call(AsyncTask.java:333)
11-05 17:24:48.358 25204 25257 W DeviceUtils: 	at java.util.concurrent.FutureTask.run(FutureTask.java:266)
11-05 17:24:48.358 25204 25257 W DeviceUtils: 	at java.util.concurrent.ThreadPoolExecutor.runWorker(ThreadPoolExecutor.java:1162)
11-05 17:24:48.358 25204 25257 W DeviceUtils: 	at java.util.concurrent.ThreadPoolExecutor$Worker.run(ThreadPoolExecutor.java:636)
11-05 17:24:48.358 25204 25257 W DeviceUtils: 	at java.lang.Thread.run(Thread.java:764)
11-05 17:24:48.359 25204 25257 V DeviceUtils: Skip saving device ID to /Android/data/.9gag/.nomedia
11-05 17:24:48.359 25204 25257 D hll     : afterExecute: isTerminating=false, isTerminated=false, isShutdown=false, taskCount=2742, activeCount=2, completedCount=2740, corePoolSize=8, poolSize=8, maxPoolSize=512, largestPoolSize=8
11-05 17:24:48.359 25204 25258 V DeviceUtils: Skip saving device ID to /Android/data/.9gag/.nomedia
11-05 17:24:48.359 25204 25258 D hll     : afterExecute: isTerminating=false, isTerminated=false, isShutdown=false, taskCount=2742, activeCount=1, completedCount=2741, corePoolSize=8, poolSize=8, maxPoolSize=512, largestPoolSize=8
11-05 17:24:48.457 25204 25541 D hll     : submit: isTerminating=false, isTerminated=false, isShutdown=false, taskCount=2742, activeCount=0, completedCount=2742, corePoolSize=8, poolSize=8, maxPoolSize=512, largestPoolSize=8
11-05 17:24:48.457 25204 25541 D hll     : execute: isTerminating=false, isTerminated=false, isShutdown=false, taskCount=2742, activeCount=0, completedCount=2742, corePoolSize=8, poolSize=8, maxPoolSize=512, largestPoolSize=8
11-05 17:24:48.458 25204 25541 D GagPostListPresenter: onNewPostCountUpdated  event:3 groupId:1
11-05 17:24:48.458 25204 25290 D hll     : beforeExecute: isTerminating=false, isTerminated=false, isShutdown=false, taskCount=2743, activeCount=1, completedCount=2742, corePoolSize=8, poolSize=8, maxPoolSize=512, largestPoolSize=8
11-05 17:24:48.467 25204 25290 D hll     : afterExecute: isTerminating=false, isTerminated=false, isShutdown=false, taskCount=2743, activeCount=1, completedCount=2742, corePoolSize=8, poolSize=8, maxPoolSize=512, largestPoolSize=8
11-05 17:24:49.593  2933  2964 I DisplayPowerController: setScreenState  mPowerState.getScreenState(): OFF to state: OFF
11-05 17:24:49.594  2506  2884 E [gf_ca_entry] : [gx_ta_send_modified_cmd_req] begin, token = 12770, cmd_id = 1016
11-05 17:24:49.657  2506  2884 D [gf_ca_entry] : [gx_ta_send_modified_cmd_req] end
11-05 17:24:49.657  2506  2884 D [gf_ca_entry] : [gf_ca_invoke_command] gx_ta_send_modified_cmd_req success
11-05 17:24:49.657  2506  2884 D [gf_ca_entry] : [gf_ca_invoke_command] ta execution succeed
11-05 17:24:49.657  2506  2884 I [GF_HAL][gf_hal_milan_hv_series]: [hal_milan_hv_series_irq] gf_hal_invoke_command, err=0, irq_type=0x0082
11-05 17:24:49.657  2506  2884 D android.hardware.biometrics.fingerprint@2.1-service: onAcquired(6)
11-05 17:24:49.658  2506  2884 E [gf_ca_entry] : [gx_ta_send_modified_cmd_req] begin, token = 12771, cmd_id = 1019
11-05 17:24:49.660  2933  4234 I PowerManagerService: Waking up from sleep (uid 10018)...
11-05 17:24:49.662  2933  4234 D PowerManagerService: needDisplaySuspendBlocker acquire wakelock
11-05 17:24:49.662  3306  3306 W FingerprintManager: Invalid acquired message: 6, 102
11-05 17:24:49.662  2933  2964 I DisplayPowerController: setScreenState  mPowerState.getScreenState(): OFF to state: ON
11-05 17:24:49.662  2933  2964 I DisplayPowerController: Blocking screen on until initial contents have been drawn.
11-05 17:24:49.663  3306  3320 I chatty  : uid=10018(u0_a18) Binder:3306_1 expire 3 lines
11-05 17:24:49.668  2933  2964 D AutomaticBrightnessController: setLightSensorEnabled enable WarmUp:0,DebunceKeep=2500,mRingingPhone=false
11-05 17:24:49.668  2933  2964 D DisplayPowerController: Unfinished business...
11-05 17:24:49.668  2933  2964 I DisplayPowerController: setScreenState  mPowerState.getScreenState(): ON to state: ON
11-05 17:24:49.669   667   667 I QTI PowerHAL: Got set_interactive hint on= 1, count= 2646
11-05 17:24:49.669   667   667 E QTI PowerHAL: Error opening /sys/kernel/hbtp/display_pwr: No such file or directory
11-05 17:24:49.670  2933  2962 I DisplayManagerService: Display device changed state: "Tela integrada", ON
11-05 17:24:49.670   693   693 D SurfaceFlinger: Set power mode=2, type=0 flinger=0x76fdc60000
11-05 17:24:49.671   663  1099 I chatty  : uid=1000(system) HwBinder:663_3 expire 16 lines
11-05 17:24:49.672  2933  3279 D InadvertentTouchController: <MSG_DISPLAY_CHANGED> mInadvertentTouchEnable or mCompleteSetupWizard false. return
11-05 17:24:49.686  2933  2933 I DeviceIdleController: becomeActiveLocked, reason = screen
11-05 17:24:49.688  2506  2884 D [gf_ca_entry] : [gx_ta_send_modified_cmd_req] end
11-05 17:24:49.688  2506  2884 D [gf_ca_entry] : [gf_ca_invoke_command] gx_ta_send_modified_cmd_req success
11-05 17:24:49.688  2506  2884 D [gf_ca_entry] : [gf_ca_invoke_command] ta execution succeed
11-05 17:24:49.688  2506  2884 D android.hardware.biometrics.fingerprint@2.1-service: onAcquired(0)
11-05 17:24:49.688  2506  2884 D android.hardware.biometrics.fingerprint@2.1-service: onAuthenticated(fid=1702049134, gid=0)
11-05 17:24:49.688  2506  2884 E [gf_ca_entry] : [gx_ta_send_modified_cmd_req] begin, token = 12772, cmd_id = 1020
11-05 17:24:49.691  2933  2933 V FingerprintService: onAuthenticated(owner=com.android.systemui, id=1702049134, gp=0)
11-05 17:24:49.692  2933  2933 V FingerprintService: Lockout is reset
11-05 17:24:49.692  2933  2933 V FingerprintService: Done with client: com.android.systemui
11-05 17:24:49.705  2506  2884 D [gf_ca_entry] : [gx_ta_send_modified_cmd_req] end
11-05 17:24:49.705  2506  2884 D [gf_ca_entry] : [gf_ca_invoke_command] gx_ta_send_modified_cmd_req success
11-05 17:24:49.705  2506  2884 D [gf_ca_entry] : [gf_ca_invoke_command] ta execution succeed
11-05 17:24:49.705  2506  2884 I [GF_HAL][gf_hal_common]: [gf_hal_image_irq_algo_finish]            image_quality=87
11-05 17:24:49.705  2506  2884 I [GF_HAL][gf_hal_common]: [gf_hal_image_irq_algo_finish]               valid_area=100
11-05 17:24:49.705  2506  2884 I [GF_HAL][gf_hal_common]: [gf_hal_image_irq_algo_finish]            key_point_num=120
11-05 17:24:49.705  2506  2884 I [GF_HAL][gf_hal_common]: [gf_hal_image_irq_algo_finish]              match_score=111
11-05 17:24:49.705  2506  2884 I [GF_HAL][gf_hal_common]: [gf_hal_image_irq_algo_finish]        authenticate_time=8ms
11-05 17:24:49.705  2506  2884 I [GF_HAL][gf_hal_common]: [gf_hal_image_irq_algo_finish]       polling image time=11ms
11-05 17:24:49.705  2506  2884 I [GF_HAL][gf_hal_common]: [gf_hal_image_irq_algo_finish]        get_raw_data_time=19ms
11-05 17:24:49.705  2506  2884 I [GF_HAL][gf_hal_common]: [gf_hal_image_irq_algo_finish]          preprocess_time=7ms
11-05 17:24:49.705  2506  2884 I [GF_HAL][gf_hal_common]: [gf_hal_image_irq_algo_finish]          algo_start_time=21ms
11-05 17:24:49.705  2506  2884 I [GF_HAL][gf_hal_common]: [gf_hal_image_irq_algo_finish]         get_feature_time=8ms
11-05 17:24:49.705  2506  2884 I [GF_HAL][gf_hal_common]: [gf_hal_image_irq_algo_finish]                 KPI time=53ms
11-05 17:24:49.705  2506  2884 I [GF_HAL][gf_hal_common]: [gf_hal_image_irq_algo_finish]         interaction time=20ms
11-05 17:24:49.705  2506  2884 I [GF_HAL][gf_hal_common]: [gf_hal_image_irq_algo_finish]               total time=94ms
11-05 17:24:49.706  2506  2884 E [gf_ca_entry] : [gx_ta_send_modified_cmd_req] begin, token = 12773, cmd_id = 1021
11-05 17:24:49.714  2506  2884 D [gf_ca_entry] : [gx_ta_send_modified_cmd_req] end
11-05 17:24:49.714  2506  2884 D [gf_ca_entry] : [gf_ca_invoke_command] gx_ta_send_modified_cmd_req success
11-05 17:24:49.714  2506  2884 D [gf_ca_entry] : [gf_ca_invoke_command] ta execution succeed
11-05 17:24:49.720  2933  2964 I DisplayPowerController: Unblocked screen on after 58 ms
11-05 17:24:49.720  2933  2964 I DisplayPowerController: setScreenState  mPowerState.getScreenState(): ON to state: ON
11-05 17:24:49.724  2933  2964 V AutomaticBrightnessController: new lux=41.0
11-05 17:24:49.724  2933  2964 D AutomaticBrightnessController: updateAmbientLux: Initializing: mAmbientLightRingBuffer=[41.0 / 0ms], mAmbientLux=41.0
11-05 17:24:49.725  2933  2964 D AutomaticBrightnessController: updateAutoBrightness: mScreenAutoBrightness=2, newScreenAutoBrightness=27, in=34.023697, out=27.218958,gain=0.8,mNightnessLevelThresThold=36
11-05 17:24:49.725  2933  2964 I DisplayPowerController: setScreenState  mPowerState.getScreenState(): ON to state: ON
11-05 17:24:49.725  2933  2964 I DisplayPowerController: setScreenState  mPowerState.getScreenState(): ON to state: ON
11-05 17:24:49.746   668  1420 I sensors-hal: flush:188, android.sensor.accelerometer/19
11-05 17:24:49.747   668  1420 I sensors-hal: flush:194, android.sensor.accelerometer/19 completed
11-05 17:24:49.748   655  1307 D audio_hw_primary: adev_set_parameters: enter: screen_state=on
11-05 17:24:49.748   655  1307 D audio_hw_extn: audio_extn_set_anc_parameters: anc_enabled:0
11-05 17:24:49.752  2933  3181 V WindowOrientationListener: Resetting orientation listener.
11-05 17:24:49.763  2933  2954 I chatty  : uid=1000(system) ActivityManager expire 9 lines
11-05 17:24:49.768  2506  2506 E [gf_ca_entry] : [gx_ta_send_modified_cmd_req] begin, token = 12774, cmd_id = 1011
11-05 17:24:49.770  2933  3512 I chatty  : uid=1000(system) Binder:2933_8 expire 3 lines
11-05 17:24:49.774  2933  4234 I chatty  : uid=1000(system) Binder:2933_10 expire 3 lines
11-05 17:24:49.777  2506  2506 D [gf_ca_entry] : [gx_ta_send_modified_cmd_req] end
11-05 17:24:49.777  2506  2506 D [gf_ca_entry] : [gf_ca_invoke_command] gx_ta_send_modified_cmd_req success
11-05 17:24:49.777  2506  2506 D [gf_ca_entry] : [gf_ca_invoke_command] ta execution succeed
11-05 17:24:49.778  2933  2933 V FingerprintService: startAuthentication(com.android.systemui)
11-05 17:24:49.778  2933  2933 V FingerprintService: starting client AuthenticationClient(com.android.systemui), initiatedByClient = true)
11-05 17:24:49.778  2506  2506 E [gf_ca_entry] : [gx_ta_send_modified_cmd_req] begin, token = 12775, cmd_id = 1010
11-05 17:24:49.783  3718  3776 I QcrilOemhookMsgTunnel: [0]processOemHookIndication length=21
11-05 17:24:49.783  3718  3776 I QcrilOemhookMsgTunnel: [0]Response ID in RIL_UNSOL_OEM_HOOK_RAW is 525306
11-05 17:24:49.783  3718  3718 D QcrilMsgTunnelIfaceManager: handleMessage what = 0
11-05 17:24:49.786  3456  3456 D QC_RIL_OEM_HOOK: Received Broadcast Intent ACTION_UNSOL_RESPONSE_OEM_HOOK_RAW
11-05 17:24:49.786  3456  3456 D QC_RIL_OEM_HOOK: Oem ID in QCRILHOOK UNSOL RESP is QOEMHOOK
11-05 17:24:49.788  3490  3888 D PhoneInterfaceManager: isWifiCallingAvailable: sub Id : 2
11-05 17:24:49.789  3490  3888 D PhoneInterfaceManager: isVolteAvailable: sub Id : 2
11-05 17:24:49.790  2933  4216 I chatty  : uid=1000(system) Binder:2933_B expire 3 lines
11-05 17:24:49.790  3490  3888 D PhoneInterfaceManager: isVideoTelephonyAvailable: sub Id : 2
11-05 17:24:49.794  2933  3181 W WindowOrientationListener: proposedRotation = 1
11-05 17:24:49.798  2571 21204 I LOWI-8.6.0.7: [LOWI-Scan] lowi_close_record:Scan done in 686360033ms, 1 APs in scan results
11-05 17:24:49.798  2933  3163 I chatty  : uid=1000(system) WifiScanningSer expire 1 line
11-05 17:24:49.802  3490  3490 D QC_RIL_OEM_HOOK: Received Broadcast Intent ACTION_UNSOL_RESPONSE_OEM_HOOK_RAW
11-05 17:24:49.803  3490  3490 D QC_RIL_OEM_HOOK: Oem ID in QCRILHOOK UNSOL RESP is QOEMHOOK
11-05 17:24:49.805  3490  3490 D QC_RIL_OEM_HOOK: Received Broadcast Intent ACTION_UNSOL_RESPONSE_OEM_HOOK_RAW
11-05 17:24:49.805  3490  3490 D QC_RIL_OEM_HOOK: Oem ID in QCRILHOOK UNSOL RESP is QOEMHOOK
11-05 17:24:49.807  2506  2506 D [gf_ca_entry] : [gx_ta_send_modified_cmd_req] end
11-05 17:24:49.807  2506  2506 D [gf_ca_entry] : [gf_ca_invoke_command] gx_ta_send_modified_cmd_req success
11-05 17:24:49.807  2506  2506 D [gf_ca_entry] : [gf_ca_invoke_command] ta execution succeed
11-05 17:24:49.808  2506  2506 D android.hardware.biometrics.fingerprint@2.1-service: onAcquired(6)
11-05 17:24:49.808  2506  2506 I [GF_HAL][gf_hal]: [gf_hal_authenticate] set g_work_state to STATE_AUTHENTICATE
11-05 17:24:49.808  2933  2933 W FingerprintService: client com.android.systemui is authenticating...
11-05 17:24:49.816  2933  3279 D InadvertentTouchController: <MSG_DISPLAY_CHANGED> mInadvertentTouchEnable or mCompleteSetupWizard false. return
11-05 17:24:49.817  2933  4236 D ActivityManager: [MemInfo] Before resuming ActivityRecord{bcdce9d u0 com.YourCompany.SkyVision/com.epicgames.ue4.GameActivity t2727}. System free memory=1222963200
11-05 17:24:49.822  2933  4236 D ActivityManager: <keyguardGoingAway>notifyKeyguard unlock
11-05 17:24:49.823  2933  4236 D InadvertentTouchController: notifyKeyguardUnlock called
11-05 17:24:49.823  2933  3279 D InadvertentTouchController: <MSG_KEYGUARD_UNLOCK> mInadvertentTouchEnable false. return
11-05 17:24:49.826  2933  2933 I DeviceIdleController: becomeActiveLocked, reason = screen
11-05 17:24:49.835  3286  3286 I DeviceStatusMonitor: cqg: onReceive() : Action = android.intent.action.SCREEN_ON
11-05 17:24:49.846  3306  3306 W FingerprintManager: Invalid acquired message: 6, 101
11-05 17:24:49.848  3441  3612 I QCNEJ/CndHalConnector: -> SND notifyScreenStateChanged(true)
11-05 17:24:49.849  3441  3612 I QCNEJ/CndHalConnector: -> SND notifyScreenStateChanged(false)
11-05 17:24:49.850  2933  2964 I DisplayPowerController: setScreenState  mPowerState.getScreenState(): ON to state: ON
11-05 17:24:49.850  2933  2964 D DisplayPowerController: call sendOnStateChangedWithWakelock
11-05 17:24:49.850  2933  2964 D DisplayPowerController: Finished business...
11-05 17:24:49.850  3306  3893 I chatty  : uid=10018(u0_a18) Binder:3306_8 expire 2 lines
11-05 17:24:49.851   663   663 I chatty  : uid=1000(system) composer@2.1-se expire 1 line
11-05 17:24:49.852  3490  3573 D PhoneInterfaceManager: isWifiCallingAvailable: sub Id : 2
11-05 17:24:49.853  3490  3979 D PhoneInterfaceManager: isVolteAvailable: sub Id : 2
11-05 17:24:49.854  3490  3979 D PhoneInterfaceManager: isVideoTelephonyAvailable: sub Id : 2
11-05 17:24:49.857  3490  3490 D ServiceStateProvider: subId=2
11-05 17:24:49.860  3751  3787 D OpenedTimeAppInfoProvider: Update DB : number of affected records : 1
11-05 17:24:49.860 23819 23819 V AsusCellBroadcast: [CellBroadcastReceiver] onReceive Intent { act=android.intent.action.SERVICE_STATE flg=0x1000010 cmp=com.android.cellbroadcastreceiver/.CellBroadcastReceiver (has extras) } , privileged=false
11-05 17:24:49.862   668   668 I sensors-hal: flush:188, android.sensor.accelerometer/19
11-05 17:24:49.865   668   668 I sensors-hal: flush:194, android.sensor.accelerometer/19 completed
11-05 17:24:49.866   668  1420 I sensors-hal: batch:159, android.sensor.magnetic_field/33, period=20000000, max_latency=0
11-05 17:24:49.866   668  1420 I sensors-hal: batch:168, android.sensor.magnetic_field/33, period=20000000, max_latency=0 request completed
11-05 17:24:49.866   668  1420 I sensors-hal: activate:126, android.sensor.magnetic_field/33 en=1
11-05 17:24:49.871   668  1420 I sensors-hal: activate:137, android.sensor.magnetic_field/33 en=1 completed
11-05 17:24:49.872   668   668 I sensors-hal: batch:159, android.sensor.gyroscope/4, period=20000000, max_latency=0
11-05 17:24:49.872   668   668 I sensors-hal: batch:168, android.sensor.gyroscope/4, period=20000000, max_latency=0 request completed
11-05 17:24:49.872   668  1420 I sensors-hal: activate:126, android.sensor.gyroscope/4 en=1
11-05 17:24:49.874  6507  6507 D SimCardReceiver: onReceive actioncode: android.intent.action.SERVICE_STATE
11-05 17:24:49.874 18154 18154 D Babel_ConversationPin: Adding pinning menu item.
11-05 17:24:49.874 18154 18154 D Babel_StartCallMenuItem: canContactViaHangouts: true canPhoneCall: false
11-05 17:24:49.877   668  1420 I sensors-hal: activate:137, android.sensor.gyroscope/4 en=1 completed
11-05 17:24:49.878  6507 17450 D PhoneCapabilityTester: sim1 isActive = true
11-05 17:24:49.879  3441  3612 I QCNEJ/CndHalConnector: -> SND notifyWwanSubtypeChanged(13)
11-05 17:24:49.879  6507 17450 D PhoneCapabilityTester: sim2 isActive = false
11-05 17:24:49.881  3751  3751 D TaskWatcherService: pkgName: com.YourCompany.SkyVision taskId: 2727
11-05 17:24:49.881  3751  3751 W ContextImpl: Calling a method in the system process without a qualified user: android.app.ContextImpl.startService:1460 android.content.ContextWrapper.startService:655 com.asus.powersaver.TaskWatcherService$IncomingHandler.handleMessage:96 android.os.Handler.dispatchMessage:105 android.os.Looper.loop:169 
11-05 17:24:49.882  3751  3751 W ContextImpl: Calling a method in the system process without a qualified user: android.app.ContextImpl.sendBroadcast:950 android.content.ContextWrapper.sendBroadcast:442 com.asus.powersaver.TaskWatcherService$IncomingHandler.handleMessage:111 android.os.Handler.dispatchMessage:105 android.os.Looper.loop:169 
11-05 17:24:49.884  3751  3787 I AppOpsStatusUpdateHandler: pkgName = com.YourCompany.SkyVision
11-05 17:24:49.884  3751  3787 I AppOpsStatusUpdateHandler: taskId = 2727
11-05 17:24:49.884  3751  3787 D CNAppLockHandler: CNAppLockHandler handleAppFocus
11-05 17:24:49.885 18154 18154 D Babel_SmsDep: disabled
11-05 17:24:49.887  3751  3751 D PowerSaverService: onStartCommand PowerSaverService:
11-05 17:24:49.888  3751  3751 D PowerSaverService: onStartCommand  action:null
11-05 17:24:49.888  3441  3612 I QCNEJ/CndHalConnector: -> SND notifyMobileDataEnabledChanged(true)
11-05 17:24:49.890  3751  3751 D PowerSaverService: current package:com.YourCompany.SkyVision, activity:com.epicgames.ue4.GameActivity, SMode:0, PMode:2
11-05 17:24:49.891  3490  3490 D PhoneGlobals: [mPhoneStateListener] onServiceStateChanged, subId[0] = 2, phoneId = 0
11-05 17:24:49.891  3490  3490 D PhoneGlobals: [mPhoneStateListener] onServiceStateChanged, state.getState() = 0
11-05 17:24:49.891  3490  3490 D PhoneGlobals: [mPhoneStateListener] onServiceStateChanged, isNonRoamingInService = true
11-05 17:24:49.891  3490  3490 D TeleService: [TELESERVICE][AsusPhoneUtils]: checkRoamingStateForPrompt(), bRoaming = false, slot = 0
11-05 17:24:49.892  3490  3490 D PhoneGlobals: [mPhoneStateListener] onServiceStateChanged, state.getRoaming() = false, getPhone(subId[0]).getDataRoamingEnabled() = false
11-05 17:24:49.892  3490  3490 D [TELESERVICE][AsusPhoneUtils]: getMobileSlot(): slotId = 0
11-05 17:24:49.893  3441  3441 W DPMJ    : |SERVICE| DPM received ACTION_ANY_DATA_CONNECTION_STATE_CHANGEDdefault
11-05 17:24:49.893  3490  3490 D TeleService: [TELESERVICE][AsusPhoneUtils]: getRoamingNotificationDB: iRoamingNotificationState = 1, ret = true
11-05 17:24:49.893  3441  3441 W DPMJ    : |SERVICE| If apn type is default ->default
11-05 17:24:49.893  3490  3490 D PhoneGlobals: [mPhoneStateListener] onServiceStateChanged, mobileDataOn = true
11-05 17:24:49.893  3490  3490 D PhoneGlobals: onServiceStateChanged(): mServiceState = 0, mServiceState2 = 1
11-05 17:24:49.893  3490  3490 D PhoneGlobals: onReceive(): action = android.intent.action.SERVICE_STATE
11-05 17:24:49.893  3490  3490 D TeleService: PhoneGlobals: mReceiver: ACTION_SERVICE_STATE_CHANGED
11-05 17:24:49.893  3490  3490 D PhoneGlobals: handleServiceStateChanged: intent = Intent { act=android.intent.action.SERVICE_STATE flg=0x1000010 (has extras) }
11-05 17:24:49.895  3751  3751 W ContextImpl: Calling a method in the system process without a qualified user: android.app.ContextImpl.sendBroadcast:965 android.content.ContextWrapper.sendBroadcast:447 com.asus.mobilemanagerservice.MobileManagerService$b.onReceive:54 android.app.LoadedApk$ReceiverDispatcher$Args.lambda$-android_app_LoadedApk$ReceiverDispatcher$Args_51298:1299 android.app.-$Lambda$FilBqgnXJrN9Mgyks1XHeAxzSTk.$m$0:4 
11-05 17:24:49.896  3490  3490 D PhoneGlobals: handleServiceStateChanged: state = 0, ss.getVoiceRoaming() = false
11-05 17:24:49.896  3490  3490 D [TELESERVICE][AsusPhoneUtils]: setHasShowedmRoamingDialog(): on = false, slotId = 0
11-05 17:24:49.896  3490  3490 D [TELESERVICE][AsusPhoneUtils]: getMobileSlot(): slotId = 0
11-05 17:24:49.903  3490  3832 D PhoneInterfaceManager: isWifiCallingAvailable: sub Id : 2
11-05 17:24:49.906  3441  3612 I QCNEJ/CndHalConnector: -> SND notifyRatConnectionStatusChanged(rat = 0, CONNECTED)
11-05 17:24:49.907  3490  3832 D PhoneInterfaceManager: isVolteAvailable: sub Id : 2
11-05 17:24:49.910  3490  3888 D PhoneInterfaceManager: isVideoTelephonyAvailable: sub Id : 2
11-05 17:24:49.911  3490  3490 D PhoneGlobals: onReceive(): action = android.intent.action.ANY_DATA_STATE
11-05 17:24:49.911  3490  3888 D PhoneInterfaceManager: isWifiCallingAvailable: sub Id : 2
11-05 17:24:49.911  3490  3490 D PhoneGlobals: mReceiver: android.intent.action.ANY_DATA_STATE
11-05 17:24:49.911  3490  3490 D PhoneGlobals: - state: CONNECTED
11-05 17:24:49.911  3490  3490 D PhoneGlobals: - reason: null
11-05 17:24:49.911  3490  3490 D PhoneGlobals: - subId: 2
11-05 17:24:49.911  3490  3490 D PhoneGlobals: - phoneId: 0
11-05 17:24:49.912  3490  3490 D [TELESERVICE][AsusPhoneUtils]: getMobileSlot(): slotId = 0
11-05 17:24:49.912  3490  3490 D TeleService: PhoneGlobals: mReceiver: ACTION_ANY_DATA_CONNECTION_STATE_CHANGED: subId = 2
11-05 17:24:49.912  3490  3490 D TeleService: PhoneGlobals: mReceiver: ACTION_ANY_DATA_CONNECTION_STATE_CHANGED: mDataDisconnectedDueToRoaming = false
11-05 17:24:49.912  3490  3490 D TeleService: PhoneGlobals: mReceiver: ACTION_ANY_DATA_CONNECTION_STATE_CHANGED: phone.getDataRoamingEnabled = false
11-05 17:24:49.912  3490  3490 D PhoneGlobals: handleMessage() msg.what: 102
11-05 17:24:49.912  3490  3490 D PhoneGlobals: handleMessage() msg.what: 11
11-05 17:24:49.912  3490  3490 D TeleService: PhoneGlobals: mHandler: EVENT_DATA_ROAMING_OK
11-05 17:24:49.912  3490  3888 D PhoneInterfaceManager: isVolteAvailable: sub Id : 2
11-05 17:24:49.913  3490  3832 D PhoneInterfaceManager: isVideoTelephonyAvailable: sub Id : 2
11-05 17:24:49.915  3490  3888 D PhoneInterfaceManager: isWifiCallingAvailable: sub Id : 2
11-05 17:24:49.915  3490  3888 D PhoneInterfaceManager: isVolteAvailable: sub Id : 2
11-05 17:24:49.916 17165 17187 I chatty  : uid=10177(u0_a177) com.YourCompany.SkyVision expire 956 lines
11-05 17:24:49.917   693  1164 W ServiceManager: Permission failure: android.permission.ACCESS_SURFACE_FLINGER from uid=10177 pid=17165
11-05 17:24:49.917   693  1164 D PermissionCache: checking android.permission.ACCESS_SURFACE_FLINGER for uid=10177 => denied (267 us)
11-05 17:24:49.917   693  1164 E SurfaceFlinger: Permission Denial: can't openGlobalTransaction pid=17165, uid<=10177
11-05 17:24:49.918   693  1164 E SurfaceFlinger: Permission Denial: can't openGlobalTransaction pid=17165, uid<=10177
11-05 17:24:49.923   667   667 I QTI PowerHAL: Enable request for mode: 0x1
11-05 17:24:49.923   667   667 D QTI PowerHAL: Hint id is 0x1206 for mode 0x1
11-05 17:24:49.923   667   667 D QTI PowerHAL: Acquired handle 0x5925a
11-05 17:24:49.923   667   667 I QTI PowerHAL: Current mode is 0x1
11-05 17:24:49.924  3490  3832 D PhoneInterfaceManager: isVideoTelephonyAvailable: sub Id : 2
11-05 17:24:49.928   678   758 E ANDR-PERF-REQUEST: Failed to set timer
11-05 17:24:49.948  2933  2933 V FingerprintService: stop client com.android.systemui
11-05 17:24:49.951  3306  3306 V KeyguardDisplayManager: hide
11-05 17:24:49.952  2506  2506 D android.hardware.biometrics.fingerprint@2.1-service: onError(5)
11-05 17:24:49.952  2506  2506 I [GF_HAL][gf_hal]: [gf_hal_cancel] set g_work_state to STATE_IDLE
11-05 17:24:49.952  2506  2506 E [gf_ca_entry] : [gx_ta_send_modified_cmd_req] begin, token = 12776, cmd_id = 1009
11-05 17:24:49.955  3306 17454 I chatty  : uid=10018(u0_a18) com.android.systemui expire 1 line
11-05 17:24:49.981  2933 11266 D ImmersiveModeConfirmation: immersiveModeChanged() We forced to disable immersive mode
11-05 17:24:49.984  2933 11266 W WindowOrientationListener: setCurrentRotation(1)
11-05 17:24:49.985  2506  2506 D [gf_ca_entry] : [gx_ta_send_modified_cmd_req] end
11-05 17:24:49.985  2506  2506 D [gf_ca_entry] : [gf_ca_invoke_command] gx_ta_send_modified_cmd_req success
11-05 17:24:49.985  2506  2506 D [gf_ca_entry] : [gf_ca_invoke_command] ta execution succeed
11-05 17:24:49.985  2933  2933 W FingerprintService: client com.android.systemui is no longer authenticating
11-05 17:24:49.986  2933  2933 V FingerprintService: Done with client: com.android.systemui
11-05 17:24:49.986  2933  2933 V FingerprintService: handleError(client=com.android.systemui, error = 5)
11-05 17:24:49.986  2933  2933 I chatty  : uid=1000 system_server expire 1 line
11-05 17:24:50.000  2933 11266 I chatty  : uid=1000(system) Binder:2933_1C expire 5 lines
11-05 17:24:50.003  2933  3279 D InadvertentTouchController: <MSG_DISPLAY_CHANGED> mInadvertentTouchEnable or mCompleteSetupWizard false. return
11-05 17:24:50.004  2933  2933 I DeviceIdleController: becomeActiveLocked, reason = screen
11-05 17:24:50.017  2933 11266 I ActivityManager: Config changes=480 {0 1.0 724mcc10mnc [pt_BR] ldltr sw360dp w704dp h331dp 480dpi nrml long hdr land finger -keyb/v/h -nav/h appBounds=Rect(0, 0 - 2114, 1080) s.355}
11-05 17:24:50.024  6341 17456 D DatabaseIndexingManager: Indexing locale 'pt_BR' took 5 millis
11-05 17:24:50.026  2933  2964 V AutomaticBrightnessController: new lux=43.0
11-05 17:24:50.032  2933 11266 I ActivityManager: Override config changes=480 {0 1.0 724mcc10mnc [pt_BR] ldltr sw360dp w704dp h331dp 480dpi nrml long hdr land finger -keyb/v/h -nav/h appBounds=Rect(0, 0 - 2114, 1080) s.355} for displayId=0
11-05 17:24:50.048  3718  3776 I QcrilOemhookMsgTunnel: [0]processOemHookIndication length=21
11-05 17:24:50.048  3718  3776 I QcrilOemhookMsgTunnel: [0]Response ID in RIL_UNSOL_OEM_HOOK_RAW is 525306
11-05 17:24:50.054  3306  3869 I chatty  : uid=10018(u0_a18) AsusFingerprint expire 1 line
11-05 17:24:50.056  2933 24871 I chatty  : uid=1000(system) Binder:2933_20 expire 1 line
11-05 17:24:50.057  2933  2933 D Telecom : AsusTelecomReceiver: AsusTelecomReceiver: onReceive()...action = android.intent.action.CONFIGURATION_CHANGED
11-05 17:24:50.057  2933  2964 I DisplayPowerController: setScreenState  mPowerState.getScreenState(): ON to state: ON
11-05 17:24:50.058  2933  2964 D DisplayPowerController: Unfinished business...
11-05 17:24:50.058  2933  2964 I DisplayPowerController: setScreenState  mPowerState.getScreenState(): ON to state: ON
11-05 17:24:50.058  2933  2964 D DisplayPowerController: Finished business...
11-05 17:24:50.059  3490  3832 D [TELESERVICE][AsusPhoneUtils]: getMobileSlot(): slotId = 0
11-05 17:24:50.059   667   667 I QTI PowerHAL: Disable request for mode: 0x1
11-05 17:24:50.059   667   667 D QTI PowerHAL: Releasing handle 0x5925a
11-05 17:24:50.059   667   667 D QTI PowerHAL: Couldn't find the hint for mode 0x0
11-05 17:24:50.059   667   667 I QTI PowerHAL: Current mode is 0x0
11-05 17:24:50.059  2933  3284 V LightsService: set display brightness [1]=27,Id=0
11-05 17:24:50.062  3441  3612 I QCNEJ/CndHalConnector: -> SND notifyScreenStateChanged(true)
11-05 17:24:50.063  2933  2954 W BroadcastQueue: Background execution not allowed: receiving Intent { act=android.intent.action.USER_PRESENT flg=0x24200010 } to com.facebook.katana/com.facebook.ioprefetch.IOPrefetchReceiver
11-05 17:24:50.063  2933  2954 W BroadcastQueue: Background execution not allowed: receiving Intent { act=android.intent.action.USER_PRESENT flg=0x24200010 } to com.facebook.katana/com.facebook.rti.orca.FbnsLiteBroadcastReceiver
11-05 17:24:50.063 18377 18377 I GsaVoiceInteractionSrv: O received Intent { act=android.intent.action.USER_PRESENT flg=0x24200010 }
11-05 17:24:50.076  3718  3776 I QcrilOemhookMsgTunnel: [0]processOemHookIndication length=21
11-05 17:24:50.076  3718  3776 I QcrilOemhookMsgTunnel: [0]Response ID in RIL_UNSOL_OEM_HOOK_RAW is 525306
11-05 17:24:50.076  2933 17439 I chatty  : uid=1000 system_server expire 1 line
11-05 17:24:50.078  2933  2954 I chatty  : uid=1000(system) ActivityManager expire 3 lines
11-05 17:24:50.083   693   693 D SurfaceFlinger: Backpressure trigger, skipping transaction & refresh!
11-05 17:24:50.098  4276  4276 D Launcher.Utilities: isPhone= true
11-05 17:24:50.105  3718  3718 D QcrilMsgTunnelIfaceManager: handleMessage what = 0
11-05 17:24:50.106  4276  4276 D FontUtils: getSavedDisplaySettingsFontScale: 1.0
11-05 17:24:50.106  4276  4276 D FontUtils: current Launcher saved fontscale: 1.0
11-05 17:24:50.107  3456  3456 D QC_RIL_OEM_HOOK: Received Broadcast Intent ACTION_UNSOL_RESPONSE_OEM_HOOK_RAW
11-05 17:24:50.107  3456  3456 D QC_RIL_OEM_HOOK: Oem ID in QCRILHOOK UNSOL RESP is QOEMHOOK
11-05 17:24:50.107  4276  4276 D FontUtils: getSavedDisplaySettingsFontScale: 1.0
11-05 17:24:50.107  4276  4276 D FontUtils: checkAndGetSavedFontScale, Latest saved displaySettings fontscale: 1.0, current displaySettings fontscale: 1.0, AsusEzmodeStatus(0 is disabled): 0
11-05 17:24:50.107   673 21206 I WifiHAL : event received NL80211_CMD_VENDOR, vendor_id = 0x1374, subcmd = 0xa
11-05 17:24:50.108  3718  3718 D QcrilMsgTunnelIfaceManager: handleMessage what = 0
11-05 17:24:50.108  3490  3490 D QC_RIL_OEM_HOOK: Received Broadcast Intent ACTION_UNSOL_RESPONSE_OEM_HOOK_RAW
11-05 17:24:50.108  3490  3490 D QC_RIL_OEM_HOOK: Oem ID in QCRILHOOK UNSOL RESP is QOEMHOOK
11-05 17:24:50.108  3490  3490 D QC_RIL_OEM_HOOK: Received Broadcast Intent ACTION_UNSOL_RESPONSE_OEM_HOOK_RAW
11-05 17:24:50.108  3490  3490 D QC_RIL_OEM_HOOK: Oem ID in QCRILHOOK UNSOL RESP is QOEMHOOK
11-05 17:24:50.109 21208 21208 I wpa_supplicant: wlan0: CTRL-EVENT-AVOID-FREQ ranges=5180-5320,5500-5640
11-05 17:24:50.111  3456  3456 D QC_RIL_OEM_HOOK: Received Broadcast Intent ACTION_UNSOL_RESPONSE_OEM_HOOK_RAW
11-05 17:24:50.111  3456  3456 D QC_RIL_OEM_HOOK: Oem ID in QCRILHOOK UNSOL RESP is QOEMHOOK
11-05 17:24:50.111  3490  3490 D QC_RIL_OEM_HOOK: Received Broadcast Intent ACTION_UNSOL_RESPONSE_OEM_HOOK_RAW
11-05 17:24:50.111  3490  3490 D QC_RIL_OEM_HOOK: Oem ID in QCRILHOOK UNSOL RESP is QOEMHOOK
11-05 17:24:50.111  3490  3490 D QC_RIL_OEM_HOOK: Received Broadcast Intent ACTION_UNSOL_RESPONSE_OEM_HOOK_RAW
11-05 17:24:50.111  3490  3490 D QC_RIL_OEM_HOOK: Oem ID in QCRILHOOK UNSOL RESP is QOEMHOOK
11-05 17:24:50.112  3490  3888 D PhoneInterfaceManager: isWifiCallingAvailable: sub Id : 2
11-05 17:24:50.113  3490  3888 D PhoneInterfaceManager: isVolteAvailable: sub Id : 2
11-05 17:24:50.114  3490  3888 D PhoneInterfaceManager: isVideoTelephonyAvailable: sub Id : 2
11-05 17:24:50.115  3490  3888 D PhoneInterfaceManager: isWifiCallingAvailable: sub Id : 2
11-05 17:24:50.116  3490  3888 D PhoneInterfaceManager: isVolteAvailable: sub Id : 2
11-05 17:24:50.119  3490  3888 D PhoneInterfaceManager: isVideoTelephonyAvailable: sub Id : 2
11-05 17:24:50.129  2506  2884 E [gf_ca_entry] : [gx_ta_send_modified_cmd_req] begin, token = 12777, cmd_id = 1016
11-05 17:24:50.130  4276  4276 D FontUtils: current Launcher saved fontscale: 1.0
11-05 17:24:50.131  4276  4276 I LauncherApplication: isSystemFontChanged: false
11-05 17:24:50.131  4276  4276 D FontUtils: getSavedDisplaySettingsFontScale: 1.0
11-05 17:24:50.133  4276  4276 D LauncherLog: LauncherProvier - getDatabase: normal-launcher.db
11-05 17:24:50.133  4276  4276 D Launcher.Model: onReceive intent=Intent { act=android.intent.action.CONFIGURATION_CHANGED flg=0x70200010 }
11-05 17:24:50.133  4276  4276 D Launcher.Model: onReceive intent=Intent { act=android.intent.action.USER_PRESENT flg=0x24200010 }
11-05 17:24:50.134  4276  4276 D APPLOCK_Receiver: onReceive ACTION_USER_PRESENT
11-05 17:24:50.134  4276  4276 I APPLOCK_Receiver: onReceive ++++++ start polling
11-05 17:24:50.134  2933  3974 I FingerprintService: CN sku = false
11-05 17:24:50.134 17165 17188 I chatty  : uid=10177(u0_a177) com.YourCompany.SkyVision expire 2 lines
11-05 17:24:50.149   667   667 I QTI PowerHAL: Enable request for mode: 0x1
11-05 17:24:50.149   667   667 D QTI PowerHAL: Hint id is 0x1206 for mode 0x1
11-05 17:24:50.149   667   667 D QTI PowerHAL: Acquired handle 0x5925c
11-05 17:24:50.149   667   667 I QTI PowerHAL: Current mode is 0x1
11-05 17:24:50.151  2933  3284 I chatty  : uid=1000(system) PhotonicModulat expire 1 line
11-05 17:24:50.157   678   758 E ANDR-PERF-REQUEST: Failed to set timer
11-05 17:24:50.182  2506  2884 D [gf_ca_entry] : [gx_ta_send_modified_cmd_req] end
11-05 17:24:50.182  2506  2884 D [gf_ca_entry] : [gf_ca_invoke_command] gx_ta_send_modified_cmd_req success
11-05 17:24:50.182  2506  2884 D [gf_ca_entry] : [gf_ca_invoke_command] ta execution succeed
11-05 17:24:50.182  2506  2884 I [GF_HAL][gf_hal_milan_hv_series]: [hal_milan_hv_series_irq] gf_hal_invoke_command, err=0, irq_type=0x0004
11-05 17:24:50.210  1869  1888 D Clock: AnimationUtil: Update animation icon, support adaptive animation icon: true
11-05 17:24:50.210  3306  3306 I chatty  : uid=10018(u0_a18) com.android.systemui expire 27 lines
11-05 17:24:50.215 17165 17165 I chatty  : uid=10177(u0_a177) com.YourCompany.SkyVision expire 75 lines
11-05 17:24:50.215  2933  3181 W WindowOrientationListener: proposedRotation = 0
11-05 17:24:50.217  2933  3113 I WindowManager: Screen frozen for +232ms due to Window{438635e u0 NavigationBar}
11-05 17:24:50.221  2933 11266 I chatty  : uid=1000(system) Binder:2933_1C expire 3 lines
11-05 17:24:50.235  2933 24776 I chatty  : uid=1000(system) Binder:2933_1F expire 3 lines
11-05 17:24:50.248  3306  3674 I chatty  : uid=10018(u0_a18) SysUiBg expire 4 lines
11-05 17:24:50.249  3490  3888 D PhoneInterfaceManager: isWifiCallingAvailable: sub Id : 2
11-05 17:24:50.249  2933  4216 I chatty  : uid=1000(system) Binder:2933_B expire 6 lines
11-05 17:24:50.252  3490  3888 D PhoneInterfaceManager: isVolteAvailable: sub Id : 2
11-05 17:24:50.254  3490  3888 D PhoneInterfaceManager: isVideoTelephonyAvailable: sub Id : 2
11-05 17:24:50.266   693   693 D SurfaceFlinger: Backpressure trigger, skipping transaction & refresh!
11-05 17:24:50.281  3306  3306 I chatty  : uid=10018(u0_a18) com.android.systemui expire 20 lines
11-05 17:24:50.294  2933 11266 I chatty  : uid=1000(system) Binder:2933_1C expire 3 lines
11-05 17:24:50.303 32539 17474 W MDM     : [18113] adiz.c: enableNfc
11-05 17:24:50.304 32539 17474 W MDM     : [18113] adiz.c: EnableNfc flag is true
11-05 17:24:50.310  3306  3306 V KeyguardUpdateMonitor: *** unregister callback for null
11-05 17:24:50.310  3306  3306 D CarrierText: N=1
11-05 17:24:50.311  2933  4240 I chatty  : uid=1000(system) Binder:2933_15 expire 3 lines
11-05 17:24:50.311  3306  3306 D CarrierText: isBrazilCountryCode subId=2 simCountryISO=br result=true
11-05 17:24:50.312  3306  3306 D CarrierText: i=0 subId=2 status=Normal ss=true
11-05 17:24:50.312  3306  3306 D CarrierText: getRoaming=false
11-05 17:24:50.312  3306  3306 D CarrierText: Handling (subId=2): READY Vivo
11-05 17:24:50.312  3306  3306 D CarrierText: Handling subId=2 simState=READY carrierName=Vivo carrierTextForSimState=Vivo mSimSlotMessage={}
11-05 17:24:50.313  3306  3306 D CarrierText: subId=2 voice_network_type=13 network_class=3 is2G=false hasService=true
11-05 17:24:50.313  3306  3306 D CarrierText: displayText=null carrierTextForSimState=Vivo
11-05 17:24:50.313  3306  3306 D CarrierText: SIM ready and in service: subId=2, ss=0 0 voice home data home Vivo Vivo 72410 Vivo Vivo 72410  LTE LTE CSS not supported -1 -1 RoamInd=-1 DefRoamInd=-1 EmergOnly=false IsDataRoamingFromRegistration=false IsUsingCarrierAggregation=true mLteEarfcnRsrpBoost=0
11-05 17:24:50.313  3306  3306 D CarrierText: displayText--Vivo
11-05 17:24:50.316  3306  3306 I keyguard: TargetContainer:onPathDataChanged mPathKey:clock data:null
11-05 17:24:50.316  3306  3306 I keyguard: AsusMediator:registerBarClockShowCallback callback:com.asus.keyguard.module.clock.ui.AsusWeatherClockContainer$1@4ba8c73
11-05 17:24:50.317  3306  3306 I keyguard: TargetContainer:init
11-05 17:24:50.317  3306  3306 D QSContainerImpl: onConfigurationChanged Vertical new : false / old : true
11-05 17:24:50.318  3306  3306 D QuickStatusBarHeader: onConfigurationChanged Vertical new : false / old : true
11-05 17:24:50.319  3306  3306 D keyguard: KeyguardUpdateMonitor:getUserCanSkipBouncer,getUserHasTrust:false,isFpAuthenticated:false,isFaceAuthenticated:false
11-05 17:24:50.329  2933  2964 V AutomaticBrightnessController: new lux=46.0
11-05 17:24:50.331  3306  3306 I keyguard: TargetContainer:uninitDrag
11-05 17:24:50.331  3306  3306 W keyguard: AnimationTargetContainer:reset mState:READY
11-05 17:24:50.331  3306  3306 I keyguard: TargetContainer:uninitDrag
11-05 17:24:50.331  3306  3306 W keyguard: AnimationTargetContainer:reset mState:READY
11-05 17:24:50.333  3306  3306 I keyguard: TargetContainer:init
11-05 17:24:50.333  3306  3306 I keyguard: AsusLSShortcut:updateUI app:android.graphics.drawable.VectorDrawable@234e92e background:null color:-1
11-05 17:24:50.334  3306  3306 I keyguard: AsusLSShortcut:setAppInfo:Câmera
11-05 17:24:50.334  3306  3306 I keyguard: TargetContainer:init
11-05 17:24:50.334  3306  3306 I keyguard: AsusLSShortcut:updateUI app:android.graphics.drawable.VectorDrawable@7277ccf background:null color:-1
11-05 17:24:50.335  3306  3306 I keyguard: AsusLSShortcut:setAppInfo:Câmera
11-05 17:24:50.335  3306  3306 I keyguard: AsusLSShortcut:updateUI app:android.graphics.drawable.VectorDrawable@af1665c background:null color:-1
11-05 17:24:50.335  3306  3306 W keyguard: AsusShortcutInfo:appName not found:android.content.pm.PackageManager$NameNotFoundException: ComponentInfo{com.asus.keyguard.module.slideshow.ui/com.asus.keyguard.module.slideshow.ui.SlideshowSettingPanelView}
11-05 17:24:50.335  3306  3306 I keyguard: AsusLSShortcut:setAppInfo:null
11-05 17:24:50.339  3306  3306 I keyguard: AsusLSShortcut:updateUI app:android.graphics.drawable.VectorDrawable@5c916eb background:null color:-1
11-05 17:24:50.339  3306  3306 I keyguard: AsusLSShortcut:updateUI app:android.graphics.drawable.VectorDrawable@5c8c48 background:null color:-1
11-05 17:24:50.339  3306  3306 I keyguard: TargetContainer:onPathDataChanged mPathKey:null data:null
11-05 17:24:50.339  3306  3306 I keyguard: TargetContainer:onPathDataChanged mPathKey:null data:null
11-05 17:24:50.342  1809  1809 E adbd    : failed to connect to socket 'tcp:6666': Connection refused
11-05 17:24:50.343  3306  3306 D QSIconView: Hotspot state=false
11-05 17:24:50.351   663  1099 I chatty  : uid=1000(system) HwBinder:663_3 expire 15 lines
11-05 17:24:50.392  4276  4276 D APPLOCK_Receiver: onReceive ACTION_SCREEN_ON
11-05 17:24:50.393  4276  4276 W APPLOCK_Receiver: the state isn't keyguard locked: remove stop polling task
11-05 17:24:50.399  2933  4548 I chatty  : uid=1000(system) IzatProvider expire 3 lines
11-05 17:24:50.399  2468  2468 V LocSvc_HIDL_IzatSubscription: [screenStatusUpdate][541] [HS] <<<<= [HC]
11-05 17:24:50.410  3306  3306 D StatusBar: disable<e i a s b h r c s q >
11-05 17:24:50.439  3751  3751 D PowerSaverService: mIsScreenOn = true
11-05 17:24:50.439  3751  3751 D PowerSaverService: screenChgReason = 0
11-05 17:24:50.440  3306  3306 D NavigationBar: Navigation bar setSystemUiVisibility nbMode: -1
11-05 17:24:50.440  3306  3306 D NavigationBarView: ImmersiveModeByUser: false
11-05 17:24:50.445  3751  3751 D SuspiciousAppDetectionService: Recevie SCREEN ON intent
11-05 17:24:50.445  3751  3751 D SuspiciousAppDetectionService: cancelExactAlarm
11-05 17:24:50.448  3751  3751 D FOCUS_FOREGROUND_MONITOR: Do screen on command
11-05 17:24:50.449  3751  3751 D FOCUS_FOREGROUND_MONITOR: t2l_hit not exist!
11-05 17:24:50.474  3306  3306 D keyguard: StatusBarWindowManager:isExpanded<Fkvkbhp>
11-05 17:24:50.474  3306  3306 D keyguard: StatusBarWindowManager:applyHeight,expanded:false
11-05 17:24:50.474  3306  3306 D keyguard: StatusBarWindowManager:isExpanded<Fkvkbhp>
11-05 17:24:50.482  3306  3306 I keyguard: AsusSlideshowManager:updateSlideshowInformation: imageSource: false
11-05 17:24:50.482  3306  3306 I keyguard: AsusSlideshowManager:setSlideshowInformationTitle: null, view: true
11-05 17:24:50.482  3306  3306 I keyguard: AsusKgBottomAreaZen35:setSlideshowInformationTextView: null
11-05 17:24:50.482  3306  3306 I keyguard: TargetContainer:initDrag
11-05 17:24:50.482  3306  3306 E keyguard: FramesHelp:not support no path data
11-05 17:24:50.482  3306  3306 D CarrierText: AsusCBMSG50Receiver subId=2 messageBody=VIVO SP 19 isMsg50=true mSimSlotMessage={}
11-05 17:24:50.483  3306  3306 D CarrierText: N=1
11-05 17:24:50.484  3306  3306 D CarrierText: isBrazilCountryCode subId=2 simCountryISO=br result=true
11-05 17:24:50.485  3306  3306 D CarrierText: i=0 subId=2 status=Normal ss=true
11-05 17:24:50.485  3306  3306 D CarrierText: getRoaming=false
11-05 17:24:50.485  3306  3306 D CarrierText: Handling (subId=2): READY Vivo
11-05 17:24:50.486  3306  3306 D CarrierText: Handling subId=2 simState=READY carrierName=Vivo carrierTextForSimState=Vivo mSimSlotMessage={2=VIVO SP 19}
11-05 17:24:50.489  3306  3306 D CarrierText: subId=2 voice_network_type=13 network_class=3 is2G=false hasService=true
11-05 17:24:50.489  3306  3306 D CarrierText: displayText=null carrierTextForSimState=Vivo
11-05 17:24:50.489  3306  3306 D CarrierText: SIM ready and in service: subId=2, ss=0 0 voice home data home Vivo Vivo 72410 Vivo Vivo 72410  LTE LTE CSS not supported -1 -1 RoamInd=-1 DefRoamInd=-1 EmergOnly=false IsDataRoamingFromRegistration=false IsUsingCarrierAggregation=true mLteEarfcnRsrpBoost=0
11-05 17:24:50.489  3306  3306 D CarrierText: displayText--Vivo
11-05 17:24:50.489  3306  3306 D CarrierText: AsusCBMSG50Receiver update mSimSlotMessage={2=VIVO SP 19}
11-05 17:24:50.489  3306  3306 I keyguard: TargetContainer:initDrag
11-05 17:24:50.489  3306  3306 E keyguard: FramesHelp:not support no path data
11-05 17:24:50.489  3306  3306 I keyguard: TargetContainer:initDrag
11-05 17:24:50.489  3306  3306 E keyguard: FramesHelp:not support no path data
11-05 17:24:50.492 18377 18377 I HwDetectorWithState: #performNextHotwordAction action: 0
11-05 17:24:50.494 18377 18377 D AudioRecord: AudioRecord::openRecord_l 
11-05 17:24:50.494 18377 18377 D AudioRecord: AudioRecord::openRecord_l - getInputForAttr 
11-05 17:24:50.495  2437  8204 V APM_AudioPolicyManager: getInputForAttr() source 1999, samplingRate 16000, format 1, channelMask 10,session 32657, flags 0
11-05 17:24:50.495   655  2406 D audio_hw_primary: adev_open_input_stream: enter: sample_rate(16000) channel_mask(0x10) devices(0x80000004)        stream_handle(0xee004880) io_handle(11438) source(6) format 1
11-05 17:24:50.495   655  2406 W audio_hw_utils: audio_extn_utils_update_stream_input_app_type_cfg: App type could not be selected. Falling back to default
11-05 17:24:50.496  4276  4711 I AnimationIconReceiver: Get animation icon from Method 4= [com.asus.deskclock] 216 x 216
11-05 17:24:50.496  4276  4711 D AnimationIconReceiver: get app package name: com.asus.deskclock class name: com.asus.deskclock.DeskClock size: 216
11-05 17:24:50.497  4276  4711 W Launcher: setApplicationContext called twice! old=com.android.launcher3.LauncherApplication@bf4777b new=com.android.launcher3.LauncherApplication@bf4777b
11-05 17:24:50.498  2437  8204 V APM_AudioPolicyManager: getInputForAttr() returns input type = 0
11-05 17:24:50.498 18377 18377 D AudioRecord:  audio input for session 32657, record source 1999, sample rate 16000, format 0x1, channel mask 0x10, flags 0
11-05 17:24:50.498 18377 18377 D AudioRecord: AudioRecord::openRecord_l - AF openrecord 
11-05 17:24:50.499  2437 15852 V APM_AudioPolicyManager: listAudioPorts() role 0 type 0 num_ports 0 ports 0xe93995a0
11-05 17:24:50.499  2437 15852 V APM_AudioPolicyManager: listAudioPorts() got 0 ports needed 12
11-05 17:24:50.499  2437 15852 V APM_AudioPolicyManager: listAudioPorts() role 0 type 0 num_ports 12 ports 0xe6321700
11-05 17:24:50.499  2437 17485 I AudioFlinger: AudioFlinger's thread 0xe5783080 tid=17485 ready to run
11-05 17:24:50.499  2437 15852 V APM_AudioPolicyManager: listAudioPorts() got 12 ports needed 12
11-05 17:24:50.499   655  2406 D audio_hw_primary: in_standby: enter: stream (0xee004880) usecase(18: audio-record)
11-05 17:24:50.499  2437 15852 V APM_AudioPolicyManager: listAudioPorts() role 0 type 0 num_ports 0 ports 0xe93995a0
11-05 17:24:50.499  2437 15852 V APM_AudioPolicyManager: listAudioPorts() got 0 ports needed 12
11-05 17:24:50.500  2437  2646 V APM_AudioPolicyManager: listAudioPorts() role 0 type 0 num_ports 12 ports 0xe6803900
11-05 17:24:50.500  2437  2646 V APM_AudioPolicyManager: listAudioPorts() got 12 ports needed 12
11-05 17:24:50.504   655  2406 D audio_hw_primary: in_standby: enter: stream (0xee004880) usecase(18: audio-record)
11-05 17:24:50.506  2437  8204 D AudioPolicyManagerCustom: startInput() input 11438
11-05 17:24:50.508   655  2406 D audio_hw_primary: in_set_parameters: enter: kvpairs=input_source=6;routing=-2147483644
11-05 17:24:50.510  2437  8204 V APM_AudioPolicyManager: setInputDevice() createAudioPatch returned 0 patchHandle 13332
11-05 17:24:50.511  2437  8204 V AudioPolicyManagerCustom: AudioPolicyManager::startInput() input source = 1999
11-05 17:24:50.511  2437  3059 I SoundTriggerHwService::Module: onCallbackEvent no clients
11-05 17:24:50.511  2437  8204 V APM_AudioPolicyManager: listAudioPorts() role 0 type 0 num_ports 0 ports 0xe9399580
11-05 17:24:50.511  2437  8204 V APM_AudioPolicyManager: listAudioPorts() got 0 ports needed 12
11-05 17:24:50.511  2437 15852 V APM_AudioPolicyManager: listAudioPorts() role 0 type 0 num_ports 12 ports 0xe6321700
11-05 17:24:50.511  2437 15852 V APM_AudioPolicyManager: listAudioPorts() got 12 ports needed 12
11-05 17:24:50.512   655 17490 D audio_hw_primary: start_input_stream: enter: stream(0xee004880)usecase(18: audio-record)
11-05 17:24:50.512   655 17490 D audio_hw_primary: select_devices for use case (audio-record)
11-05 17:24:50.512   655 17490 D msm8974_platform: platform_get_input_snd_device: select mic default
11-05 17:24:50.512   655 17490 D msm8974_platform: platform_get_input_snd_device: bt_devices_type : 0
11-05 17:24:50.512   655 17490 D msm8974_platform: platform_get_input_snd_device: enter: out_device(0) in_device(0x4) channel_count (1) channel_mask (0x10)
11-05 17:24:50.512   655 17490 D audio_hw_primary: select_devices: out_snd_device(0: ) in_snd_device(205: handset-mic)
11-05 17:24:50.512   655 17490 I msm8974_platform: platform_check_and_set_capture_codec_backend_cfg:txbecf: afe: bitwidth 16, samplerate 16000, channel 1 format 1, backend_idx 7 usecase = 18 device (handset-mic)
11-05 17:24:50.512   655 17490 I msm8974_platform: platform_check_capture_codec_backend_cfg:txbecf: afe: Codec selected backend: 7 current bit width: 16 and sample rate: 16000, channels 1 format 1
11-05 17:24:50.512   655 17490 W msm8974_platform: platform_get_backend_index:napb: Invalid device - 0 
11-05 17:24:50.512   655 17490 I msm8974_platform: platform_check_capture_codec_backend_cfg:txbecf: afe: Codec selected backend: 7 updated bit width: 16 and sample rate: 16000
11-05 17:24:50.512   655 17490 D audio_hw_primary: check_usecases_capture_codec_backend:becf: force routing 0
11-05 17:24:50.513   655 17490 D hardware_info: hw_info_append_hw_type : device_name = handset-mic
11-05 17:24:50.513   655 17490 D msm8974_platform: platform_split_snd_device: snd_device(205) num devices(0) new_snd_devices(635834004)
