11-05 17:24:27.304  3441  3612 I QCNEJ/CndHalConnector: -> SND notifyRatConnectionStatusChanged(rat = 0, CONNECTED)
11-05 17:24:27.304  3490  3490 D QC_RIL_OEM_HOOK: Received Broadcast Intent ACTION_UNSOL_RESPONSE_OEM_HOOK_RAW
11-05 17:24:27.304  3490  3490 D QC_RIL_OEM_HOOK: Oem ID in QCRILHOOK UNSOL RESP is QOEMHOOK
11-05 17:24:27.304  3490  3490 D PhoneGlobals: [mPhoneStateListener] onServiceStateChanged, subId[0] = 2, phoneId = 0
11-05 17:24:27.304  3490  3490 D PhoneGlobals: [mPhoneStateListener] onServiceStateChanged, state.getState() = 0
11-05 17:24:27.304  3490  3490 D PhoneGlobals: [mPhoneStateListener] onServiceStateChanged, isNonRoamingInService = true
11-05 17:24:27.304  3490  3490 D TeleService: [TELESERVICE][AsusPhoneUtils]: checkRoamingStateForPrompt(), bRoaming = false, slot = 0
11-05 17:24:27.305  3490  3490 D PhoneGlobals: [mPhoneStateListener] onServiceStateChanged, state.getRoaming() = false, getPhone(subId[0]).getDataRoamingEnabled() = false
11-05 17:24:27.305  3490  3490 D [TELESERVICE][AsusPhoneUtils]: getMobileSlot(): slotId = 0
11-05 17:24:27.305  3490  3490 D TeleService: [TELESERVICE][AsusPhoneUtils]: getRoamingNotificationDB: iRoamingNotificationState = 1, ret = true
11-05 17:24:27.305  3490  3490 D PhoneGlobals: [mPhoneStateListener] onServiceStateChanged, mobileDataOn = true
11-05 17:24:27.305  3490  3490 D PhoneGlobals: onServiceStateChanged(): mServiceState = 0, mServiceState2 = 1
11-05 17:24:27.305  3490  3490 D PhoneGlobals: onReceive(): action = android.intent.action.SERVICE_STATE
11-05 17:24:27.305  3490  3490 D TeleService: PhoneGlobals: mReceiver: ACTION_SERVICE_STATE_CHANGED
11-05 17:24:27.305  3490  3490 D PhoneGlobals: handleServiceStateChanged: intent = Intent { act=android.intent.action.SERVICE_STATE flg=0x1000010 (has extras) }
11-05 17:24:27.306  3490  3888 D PhoneInterfaceManager: isVolteAvailable: sub Id : 2
11-05 17:24:27.306  3490  3490 D PhoneGlobals: handleServiceStateChanged: state = 0, ss.getVoiceRoaming() = false
11-05 17:24:27.306  3490  3490 D [TELESERVICE][AsusPhoneUtils]: setHasShowedmRoamingDialog(): on = false, slotId = 0
11-05 17:24:27.307  3490  3888 D PhoneInterfaceManager: isVideoTelephonyAvailable: sub Id : 2
11-05 17:24:27.307  3490  3490 D [TELESERVICE][AsusPhoneUtils]: getMobileSlot(): slotId = 0
11-05 17:24:27.307  3490  3490 D PhoneGlobals: onReceive(): action = android.intent.action.ANY_DATA_STATE
11-05 17:24:27.308  6507 17375 D PhoneCapabilityTester: sim1 isActive = true
11-05 17:24:27.308  3490  3490 D PhoneGlobals: mReceiver: android.intent.action.ANY_DATA_STATE
11-05 17:24:27.308  6507 17375 D PhoneCapabilityTester: sim2 isActive = false
11-05 17:24:27.308  3490  3490 D PhoneGlobals: - state: CONNECTED
11-05 17:24:27.308  3490  3490 D PhoneGlobals: - reason: null
11-05 17:24:27.308  3490  3490 D PhoneGlobals: - subId: 2
11-05 17:24:27.308  3490  3490 D PhoneGlobals: - phoneId: 0
11-05 17:24:27.308  3490  3490 D [TELESERVICE][AsusPhoneUtils]: getMobileSlot(): slotId = 0
11-05 17:24:27.308  3490  3490 D TeleService: PhoneGlobals: mReceiver: ACTION_ANY_DATA_CONNECTION_STATE_CHANGED: subId = 2
11-05 17:24:27.308  3490  3490 D TeleService: PhoneGlobals: mReceiver: ACTION_ANY_DATA_CONNECTION_STATE_CHANGED: mDataDisconnectedDueToRoaming = false
11-05 17:24:27.308  3490  3490 D TeleService: PhoneGlobals: mReceiver: ACTION_ANY_DATA_CONNECTION_STATE_CHANGED: phone.getDataRoamingEnabled = false
11-05 17:24:27.309  3490  3490 D PhoneGlobals: handleMessage() msg.what: 102
11-05 17:24:27.309  3490  3490 D PhoneGlobals: handleMessage() msg.what: 11
11-05 17:24:27.309  3490  3490 D TeleService: PhoneGlobals: mHandler: EVENT_DATA_ROAMING_OK
11-05 17:24:27.315 18154 18154 D Babel_ConversationPin: Adding pinning menu item.
11-05 17:24:27.315 18154 18154 D Babel_StartCallMenuItem: canContactViaHangouts: true canPhoneCall: false
11-05 17:24:27.317  2426  2447 D         : DpmQmiMgr areAllIfaceActive 
11-05 17:24:27.325 18154 18154 D Babel_SmsDep: disabled
11-05 17:24:27.341  3490  3573 D PhoneInterfaceManager: isWifiCallingAvailable: sub Id : 2
11-05 17:24:27.342  3490  3832 D PhoneInterfaceManager: isVolteAvailable: sub Id : 2
11-05 17:24:27.342  3490  3832 D PhoneInterfaceManager: isVideoTelephonyAvailable: sub Id : 2
11-05 17:24:27.345  3490  3490 D ServiceStateProvider: subId=2
11-05 17:24:27.346  3441  3612 I QCNEJ/CndHalConnector: -> SND notifyWwanSubtypeChanged(13)
11-05 17:24:27.348  3441  3612 I QCNEJ/CndHalConnector: -> SND notifyMobileDataEnabledChanged(true)
11-05 17:24:27.351 23819 23819 V AsusCellBroadcast: [CellBroadcastReceiver] onReceive Intent { act=android.intent.action.SERVICE_STATE flg=0x1000010 cmp=com.android.cellbroadcastreceiver/.CellBroadcastReceiver (has extras) } , privileged=false
11-05 17:24:27.361 18154 18154 D Babel_ConversationPin: Adding pinning menu item.
11-05 17:24:27.362 18154 18154 D Babel_StartCallMenuItem: canContactViaHangouts: true canPhoneCall: false
11-05 17:24:27.362  6507  6507 D SimCardReceiver: onReceive actioncode: android.intent.action.SERVICE_STATE
11-05 17:24:27.364 18154 18154 D Babel_SmsDep: disabled
11-05 17:24:27.365  6507 17376 D PhoneCapabilityTester: sim1 isActive = true
11-05 17:24:27.365  6507 17376 D PhoneCapabilityTester: sim2 isActive = false
11-05 17:24:27.367  3441  3441 W DPMJ    : |SERVICE| DPM received ACTION_ANY_DATA_CONNECTION_STATE_CHANGEDdefault
11-05 17:24:27.367  3441  3441 W DPMJ    : |SERVICE| If apn type is default ->default
11-05 17:24:27.371  3490  3490 D PhoneGlobals: [mPhoneStateListener] onServiceStateChanged, subId[0] = 2, phoneId = 0
11-05 17:24:27.371  3490  3490 D PhoneGlobals: [mPhoneStateListener] onServiceStateChanged, state.getState() = 0
11-05 17:24:27.371  3490  3490 D PhoneGlobals: [mPhoneStateListener] onServiceStateChanged, isNonRoamingInService = true
11-05 17:24:27.372  3490  3490 D TeleService: [TELESERVICE][AsusPhoneUtils]: checkRoamingStateForPrompt(), bRoaming = false, slot = 0
11-05 17:24:27.372  3490  3490 D PhoneGlobals: [mPhoneStateListener] onServiceStateChanged, state.getRoaming() = false, getPhone(subId[0]).getDataRoamingEnabled() = false
11-05 17:24:27.372  3490  3490 D [TELESERVICE][AsusPhoneUtils]: getMobileSlot(): slotId = 0
11-05 17:24:27.372  3490  3490 D TeleService: [TELESERVICE][AsusPhoneUtils]: getRoamingNotificationDB: iRoamingNotificationState = 1, ret = true
11-05 17:24:27.373  3490  3490 D PhoneGlobals: [mPhoneStateListener] onServiceStateChanged, mobileDataOn = true
11-05 17:24:27.373  3490  3490 D PhoneGlobals: onServiceStateChanged(): mServiceState = 0, mServiceState2 = 1
11-05 17:24:27.373  3490  3490 D PhoneGlobals: onReceive(): action = android.intent.action.SERVICE_STATE
11-05 17:24:27.373  3490  3490 D TeleService: PhoneGlobals: mReceiver: ACTION_SERVICE_STATE_CHANGED
11-05 17:24:27.373  3490  3490 D PhoneGlobals: handleServiceStateChanged: intent = Intent { act=android.intent.action.SERVICE_STATE flg=0x1000010 (has extras) }
11-05 17:24:27.373  3441  3612 I QCNEJ/CndHalConnector: -> SND notifyRatConnectionStatusChanged(rat = 0, CONNECTED)
11-05 17:24:27.374  3490  3490 D PhoneGlobals: handleServiceStateChanged: state = 0, ss.getVoiceRoaming() = false
11-05 17:24:27.374  3490  3490 D [TELESERVICE][AsusPhoneUtils]: setHasShowedmRoamingDialog(): on = false, slotId = 0
11-05 17:24:27.374  3490  3490 D [TELESERVICE][AsusPhoneUtils]: getMobileSlot(): slotId = 0
11-05 17:24:27.374  3490  3490 D PhoneGlobals: onReceive(): action = android.intent.action.ANY_DATA_STATE
11-05 17:24:27.375  3490  3490 D PhoneGlobals: mReceiver: android.intent.action.ANY_DATA_STATE
11-05 17:24:27.375  3490  3490 D PhoneGlobals: - state: CONNECTED
11-05 17:24:27.375  3490  3490 D PhoneGlobals: - reason: null
11-05 17:24:27.375  3490  3490 D PhoneGlobals: - subId: 2
11-05 17:24:27.375  3490  3490 D PhoneGlobals: - phoneId: 0
11-05 17:24:27.375  3490  3490 D [TELESERVICE][AsusPhoneUtils]: getMobileSlot(): slotId = 0
11-05 17:24:27.375  3490  3490 D TeleService: PhoneGlobals: mReceiver: ACTION_ANY_DATA_CONNECTION_STATE_CHANGED: subId = 2
11-05 17:24:27.375  3490  3490 D TeleService: PhoneGlobals: mReceiver: ACTION_ANY_DATA_CONNECTION_STATE_CHANGED: mDataDisconnectedDueToRoaming = false
11-05 17:24:27.375  3490  3490 D TeleService: PhoneGlobals: mReceiver: ACTION_ANY_DATA_CONNECTION_STATE_CHANGED: phone.getDataRoamingEnabled = false
11-05 17:24:27.375  3490  3490 D PhoneGlobals: handleMessage() msg.what: 102
11-05 17:24:27.375  3490  3490 D PhoneGlobals: handleMessage() msg.what: 11
11-05 17:24:27.375  3490  3490 D TeleService: PhoneGlobals: mHandler: EVENT_DATA_ROAMING_OK
11-05 17:24:27.460  3718  3776 I QcrilOemhookMsgTunnel: [0]processOemHookIndication length=21
11-05 17:24:27.460  3718  3776 I QcrilOemhookMsgTunnel: [0]Response ID in RIL_UNSOL_OEM_HOOK_RAW is 525306
11-05 17:24:27.460  3718  3718 D QcrilMsgTunnelIfaceManager: handleMessage what = 0
11-05 17:24:27.464  3456  3456 D QC_RIL_OEM_HOOK: Received Broadcast Intent ACTION_UNSOL_RESPONSE_OEM_HOOK_RAW
11-05 17:24:27.464  3456  3456 D QC_RIL_OEM_HOOK: Oem ID in QCRILHOOK UNSOL RESP is QOEMHOOK
11-05 17:24:27.465  3490  3832 D PhoneInterfaceManager: isWifiCallingAvailable: sub Id : 2
11-05 17:24:27.466  3490  3832 D PhoneInterfaceManager: isVolteAvailable: sub Id : 2
11-05 17:24:27.467  3490  3832 D PhoneInterfaceManager: isVideoTelephonyAvailable: sub Id : 2
11-05 17:24:27.468  3490  3490 D QC_RIL_OEM_HOOK: Received Broadcast Intent ACTION_UNSOL_RESPONSE_OEM_HOOK_RAW
11-05 17:24:27.468  3490  3490 D QC_RIL_OEM_HOOK: Oem ID in QCRILHOOK UNSOL RESP is QOEMHOOK
11-05 17:24:27.468  3490  3490 D QC_RIL_OEM_HOOK: Received Broadcast Intent ACTION_UNSOL_RESPONSE_OEM_HOOK_RAW
11-05 17:24:27.468  3490  3490 D QC_RIL_OEM_HOOK: Oem ID in QCRILHOOK UNSOL RESP is QOEMHOOK
11-05 17:24:27.483  3718  3776 I QcrilOemhookMsgTunnel: [0]processOemHookIndication length=21
11-05 17:24:27.483  3718  3776 I QcrilOemhookMsgTunnel: [0]Response ID in RIL_UNSOL_OEM_HOOK_RAW is 525306
11-05 17:24:27.483  3718  3718 D QcrilMsgTunnelIfaceManager: handleMessage what = 0
11-05 17:24:27.485  3456  3456 D QC_RIL_OEM_HOOK: Received Broadcast Intent ACTION_UNSOL_RESPONSE_OEM_HOOK_RAW
11-05 17:24:27.486  3456  3456 D QC_RIL_OEM_HOOK: Oem ID in QCRILHOOK UNSOL RESP is QOEMHOOK
11-05 17:24:27.499  3490  3888 D PhoneInterfaceManager: isWifiCallingAvailable: sub Id : 2
11-05 17:24:27.502  3490  3490 D ServiceStateProvider: subId=2
11-05 17:24:27.503  3490  3573 D PhoneInterfaceManager: isVolteAvailable: sub Id : 2
11-05 17:24:27.503  3441  3612 I QCNEJ/CndHalConnector: -> SND notifyWwanSubtypeChanged(13)
11-05 17:24:27.505  3490  3832 D PhoneInterfaceManager: isVideoTelephonyAvailable: sub Id : 2
11-05 17:24:27.506  3441  3612 I QCNEJ/CndHalConnector: -> SND notifyMobileDataEnabledChanged(true)
11-05 17:24:27.508 23819 23819 V AsusCellBroadcast: [CellBroadcastReceiver] onReceive Intent { act=android.intent.action.SERVICE_STATE flg=0x1000010 cmp=com.android.cellbroadcastreceiver/.CellBroadcastReceiver (has extras) } , privileged=false
11-05 17:24:27.519  3441  3441 W DPMJ    : |SERVICE| DPM received ACTION_ANY_DATA_CONNECTION_STATE_CHANGEDdefault
11-05 17:24:27.519  3441  3441 W DPMJ    : |SERVICE| If apn type is default ->default
11-05 17:24:27.519 18154 18154 D Babel_ConversationPin: Adding pinning menu item.
11-05 17:24:27.519 18154 18154 D Babel_StartCallMenuItem: canContactViaHangouts: true canPhoneCall: false
11-05 17:24:27.522  6507  6507 D SimCardReceiver: onReceive actioncode: android.intent.action.SERVICE_STATE
11-05 17:24:27.524  3490  3490 D QC_RIL_OEM_HOOK: Received Broadcast Intent ACTION_UNSOL_RESPONSE_OEM_HOOK_RAW
11-05 17:24:27.524  3490  3490 D QC_RIL_OEM_HOOK: Oem ID in QCRILHOOK UNSOL RESP is QOEMHOOK
11-05 17:24:27.524  3490  3490 D QC_RIL_OEM_HOOK: Received Broadcast Intent ACTION_UNSOL_RESPONSE_OEM_HOOK_RAW
11-05 17:24:27.524  3490  3490 D QC_RIL_OEM_HOOK: Oem ID in QCRILHOOK UNSOL RESP is QOEMHOOK
11-05 17:24:27.526 18154 18154 D Babel_SmsDep: disabled
11-05 17:24:27.528  3490  3979 D PhoneInterfaceManager: isWifiCallingAvailable: sub Id : 2
11-05 17:24:27.530  3490  3979 D PhoneInterfaceManager: isVolteAvailable: sub Id : 2
11-05 17:24:27.530  6507 17381 D PhoneCapabilityTester: sim1 isActive = true
11-05 17:24:27.531  3490  3490 D PhoneGlobals: [mPhoneStateListener] onServiceStateChanged, subId[0] = 2, phoneId = 0
11-05 17:24:27.531  3490  3490 D PhoneGlobals: [mPhoneStateListener] onServiceStateChanged, state.getState() = 0
11-05 17:24:27.531  3490  3490 D PhoneGlobals: [mPhoneStateListener] onServiceStateChanged, isNonRoamingInService = true
11-05 17:24:27.532  3490  3490 D TeleService: [TELESERVICE][AsusPhoneUtils]: checkRoamingStateForPrompt(), bRoaming = false, slot = 0
11-05 17:24:27.532  6507 17381 D PhoneCapabilityTester: sim2 isActive = false
11-05 17:24:27.533  3490  3490 D PhoneGlobals: [mPhoneStateListener] onServiceStateChanged, state.getRoaming() = false, getPhone(subId[0]).getDataRoamingEnabled() = false
11-05 17:24:27.533  3490  3490 D [TELESERVICE][AsusPhoneUtils]: getMobileSlot(): slotId = 0
11-05 17:24:27.533  3490  3490 D TeleService: [TELESERVICE][AsusPhoneUtils]: getRoamingNotificationDB: iRoamingNotificationState = 1, ret = true
11-05 17:24:27.533  3490  3490 D PhoneGlobals: [mPhoneStateListener] onServiceStateChanged, mobileDataOn = true
11-05 17:24:27.533  3490  3490 D PhoneGlobals: onServiceStateChanged(): mServiceState = 0, mServiceState2 = 1
11-05 17:24:27.533  3490  3490 D PhoneGlobals: onReceive(): action = android.intent.action.SERVICE_STATE
11-05 17:24:27.533  3441  3612 I QCNEJ/CndHalConnector: -> SND notifyRatConnectionStatusChanged(rat = 0, CONNECTED)
11-05 17:24:27.533  3490  3490 D TeleService: PhoneGlobals: mReceiver: ACTION_SERVICE_STATE_CHANGED
11-05 17:24:27.533  3490  3490 D PhoneGlobals: handleServiceStateChanged: intent = Intent { act=android.intent.action.SERVICE_STATE flg=0x1000010 (has extras) }
11-05 17:24:27.533  3490  3832 D PhoneInterfaceManager: isVideoTelephonyAvailable: sub Id : 2
11-05 17:24:27.534  3490  3490 D PhoneGlobals: handleServiceStateChanged: state = 0, ss.getVoiceRoaming() = false
11-05 17:24:27.534  3490  3490 D [TELESERVICE][AsusPhoneUtils]: setHasShowedmRoamingDialog(): on = false, slotId = 0
11-05 17:24:27.534  3490  3490 D [TELESERVICE][AsusPhoneUtils]: getMobileSlot(): slotId = 0
11-05 17:24:27.535  3490  3490 D PhoneGlobals: onReceive(): action = android.intent.action.ANY_DATA_STATE
11-05 17:24:27.535  3490  3490 D PhoneGlobals: mReceiver: android.intent.action.ANY_DATA_STATE
11-05 17:24:27.535  3490  3490 D PhoneGlobals: - state: CONNECTED
11-05 17:24:27.535  3490  3490 D PhoneGlobals: - reason: null
11-05 17:24:27.535  3490  3490 D PhoneGlobals: - subId: 2
11-05 17:24:27.535  3490  3490 D PhoneGlobals: - phoneId: 0
11-05 17:24:27.535  3490  3490 D [TELESERVICE][AsusPhoneUtils]: getMobileSlot(): slotId = 0
11-05 17:24:27.535  3490  3490 D TeleService: PhoneGlobals: mReceiver: ACTION_ANY_DATA_CONNECTION_STATE_CHANGED: subId = 2
11-05 17:24:27.536  3490  3490 D TeleService: PhoneGlobals: mReceiver: ACTION_ANY_DATA_CONNECTION_STATE_CHANGED: mDataDisconnectedDueToRoaming = false
11-05 17:24:27.536  3490  3490 D TeleService: PhoneGlobals: mReceiver: ACTION_ANY_DATA_CONNECTION_STATE_CHANGED: phone.getDataRoamingEnabled = false
11-05 17:24:27.536  3490  3490 D PhoneGlobals: handleMessage() msg.what: 102
11-05 17:24:27.536  3490  3490 D PhoneGlobals: handleMessage() msg.what: 11
11-05 17:24:27.536  3490  3490 D TeleService: PhoneGlobals: mHandler: EVENT_DATA_ROAMING_OK
11-05 17:24:27.561  3490  3573 D PhoneInterfaceManager: isWifiCallingAvailable: sub Id : 2
11-05 17:24:27.562  3490  3979 D PhoneInterfaceManager: isVolteAvailable: sub Id : 2
11-05 17:24:27.563  3490  3979 D PhoneInterfaceManager: isVideoTelephonyAvailable: sub Id : 2
11-05 17:24:27.565  3490  3490 D ServiceStateProvider: subId=2
11-05 17:24:27.570 23819 23819 V AsusCellBroadcast: [CellBroadcastReceiver] onReceive Intent { act=android.intent.action.SERVICE_STATE flg=0x1000010 cmp=com.android.cellbroadcastreceiver/.CellBroadcastReceiver (has extras) } , privileged=false
11-05 17:24:27.573  3441  3612 I QCNEJ/CndHalConnector: -> SND notifyWwanSubtypeChanged(13)
11-05 17:24:27.575  3441  3612 I QCNEJ/CndHalConnector: -> SND notifyMobileDataEnabledChanged(true)
11-05 17:24:27.577  6507  6507 D SimCardReceiver: onReceive actioncode: android.intent.action.SERVICE_STATE
11-05 17:24:27.581 18154 18154 D Babel_ConversationPin: Adding pinning menu item.
11-05 17:24:27.582  3490  3490 D PhoneGlobals: [mPhoneStateListener] onServiceStateChanged, subId[0] = 2, phoneId = 0
11-05 17:24:27.582 18154 18154 D Babel_StartCallMenuItem: canContactViaHangouts: true canPhoneCall: false
11-05 17:24:27.582  3490  3490 D PhoneGlobals: [mPhoneStateListener] onServiceStateChanged, state.getState() = 0
11-05 17:24:27.582  3490  3490 D PhoneGlobals: [mPhoneStateListener] onServiceStateChanged, isNonRoamingInService = true
11-05 17:24:27.582  3490  3490 D TeleService: [TELESERVICE][AsusPhoneUtils]: checkRoamingStateForPrompt(), bRoaming = false, slot = 0
11-05 17:24:27.583  3490  3490 D PhoneGlobals: [mPhoneStateListener] onServiceStateChanged, state.getRoaming() = false, getPhone(subId[0]).getDataRoamingEnabled() = false
11-05 17:24:27.583  3490  3490 D [TELESERVICE][AsusPhoneUtils]: getMobileSlot(): slotId = 0
11-05 17:24:27.583  3490  3490 D TeleService: [TELESERVICE][AsusPhoneUtils]: getRoamingNotificationDB: iRoamingNotificationState = 1, ret = true
11-05 17:24:27.583  3490  3490 D PhoneGlobals: [mPhoneStateListener] onServiceStateChanged, mobileDataOn = true
11-05 17:24:27.583  3490  3490 D PhoneGlobals: onServiceStateChanged(): mServiceState = 0, mServiceState2 = 1
11-05 17:24:27.583  3490  3490 D PhoneGlobals: onReceive(): action = android.intent.action.SERVICE_STATE
11-05 17:24:27.583  3490  3490 D TeleService: PhoneGlobals: mReceiver: ACTION_SERVICE_STATE_CHANGED
11-05 17:24:27.583  3490  3490 D PhoneGlobals: handleServiceStateChanged: intent = Intent { act=android.intent.action.SERVICE_STATE flg=0x1000010 (has extras) }
11-05 17:24:27.585 18154 18154 D Babel_SmsDep: disabled
11-05 17:24:27.585  3441  3441 W DPMJ    : |SERVICE| DPM received ACTION_ANY_DATA_CONNECTION_STATE_CHANGEDdefault
11-05 17:24:27.585  3441  3441 W DPMJ    : |SERVICE| If apn type is default ->default
11-05 17:24:27.586  6507 17382 D PhoneCapabilityTester: sim1 isActive = true
11-05 17:24:27.586  3490  3490 D PhoneGlobals: handleServiceStateChanged: state = 0, ss.getVoiceRoaming() = false
11-05 17:24:27.586  3490  3490 D [TELESERVICE][AsusPhoneUtils]: setHasShowedmRoamingDialog(): on = false, slotId = 0
11-05 17:24:27.587  3490  3490 D [TELESERVICE][AsusPhoneUtils]: getMobileSlot(): slotId = 0
11-05 17:24:27.587  3490  3490 D PhoneGlobals: handleMessage() msg.what: 102
11-05 17:24:27.588  6507 17382 D PhoneCapabilityTester: sim2 isActive = false
11-05 17:24:27.590  3490  3490 D PhoneGlobals: onReceive(): action = android.intent.action.ANY_DATA_STATE
11-05 17:24:27.590  3490  3490 D PhoneGlobals: mReceiver: android.intent.action.ANY_DATA_STATE
11-05 17:24:27.590  3490  3490 D PhoneGlobals: - state: CONNECTED
11-05 17:24:27.590  3490  3490 D PhoneGlobals: - reason: null
11-05 17:24:27.590  3490  3490 D PhoneGlobals: - subId: 2
11-05 17:24:27.590  3490  3490 D PhoneGlobals: - phoneId: 0
11-05 17:24:27.591  3490  3490 D [TELESERVICE][AsusPhoneUtils]: getMobileSlot(): slotId = 0
11-05 17:24:27.591  3490  3490 D TeleService: PhoneGlobals: mReceiver: ACTION_ANY_DATA_CONNECTION_STATE_CHANGED: subId = 2
11-05 17:24:27.591  3490  3490 D TeleService: PhoneGlobals: mReceiver: ACTION_ANY_DATA_CONNECTION_STATE_CHANGED: mDataDisconnectedDueToRoaming = false
11-05 17:24:27.591  3490  3490 D TeleService: PhoneGlobals: mReceiver: ACTION_ANY_DATA_CONNECTION_STATE_CHANGED: phone.getDataRoamingEnabled = false
11-05 17:24:27.591  3490  3490 D PhoneGlobals: handleMessage() msg.what: 11
11-05 17:24:27.591  3490  3490 D TeleService: PhoneGlobals: mHandler: EVENT_DATA_ROAMING_OK
11-05 17:24:27.592  3441  3612 I QCNEJ/CndHalConnector: -> SND notifyRatConnectionStatusChanged(rat = 0, CONNECTED)
11-05 17:24:28.208  1809  1809 E adbd    : failed to connect to socket 'tcp:6666': Connection refused
11-05 17:24:30.215  1809  1809 E adbd    : failed to connect to socket 'tcp:6666': Connection refused
11-05 17:24:30.714   668   668 I sensors-hal: batch:159, android.sensor.accelerometer/19, period=2500000, max_latency=0
11-05 17:24:30.714   668   668 I sensors-hal: batch:168, android.sensor.accelerometer/19, period=2500000, max_latency=0 request completed
11-05 17:24:31.672  3490  3979 D PhoneInterfaceManager: isWifiCallingAvailable: sub Id : 2
11-05 17:24:31.673  3490  3832 D PhoneInterfaceManager: isVolteAvailable: sub Id : 2
11-05 17:24:31.674  3490  3979 D PhoneInterfaceManager: isVideoTelephonyAvailable: sub Id : 2
11-05 17:24:32.099 13391 13430 E memtrack: Couldn't load memtrack module
11-05 17:24:32.099 13391 13430 W android.os.Debug: failed to get memory consumption info: -1
11-05 17:24:32.223  1809  1809 E adbd    : failed to connect to socket 'tcp:6666': Connection refused
11-05 17:24:33.953  2426  2447 D         : DpmQmiMgr areAllIfaceActive 
11-05 17:24:34.231  1809  1809 E adbd    : failed to connect to socket 'tcp:6666': Connection refused
11-05 17:24:36.041  3490  3979 D PhoneInterfaceManager: isWifiCallingAvailable: sub Id : 2
11-05 17:24:36.042  3490  3979 D PhoneInterfaceManager: isVolteAvailable: sub Id : 2
11-05 17:24:36.043  3490  3979 D PhoneInterfaceManager: isVideoTelephonyAvailable: sub Id : 2
11-05 17:24:36.281  1809  1809 E adbd    : failed to connect to socket 'tcp:6666': Connection refused
11-05 17:24:38.292  1809  1809 E adbd    : failed to connect to socket 'tcp:6666': Connection refused
11-05 17:24:38.399  3490  3979 D PhoneInterfaceManager: isWifiCallingAvailable: sub Id : 2
11-05 17:24:38.401  3490  3979 D PhoneInterfaceManager: isVolteAvailable: sub Id : 2
11-05 17:24:38.402  3490  3979 D PhoneInterfaceManager: isVideoTelephonyAvailable: sub Id : 2
11-05 17:24:27.523  3751  3751 I chatty  : uid=1000(system) com.asus.services identical 4 lines
11-05 17:24:27.586  3751  3751 W ContextImpl: Calling a method in the system process without a qualified user: android.app.ContextImpl.sendBroadcast:965 android.content.ContextWrapper.sendBroadcast:447 com.asus.mobilemanagerservice.MobileManagerService$b.onReceive:54 android.app.LoadedApk$ReceiverDispatcher$Args.lambda$-android_app_LoadedApk$ReceiverDispatcher$Args_51298:1299 android.app.-$Lambda$FilBqgnXJrN9Mgyks1XHeAxzSTk.$m$0:4 
11-05 17:24:38.818  2933  3128 D AlarmManager: [Alarm][userspace]: Android alarm wakeup device when screen off nowRTC-nextWakeup diffTime: 0 WakeupAppName: *walarm*:asus.intent.action.ACTION_SCREEN_OFF
11-05 17:24:38.827  2933  2954 I chatty  : uid=1000(system) ActivityManager expire 21 lines
11-05 17:24:40.298  1809  1809 E adbd    : failed to connect to socket 'tcp:6666': Connection refused
11-05 17:24:40.633  3490  3979 D PhoneInterfaceManager: isWifiCallingAvailable: sub Id : 2
11-05 17:24:40.635  3490  3979 D PhoneInterfaceManager: isVolteAvailable: sub Id : 2
11-05 17:24:40.636  3490  3979 D PhoneInterfaceManager: isVideoTelephonyAvailable: sub Id : 2
11-05 17:24:41.940  4276  7967 I e       : {"total_pss":251371,"total_uss":202604,"dalvikPrivateClean":0,"dalvikPrivateDirty":33948,"dalvikPss":33965,"dalvikSharedClean":0,"dalvikSharedDirty":160,"nativePrivateClean":0,"nativePrivateDirty":54224,"nativePss":54297,"nativeSharedClean":0,"nativeSharedDirty":616,"nativeSwappablePss":0,"nativeSwappedOut":42280,"otherPrivateClean":27292,"otherPrivateDirty":87140,"otherPss":121982,"time":1541445581721}
11-05 17:24:42.118 13391 13430 E memtrack: Couldn't load memtrack module
11-05 17:24:42.118 13391 13430 W android.os.Debug: failed to get memory consumption info: -1
11-05 17:24:42.307  1809  1809 E adbd    : failed to connect to socket 'tcp:6666': Connection refused
11-05 17:24:42.374  3718  3776 I QcrilOemhookMsgTunnel: [0]processOemHookIndication length=21
11-05 17:24:42.374  3718  3776 I QcrilOemhookMsgTunnel: [0]Response ID in RIL_UNSOL_OEM_HOOK_RAW is 525306
11-05 17:24:42.374  3718  3718 D QcrilMsgTunnelIfaceManager: handleMessage what = 0
11-05 17:24:42.377  3456  3456 D QC_RIL_OEM_HOOK: Received Broadcast Intent ACTION_UNSOL_RESPONSE_OEM_HOOK_RAW
11-05 17:24:42.377  3456  3456 D QC_RIL_OEM_HOOK: Oem ID in QCRILHOOK UNSOL RESP is QOEMHOOK
11-05 17:24:42.378  3306  3674 I chatty  : uid=10018(u0_a18) SysUiBg expire 171 lines
11-05 17:24:42.380  3490  3979 D PhoneInterfaceManager: isWifiCallingAvailable: sub Id : 2
11-05 17:24:42.382  3490  3490 D QC_RIL_OEM_HOOK: Received Broadcast Intent ACTION_UNSOL_RESPONSE_OEM_HOOK_RAW
11-05 17:24:42.382  3490  3490 D QC_RIL_OEM_HOOK: Oem ID in QCRILHOOK UNSOL RESP is QOEMHOOK
11-05 17:24:42.382  3490  3490 D QC_RIL_OEM_HOOK: Received Broadcast Intent ACTION_UNSOL_RESPONSE_OEM_HOOK_RAW
11-05 17:24:42.382  3490  3490 D QC_RIL_OEM_HOOK: Oem ID in QCRILHOOK UNSOL RESP is QOEMHOOK
11-05 17:24:42.387  3490  3979 D PhoneInterfaceManager: isVolteAvailable: sub Id : 2
11-05 17:24:42.389  3490  3979 D PhoneInterfaceManager: isVideoTelephonyAvailable: sub Id : 2
11-05 17:24:42.390  3490  3979 D PhoneInterfaceManager: isWifiCallingAvailable: sub Id : 2
11-05 17:24:42.391  3490  3979 D PhoneInterfaceManager: isVolteAvailable: sub Id : 2
11-05 17:24:42.392  3490  3979 D PhoneInterfaceManager: isVideoTelephonyAvailable: sub Id : 2
11-05 17:24:42.395  3490  3979 D PhoneInterfaceManager: isWifiCallingAvailable: sub Id : 2
11-05 17:24:42.396  3490  3979 D PhoneInterfaceManager: isVolteAvailable: sub Id : 2
11-05 17:24:42.398  3490  3979 D PhoneInterfaceManager: isVideoTelephonyAvailable: sub Id : 2
11-05 17:24:42.429  3490  3573 D PhoneInterfaceManager: isWifiCallingAvailable: sub Id : 2
11-05 17:24:42.430  3490  3490 D ServiceStateProvider: subId=2
11-05 17:24:42.430  3306  3306 I chatty  : uid=10018(u0_a18) com.android.systemui expire 277 lines
11-05 17:24:42.431  3441  3612 I QCNEJ/CndHalConnector: -> SND notifyWwanSubtypeChanged(13)
11-05 17:24:42.431  3490  3832 D PhoneInterfaceManager: isVolteAvailable: sub Id : 2
11-05 17:24:42.433  3441  3612 I QCNEJ/CndHalConnector: -> SND notifyMobileDataEnabledChanged(true)
11-05 17:24:42.434  3490  3573 D PhoneInterfaceManager: isVideoTelephonyAvailable: sub Id : 2
11-05 17:24:42.435 23819 23819 V AsusCellBroadcast: [CellBroadcastReceiver] onReceive Intent { act=android.intent.action.SERVICE_STATE flg=0x1000010 cmp=com.android.cellbroadcastreceiver/.CellBroadcastReceiver (has extras) } , privileged=false
11-05 17:24:42.439  2933  4236 I chatty  : uid=1000(system) Binder:2933_12 expire 14 lines
11-05 17:24:42.445 18154 18154 D Babel_ConversationPin: Adding pinning menu item.
11-05 17:24:42.445 18154 18154 D Babel_StartCallMenuItem: canContactViaHangouts: true canPhoneCall: false
11-05 17:24:42.448 18154 18154 D Babel_SmsDep: disabled
11-05 17:24:42.450  6507  6507 D SimCardReceiver: onReceive actioncode: android.intent.action.SERVICE_STATE
11-05 17:24:42.452  3490  3490 D PhoneGlobals: [mPhoneStateListener] onServiceStateChanged, subId[0] = 2, phoneId = 0
11-05 17:24:42.452  3490  3490 D PhoneGlobals: [mPhoneStateListener] onServiceStateChanged, state.getState() = 0
11-05 17:24:42.452  3490  3490 D PhoneGlobals: [mPhoneStateListener] onServiceStateChanged, isNonRoamingInService = true
11-05 17:24:42.453  3490  3490 D TeleService: [TELESERVICE][AsusPhoneUtils]: checkRoamingStateForPrompt(), bRoaming = false, slot = 0
11-05 17:24:42.453  3751  3751 W ContextImpl: Calling a method in the system process without a qualified user: android.app.ContextImpl.sendBroadcast:965 android.content.ContextWrapper.sendBroadcast:447 com.asus.mobilemanagerservice.MobileManagerService$b.onReceive:54 android.app.LoadedApk$ReceiverDispatcher$Args.lambda$-android_app_LoadedApk$ReceiverDispatcher$Args_51298:1299 android.app.-$Lambda$FilBqgnXJrN9Mgyks1XHeAxzSTk.$m$0:4 
11-05 17:24:42.454  3490  3490 D PhoneGlobals: [mPhoneStateListener] onServiceStateChanged, state.getRoaming() = false, getPhone(subId[0]).getDataRoamingEnabled() = false
11-05 17:24:42.454  3490  3490 D [TELESERVICE][AsusPhoneUtils]: getMobileSlot(): slotId = 0
11-05 17:24:42.454  3490  3490 D TeleService: [TELESERVICE][AsusPhoneUtils]: getRoamingNotificationDB: iRoamingNotificationState = 1, ret = true
11-05 17:24:42.454  3490  3490 D PhoneGlobals: [mPhoneStateListener] onServiceStateChanged, mobileDataOn = true
11-05 17:24:42.454  3490  3490 D PhoneGlobals: onServiceStateChanged(): mServiceState = 0, mServiceState2 = 1
11-05 17:24:42.455  3441  3441 W DPMJ    : |SERVICE| DPM received ACTION_ANY_DATA_CONNECTION_STATE_CHANGEDdefault
11-05 17:24:42.455  6507 17403 D PhoneCapabilityTester: sim1 isActive = true
11-05 17:24:42.455  3441  3441 W DPMJ    : |SERVICE| If apn type is default ->default
11-05 17:24:42.456  3490  3490 D PhoneGlobals: onReceive(): action = android.intent.action.SERVICE_STATE
11-05 17:24:42.456  3490  3490 D TeleService: PhoneGlobals: mReceiver: ACTION_SERVICE_STATE_CHANGED
11-05 17:24:42.456  3490  3490 D PhoneGlobals: handleServiceStateChanged: intent = Intent { act=android.intent.action.SERVICE_STATE flg=0x1000010 (has extras) }
11-05 17:24:42.457  6507 17403 D PhoneCapabilityTester: sim2 isActive = false
11-05 17:24:42.458  3490  3490 D PhoneGlobals: handleServiceStateChanged: state = 0, ss.getVoiceRoaming() = false
11-05 17:24:42.458  3490  3490 D [TELESERVICE][AsusPhoneUtils]: setHasShowedmRoamingDialog(): on = false, slotId = 0
11-05 17:24:42.459  3490  3490 D [TELESERVICE][AsusPhoneUtils]: getMobileSlot(): slotId = 0
11-05 17:24:42.459  3490  3490 D PhoneGlobals: onReceive(): action = android.intent.action.ANY_DATA_STATE
11-05 17:24:42.460  3441  3612 I QCNEJ/CndHalConnector: -> SND notifyRatConnectionStatusChanged(rat = 0, CONNECTED)
11-05 17:24:42.461  3490  3490 D PhoneGlobals: mReceiver: android.intent.action.ANY_DATA_STATE
11-05 17:24:42.461  3490  3490 D PhoneGlobals: - state: CONNECTED
11-05 17:24:42.461  3490  3490 D PhoneGlobals: - reason: null
11-05 17:24:42.461  3490  3490 D PhoneGlobals: - subId: 2
11-05 17:24:42.461  3490  3490 D PhoneGlobals: - phoneId: 0
11-05 17:24:42.461  3490  3490 D [TELESERVICE][AsusPhoneUtils]: getMobileSlot(): slotId = 0
11-05 17:24:42.461  3490  3490 D TeleService: PhoneGlobals: mReceiver: ACTION_ANY_DATA_CONNECTION_STATE_CHANGED: subId = 2
11-05 17:24:42.461  3490  3490 D TeleService: PhoneGlobals: mReceiver: ACTION_ANY_DATA_CONNECTION_STATE_CHANGED: mDataDisconnectedDueToRoaming = false
11-05 17:24:42.461  3490  3490 D TeleService: PhoneGlobals: mReceiver: ACTION_ANY_DATA_CONNECTION_STATE_CHANGED: phone.getDataRoamingEnabled = false
11-05 17:24:42.461  3490  3490 D PhoneGlobals: handleMessage() msg.what: 102
11-05 17:24:42.461  3490  3490 D PhoneGlobals: handleMessage() msg.what: 11
11-05 17:24:42.461  3490  3490 D TeleService: PhoneGlobals: mHandler: EVENT_DATA_ROAMING_OK
11-05 17:24:42.577  2933  2957 D BatteryStatsService: updateFlags s=4
11-05 17:24:42.621  2933  2957 E BatteryStatsService: modem info is invalid: ModemActivityInfo{ mTimestamp=1040522996 mSleepTimeMs=34931 mIdleTimeMs=-10153 mTxTimeMs[]=[0, 140, 305, 0, 76] mRxTimeMs=27812 mEnergyUsed=0}
11-05 17:24:43.167  3490  3573 D PhoneInterfaceManager: isWifiCallingAvailable: sub Id : 2
11-05 17:24:43.168  3490  3573 D PhoneInterfaceManager: isVolteAvailable: sub Id : 2
11-05 17:24:43.169  3490  3573 D PhoneInterfaceManager: isVideoTelephonyAvailable: sub Id : 2
11-05 17:24:43.387  3718  3776 I QcrilOemhookMsgTunnel: [0]processOemHookIndication length=21
11-05 17:24:43.387  3718  3776 I QcrilOemhookMsgTunnel: [0]Response ID in RIL_UNSOL_OEM_HOOK_RAW is 525306
11-05 17:24:43.387  3718  3718 D QcrilMsgTunnelIfaceManager: handleMessage what = 0
11-05 17:24:43.392  3490  3490 D QC_RIL_OEM_HOOK: Received Broadcast Intent ACTION_UNSOL_RESPONSE_OEM_HOOK_RAW
11-05 17:24:43.392  3490  3490 D QC_RIL_OEM_HOOK: Oem ID in QCRILHOOK UNSOL RESP is QOEMHOOK
11-05 17:24:43.392  3456  3456 D QC_RIL_OEM_HOOK: Received Broadcast Intent ACTION_UNSOL_RESPONSE_OEM_HOOK_RAW
11-05 17:24:43.392  3456  3456 D QC_RIL_OEM_HOOK: Oem ID in QCRILHOOK UNSOL RESP is QOEMHOOK
11-05 17:24:43.392  3490  3490 D QC_RIL_OEM_HOOK: Received Broadcast Intent ACTION_UNSOL_RESPONSE_OEM_HOOK_RAW
11-05 17:24:43.392  3490  3490 D QC_RIL_OEM_HOOK: Oem ID in QCRILHOOK UNSOL RESP is QOEMHOOK
11-05 17:24:43.397  3490  3832 D PhoneInterfaceManager: isWifiCallingAvailable: sub Id : 2
11-05 17:24:43.399  3490  3832 D PhoneInterfaceManager: isVolteAvailable: sub Id : 2
11-05 17:24:43.399  3490  3832 D PhoneInterfaceManager: isVideoTelephonyAvailable: sub Id : 2
11-05 17:24:43.414  3490  3832 D PhoneInterfaceManager: isWifiCallingAvailable: sub Id : 2
11-05 17:24:43.416  3490  3832 D PhoneInterfaceManager: isVolteAvailable: sub Id : 2
11-05 17:24:43.417  3490  3832 D PhoneInterfaceManager: isVideoTelephonyAvailable: sub Id : 2
11-05 17:24:43.419  3490  3832 D PhoneInterfaceManager: isWifiCallingAvailable: sub Id : 2
11-05 17:24:43.421  3490  3832 D PhoneInterfaceManager: isVolteAvailable: sub Id : 2
11-05 17:24:43.421  3490  3832 D PhoneInterfaceManager: isVideoTelephonyAvailable: sub Id : 2
11-05 17:24:43.443  3490  3832 D PhoneInterfaceManager: isWifiCallingAvailable: sub Id : 2
11-05 17:24:43.445  3490  3888 D PhoneInterfaceManager: isVolteAvailable: sub Id : 2
11-05 17:24:43.447  3490  3573 D PhoneInterfaceManager: isVideoTelephonyAvailable: sub Id : 2
11-05 17:24:43.450  3490  3490 D ServiceStateProvider: subId=2
11-05 17:24:43.452  3441  3612 I QCNEJ/CndHalConnector: -> SND notifyWwanSubtypeChanged(13)
11-05 17:24:43.456 23819 23819 V AsusCellBroadcast: [CellBroadcastReceiver] onReceive Intent { act=android.intent.action.SERVICE_STATE flg=0x1000010 cmp=com.android.cellbroadcastreceiver/.CellBroadcastReceiver (has extras) } , privileged=false
11-05 17:24:43.459  3441  3612 I QCNEJ/CndHalConnector: -> SND notifyMobileDataEnabledChanged(true)
11-05 17:24:43.470  6507  6507 D SimCardReceiver: onReceive actioncode: android.intent.action.SERVICE_STATE
11-05 17:24:43.477  6507 17407 D PhoneCapabilityTester: sim1 isActive = true
11-05 17:24:43.478  6507 17407 D PhoneCapabilityTester: sim2 isActive = false
11-05 17:24:43.480 18154 18154 D Babel_ConversationPin: Adding pinning menu item.
11-05 17:24:43.480 18154 18154 D Babel_StartCallMenuItem: canContactViaHangouts: true canPhoneCall: false
11-05 17:24:43.481  3490  3490 D PhoneGlobals: [mPhoneStateListener] onServiceStateChanged, subId[0] = 2, phoneId = 0
11-05 17:24:43.481  3490  3490 D PhoneGlobals: [mPhoneStateListener] onServiceStateChanged, state.getState() = 0
11-05 17:24:43.481  3490  3490 D PhoneGlobals: [mPhoneStateListener] onServiceStateChanged, isNonRoamingInService = true
11-05 17:24:43.481  3490  3490 D TeleService: [TELESERVICE][AsusPhoneUtils]: checkRoamingStateForPrompt(), bRoaming = false, slot = 0
11-05 17:24:43.482  3441  3441 W DPMJ    : |SERVICE| DPM received ACTION_ANY_DATA_CONNECTION_STATE_CHANGEDdefault
11-05 17:24:43.482  3441  3441 W DPMJ    : |SERVICE| If apn type is default ->default
11-05 17:24:43.482  3751  3751 W ContextImpl: Calling a method in the system process without a qualified user: android.app.ContextImpl.sendBroadcast:965 android.content.ContextWrapper.sendBroadcast:447 com.asus.mobilemanagerservice.MobileManagerService$b.onReceive:54 android.app.LoadedApk$ReceiverDispatcher$Args.lambda$-android_app_LoadedApk$ReceiverDispatcher$Args_51298:1299 android.app.-$Lambda$FilBqgnXJrN9Mgyks1XHeAxzSTk.$m$0:4 
11-05 17:24:43.482  3490  3490 D PhoneGlobals: [mPhoneStateListener] onServiceStateChanged, state.getRoaming() = false, getPhone(subId[0]).getDataRoamingEnabled() = false
11-05 17:24:43.482  3490  3490 D [TELESERVICE][AsusPhoneUtils]: getMobileSlot(): slotId = 0
11-05 17:24:43.482  3490  3490 D TeleService: [TELESERVICE][AsusPhoneUtils]: getRoamingNotificationDB: iRoamingNotificationState = 1, ret = true
11-05 17:24:43.482  3490  3490 D PhoneGlobals: [mPhoneStateListener] onServiceStateChanged, mobileDataOn = true
11-05 17:24:43.482  3490  3490 D PhoneGlobals: onServiceStateChanged(): mServiceState = 0, mServiceState2 = 1
11-05 17:24:43.482  3490  3490 D PhoneGlobals: onReceive(): action = android.intent.action.SERVICE_STATE
11-05 17:24:43.483  3490  3490 D TeleService: PhoneGlobals: mReceiver: ACTION_SERVICE_STATE_CHANGED
11-05 17:24:43.483  3490  3490 D PhoneGlobals: handleServiceStateChanged: intent = Intent { act=android.intent.action.SERVICE_STATE flg=0x1000010 (has extras) }
11-05 17:24:43.484 18154 18154 D Babel_SmsDep: disabled
11-05 17:24:43.485  3490  3490 D PhoneGlobals: handleServiceStateChanged: state = 0, ss.getVoiceRoaming() = false
11-05 17:24:43.485  3490  3490 D [TELESERVICE][AsusPhoneUtils]: setHasShowedmRoamingDialog(): on = false, slotId = 0
11-05 17:24:43.485  3490  3490 D [TELESERVICE][AsusPhoneUtils]: getMobileSlot(): slotId = 0
11-05 17:24:43.486  3490  3490 D PhoneGlobals: handleMessage() msg.what: 102
11-05 17:24:43.486  3490  3490 D PhoneGlobals: onReceive(): action = android.intent.action.ANY_DATA_STATE
11-05 17:24:43.487  3490  3490 D PhoneGlobals: mReceiver: android.intent.action.ANY_DATA_STATE
11-05 17:24:43.487  3490  3490 D PhoneGlobals: - state: CONNECTED
11-05 17:24:43.487  3490  3490 D PhoneGlobals: - reason: null
11-05 17:24:43.487  3490  3490 D PhoneGlobals: - subId: 2
11-05 17:24:43.487  3490  3490 D PhoneGlobals: - phoneId: 0
11-05 17:24:43.487  3490  3490 D [TELESERVICE][AsusPhoneUtils]: getMobileSlot(): slotId = 0
11-05 17:24:43.487  3490  3490 D TeleService: PhoneGlobals: mReceiver: ACTION_ANY_DATA_CONNECTION_STATE_CHANGED: subId = 2
11-05 17:24:43.487  3490  3490 D TeleService: PhoneGlobals: mReceiver: ACTION_ANY_DATA_CONNECTION_STATE_CHANGED: mDataDisconnectedDueToRoaming = false
11-05 17:24:43.487  3490  3490 D TeleService: PhoneGlobals: mReceiver: ACTION_ANY_DATA_CONNECTION_STATE_CHANGED: phone.getDataRoamingEnabled = false
11-05 17:24:43.487  3490  3490 D PhoneGlobals: handleMessage() msg.what: 11
11-05 17:24:43.487  3490  3490 D TeleService: PhoneGlobals: mHandler: EVENT_DATA_ROAMING_OK
11-05 17:24:43.491  3441  3612 I QCNEJ/CndHalConnector: -> SND notifyRatConnectionStatusChanged(rat = 0, CONNECTED)
11-05 17:24:44.316  1809  1809 E adbd    : failed to connect to socket 'tcp:6666': Connection refused
11-05 17:24:44.625 25204 25204 I Ads     : Ad is not visible. Not refreshing ad.
11-05 17:24:44.626 25204 25204 I Ads     : Scheduling ad refresh 60000 milliseconds from now.
11-05 17:24:44.905 25204 25204 I Ads     : Ad is not visible. Not refreshing ad.
11-05 17:24:44.906 25204 25204 I Ads     : Scheduling ad refresh 60000 milliseconds from now.
11-05 17:24:45.167  3490  3573 D PhoneInterfaceManager: isWifiCallingAvailable: sub Id : 2
11-05 17:24:45.168  3490  3573 D PhoneInterfaceManager: isVolteAvailable: sub Id : 2
11-05 17:24:45.169  3490  3573 D PhoneInterfaceManager: isVideoTelephonyAvailable: sub Id : 2
11-05 17:24:45.420  2426  2447 D         : DpmQmiMgr areAllIfaceActive 
11-05 17:24:46.324  1809  1809 E adbd    : failed to connect to socket 'tcp:6666': Connection refused
11-05 17:24:47.313  2933 14623 I ActivityManager: Process com.google.android.gms.ui (pid 15207) has died: cch+6CEM 
11-05 17:24:47.547  3718  3776 I QcrilOemhookMsgTunnel: [0]processOemHookIndication length=21
11-05 17:24:47.547  3718  3776 I QcrilOemhookMsgTunnel: [0]Response ID in RIL_UNSOL_OEM_HOOK_RAW is 525306
11-05 17:24:47.548  3718  3718 D QcrilMsgTunnelIfaceManager: handleMessage what = 0
11-05 17:24:47.551  3490  3490 D QC_RIL_OEM_HOOK: Received Broadcast Intent ACTION_UNSOL_RESPONSE_OEM_HOOK_RAW
11-05 17:24:47.551  3490  3490 D QC_RIL_OEM_HOOK: Oem ID in QCRILHOOK UNSOL RESP is QOEMHOOK
11-05 17:24:47.551  3456  3456 D QC_RIL_OEM_HOOK: Received Broadcast Intent ACTION_UNSOL_RESPONSE_OEM_HOOK_RAW
11-05 17:24:47.551  3456  3456 D QC_RIL_OEM_HOOK: Oem ID in QCRILHOOK UNSOL RESP is QOEMHOOK
11-05 17:24:47.557  3490  3490 D QC_RIL_OEM_HOOK: Received Broadcast Intent ACTION_UNSOL_RESPONSE_OEM_HOOK_RAW
11-05 17:24:47.557  3490  3490 D QC_RIL_OEM_HOOK: Oem ID in QCRILHOOK UNSOL RESP is QOEMHOOK
11-05 17:24:47.562  3718  3776 I QcrilOemhookMsgTunnel: [0]processOemHookIndication length=21
11-05 17:24:47.562  3490  3573 D PhoneInterfaceManager: isWifiCallingAvailable: sub Id : 2
11-05 17:24:47.562  3718  3776 I QcrilOemhookMsgTunnel: [0]Response ID in RIL_UNSOL_OEM_HOOK_RAW is 525306
11-05 17:24:47.562  3718  3718 D QcrilMsgTunnelIfaceManager: handleMessage what = 0
11-05 17:24:47.566  3490  3979 D PhoneInterfaceManager: isVolteAvailable: sub Id : 2
11-05 17:24:47.566  3490  3490 D QC_RIL_OEM_HOOK: Received Broadcast Intent ACTION_UNSOL_RESPONSE_OEM_HOOK_RAW
11-05 17:24:47.566  3456  3456 D QC_RIL_OEM_HOOK: Received Broadcast Intent ACTION_UNSOL_RESPONSE_OEM_HOOK_RAW
11-05 17:24:47.566  3490  3490 D QC_RIL_OEM_HOOK: Oem ID in QCRILHOOK UNSOL RESP is QOEMHOOK
11-05 17:24:47.566  3456  3456 D QC_RIL_OEM_HOOK: Oem ID in QCRILHOOK UNSOL RESP is QOEMHOOK
11-05 17:24:47.566  3490  3490 D QC_RIL_OEM_HOOK: Received Broadcast Intent ACTION_UNSOL_RESPONSE_OEM_HOOK_RAW
11-05 17:24:47.566  3490  3490 D QC_RIL_OEM_HOOK: Oem ID in QCRILHOOK UNSOL RESP is QOEMHOOK
11-05 17:24:47.568  3490  3979 D PhoneInterfaceManager: isVideoTelephonyAvailable: sub Id : 2
11-05 17:24:47.569  3490  3979 D PhoneInterfaceManager: isWifiCallingAvailable: sub Id : 2
11-05 17:24:47.571  3490  3979 D PhoneInterfaceManager: isVolteAvailable: sub Id : 2
11-05 17:24:47.571  3490  3979 D PhoneInterfaceManager: isVideoTelephonyAvailable: sub Id : 2
11-05 17:24:47.758  3718  3776 I QcrilOemhookMsgTunnel: [0]processOemHookIndication length=21
11-05 17:24:47.758  3718  3776 I QcrilOemhookMsgTunnel: [0]Response ID in RIL_UNSOL_OEM_HOOK_RAW is 525306
11-05 17:24:47.758  3718  3718 D QcrilMsgTunnelIfaceManager: handleMessage what = 0
11-05 17:24:47.762  3490  3490 D QC_RIL_OEM_HOOK: Received Broadcast Intent ACTION_UNSOL_RESPONSE_OEM_HOOK_RAW
11-05 17:24:47.763  3490  3490 D QC_RIL_OEM_HOOK: Oem ID in QCRILHOOK UNSOL RESP is QOEMHOOK
11-05 17:24:47.763  3456  3456 D QC_RIL_OEM_HOOK: Received Broadcast Intent ACTION_UNSOL_RESPONSE_OEM_HOOK_RAW
11-05 17:24:47.763  3490  3490 D QC_RIL_OEM_HOOK: Received Broadcast Intent ACTION_UNSOL_RESPONSE_OEM_HOOK_RAW
11-05 17:24:47.763  3456  3456 D QC_RIL_OEM_HOOK: Oem ID in QCRILHOOK UNSOL RESP is QOEMHOOK
11-05 17:24:47.763  3490  3490 D QC_RIL_OEM_HOOK: Oem ID in QCRILHOOK UNSOL RESP is QOEMHOOK
11-05 17:24:47.767  3490  3573 D PhoneInterfaceManager: isWifiCallingAvailable: sub Id : 2
11-05 17:24:47.768  3490  3573 D PhoneInterfaceManager: isVolteAvailable: sub Id : 2
11-05 17:24:47.769  3490  3573 D PhoneInterfaceManager: isVideoTelephonyAvailable: sub Id : 2
11-05 17:24:47.819  3490  3573 D PhoneInterfaceManager: isWifiCallingAvailable: sub Id : 2
11-05 17:24:47.821  3490  3888 D PhoneInterfaceManager: isVolteAvailable: sub Id : 2
11-05 17:24:47.826  3441  3612 I QCNEJ/CndHalConnector: -> SND notifyWwanSubtypeChanged(13)
11-05 17:24:47.828  3441  3612 I QCNEJ/CndHalConnector: -> SND notifyMobileDataEnabledChanged(true)
11-05 17:24:47.828  3490  3490 D ServiceStateProvider: subId=2
11-05 17:24:47.829  3490  3573 D PhoneInterfaceManager: isVideoTelephonyAvailable: sub Id : 2
11-05 17:24:47.837 18154 18154 D Babel_ConversationPin: Adding pinning menu item.
11-05 17:24:47.837 23819 23819 V AsusCellBroadcast: [CellBroadcastReceiver] onReceive Intent { act=android.intent.action.SERVICE_STATE flg=0x1000010 cmp=com.android.cellbroadcastreceiver/.CellBroadcastReceiver (has extras) } , privileged=false
11-05 17:24:47.837 18154 18154 D Babel_StartCallMenuItem: canContactViaHangouts: true canPhoneCall: false
11-05 17:24:47.846  6507  6507 D SimCardReceiver: onReceive actioncode: android.intent.action.SERVICE_STATE
11-05 17:24:47.848 18154 18154 D Babel_SmsDep: disabled
11-05 17:24:47.849  3751  3751 W ContextImpl: Calling a method in the system process without a qualified user: android.app.ContextImpl.sendBroadcast:965 android.content.ContextWrapper.sendBroadcast:447 com.asus.mobilemanagerservice.MobileManagerService$b.onReceive:54 android.app.LoadedApk$ReceiverDispatcher$Args.lambda$-android_app_LoadedApk$ReceiverDispatcher$Args_51298:1299 android.app.-$Lambda$FilBqgnXJrN9Mgyks1XHeAxzSTk.$m$0:4 
11-05 17:24:47.850  3441  3441 W DPMJ    : |SERVICE| DPM received ACTION_ANY_DATA_CONNECTION_STATE_CHANGEDdefault
11-05 17:24:47.850  3441  3441 W DPMJ    : |SERVICE| If apn type is default ->default
11-05 17:24:47.857  3490  3490 D PhoneGlobals: [mPhoneStateListener] onServiceStateChanged, subId[0] = 2, phoneId = 0
11-05 17:24:47.857  3490  3490 D PhoneGlobals: [mPhoneStateListener] onServiceStateChanged, state.getState() = 0
11-05 17:24:47.857  3490  3490 D PhoneGlobals: [mPhoneStateListener] onServiceStateChanged, isNonRoamingInService = true
11-05 17:24:47.857  3490  3490 D TeleService: [TELESERVICE][AsusPhoneUtils]: checkRoamingStateForPrompt(), bRoaming = false, slot = 0
11-05 17:24:47.858  3441  3612 I QCNEJ/CndHalConnector: -> SND notifyRatConnectionStatusChanged(rat = 0, CONNECTED)
11-05 17:24:47.860  3490  3490 D PhoneGlobals: [mPhoneStateListener] onServiceStateChanged, state.getRoaming() = false, getPhone(subId[0]).getDataRoamingEnabled() = false
11-05 17:24:47.860  3490  3490 D [TELESERVICE][AsusPhoneUtils]: getMobileSlot(): slotId = 0
11-05 17:24:47.860  3490  3490 D TeleService: [TELESERVICE][AsusPhoneUtils]: getRoamingNotificationDB: iRoamingNotificationState = 1, ret = true
11-05 17:24:47.860  3490  3490 D PhoneGlobals: [mPhoneStateListener] onServiceStateChanged, mobileDataOn = true
11-05 17:24:47.860  3490  3490 D PhoneGlobals: onServiceStateChanged(): mServiceState = 0, mServiceState2 = 1
11-05 17:24:47.860  3490  3490 D PhoneGlobals: onReceive(): action = android.intent.action.SERVICE_STATE
11-05 17:24:47.860  3490  3490 D TeleService: PhoneGlobals: mReceiver: ACTION_SERVICE_STATE_CHANGED
11-05 17:24:47.860  3490  3490 D PhoneGlobals: handleServiceStateChanged: intent = Intent { act=android.intent.action.SERVICE_STATE flg=0x1000010 (has extras) }
11-05 17:24:47.864  3490  3490 D PhoneGlobals: handleServiceStateChanged: state = 0, ss.getVoiceRoaming() = false
11-05 17:24:47.864  3490  3490 D [TELESERVICE][AsusPhoneUtils]: setHasShowedmRoamingDialog(): on = false, slotId = 0
11-05 17:24:47.865  3490  3490 D [TELESERVICE][AsusPhoneUtils]: getMobileSlot(): slotId = 0
11-05 17:24:47.865  3490  3490 D PhoneGlobals: onReceive(): action = android.intent.action.ANY_DATA_STATE
11-05 17:24:47.865  3490  3490 D PhoneGlobals: mReceiver: android.intent.action.ANY_DATA_STATE
11-05 17:24:47.865  3490  3490 D PhoneGlobals: - state: CONNECTED
11-05 17:24:47.865  3490  3490 D PhoneGlobals: - reason: null
11-05 17:24:47.865  3490  3490 D PhoneGlobals: - subId: 2
11-05 17:24:47.865  3490  3490 D PhoneGlobals: - phoneId: 0
11-05 17:24:47.865  3490  3490 D [TELESERVICE][AsusPhoneUtils]: getMobileSlot(): slotId = 0
11-05 17:24:47.865  3490  3490 D TeleService: PhoneGlobals: mReceiver: ACTION_ANY_DATA_CONNECTION_STATE_CHANGED: subId = 2
11-05 17:24:47.865  3490  3490 D TeleService: PhoneGlobals: mReceiver: ACTION_ANY_DATA_CONNECTION_STATE_CHANGED: mDataDisconnectedDueToRoaming = false
11-05 17:24:47.866  3490  3490 D TeleService: PhoneGlobals: mReceiver: ACTION_ANY_DATA_CONNECTION_STATE_CHANGED: phone.getDataRoamingEnabled = false
11-05 17:24:47.866  3490  3490 D PhoneGlobals: handleMessage() msg.what: 102
11-05 17:24:47.867  3490  3490 D PhoneGlobals: handleMessage() msg.what: 11
11-05 17:24:47.867  3490  3490 D TeleService: PhoneGlobals: mHandler: EVENT_DATA_ROAMING_OK
11-05 17:24:47.868  6507 17423 D PhoneCapabilityTester: sim1 isActive = true
11-05 17:24:47.868  6507 17423 D PhoneCapabilityTester: sim2 isActive = false
11-05 17:24:48.333  1809  1809 E adbd    : failed to connect to socket 'tcp:6666': Connection refused
11-05 17:24:48.336 25204  2920 D GagPostListPresenter: issueGetNewPostCount triggered, type:3
11-05 17:24:48.337 25204  2920 D GagPostListPresenter: issueGetNewPostCount 1541445888337
11-05 17:24:48.337 25204  2920 D hll     : submit: isTerminating=false, isTerminated=false, isShutdown=false, taskCount=2739, activeCount=0, completedCount=2739, corePoolSize=8, poolSize=8, maxPoolSize=512, largestPoolSize=8
11-05 17:24:48.337 25204  2920 D hll     : execute: isTerminating=false, isTerminated=false, isShutdown=false, taskCount=2739, activeCount=0, completedCount=2739, corePoolSize=8, poolSize=8, maxPoolSize=512, largestPoolSize=8
11-05 17:24:48.337 25204 25295 D hll     : beforeExecute: isTerminating=false, isTerminated=false, isShutdown=false, taskCount=2740, activeCount=1, completedCount=2739, corePoolSize=8, poolSize=8, maxPoolSize=512, largestPoolSize=8
11-05 17:24:48.348 25204 25295 D hll     : afterExecute: isTerminating=false, isTerminated=false, isShutdown=false, taskCount=2740, activeCount=1, completedCount=2739, corePoolSize=8, poolSize=8, maxPoolSize=512, largestPoolSize=8
11-05 17:24:48.351 25204 25204 D TaskQueueService: onCreate
11-05 17:24:48.354 25204 25204 D TaskQueueService: initControllers com.ninegag.android.app.GagApplication@c2b973b
11-05 17:24:48.355 25204 17427 D TaskQueueService: processIntent Intent { cmp=com.ninegag.android.app/.service.TaskQueueService (has extras) }
11-05 17:24:48.355 25204 17427 D TaskQueueService: isApiIntent
11-05 17:24:48.356 25204 25541 D hll     : execute: isTerminating=false, isTerminated=false, isShutdown=false, taskCount=2740, activeCount=0, completedCount=2740, corePoolSize=8, poolSize=8, maxPoolSize=512, largestPoolSize=8
11-05 17:24:48.356 25204 25541 D hll     : execute: isTerminating=false, isTerminated=false, isShutdown=false, taskCount=2741, activeCount=1, completedCount=2740, corePoolSize=8, poolSize=8, maxPoolSize=512, largestPoolSize=8
