11-05 17:25:18.935  4276  4469 D Launcher_badge: LauncherProvider update badge db - badge-receiver-thread : com.asus.launcher
11-05 17:25:18.942  4276  4423 I TelephonyLoader: No SMS permission
11-05 17:25:18.942  4276  4423 D Launcher_badge: [registerMmsSmsObserver]
11-05 17:25:18.943  4276  4423 D Launcher_badge: LauncherProvider query badge db - launcher-loader-phone : com.asus.launcher
11-05 17:25:18.943  4276  4276 I Launcher: Time spent in onResume: 19ms
11-05 17:25:18.946   693   693 D SurfaceFlinger: duplicate layer name: changing com.asus.launcher/com.android.launcher3.Launcher to com.asus.launcher/com.android.launcher3.Launcher#1
11-05 17:25:18.949  3306  3306 D StatusBar: Status bar setSystemUiVisibility sbMode: -1
11-05 17:25:18.949  3306  3306 D GestureNavigationUtility: sIsNavigationBarHidden:false, sIsImmersive:false, sIsImmersiveByUser:false
11-05 17:25:18.949  3306  3306 D NavigationBar: Navigation bar setSystemUiVisibility nbMode: -1
11-05 17:25:18.949  3306  3306 D NavigationBarView: ImmersiveModeByUser: false
11-05 17:25:18.950  3306  3306 D MoreNotificationIcon: implementMoreNotificationIcon(false)
11-05 17:25:18.950  3306  3306 D StatusBar: android checkMoreIconColorize: !isPreL: true isGrayscale: true
11-05 17:25:18.956   663  1099 D SDM     : DisplayBase::BuildLayerStackStats: LayerStack layer_count: 5, app_layer_count: 4, gpu_target_index: 4, display type: 0
11-05 17:25:18.957  3306  3306 D MoreNotificationIcon: implementMoreNotificationIcon(false)
11-05 17:25:18.957  3306  3306 D StatusBar: android checkMoreIconColorize: !isPreL: true isGrayscale: true
11-05 17:25:18.961  4276  4276 D LauncherLog: ratio: 0.796875
11-05 17:25:18.962  4276  4276 D NotificationListener: start NotificationListener
11-05 17:25:18.962  4276  4276 D NotificationListener: onBind
11-05 17:25:18.964  4276  4276 D Launcher: onBadgeDataUpdate: size = 8
11-05 17:25:18.966  3306  3306 D MoreNotificationIcon: implementMoreNotificationIcon(false)
11-05 17:25:18.967  3306  3306 D StatusBar: android checkMoreIconColorize: !isPreL: true isGrayscale: true
11-05 17:25:18.974 20935 20935 W SessionLifecycleManager: Handover failed. Creating new session controller.
11-05 17:25:18.976  3306  3306 D MoreNotificationIcon: implementMoreNotificationIcon(false)
11-05 17:25:18.976  3306  3306 D StatusBar: android checkMoreIconColorize: !isPreL: true isGrayscale: true
11-05 17:25:18.982  4276  4276 D Launcher.Utilities: isPhone= true
11-05 17:25:18.989  4276  4276 D Launcher.Utilities: isPhone= true
11-05 17:25:18.990   663  1099 D SDM     : DisplayBase::BuildLayerStackStats: LayerStack layer_count: 5, app_layer_count: 4, gpu_target_index: 4, display type: 0
11-05 17:25:18.999 20935 20935 I StreamController: registerScope: nowcards-15-3ded1487-b9cb
11-05 17:25:19.021  4276  4276 D Launcher: onBadgeDataUpdate: size = 0
11-05 17:25:19.021  4276  4276 I NotificationListener: onListenerConnected
11-05 17:25:19.021  4276  4276 I NotificationListener: onNotificationFullRefresh
11-05 17:25:19.022  4276  4276 D Launcher: bindAppsUpdated start, apps size: 1, isUpdateAppsIcon: true
11-05 17:25:19.022  4276  4276 D Launcher: updateFolders start
11-05 17:25:19.022  4276  4276 D Launcher: updateFolders finished: 0ms
11-05 17:25:19.022  4276  4276 D Launcher: bindAppsUpdated finished: 0ms
11-05 17:25:19.027 20935 20935 W TemplatedStringEvaluato: Got templated string with no display string
11-05 17:25:19.034  2933  2962 I zygote64: Explicit concurrent copying GC freed 136481(6MB) AllocSpace objects, 9(196KB) LOS objects, 39% free, 37MB/61MB, paused 1.221ms total 202.952ms
11-05 17:25:19.034  3306  3306 D MoreNotificationIcon: implementMoreNotificationIcon(false)
11-05 17:25:19.034  3306  3306 D StatusBar: android checkMoreIconColorize: !isPreL: true isGrayscale: true
11-05 17:25:19.039  4276  4276 D Launcher.Utilities: isPhone= true
11-05 17:25:19.039   663  1099 D SDM     : DisplayBase::BuildLayerStackStats: LayerStack layer_count: 4, app_layer_count: 3, gpu_target_index: 3, display type: 0
11-05 17:25:19.040  4276  4276 V Launcher: [onWindowFocusChanged]: true, takes: 0ms
11-05 17:25:19.042  3306  3306 D MoreNotificationIcon: implementMoreNotificationIcon(false)
11-05 17:25:19.042  3306  3306 D StatusBar: android checkMoreIconColorize: !isPreL: true isGrayscale: true
11-05 17:25:19.057   663  1099 D SDM     : DisplayBase::BuildLayerStackStats: LayerStack layer_count: 5, app_layer_count: 4, gpu_target_index: 4, display type: 0
11-05 17:25:19.058  2933  2933 W JobServiceContext: App Op not allow JobScheduler to start app com.google.android.projection.gearhead/10153
11-05 17:25:19.058  2933  2933 D JobSchedulerService: Error executing JobStatus{9157b79 #u0a153/203167958 com.google.android.projection.gearhead/com.google.android.apps.auto.wireless.scan.WifiChannelScanJobService u=0 s=10153 TIME=-5d2h3m32s601ms:-5d1h3m32s601ms READY}
11-05 17:25:19.058  2933  2933 W JobServiceContext: App Op not allow JobScheduler to start app com.google.android.projection.gearhead/10153
11-05 17:25:19.058  2933  2933 D JobSchedulerService: Error executing JobStatus{5d104a5 #u0a153/790541 com.google.android.projection.gearhead/com.google.android.gearhead.cloud.home.CloudCardJobService u=0 s=10153 TIME=-4d22h47m23s552ms:none NET=3 PERSISTED failures=10 READY}
11-05 17:25:19.060 20935 20935 I MicroDetectionState: Keep running hotword in interactor process
11-05 17:25:19.069  2933  2933 D CompatibilityInfo: mCompatibilityFlags - 0
11-05 17:25:19.069  2933  2933 D CompatibilityInfo: applicationDensity - 480
11-05 17:25:19.069  2933  2933 D CompatibilityInfo: applicationScale - 1.0
11-05 17:25:19.073   663  1099 D SDM     : DisplayBase::BuildLayerStackStats: LayerStack layer_count: 5, app_layer_count: 4, gpu_target_index: 4, display type: 0
11-05 17:25:19.089   663  1099 D SDM     : DisplayBase::BuildLayerStackStats: LayerStack layer_count: 5, app_layer_count: 4, gpu_target_index: 4, display type: 0
11-05 17:25:19.094 13739 17780 D NextAppTrainingJobService: insert data - Package:__na__, Previous1:com.asus.launcher, Previous2:com.android.systemui, Previous3:com.YourCompany.SkyVision, Previous4:com.google.android.packageinstaller, Timestamp:1541445918941, p1_ts_diff:735, p2_ts_diff:3239, p3_ts_diff:29805, p4_ts_diff:100220, p1_dur:735, p2_dur:2431, p3_dur:26525, p4_dur:1, Hour:17, DayClass:12~18, Weekday:Monday, WeekClass:weekday, Timezone:America/Sao_Paulo, UTC:-2, Plugged:1, LastPlugged:4737903, MobileRadioOn:1, LastMobileRadioOn:3459, WifiOn:1, LastWifiOn:10636585, GpsOn:-1, LastGpsOn:25390031, SensorOn:-1, LastSensorOn:2593, WifiScan:-1, LastWifiScan:11559, WifiFullLock:-1, LastWifiFullLock:4735892, WifiRunning:1, LastWifiRunning:10636591, WifiMultiCastOn:-1, LastWifiMultiCastOn:1436370, AudioOn:1, LastAudioOn:28435, CameraOn:-1, LastCameraOn:335006923, VideoOn:-1, LastVideoOn:4242512, LowPowerModeOn:0, LastLowPowerModeOn:86400, FlashlightOn:0, LastFlashlightOn:86400, ChargingOn:1, LastChargingOn:4737431, PhoneInCall:-1, LastPhoneInCall:123503514, PhoneScanning:-1, LastPhoneScanning:27044249, BleScanning:-1, LastBleScanning:610741932, WifiHotspotOn:0, LastWifiHotspotOn:86400, 
11-05 17:25:19.106   663  1099 D SDM     : DisplayBase::BuildLayerStackStats: LayerStack layer_count: 5, app_layer_count: 4, gpu_target_index: 4, display type: 0
11-05 17:25:19.110 13739 17780 D NextAppCoreTrainingJobService: [filter predict result] current pkg = com.asus.launcher, predict 1 = com.whatsapp:0.4267498552799225, predict 2 = com.facebook.katana:0.13468746840953827, predict 3 = com.ninegag.android.app:0.09450524300336838, predict 4 = com.pwrd.mffapt.android:0.07790713757276535, predict 5 = com.android.chrome:0.07216809689998627
11-05 17:25:19.110 13739 17780 D NextAppCoreTrainingJobService: [predict result] current pkg = com.asus.launcher, predict 1 = com.whatsapp:0.4267498552799225, predict 2 = com.facebook.katana:0.13468746840953827, predict 3 = com.ninegag.android.app:0.09450524300336838, predict 4 = com.pwrd.mffapt.android:0.07790713757276535, predict 5 = com.android.chrome:0.07216809689998627
11-05 17:25:19.111 13739 17780 D NextAppCoreTrainingJobService: [predictAll] pkg = com.whatsapp,com.facebook.katana,com.ninegag.android.app,com.pwrd.mffapt.android,com.android.chrome,com.nianticlabs.pokemongo,com.google.android.googlequicksearchbox,org.telegram.messenger,com.google.android.gm,com.asus.deskclock,tesmath.calcy,com.android.vending,com.waze,com.google.android.projection.gearhead,com.asus.mobilemanager
11-05 17:25:19.111 13739 17780 D NextAppCoreTrainingJobService: [predictAll] rate= 4267,1346,945,779,721,567,435,365,159,151,84,1,0,0,0
11-05 17:25:19.111  2933  2954 D ActivityTrigger: ActivityTrigger activityStopTrigger 
11-05 17:25:19.116  3306  3306 D MoreNotificationIcon: implementMoreNotificationIcon(false)
11-05 17:25:19.116  3306  3306 D StatusBar: android checkMoreIconColorize: !isPreL: true isGrayscale: true
11-05 17:25:19.118  3306  3306 D MoreNotificationIcon: implementMoreNotificationIcon(false)
11-05 17:25:19.118  3306  3306 D StatusBar: android checkMoreIconColorize: !isPreL: true isGrayscale: true
11-05 17:25:19.121  3306  3306 D Recents : setIsRecentLaunching false
11-05 17:25:19.126  4276  4276 D Launcher: NextAppCoreObserver onChange:false
11-05 17:25:19.142  4276 17782 D Launcher: app prediction list:com.whatsapp,com.facebook.katana,com.ninegag.android.app,com.pwrd.mffapt.android,com.android.chrome,com.nianticlabs.pokemongo,com.google.android.googlequicksearchbox,org.telegram.messenger,com.google.android.gm,com.asus.deskclock,tesmath.calcy,com.android.vending,com.waze,com.google.android.projection.gearhead,com.asus.mobilemanager
11-05 17:25:19.142  3306  3306 D MoreNotificationIcon: implementMoreNotificationIcon(false)
11-05 17:25:19.142  3306  3306 D StatusBar: android checkMoreIconColorize: !isPreL: true isGrayscale: true
11-05 17:25:19.142  2933  2933 W JobServiceContext: App Op not allow JobScheduler to start app com.google.android.projection.gearhead/10153
11-05 17:25:19.142  2933  2933 D JobSchedulerService: Error executing JobStatus{9157b79 #u0a153/203167958 com.google.android.projection.gearhead/com.google.android.apps.auto.wireless.scan.WifiChannelScanJobService u=0 s=10153 TIME=-5d2h3m32s685ms:-5d1h3m32s685ms READY}
11-05 17:25:19.142  2933  2933 W JobServiceContext: App Op not allow JobScheduler to start app com.google.android.projection.gearhead/10153
11-05 17:25:19.143  2933  2933 D JobSchedulerService: Error executing JobStatus{5d104a5 #u0a153/790541 com.google.android.projection.gearhead/com.google.android.gearhead.cloud.home.CloudCardJobService u=0 s=10153 TIME=-4d22h47m23s636ms:none NET=3 PERSISTED failures=10 READY}
11-05 17:25:19.146  4276  4276 D LauncherLog: AppsCustomizePagedView - syncAppsPageItems page: 0 index: 0 Item: WhatsApp
11-05 17:25:19.148  4276  4276 D LauncherLog: AppsCustomizePagedView - syncAppsPageItems page: 0 index: 1 Item: Facebook
11-05 17:25:19.148  4276  4276 D LauncherLog: AppsCustomizePagedView - syncAppsPageItems page: 0 index: 2 Item: 9GAG
11-05 17:25:19.149  4276  4276 D LauncherLog: AppsCustomizePagedView - syncAppsPageItems page: 0 index: 3 Item: FINAL FANTASY AWAKENING(PT&ES)
11-05 17:25:19.150  4276  4276 D LauncherLog: AppsCustomizePagedView - syncAppsPageItems page: 0 index: 4 Item: Pokémon GO
11-05 17:25:19.170  3306 13288 I zygote64: Explicit concurrent copying GC freed 38342(1610KB) AllocSpace objects, 0(0B) LOS objects, 49% free, 7MB/15MB, paused 212us total 47.479ms
11-05 17:25:19.206   663  1099 D SDM     : DisplayBase::BuildLayerStackStats: LayerStack layer_count: 5, app_layer_count: 4, gpu_target_index: 4, display type: 0
11-05 17:25:19.224  3306  3306 D MoreNotificationIcon: implementMoreNotificationIcon(false)
11-05 17:25:19.224  3306  3306 D StatusBar: android checkMoreIconColorize: !isPreL: true isGrayscale: true
11-05 17:25:19.229  2933  2954 D CompatibilityInfo: mCompatibilityFlags - 0
11-05 17:25:19.229  2933  2954 D CompatibilityInfo: applicationDensity - 480
11-05 17:25:19.229  2933  2954 D CompatibilityInfo: applicationScale - 1.0
11-05 17:25:19.491  4276  4715 W OpenGLRenderer: Incorrectly called buildLayer on View: qh, destroying layer...
11-05 17:25:19.491  4276  4715 W OpenGLRenderer: Incorrectly called buildLayer on View: qh, destroying layer...
11-05 17:25:19.507   663  1099 D SDM     : DisplayBase::BuildLayerStackStats: LayerStack layer_count: 5, app_layer_count: 4, gpu_target_index: 4, display type: 0
11-05 17:25:19.591   663  1099 D SDM     : DisplayBase::BuildLayerStackStats: LayerStack layer_count: 5, app_layer_count: 4, gpu_target_index: 4, display type: 0
11-05 17:25:19.844  2933  3134 D Telecom : TelecomServiceImpl: isRinging callingPackage = android
11-05 17:25:19.845  2933  3134 D Telecom : TelecomServiceImpl: canReadPhoneState callingPackage = android: TSI.iR@l8s
11-05 17:25:19.845  2933  3134 D Telecom : TelecomServiceImpl: isPrivilegedDialerCalling = android: TSI.iR@l8s
11-05 17:25:19.846  2933  3134 D Telecom : TelecomServiceImpl: isInCall callingPackage = android
11-05 17:25:19.846  2933  3134 D Telecom : TelecomServiceImpl: canReadPhoneState callingPackage = android: TSI.iIC@l8w
11-05 17:25:19.846  2933  3134 D Telecom : TelecomServiceImpl: isPrivilegedDialerCalling = android: TSI.iIC@l8w
11-05 17:25:19.922  1809  1809 E adbd    : failed to connect to socket 'tcp:6666': Connection refused
11-05 17:25:19.949  2933  3134 I PowerManagerService: Going to sleep due to power button (uid 1000)...
11-05 17:25:19.951  2933  2964 I PowerManagerService: Sleeping (uid 1000)...
11-05 17:25:19.951  2933  2933 D ActivityTrigger: ActivityTrigger activityPauseTrigger 
11-05 17:25:19.954  4276  4276 D LauncherLog: Launcher onPause Begin
11-05 17:25:19.955  4276  4276 D LauncherLog: Launcher onPause End
11-05 17:25:19.958   663  1099 D SDM     : DisplayBase::BuildLayerStackStats: LayerStack layer_count: 5, app_layer_count: 4, gpu_target_index: 4, display type: 0
11-05 17:25:20.011   663  1099 D SDM     : DisplayBase::BuildLayerStackStats: LayerStack layer_count: 2, app_layer_count: 1, gpu_target_index: 1, display type: 0
11-05 17:25:20.015  2933  2964 D DisplayPowerController: Unfinished business...
11-05 17:25:20.023  3306 17799 D KeyguardViewMediator: onStartedGoingToSleep(2)
11-05 17:25:20.025  3306 17799 D KeyguardViewMediator: notifyStartedGoingToSleep
11-05 17:25:20.025  3306  3306 D keyguard: KeyguardUpdateMonitor:handleStartedGoingToSleep
11-05 17:25:20.026  3306  3306 D keyguard: AsusFingerprintSupportManager:onStartedGoingToSleep() 2
11-05 17:25:20.028  3306  3306 D keyguard: KeyguardUpdateMonitor:shouldListenForFingerprint<kVbgSotufAd>
11-05 17:25:20.029  3306  3306 D keyguard: KeyguardUpdateMonitor:updateFingerprintListeningState should=true, state=0
11-05 17:25:20.029  3306  3306 V KeyguardUpdateMonitor: startListeningForFingerprint()
11-05 17:25:20.030  3306  3674 D NetworkController.MobileSignalController(2): onSignalStrengthsChanged signalStrength=SignalStrength: 99 0 0 -120 -160 -120 -1 -1 15 -106 -13 74 2147483647 0 2147483647 gsm|lte level=4
11-05 17:25:20.030  3306  3674 D NetworkController.MobileSignalController(2): updateTelephonySignalStrength: hasService=true ss=SignalStrength: 99 0 0 -120 -160 -120 -1 -1 15 -106 -13 74 2147483647 0 2147483647 gsm|lte
11-05 17:25:20.031  3490  3573 D PhoneInterfaceManager: isWifiCallingAvailable: sub Id : 2
11-05 17:25:20.031  3306  3674 D NetworkController.MobileSignalController(2): isWifiCallingAvailable=false
11-05 17:25:20.032  3490  3573 D PhoneInterfaceManager: isVolteAvailable: sub Id : 2
11-05 17:25:20.032  3306  3674 D NetworkController.MobileSignalController(2): isVolteAvailable=false
11-05 17:25:20.032  2933  2954 D ActivityTrigger: ActivityTrigger activityStopTrigger 
11-05 17:25:20.032  3490  3573 D PhoneInterfaceManager: isVideoTelephonyAvailable: sub Id : 2
11-05 17:25:20.032  3306  3674 D NetworkController.MobileSignalController(2): isVideoTelephonyAvailable=false
11-05 17:25:20.034  2933  2933 W FingerprintService: authenticate: mPerformanceStats = stats
11-05 17:25:20.034  3306  3306 D KeyguardViewMediator: handleNotifyStartedGoingToSleep
11-05 17:25:20.034  2506  2506 E [gf_ca_entry] : [gx_ta_send_modified_cmd_req] begin, token = 12778, cmd_id = 1011
11-05 17:25:20.037  4276  4276 D LauncherLog: Launcher onStop Begin
11-05 17:25:20.037  4276  4276 D DragLayer: resetDrawState: 
11-05 17:25:20.037  4276  4276 I NotificationListener: unbindListener: sIsConnected = true
11-05 17:25:20.038  3306  3306 D MoreNotificationIcon: implementMoreNotificationIcon(false)
11-05 17:25:20.039  3306  3306 D StatusBar: android checkMoreIconColorize: !isPreL: true isGrayscale: true
11-05 17:25:20.048  2506  2506 D [gf_ca_entry] : [gx_ta_send_modified_cmd_req] end
11-05 17:25:20.048  2506  2506 D [gf_ca_entry] : [gf_ca_invoke_command] gx_ta_send_modified_cmd_req success
11-05 17:25:20.048  2506  2506 D [gf_ca_entry] : [gf_ca_invoke_command] ta execution succeed
11-05 17:25:20.048  2933  2933 V FingerprintService: startAuthentication(com.android.systemui)
11-05 17:25:20.048  2933  2933 V FingerprintService: starting client AuthenticationClient(com.android.systemui), initiatedByClient = true)
11-05 17:25:20.048  2506  2506 E [gf_ca_entry] : [gx_ta_send_modified_cmd_req] begin, token = 12779, cmd_id = 1010
11-05 17:25:20.051  4276  4276 D Launcher_badge: [unregisterMmsSmsObserver]
11-05 17:25:20.051  4276  4276 D LauncherLog: Launcher onStop End
11-05 17:25:20.052  4276  4276 D NotificationListener: onUnbind
11-05 17:25:20.052  4276  4276 I NotificationListener: onListenerDisconnected
11-05 17:25:20.074  2933  2954 D CompatibilityInfo: mCompatibilityFlags - 0
11-05 17:25:20.075  2933  2954 D CompatibilityInfo: applicationDensity - 480
11-05 17:25:20.075  2933  2954 D CompatibilityInfo: applicationScale - 1.0
11-05 17:25:20.095  2506  2506 D [gf_ca_entry] : [gx_ta_send_modified_cmd_req] end
11-05 17:25:20.095  2506  2506 D [gf_ca_entry] : [gf_ca_invoke_command] gx_ta_send_modified_cmd_req success
11-05 17:25:20.095  2506  2506 D [gf_ca_entry] : [gf_ca_invoke_command] ta execution succeed
11-05 17:25:20.095  2506  2506 D android.hardware.biometrics.fingerprint@2.1-service: onAcquired(6)
11-05 17:25:20.096  2506  2506 I [GF_HAL][gf_hal]: [gf_hal_authenticate] set g_work_state to STATE_AUTHENTICATE
11-05 17:25:20.096  2933  2933 W FingerprintService: client com.android.systemui is authenticating...
11-05 17:25:20.097  2933  2933 W FingerprintService: handleAcquired: mPerformanceStats.acquire =4146
11-05 17:25:20.097  3306  3306 D keyguard: KeyguardUpdateMonitor:onAuthenticationAcquired info:1101
11-05 17:25:20.097  3306  3306 D keyguard: AsusFingerprintSupportManager:onFingerprintAcquired() acquiredInfo:1101 keyguardVisible:false mEarlyWakeupSupported:true mWaitPowerKeyToAuth:false screenON:false alwaysON:false speedUpTurnOnFunctionEnabled: true applySpeedUpTurnOnFunction: true
11-05 17:25:20.097  3306  3306 I FingerprintManager: Get acquire info: 6, vendor code: 101
11-05 17:25:20.097  3306  3306 W FingerprintManager: Invalid acquired message: 6, 101
11-05 17:25:20.099  4276  4276 D LauncherAppWidgetHostView: updateAppWidget: [Launcher] = com.android.launcher3.Launcher@7a7f943
11-05 17:25:20.099  4276  4276 D LauncherAppWidgetHostView: updateAppWidget: com.google.android.googlequicksearchbox
11-05 17:25:20.123  4276  4276 D Launcher.Utilities: isPhone= true
11-05 17:25:20.125  4276  4276 D Launcher.Utilities: isPhone= true
11-05 17:25:20.431  2933  3284 V LightsService: set display brightness [2]=0,Id=0
11-05 17:25:20.432  2933  2964 I DisplayPowerController: setScreenState  mPowerState.getScreenState(): ON to state: OFF
11-05 17:25:20.432  2933  2964 I DisplayPowerController: Blocking screen off
11-05 17:25:20.446  2933  2964 D DisplayPowerController: call sendOnStateChangedWithWakelock
11-05 17:25:20.446  2933  2964 D DisplayPowerController: Finished business...
11-05 17:25:20.449  3306 17799 D KeyguardViewMediator: onFinishedGoingToSleep(2)
11-05 17:25:20.449  3306 17799 D KeyguardViewMediator: notifyFinishedGoingToSleep
11-05 17:25:20.457  3306 17799 D KeyguardViewMediator: doKeyguard: showing the lock screen
11-05 17:25:20.458  3306 17799 D KeyguardViewMediator: showLocked
11-05 17:25:20.460  3306  3306 D KeyguardViewMediator: handleNotifyFinishedGoingToSleep
11-05 17:25:20.461  2933  2962 I WindowManager: TaskSnapshot Task = {taskId=2076 appTokens=[AppWindowToken{f40597e token=Token{6fbcb00 ActivityRecord{427bd83 u0 com.asus.launcher/com.android.launcher3.Launcher t2076}}}] mdr=false}, snapshot width = 1080, height = 2246
11-05 17:25:20.464  3306  3306 D KeyguardViewMediator: handleShow
11-05 17:25:20.464  2933  2964 I DisplayPowerController: Unblocked screen off after 32 ms
11-05 17:25:20.464  3306  3306 I keyguard: AsusMediator:onKeyguardShowingChanged:true
11-05 17:25:20.464  3306  3306 D keyguard: AsusFingerprintSupportManager:onKeyguardShowingChanged() true
11-05 17:25:20.464  2933  2964 I DisplayPowerController: setScreenState  mPowerState.getScreenState(): ON to state: OFF
11-05 17:25:20.464  3306  3306 I keyguard: AsusKeyguardWallpaper:updateVisible:false isFingerprintUnlocking:false
11-05 17:25:20.464  3306  3306 I keyguard: AsusKeyguardSpriteAnimation:updateStatus:false
11-05 17:25:20.464  3306  3306 I keyguard: AsusSlideshowManager:onKeyguardShowingChanged: showing: true
11-05 17:25:20.464  3306  3306 I keyguard: AsusSlideshowSettingPanelManager:onKeyguardShowingChanged: showing=true
11-05 17:25:20.465  3306  3306 D keyguard: StatusBarWindowManager:isExpanded<FKvkbhp>
11-05 17:25:20.465  3306  3306 D keyguard: StatusBarWindowManager:applyHeight,expanded:true
11-05 17:25:20.465  3306  3306 D keyguard: StatusBarWindowManager:isExpanded<FKvkbhp>
11-05 17:25:20.486  3306 17799 D KeyguardViewMediator: notifyScreenTurnedOff
11-05 17:25:20.486  2933  2964 D AutomaticBrightnessController: setLightSensorEnabled diable
11-05 17:25:20.486  2933  2964 D DisplayPowerController: Unfinished business...
11-05 17:25:20.487  2933  2964 I DisplayPowerController: setScreenState  mPowerState.getScreenState(): OFF to state: OFF
11-05 17:25:20.494  3306  3306 I keyguard: AsusClockContainer_U:onInit
11-05 17:25:20.496  3306  3306 D AppWidgetUtils: isSupportNewWeatherInfoRequest supportFeature: 1
11-05 17:25:20.496  3306  3306 D keyguard: AsusClockContainer_U:onFinishInflate: mWeatherWidgetIdInSettings=-1
11-05 17:25:20.500  3306  3306 V KeyguardSecurityView: showPrimarySecurityScreen(turningOff=false)
11-05 17:25:20.500  3306  3306 D KeyguardSecurityView: showSecurityScreen(Pattern)
11-05 17:25:20.500  3306  3306 V KeyguardSecurityView: inflating id = 2131558469
11-05 17:25:20.502  3306  3306 V KeyguardUpdateMonitor: *** register callback for com.android.keyguard.KeyguardMessageArea$2@a29df48
11-05 17:25:20.502  3306  3306 V KeyguardUpdateMonitor: *** unregister callback for null
11-05 17:25:20.503  3306  3306 D keyguard: LockScreenUtils:updateDensityDpi to 480,restoreToSystemDpi:true,originalSmallestWidth:361
11-05 17:25:20.504  3306  3306 V KeyguardUpdateMonitor: *** register callback for com.android.keyguard.KeyguardPatternView$3@cbfe5c7
11-05 17:25:20.504  3306  3306 V KeyguardUpdateMonitor: *** unregister callback for null
11-05 17:25:20.506  3306  3306 D AsusIndicationImageView: updateIndicationIcon visibility: 0
11-05 17:25:20.506  3306  3306 D AsusIndicationImageView: isCurrentStateCanShowIcon isVisible: true
11-05 17:25:20.506  3306  3306 D AsusIndicationImageView: updateIndicationIcon isVisibile: true
11-05 17:25:20.506  2933  3284 D LightsService: Excessive delay setting light: 74ms
11-05 17:25:20.507  2933  3183 D Telecom : TelecomServiceImpl: isInCall callingPackage = com.android.systemui
11-05 17:25:20.507  2933  3183 D Telecom : TelecomServiceImpl: canReadPhoneState callingPackage = com.android.systemui: TSI.iIC@l88
11-05 17:25:20.507  2933  3183 D Telecom : TelecomServiceImpl: isPrivilegedDialerCalling = com.android.systemui: TSI.iIC@l88
11-05 17:25:20.508   693   693 D SurfaceFlinger: Set power mode=0, type=0 flinger=0x76fdc60000
11-05 17:25:20.508   663  1099 I SDM     : DisplayBase::SetDisplayState: Set state = 0, display 0
11-05 17:25:20.509  2933  3183 D Telecom : TelecomServiceImpl: isInCall callingPackage = com.android.systemui
11-05 17:25:20.509  2933  3183 D Telecom : TelecomServiceImpl: canReadPhoneState callingPackage = com.android.systemui: TSI.iIC@l9A
11-05 17:25:20.509  2933  3183 D Telecom : TelecomServiceImpl: isPrivilegedDialerCalling = com.android.systemui: TSI.iIC@l9A
11-05 17:25:20.509  3306  3306 D keyguard: AsusEmergencyButton:updateEmergencyCallButton: visible: true, vc: true, es: true, h: false
11-05 17:25:20.512  2933  3183 D Telecom : TelecomServiceImpl: isInCall callingPackage = com.android.systemui
11-05 17:25:20.512  2933  3183 D Telecom : TelecomServiceImpl: canReadPhoneState callingPackage = com.android.systemui: TSI.iIC@l9E
11-05 17:25:20.512  2933  3183 D Telecom : TelecomServiceImpl: isPrivilegedDialerCalling = com.android.systemui: TSI.iIC@l9E
11-05 17:25:20.514  2933  3183 D Telecom : TelecomServiceImpl: isInCall callingPackage = com.android.systemui
11-05 17:25:20.514  2933  3183 D Telecom : TelecomServiceImpl: canReadPhoneState callingPackage = com.android.systemui: TSI.iIC@l9I
11-05 17:25:20.514  2933  3183 D Telecom : TelecomServiceImpl: isPrivilegedDialerCalling = com.android.systemui: TSI.iIC@l9I
11-05 17:25:20.514  3306  3306 D keyguard: AsusEmergencyButton:updateEmergencyCallButton: visible: true, vc: true, es: true, h: false
11-05 17:25:20.514  3306  3306 D keyguard: StatusBarWindowManager:isExpanded<FKvkbhp>
11-05 17:25:20.514  3306  3306 D keyguard: StatusBarWindowManager:applyHeight,expanded:true
11-05 17:25:20.514  3306  3306 D keyguard: StatusBarWindowManager:isExpanded<FKvkbhp>
11-05 17:25:20.514  3306  3306 I keyguard: AsusDoubleTapArea:onAttachedToWindow
11-05 17:25:20.514  3306  3306 I keyguard: AsusZenmotionManager:updateArea mKeyguardShow:false
11-05 17:25:20.515  3306  3306 I keyguard: AsusMediator:registerCallback callback:com.asus.keyguard.module.clock.ui.AsusKeyguardUnlockscreenHeader$1@87e5bfd
11-05 17:25:20.515  3306  3306 D keyguard: AsusKeyguardUnlockscreenHeader:add weather widget...
11-05 17:25:20.515  3306  3306 I keyguard: AsusMediator:registerBarClockShowCallback callback:com.asus.keyguard.module.clock.ui.AsusWeatherClockContainer$1@8270f2
11-05 17:25:20.515  3306  3306 V KeyguardUpdateMonitor: *** register callback for com.android.keyguard.KeyguardHostView$1@3200343
11-05 17:25:20.515  3306  3306 V KeyguardUpdateMonitor: *** unregister callback for null
11-05 17:25:20.516  3306  3306 V KeyguardSecurityView: showPrimarySecurityScreen(turningOff=false)
11-05 17:25:20.516  3306  3306 D KeyguardSecurityView: showSecurityScreen(Pattern)
11-05 17:25:20.517  3306  3306 V KeyguardSecurityView: showPrimarySecurityScreen(turningOff=false)
11-05 17:25:20.517  3306  3306 D KeyguardSecurityView: showSecurityScreen(Pattern)
11-05 17:25:20.517  3306  3306 I keyguard: AsusMediator:registerCallback callback:com.android.keyguard.KeyguardSecurityContainer$3@e71fdc0
11-05 17:25:20.518  2933  4231 I InputDispatcher: Window 'Window{222cf98 u0 com.asus.launcher/com.android.launcher3.Launcher}' spent 0.0ms processing input events on average(0/0). Monitor spent 0.0ms processing input events on average(0/0). Window input events down spent 0.0ms on average (0/0). Window input events up spent 0.0ms on average (0/0). Monitor input events down spent 0.0ms on average (0/0). Monitor input events up spent 0.0ms on average (0/0).
11-05 17:25:20.519  2933  3283 I WindowManager: TaskSnapshotPersister writeBuffer TaskId = 2076 UserId = 0
11-05 17:25:20.524  2506  2884 E [gf_ca_entry] : [gx_ta_send_modified_cmd_req] begin, token = 12780, cmd_id = 1022
11-05 17:25:20.528  3306  3306 D SecurityPatternView: onAttachedToWindow
11-05 17:25:20.528  2933  2962 I DisplayManagerService: Display device changed state: "Tela integrada", OFF
11-05 17:25:20.528  3306  3306 V KeyguardUpdateMonitor: *** register callback for com.asus.keyguard.module.bottom.ui.AsusEmergencyCarrierAreaZenUi5$1@6c2aa3e
11-05 17:25:20.528  3306  3306 V KeyguardUpdateMonitor: *** unregister callback for null
11-05 17:25:20.530  4276  4276 V Launcher: [onWindowFocusChanged]: false, takes: 0ms
11-05 17:25:20.531  2933  3279 D InadvertentTouchController: <MSG_DISPLAY_CHANGED> mInadvertentTouchEnable or mCompleteSetupWizard false. return
11-05 17:25:20.532  3306  3306 D keyguard: AsusSIMManager:hasTwoSimCard() READY, ABSENT
11-05 17:25:20.532  3306  3306 D keyguard: AsusEmergencyCarrierAreaZenUi5:isMode?false hasTwoSimCard?false
11-05 17:25:20.535  2933  3134 I InputReader: Reconfiguring input devices.  changes=0x00000004
11-05 17:25:20.535  3306  3306 D keyguard: AsusSIMManager:hasTwoSimCard() READY, ABSENT
11-05 17:25:20.535  3306  3306 D keyguard: AsusEmergencyCarrierAreaZenUi5:isMode?false hasTwoSimCard?false
11-05 17:25:20.536  3306  3306 D keyguard: AsusSIMManager:hasTwoSimCard() READY, ABSENT
11-05 17:25:20.536  3306  3306 D keyguard: AsusEmergencyCarrierAreaZenUi5:isMode?false hasTwoSimCard?false
11-05 17:25:20.538  3306  3306 D keyguard: AsusSIMManager:hasTwoSimCard() READY, ABSENT
11-05 17:25:20.538  3306  3306 D keyguard: AsusEmergencyCarrierAreaZenUi5:isMode?false hasTwoSimCard?false
11-05 17:25:20.539  3306  3306 D keyguard: AsusSIMManager:hasTwoSimCard() READY, ABSENT
11-05 17:25:20.539  3306  3306 D keyguard: AsusEmergencyCarrierAreaZenUi5:isMode?false hasTwoSimCard?false
11-05 17:25:20.539  3306  3306 V KeyguardUpdateMonitor: *** register callback for com.android.keyguard.EmergencyButton$1@ab5909f
11-05 17:25:20.539  3306  3306 V KeyguardUpdateMonitor: *** unregister callback for null
11-05 17:25:20.539  2933  3302 D Telecom : TelecomServiceImpl: isInCall callingPackage = com.android.systemui
11-05 17:25:20.540  2933  3302 D Telecom : TelecomServiceImpl: canReadPhoneState callingPackage = com.android.systemui: TSI.iIC@l9M
11-05 17:25:20.540  2933  3302 D Telecom : TelecomServiceImpl: isPrivilegedDialerCalling = com.android.systemui: TSI.iIC@l9M
11-05 17:25:20.541  2933  3302 D Telecom : TelecomServiceImpl: isInCall callingPackage = com.android.systemui
11-05 17:25:20.541  2933  3302 D Telecom : TelecomServiceImpl: canReadPhoneState callingPackage = com.android.systemui: TSI.iIC@l9Q
11-05 17:25:20.541  2933  3302 D Telecom : TelecomServiceImpl: isPrivilegedDialerCalling = com.android.systemui: TSI.iIC@l9Q
11-05 17:25:20.541  3306  3306 D keyguard: AsusEmergencyButton:updateEmergencyCallButton: visible: true, vc: true, es: true, h: false
11-05 17:25:20.542  2933  3302 D Telecom : TelecomServiceImpl: isInCall callingPackage = com.android.systemui
11-05 17:25:20.542  2933  3302 D Telecom : TelecomServiceImpl: canReadPhoneState callingPackage = com.android.systemui: TSI.iIC@l9U
11-05 17:25:20.542  2933  3302 D Telecom : TelecomServiceImpl: isPrivilegedDialerCalling = com.android.systemui: TSI.iIC@l9U
11-05 17:25:20.544  2933  3302 D Telecom : TelecomServiceImpl: isInCall callingPackage = com.android.systemui
11-05 17:25:20.544  2933  3302 D Telecom : TelecomServiceImpl: canReadPhoneState callingPackage = com.android.systemui: TSI.iIC@l9Y
11-05 17:25:20.544  2933  3302 D Telecom : TelecomServiceImpl: isPrivilegedDialerCalling = com.android.systemui: TSI.iIC@l9Y
11-05 17:25:20.544  3306  3306 D keyguard: AsusEmergencyButton:updateEmergencyCallButton: visible: true, vc: true, es: true, h: false
11-05 17:25:20.544   668   668 I sensors-hal: batch:159, android.sensor.accelerometer/19, period=200000000, max_latency=0
11-05 17:25:20.544   668   668 I sensors-hal: batch:168, android.sensor.accelerometer/19, period=200000000, max_latency=0 request completed
11-05 17:25:20.545  2933  2933 W WindowOrientationListener: sProposedRotation = -1
11-05 17:25:20.545  2933  4236 D Telecom : TelecomServiceImpl: isInCall callingPackage = com.android.systemui
11-05 17:25:20.545  2933  4236 D Telecom : TelecomServiceImpl: canReadPhoneState callingPackage = com.android.systemui: TSI.iIC@l9c
11-05 17:25:20.545  2933  4236 D Telecom : TelecomServiceImpl: isPrivilegedDialerCalling = com.android.systemui: TSI.iIC@l9c
11-05 17:25:20.546   655  2406 D audio_hw_primary: adev_set_parameters: enter: screen_state=off
11-05 17:25:20.546   655  2406 D audio_hw_extn: audio_extn_set_anc_parameters: anc_enabled:0
11-05 17:25:20.546  2933  4236 D Telecom : TelecomServiceImpl: isInCall callingPackage = com.android.systemui
11-05 17:25:20.547  2933  4236 D Telecom : TelecomServiceImpl: canReadPhoneState callingPackage = com.android.systemui: TSI.iIC@l9g
11-05 17:25:20.547  2933  4236 D Telecom : TelecomServiceImpl: isPrivilegedDialerCalling = com.android.systemui: TSI.iIC@l9g
11-05 17:25:20.547  3306  3306 D keyguard: AsusEmergencyButton:updateEmergencyCallButton: visible: true, vc: true, es: true, h: false
11-05 17:25:20.547  2933  4236 D Telecom : TelecomServiceImpl: isInCall callingPackage = com.android.systemui
11-05 17:25:20.547  2933  4236 D Telecom : TelecomServiceImpl: canReadPhoneState callingPackage = com.android.systemui: TSI.iIC@l9k
11-05 17:25:20.548  2933  4236 D Telecom : TelecomServiceImpl: isPrivilegedDialerCalling = com.android.systemui: TSI.iIC@l9k
11-05 17:25:20.548  2933  4236 D Telecom : TelecomServiceImpl: isInCall callingPackage = com.android.systemui
11-05 17:25:20.548  2933  4236 D Telecom : TelecomServiceImpl: canReadPhoneState callingPackage = com.android.systemui: TSI.iIC@l9o
11-05 17:25:20.548  2933  4236 D Telecom : TelecomServiceImpl: isPrivilegedDialerCalling = com.android.systemui: TSI.iIC@l9o
11-05 17:25:20.548  3306  3306 I chatty  : uid=10018(u0_a18) com.android.systemui identical 1 line
11-05 17:25:20.549  2933  4231 D Telecom : TelecomServiceImpl: isInCall callingPackage = com.android.systemui
11-05 17:25:20.549  2933  4231 D Telecom : TelecomServiceImpl: canReadPhoneState callingPackage = com.android.systemui: TSI.iIC@l9s
11-05 17:25:20.549  2933  4231 D Telecom : TelecomServiceImpl: isPrivilegedDialerCalling = com.android.systemui: TSI.iIC@l9s
11-05 17:25:20.550  2933  4231 D Telecom : TelecomServiceImpl: isInCall callingPackage = com.android.systemui
11-05 17:25:20.550  2933  4231 D Telecom : TelecomServiceImpl: canReadPhoneState callingPackage = com.android.systemui: TSI.iIC@l9w
11-05 17:25:20.550  2933  4231 D Telecom : TelecomServiceImpl: isPrivilegedDialerCalling = com.android.systemui: TSI.iIC@l9w
11-05 17:25:20.550  3306  3306 D keyguard: AsusEmergencyButton:updateEmergencyCallButton: visible: true, vc: true, es: true, h: false
11-05 17:25:20.550  3306  3306 D keyguard: AsusKeyguardSimPickerView:onAttachedToWindow()
11-05 17:25:20.550  3306  3306 D keyguard: AsusKeyguardSimPickerView:onSIMStateChanged() 0, READY
11-05 17:25:20.550  3306  3306 D keyguard: AsusSIMManager:getSelectedSimSlot()
11-05 17:25:20.550  3306  3306 D keyguard: AsusKeyguardSimPickerView:showSecurityScreen() -1
11-05 17:25:20.550  3306  3306 D keyguard: AsusSIMManager:hasTwoSimCard() READY, ABSENT
11-05 17:25:20.550  3306  3306 D keyguard: AsusKeyguardSimPickerView:showSecurityScreen hasTwoSimCard: false, isIgnoreSinPinSecurity: false, isSimPinSecure: false, isSimPinSelected: false
11-05 17:25:20.550  3306  3306 D keyguard: AsusKeyguardSimPickerView:showSecurityScreen visibility: 4
11-05 17:25:20.550  3306  3306 D keyguard: AsusKeyguardSimPickerView:updateSimSlotResId() 0, READY
11-05 17:25:20.550  3306  3306 D keyguard: AsusKeyguardSimPickerView:onSIMStateChanged() 1, ABSENT
11-05 17:25:20.551  3306  3306 D keyguard: AsusKeyguardSimPickerView:updateSimSlotResId() 1, ABSENT
11-05 17:25:20.551  3306  3306 I keyguard: AsusMediator:registerCallback callback:com.asus.keyguard.module.dualsim.AsusKeyguardSimPickerView$2@b5935ec
11-05 17:25:20.551  3306  3306 V KeyguardUpdateMonitor: *** register callback for com.android.keyguard.EmergencyButton$1@3f20db5
11-05 17:25:20.551  3306  3306 V KeyguardUpdateMonitor: *** unregister callback for null
11-05 17:25:20.551  2933  4236 D Telecom : TelecomServiceImpl: isInCall callingPackage = com.android.systemui
11-05 17:25:20.551  2933  4236 D Telecom : TelecomServiceImpl: canReadPhoneState callingPackage = com.android.systemui: TSI.iIC@l90
11-05 17:25:20.551  2933  4236 D Telecom : TelecomServiceImpl: isPrivilegedDialerCalling = com.android.systemui: TSI.iIC@l90
11-05 17:25:20.552  2933  4236 D Telecom : TelecomServiceImpl: isInCall callingPackage = com.android.systemui
11-05 17:25:20.552  2933  4236 D Telecom : TelecomServiceImpl: canReadPhoneState callingPackage = com.android.systemui: TSI.iIC@l94
11-05 17:25:20.552  2933  4236 D Telecom : TelecomServiceImpl: isPrivilegedDialerCalling = com.android.systemui: TSI.iIC@l94
11-05 17:25:20.552  3306  3306 D keyguard: AsusEmergencyButton:updateEmergencyCallButton: visible: true, vc: true, es: true, h: false
11-05 17:25:20.552  2933  4236 D Telecom : TelecomServiceImpl: isInCall callingPackage = com.android.systemui
11-05 17:25:20.553  2933  4236 D Telecom : TelecomServiceImpl: canReadPhoneState callingPackage = com.android.systemui: TSI.iIC@l98
11-05 17:25:20.553  2933  4236 D Telecom : TelecomServiceImpl: isPrivilegedDialerCalling = com.android.systemui: TSI.iIC@l98
11-05 17:25:20.555  2933  4236 D Telecom : TelecomServiceImpl: isInCall callingPackage = com.android.systemui
11-05 17:25:20.555  2933  4236 D Telecom : TelecomServiceImpl: canReadPhoneState callingPackage = com.android.systemui: TSI.iIC@l+A
11-05 17:25:20.555  2933  4236 D Telecom : TelecomServiceImpl: isPrivilegedDialerCalling = com.android.systemui: TSI.iIC@l+A
11-05 17:25:20.555  2933  4236 D Telecom : TelecomServiceImpl: isInCall callingPackage = com.android.systemui
11-05 17:25:20.556  2933  4236 D Telecom : TelecomServiceImpl: canReadPhoneState callingPackage = com.android.systemui: TSI.iIC@l+E
11-05 17:25:20.556  2933  4236 D Telecom : TelecomServiceImpl: isPrivilegedDialerCalling = com.android.systemui: TSI.iIC@l+E
11-05 17:25:20.557  2933  4231 D Telecom : TelecomServiceImpl: isInCall callingPackage = com.android.systemui
11-05 17:25:20.557  2933  4231 D Telecom : TelecomServiceImpl: canReadPhoneState callingPackage = com.android.systemui: TSI.iIC@l+I
11-05 17:25:20.557  2933  4231 D Telecom : TelecomServiceImpl: isPrivilegedDialerCalling = com.android.systemui: TSI.iIC@l+I
11-05 17:25:20.557  3306  3306 I chatty  : uid=10018(u0_a18) com.android.systemui identical 2 lines
11-05 17:25:20.558  2933  4236 D Telecom : TelecomServiceImpl: isInCall callingPackage = com.android.systemui
11-05 17:25:20.558  2933  4236 D Telecom : TelecomServiceImpl: canReadPhoneState callingPackage = com.android.systemui: TSI.iIC@l+M
11-05 17:25:20.558  2933  4236 D Telecom : TelecomServiceImpl: isPrivilegedDialerCalling = com.android.systemui: TSI.iIC@l+M
11-05 17:25:20.559  2933  4236 D Telecom : TelecomServiceImpl: isInCall callingPackage = com.android.systemui
11-05 17:25:20.559  2933  4236 D Telecom : TelecomServiceImpl: canReadPhoneState callingPackage = com.android.systemui: TSI.iIC@l+Q
11-05 17:25:20.559  2933  4236 D Telecom : TelecomServiceImpl: isPrivilegedDialerCalling = com.android.systemui: TSI.iIC@l+Q
11-05 17:25:20.559  3306  3306 D keyguard: AsusEmergencyButton:updateEmergencyCallButton: visible: true, vc: true, es: true, h: false
11-05 17:25:20.560  2506  2884 D [gf_ca_entry] : [gx_ta_send_modified_cmd_req] end
11-05 17:25:20.560  2506  2884 D [gf_ca_entry] : [gf_ca_invoke_command] gx_ta_send_modified_cmd_req success
11-05 17:25:20.560  2506  2884 D [gf_ca_entry] : [gf_ca_invoke_command] ta execution succeed
11-05 17:25:20.561  2933  4236 D Telecom : TelecomServiceImpl: isInCall callingPackage = com.android.systemui
11-05 17:25:20.561  2933  4236 D Telecom : TelecomServiceImpl: canReadPhoneState callingPackage = com.android.systemui: TSI.iIC@l+U
11-05 17:25:20.561  2933  4236 D Telecom : TelecomServiceImpl: isPrivilegedDialerCalling = com.android.systemui: TSI.iIC@l+U
11-05 17:25:20.562  2933  4236 D Telecom : TelecomServiceImpl: isInCall callingPackage = com.android.systemui
11-05 17:25:20.562  2933  4236 D Telecom : TelecomServiceImpl: canReadPhoneState callingPackage = com.android.systemui: TSI.iIC@l+Y
11-05 17:25:20.562  2933  4236 D Telecom : TelecomServiceImpl: isPrivilegedDialerCalling = com.android.systemui: TSI.iIC@l+Y
11-05 17:25:20.562  3306  3306 D keyguard: AsusEmergencyButton:updateEmergencyCallButton: visible: true, vc: true, es: true, h: false
11-05 17:25:20.562 20935 16236 I PBSessionCacheImpl: Deleted sessionId[2970351957845] from persistence.
11-05 17:25:20.564  3306  3306 D KeyguardViewBase: getSecurityMode() Pattern
11-05 17:25:20.564  3306  3306 D keyguard: StatusBarWindowManager:isExpanded<FKvkbhp>
11-05 17:25:20.564  3306  3306 D keyguard: StatusBarWindowManager:applyHeight,expanded:true
11-05 17:25:20.564  3306  3306 D keyguard: StatusBarWindowManager:isExpanded<FKvkbhp>
11-05 17:25:20.565 20935 20935 W SearchServiceCore: Abort, client detached.
11-05 17:25:20.565  3306  3306 D keyguard: StatusBarWindowManager:isExpanded<FKvkbhp>
11-05 17:25:20.565  3306  3306 D keyguard: StatusBarWindowManager:applyHeight,expanded:true
11-05 17:25:20.565  3306  3306 D keyguard: StatusBarWindowManager:isExpanded<FKvkbhp>
11-05 17:25:20.565  3286  3286 I DeviceStatusMonitor: cqg: onReceive() : Action = android.intent.action.SCREEN_OFF
11-05 17:25:20.565  3306  3306 D keyguard: AsusMediator:setStatusBarState:1
11-05 17:25:20.565  3306  3306 I keyguard: AsusKeyguardWallpaper:updateVisible:false isFingerprintUnlocking:false
11-05 17:25:20.566  3306  3306 I keyguard: AsusKGWallpaperManager:notifyBlurEffect blur:false mTouching:false TouchedShortcut:false CaptureScreenshot:false LaunchShortcut:false visible:true mExpand:true mBouncerShow:false isImageWallpaper:false
11-05 17:25:20.566  3306  3306 I keyguard: AsusKeyguardWallpaper:updateBlurEffect:false
11-05 17:25:20.566  3306  3306 I keyguard: AsusKeyguardSpriteAnimation:updateBlurEffect:false
11-05 17:25:20.567 20935 20935 I StreamController: cleanUpControllerScope(nowcards-15-3ded1487-b9cb)
11-05 17:25:20.569  3441  3612 I QCNEJ/CndHalConnector: -> SND notifyScreenStateChanged(false)
11-05 17:25:20.570  3441  3612 I QCNEJ/CndHalConnector: -> SND notifyScreenStateChanged(false)
11-05 17:25:20.570  3306  3306 D keyguard: KeyguardUpdateMonitor:getUserCanSkipBouncer,getUserHasTrust:false,isFpAuthenticated:false,isFaceAuthenticated:false
11-05 17:25:20.572  3306  3306 D MoreNotificationIcon: implementMoreNotificationIcon(false)
11-05 17:25:20.572  3306  3306 D StatusBar: android checkMoreIconColorize: !isPreL: true isGrayscale: true
11-05 17:25:20.573  3306  3437 D keyguard: AsusKeyguardColorTintMng:BINDING WallPaperAnalysisService!
11-05 17:25:20.576  3306  3306 D keyguard: StatusBarWindowManager:isExpanded<FKVkbhp>
11-05 17:25:20.576  3306  3306 D keyguard: StatusBarWindowManager:applyHeight,expanded:true
11-05 17:25:20.576  3306  3306 D keyguard: StatusBarWindowManager:isExpanded<FKVkbhp>
11-05 17:25:20.576  3306  3306 D StatusBar: disable<e i a s b h r c s q >
11-05 17:25:20.577  3306  3306 V KeyguardUpdateMonitor: *** unregister callback for com.android.keyguard.KeyguardPatternView$3@cbfe5c7
11-05 17:25:20.577  3306  3306 D KeyguardViewBase: show()
11-05 17:25:20.578  3306  3306 V KeyguardSecurityView: showPrimarySecurityScreen(turningOff=false)
11-05 17:25:20.578  3306  3306 D KeyguardSecurityView: showSecurityScreen(Pattern)
11-05 17:25:20.578  2933  2943 D CompatibilityInfo: mCompatibilityFlags - 0
11-05 17:25:20.578  2933  2943 D CompatibilityInfo: applicationDensity - 480
11-05 17:25:20.578  2933  2943 D CompatibilityInfo: applicationScale - 1.0
11-05 17:25:20.580  3306  3674 D Tile.BluetoothTile: handleUpdateState, mAnimState=1
11-05 17:25:20.580  3306  3306 D StatusBarKeyguardViewManager: updateStates    navBarVisible: false lastNavBarVisible: true
11-05 17:25:20.580  3306  3306 D keyguard: KeyguardUpdateMonitor:onKeyguardVisibilityChanged(true)
11-05 17:25:20.580  3306  3674 D Tile.AIBoostTile: AIBoost handleUpdateState value:0
11-05 17:25:20.580  3306  3306 I keyguard: AsusMediator:onKeyguardVisibilityChanged:true
11-05 17:25:20.580  3306  3306 D keyguard: AsusFuManager:onKeyguardVisibilityChanged true
11-05 17:25:20.581  3306  3306 D keyguard: AsusFuManager:onKeyguardVisibilityChanged: isEnable: false, isLockOut: false, isinstanceofConcrete: true
11-05 17:25:20.581  3306  3306 I keyguard: AsusFirstKGUnlockedMonitor:getSettingsForFirstKGUnlocked()  settings: true
11-05 17:25:20.581  3306  3306 I keyguard: AsusFirstKGUnlockedMonitor:getSettingsForFirstKGUnlocked()  settings: true
11-05 17:25:20.581  3306  3306 I keyguard: AsusDragManager:onKeyguardVisibilityChanged showing:true
11-05 17:25:20.581  3306  3306 I keyguard: AsusZenmotionManager:onKeyguardVisibilityChanged showing:true
11-05 17:25:20.581  3306  3306 I keyguard: AsusZenmotionManager:updateArea mKeyguardShow:true
11-05 17:25:20.581  3306  3306 I keyguard: AsusKeyguardSpriteAnimation:updateVisible:true
11-05 17:25:20.581  3306  3306 I keyguard: AsusSlideshowManager:onKeyguardVisibilityChanged: showing: true
11-05 17:25:20.582  3306  3306 I keyguard: AsusSlideshowSettingPanelManager:onKeyguardVisibilityChanged: showing=true
11-05 17:25:20.582  3306  3306 D keyguard: KeyguardUpdateMonitor:shouldListenForFingerprint<KvbgSotufAd>
11-05 17:25:20.582  3306  3306 D keyguard: KeyguardUpdateMonitor:updateFingerprintListeningState should=true, state=1
11-05 17:25:20.584  2933  4216 D Telecom : TelecomServiceImpl: isRinging callingPackage = com.android.systemui
11-05 17:25:20.584  2933  4216 D Telecom : TelecomServiceImpl: canReadPhoneState callingPackage = com.android.systemui: TSI.iR@l+c
11-05 17:25:20.584  2933  4216 D Telecom : TelecomServiceImpl: isPrivilegedDialerCalling = com.android.systemui: TSI.iR@l+c
11-05 17:25:20.584  3306  3306 D KeyguardViewMediator: adjustStatusBarLocked: mShowing=true mOccluded=false isSecure=true --> flags=0x1200000
11-05 17:25:20.586  3306  3306 D keyguard: KeyguardUpdateMonitor:action_sim_state_change intent already come, so we don't need to read sim state again or mIsNeedReadSimStateFirstTime:false
11-05 17:25:20.586  3306  3306 V KeyguardDisplayManager: show
11-05 17:25:20.586  3306  3306 D keyguard: KeyguardUpdateMonitor:handleFinishedGoingToSleep
11-05 17:25:20.587  3306  3306 D keyguard: AsusFingerprintSupportManager:onFinishedGoingToSleep() 2 mIsTurningOn:false mSpeedupTurnOn:true
11-05 17:25:20.587  3306  3306 D AsusGestureManager: onFinishedGoingToSleep()
11-05 17:25:20.587  3306  3306 I keyguard: AsusKeyguardSpriteAnimation:updateStatus:false
11-05 17:25:20.587  3306  3306 D keyguard: KeyguardUpdateMonitor:shouldListenForFingerprint<KvbgsotufAd>
11-05 17:25:20.587  3306  3306 D keyguard: KeyguardUpdateMonitor:updateFingerprintListeningState should=true, state=1
11-05 17:25:20.589  3306  3674 D BoostServiceController: getAvailMem
11-05 17:25:20.589  3306  3674 D BoostServiceController: Get available memory from boost service:1244
11-05 17:25:20.590  3306  3674 D BoostServiceController: getAvailMem
11-05 17:25:20.590  3306 17788 I FrpHelper: AccountAnalyzer count: 3
11-05 17:25:20.590  3306  3674 D BoostServiceController: Get available memory from boost service:1244
11-05 17:25:20.590  3306  3674 D BoostServiceController: getAvailMem
11-05 17:25:20.590  3306  3674 D BoostServiceController: Get available memory from boost service:1244
11-05 17:25:20.592  3306  3306 W KeyguardSecurityViewFlipper: onMeasure: heightSpec MeasureSpec: EXACTLY 0 should be AT_MOST
11-05 17:25:20.596  3306  3306 W KeyguardSecurityViewFlipper: onMeasure: heightSpec MeasureSpec: EXACTLY 0 should be AT_MOST
11-05 17:25:20.599  3306  3674 D NetworkController.MobileSignalController(2): onDataActivity: direction=0
11-05 17:25:20.600  3490  3573 D PhoneInterfaceManager: isWifiCallingAvailable: sub Id : 2
11-05 17:25:20.600  3306  3674 D NetworkController.MobileSignalController(2): isWifiCallingAvailable=false
11-05 17:25:20.600  3490  3573 D PhoneInterfaceManager: isVolteAvailable: sub Id : 2
11-05 17:25:20.600  3306  3674 D NetworkController.MobileSignalController(2): isVolteAvailable=false
11-05 17:25:20.600  3490  3573 D PhoneInterfaceManager: isVideoTelephonyAvailable: sub Id : 2
11-05 17:25:20.600  3306  3674 D NetworkController.MobileSignalController(2): isVideoTelephonyAvailable=false
11-05 17:25:20.600  3306  3674 D NetworkController.MobileSignalController(2): onDataActivity: direction=0
11-05 17:25:20.601  3490  3573 D PhoneInterfaceManager: isWifiCallingAvailable: sub Id : 2
11-05 17:25:20.601  3306  3674 D NetworkController.MobileSignalController(2): isWifiCallingAvailable=false
11-05 17:25:20.601  2426  2447 D         : DpmQmiMgr areAllIfaceActive 
11-05 17:25:20.601  3490  3573 D PhoneInterfaceManager: isVolteAvailable: sub Id : 2
11-05 17:25:20.601  3306  3674 D NetworkController.MobileSignalController(2): isVolteAvailable=false
11-05 17:25:20.601  3490  3573 D PhoneInterfaceManager: isVideoTelephonyAvailable: sub Id : 2
11-05 17:25:20.602  3306  3674 D NetworkController.MobileSignalController(2): isVideoTelephonyAvailable=false
11-05 17:25:20.705  2933  3284 D SurfaceControl: Excessive delay in setPowerMode(): 198ms
11-05 17:25:20.705   667   667 I QTI PowerHAL: Got set_interactive hint on= 0, count= 2647
11-05 17:25:20.706   667   667 E QTI PowerHAL: Error opening /sys/kernel/hbtp/display_pwr: No such file or directory
11-05 17:25:20.706  2933  3284 I libsuspend: [PM] display off
11-05 17:25:20.706  2933  2964 I DisplayPowerController: setScreenState  mPowerState.getScreenState(): OFF to state: OFF
11-05 17:25:20.706  2933  2964 D DisplayPowerController: Finished business...
11-05 17:25:20.718  3306  3306 W KeyguardSecurityViewFlipper: onMeasure: heightSpec MeasureSpec: EXACTLY 1496 should be AT_MOST
11-05 17:25:20.721  3306  3306 I keyguard: AsusMediator:updateNotificationCount: 1
11-05 17:25:20.721  3306  3306 D keyguard: AsusLSHeaderManager:updateNotificationStatus: showing=false
