12-09 11:44:49.635   667  1445 I sensors-hal: batch:168, android.sensor.accelerometer/34, period=2500000, max_latency=0 request completed
12-09 11:44:49.636 10425 10467 I chatty  : uid=10195(u0_a195) com.YourCompany.SkyVision expire 2 lines
12-09 11:44:49.636   667  1445 I sensors-hal: batch:159, android.sensor.gyroscope_uncalibrated/2, period=200000000, max_latency=0
12-09 11:44:49.636   667  1445 I sensors-hal: batch:168, android.sensor.gyroscope_uncalibrated/2, period=200000000, max_latency=0 request completed
12-09 11:44:49.636   667  1445 I sensors-hal: activate:126, android.sensor.gyroscope_uncalibrated/2 en=1
12-09 11:44:49.638   667  1445 I sensors-hal: activate:137, android.sensor.gyroscope_uncalibrated/2 en=1 completed
12-09 11:44:49.638   667  1445 I sensors-hal: batch:159, android.sensor.gyroscope_uncalibrated/2, period=2500000, max_latency=0
12-09 11:44:49.639   667  1445 I sensors-hal: batch:168, android.sensor.gyroscope_uncalibrated/2, period=2500000, max_latency=0 request completed
12-09 11:44:49.656   667  1445 I sensors-hal: flush:188, android.sensor.accelerometer/34
12-09 11:44:49.658   667  1445 I sensors-hal: flush:194, android.sensor.accelerometer/34 completed
12-09 11:44:49.663   667   667 I sensors-hal: flush:188, android.sensor.accelerometer/34
12-09 11:44:49.664   667   667 I sensors-hal: flush:194, android.sensor.accelerometer/34 completed
12-09 11:44:49.664   667   667 I sensors-hal: batch:159, android.sensor.magnetic_field/32, period=20000000, max_latency=0
12-09 11:44:49.664   667   667 I sensors-hal: batch:168, android.sensor.magnetic_field/32, period=20000000, max_latency=0 request completed
12-09 11:44:49.664   667   667 I sensors-hal: activate:126, android.sensor.magnetic_field/32 en=1
12-09 11:44:49.667   667   667 I sensors-hal: activate:137, android.sensor.magnetic_field/32 en=1 completed
12-09 11:44:49.667   667  1445 I sensors-hal: batch:159, android.sensor.gyroscope/4, period=20000000, max_latency=0
12-09 11:44:49.667   667  1445 I sensors-hal: batch:168, android.sensor.gyroscope/4, period=20000000, max_latency=0 request completed
12-09 11:44:49.667   667  1445 I sensors-hal: activate:126, android.sensor.gyroscope/4 en=1
12-09 11:44:49.668 26552 26552 E adbd    : failed to connect to socket 'tcp:6666': Connection refused
12-09 11:44:49.668   667  1445 I sensors-hal: activate:137, android.sensor.gyroscope/4 en=1 completed
12-09 11:44:49.686 10425 10499 I chatty  : uid=10195(u0_a195) com.YourCompany.SkyVision expire 5 lines
12-09 11:44:49.694   667   667 I sensors-hal: activate:126, android.sensor.gyroscope/4 en=0
12-09 11:44:49.694   667   667 I sensors-hal: activate:137, android.sensor.gyroscope/4 en=0 completed
12-09 11:44:49.695   667   667 I sensors-hal: activate:126, android.sensor.magnetic_field/32 en=0
12-09 11:44:49.695   667   667 I sensors-hal: activate:137, android.sensor.magnetic_field/32 en=0 completed
12-09 11:44:49.696   667  1445 I sensors-hal: batch:159, android.sensor.accelerometer/34, period=2500000, max_latency=0
12-09 11:44:49.696   667  1445 I sensors-hal: batch:168, android.sensor.accelerometer/34, period=2500000, max_latency=0 request completed
12-09 11:44:49.697  2821  4255 D ActivityTrigger: activityResumeTrigger: The activity in ApplicationInfo{e00ad33 com.google.android.packageinstaller} is now in focus and seems to be in full-screen mode
12-09 11:44:49.697  2821  4255 E ActivityTrigger: activityResumeTrigger: not whiteListedcom.google.android.packageinstaller/com.android.packageinstaller.permission.ui.GrantPermissionsActivity/26
12-09 11:44:49.697  2821  4255 D ActivityManager: [MemInfo] Process already exists before starting ActivityRecord{9b7f5e7 u0 com.google.android.packageinstaller/com.android.packageinstaller.permission.ui.GrantPermissionsActivity t4293}. System free memory=2174828544
12-09 11:44:49.697  2821  4255 D WindowManager: adjustConfigurationLw, config:{0 1.0 724mcc10mnc [pt_BR] ldltr sw360dp w704dp h331dp 480dpi nrml long hdr land finger -keyb/v/h -nav/v appBounds=Rect(0, 0 - 2114, 1080) s.58} mLidState:-1 mHasDockFeature:false mHasKeyboardFeature:false mHasHallSensorFeature:false config.hardKeyboardHidden:2
12-09 11:44:49.702  2821  4255 D CompatibilityInfo: mCompatibilityFlags - 0
12-09 11:44:49.702  2821  4255 D CompatibilityInfo: applicationDensity - 480
12-09 11:44:49.702  2821  4255 D CompatibilityInfo: applicationScale - 1.0
12-09 11:44:49.713  5753  5753 V Monotype: SetAppTypeFace- try to flip, app = com.google.android.packageinstaller
12-09 11:44:49.713  5753  5753 V Monotype:     Typeface getFontPathFlipFont - systemFont = default#default
12-09 11:44:49.713  3755  3785 D OpenedTimeAppInfoProvider: Update DB : number of affected records : 1
12-09 11:44:49.717   662  1015 D SDM     : DisplayBase::BuildLayerStackStats: LayerStack layer_count: 4, app_layer_count: 3, gpu_target_index: 3, display type: 0
12-09 11:44:49.719  3755  3755 D TaskWatcherService: pkgName: com.google.android.packageinstaller taskId: 4293
12-09 11:44:49.719  3755  3755 W ContextImpl: Calling a method in the system process without a qualified user: android.app.ContextImpl.startService:1460 android.content.ContextWrapper.startService:655 com.asus.powersaver.TaskWatcherService$IncomingHandler.handleMessage:96 android.os.Handler.dispatchMessage:105 android.os.Looper.loop:169 
12-09 11:44:49.722  3755  3755 W ContextImpl: Calling a method in the system process without a qualified user: android.app.ContextImpl.sendBroadcast:950 android.content.ContextWrapper.sendBroadcast:442 com.asus.powersaver.TaskWatcherService$IncomingHandler.handleMessage:111 android.os.Handler.dispatchMessage:105 android.os.Looper.loop:169 
12-09 11:44:49.723  3755  3755 D PowerSaverService: onStartCommand PowerSaverService:
12-09 11:44:49.723  3755  3755 D PowerSaverService: onStartCommand  action:null
12-09 11:44:49.724  3755  3755 D PowerSaverService: current package:com.google.android.packageinstaller, activity:com.android.packageinstaller.permission.ui.GrantPermissionsActivity, SMode:0, PMode:2
12-09 11:44:49.724  3755  3785 I AppOpsStatusUpdateHandler: pkgName = com.google.android.packageinstaller
12-09 11:44:49.724  3755  3785 I AppOpsStatusUpdateHandler: taskId = 4293
12-09 11:44:49.724  3755  3785 D CNAppLockHandler: CNAppLockHandler handleAppFocus
12-09 11:44:49.733   662  1015 D SDM     : DisplayBase::BuildLayerStackStats: LayerStack layer_count: 4, app_layer_count: 3, gpu_target_index: 3, display type: 0
12-09 11:44:49.751  3306  3306 D StatusBar: Status bar setSystemUiVisibility sbMode: -1
12-09 11:44:49.751  3306  3306 D GestureNavigationUtility: sIsNavigationBarHidden:false, sIsImmersive:false, sIsImmersiveByUser:false
12-09 11:44:49.752  3306  3306 D NavigationBar: Navigation bar setSystemUiVisibility nbMode: 0
12-09 11:44:49.752  3306  3306 D NavigationBarView: ImmersiveModeByUser: false
12-09 11:44:49.752  2821  3199 W WindowOrientationListener: proposedRotation = 1
12-09 11:44:49.754  3306  3306 D LightBarController: Check HasLightNavigationBar
12-09 11:44:49.754  3306  3306 D LightBarController: Check light: false light: false
12-09 11:44:49.754  3306  3306 D LightBarController: mNavigationLight: false mHasLightNavigationBar: false mScrimAlphaBelowThreshold: true mImeShown: false
12-09 11:44:49.754  3306  3306 D LightBarController: Check FullscreenLight
12-09 11:44:49.754  3306  3306 D LightBarController: Check light: true light: false
12-09 11:44:49.754  3306  3306 D LightBarController: Check DockedLight
12-09 11:44:49.754  3306  3306 D LightBarController: Check light: true light: false
12-09 11:44:49.759  2821 27693 D ActivityTrigger: ActivityTrigger activityPauseTrigger 
12-09 11:44:49.761  2821  4254 D ActivityTrigger: activityResumeTrigger: The activity in ApplicationInfo{cb4b47a com.YourCompany.SkyVision} is now in focus and seems to be in full-screen mode
12-09 11:44:49.762  2821  4254 E ActivityTrigger: activityResumeTrigger: not whiteListedcom.YourCompany.SkyVision/com.epicgames.ue4.GameActivity/1
12-09 11:44:49.762  2821  4254 D ImmersiveModeConfirmation: immersiveModeChanged() We forced to disable immersive mode
12-09 11:44:49.767  2821  4254 D WindowManager: adjustConfigurationLw, config:{0 1.0 724mcc10mnc [pt_BR] ldltr sw360dp w704dp h331dp 480dpi nrml long hdr land finger -keyb/v/h -nav/v appBounds=Rect(0, 0 - 2114, 1080) s.58} mLidState:-1 mHasDockFeature:false mHasKeyboardFeature:false mHasHallSensorFeature:false config.hardKeyboardHidden:2
12-09 11:44:49.767  2821  4254 D ActivityManager: [MemInfo] Before resuming ActivityRecord{9e1969c u0 com.YourCompany.SkyVision/com.epicgames.ue4.GameActivity t4293}. System free memory=2169364480
12-09 11:44:49.767   662  1015 D SDM     : DisplayBase::BuildLayerStackStats: LayerStack layer_count: 5, app_layer_count: 4, gpu_target_index: 4, display type: 0
12-09 11:44:49.767  3306  3306 D StatusBar: Status bar setSystemUiVisibility sbMode: -1
12-09 11:44:49.768  3306  3306 D GestureNavigationUtility: sIsNavigationBarHidden:true, sIsImmersive:true, sIsImmersiveByUser:false
12-09 11:44:49.768  3306  3306 D NavigationBar: Navigation bar setSystemUiVisibility nbMode: 1
12-09 11:44:49.768 23595 23595 D SystemUI: onSystemUiVisibilityChange visibility 6
12-09 11:44:49.769 23595 23595 D SystemUI: setSystemUiFlags 5888->5894
12-09 11:44:49.774  3306  3306 D NavigationBarView: ImmersiveModeByUser: false
12-09 11:44:49.775  3306  3306 D LightBarController: Check HasLightNavigationBar
12-09 11:44:49.775  3306  3306 D LightBarController: Check light: false light: false
12-09 11:44:49.775  3306  3306 D LightBarController: mNavigationLight: false mHasLightNavigationBar: false mScrimAlphaBelowThreshold: true mImeShown: false
12-09 11:44:49.777  3755  3785 D OpenedTimeAppInfoProvider: Update DB : number of affected records : 1
12-09 11:44:49.782  3755  3755 D TaskWatcherService: pkgName: com.YourCompany.SkyVision taskId: 4293
12-09 11:44:49.783  3755  3755 W ContextImpl: Calling a method in the system process without a qualified user: android.app.ContextImpl.startService:1460 android.content.ContextWrapper.startService:655 com.asus.powersaver.TaskWatcherService$IncomingHandler.handleMessage:96 android.os.Handler.dispatchMessage:105 android.os.Looper.loop:169 
12-09 11:44:49.783  3755  3755 W ContextImpl: Calling a method in the system process without a qualified user: android.app.ContextImpl.sendBroadcast:950 android.content.ContextWrapper.sendBroadcast:442 com.asus.powersaver.TaskWatcherService$IncomingHandler.handleMessage:111 android.os.Handler.dispatchMessage:105 android.os.Looper.loop:169 
12-09 11:44:49.784   662  1015 D SDM     : DisplayBase::BuildLayerStackStats: LayerStack layer_count: 4, app_layer_count: 3, gpu_target_index: 3, display type: 0
12-09 11:44:49.784  3306  3306 D NavigationBar: Navigation bar setSystemUiVisibility nbMode: -1
12-09 11:44:49.784  3306  3306 D NavigationBarView: ImmersiveModeByUser: false
12-09 11:44:49.785  3755  3755 D PowerSaverService: onStartCommand PowerSaverService:
12-09 11:44:49.785  3755  3755 D PowerSaverService: onStartCommand  action:null
12-09 11:44:49.785  3755  3785 I AppOpsStatusUpdateHandler: pkgName = com.YourCompany.SkyVision
12-09 11:44:49.785  3755  3785 I AppOpsStatusUpdateHandler: taskId = 4293
12-09 11:44:49.785  3755  3785 D CNAppLockHandler: CNAppLockHandler handleAppFocus
12-09 11:44:49.806  3755  3755 D PowerSaverService: current package:com.YourCompany.SkyVision, activity:com.epicgames.ue4.GameActivity, SMode:0, PMode:2
12-09 11:44:49.813  3306  3306 D MoreNotificationIcon: implementMoreNotificationIcon(false)
12-09 11:44:49.813  3306  3306 D StatusBar: com.asus.powersaver checkMoreIconColorize: !isPreL: true isGrayscale: true
12-09 11:44:49.813  3306  3306 D StatusBar:  checkMoreIconColorize: !isPreL: true isGrayscale: true
12-09 11:44:49.818   662  1015 D SDM     : DisplayBase::BuildLayerStackStats: LayerStack layer_count: 4, app_layer_count: 3, gpu_target_index: 3, display type: 0
12-09 11:44:49.820  3306  3306 D MoreNotificationIcon: implementMoreNotificationIcon(false)
12-09 11:44:49.820  3306  3306 D StatusBar: com.asus.powersaver checkMoreIconColorize: !isPreL: true isGrayscale: true
12-09 11:44:49.820  3306  3306 D StatusBar:  checkMoreIconColorize: !isPreL: true isGrayscale: true
12-09 11:44:49.834   662  1015 D SDM     : DisplayBase::BuildLayerStackStats: LayerStack layer_count: 4, app_layer_count: 3, gpu_target_index: 3, display type: 0
12-09 11:44:49.837  3306  3306 D MoreNotificationIcon: implementMoreNotificationIcon(false)
12-09 11:44:49.837  3306  3306 D StatusBar: com.asus.powersaver checkMoreIconColorize: !isPreL: true isGrayscale: true
12-09 11:44:49.837  3306  3306 D StatusBar:  checkMoreIconColorize: !isPreL: true isGrayscale: true
12-09 11:44:49.863   666   666 I QTI PowerHAL: Enable request for mode: 0x1
12-09 11:44:49.863   666   666 D QTI PowerHAL: Hint id is 0x1206 for mode 0x1
12-09 11:44:49.863   666   666 D QTI PowerHAL: Acquired handle 0x1c82f
12-09 11:44:49.863   666   666 I QTI PowerHAL: Current mode is 0x1
12-09 11:44:49.865   680   775 E ANDR-PERF-REQUEST: Failed to set timer
12-09 11:44:49.869   662  1015 D SDM     : DisplayBase::BuildLayerStackStats: LayerStack layer_count: 3, app_layer_count: 2, gpu_target_index: 2, display type: 0
12-09 11:44:49.870  2821  3133 I WindowManager: Screen frozen for +577ms due to Window{d5426d7 u0 com.YourCompany.SkyVision/com.epicgames.ue4.GameActivity}
12-09 11:44:49.879   667  1445 I sensors-hal: flush:188, android.sensor.accelerometer/34
12-09 11:44:49.882   667  1445 I sensors-hal: flush:194, android.sensor.accelerometer/34 completed
12-09 11:44:49.884   667   667 I sensors-hal: batch:159, android.sensor.magnetic_field/32, period=20000000, max_latency=0
12-09 11:44:49.884   667   667 I sensors-hal: batch:168, android.sensor.magnetic_field/32, period=20000000, max_latency=0 request completed
12-09 11:44:49.885  3306  3306 D MoreNotificationIcon: implementMoreNotificationIcon(false)
12-09 11:44:49.885  3306  3306 D StatusBar: com.asus.powersaver checkMoreIconColorize: !isPreL: true isGrayscale: true
12-09 11:44:49.885  3306  3306 D StatusBar:  checkMoreIconColorize: !isPreL: true isGrayscale: true
12-09 11:44:49.885   667   667 I sensors-hal: activate:126, android.sensor.magnetic_field/32 en=1
12-09 11:44:49.885   662  1015 D SDM     : DisplayBase::BuildLayerStackStats: LayerStack layer_count: 5, app_layer_count: 4, gpu_target_index: 4, display type: 0
12-09 11:44:49.888   667   667 I sensors-hal: activate:137, android.sensor.magnetic_field/32 en=1 completed
12-09 11:44:49.889   667  1445 I sensors-hal: batch:159, android.sensor.gyroscope/4, period=20000000, max_latency=0
12-09 11:44:49.889   667  1445 I sensors-hal: batch:168, android.sensor.gyroscope/4, period=20000000, max_latency=0 request completed
12-09 11:44:49.889   667   667 I sensors-hal: activate:126, android.sensor.gyroscope/4 en=1
12-09 11:44:49.890   667   667 I sensors-hal: activate:137, android.sensor.gyroscope/4 en=1 completed
12-09 11:44:49.901   662  1015 D SDM     : DisplayBase::BuildLayerStackStats: LayerStack layer_count: 4, app_layer_count: 3, gpu_target_index: 3, display type: 0
12-09 11:44:49.919   662  1015 D SDM     : DisplayBase::BuildLayerStackStats: LayerStack layer_count: 8, app_layer_count: 7, gpu_target_index: 7, display type: 0
12-09 11:44:49.924  2821  2846 D ActivityTrigger: ActivityTrigger activityStopTrigger 
12-09 11:44:49.926  4312  4312 D LauncherLog: Launcher onStop Begin
12-09 11:44:49.926  4312  4312 D DragLayer: resetDrawState: 
12-09 11:44:49.926  4312  4312 I NotificationListener: unbindListener: sIsConnected = true
12-09 11:44:49.927  3306  3306 D MoreNotificationIcon: implementMoreNotificationIcon(false)
12-09 11:44:49.927  3306  3306 D StatusBar: com.asus.powersaver checkMoreIconColorize: !isPreL: true isGrayscale: true
12-09 11:44:49.927  3306  3306 D StatusBar:  checkMoreIconColorize: !isPreL: true isGrayscale: true
12-09 11:44:49.930 10425 10432 I chatty  : uid=10195(u0_a195) com.YourCompany.SkyVision expire 3 lines
12-09 11:44:49.935   662  1015 D SDM     : DisplayBase::BuildLayerStackStats: LayerStack layer_count: 9, app_layer_count: 8, gpu_target_index: 8, display type: 0
12-09 11:44:49.943  2821  2821 W JobServiceContext: App Op not allow JobScheduler to start app com.google.android.projection.gearhead/10153
12-09 11:44:49.943  2821  2821 D JobSchedulerService: Error executing JobStatus{e8abfba #u0a153/203167958 com.google.android.projection.gearhead/com.google.android.apps.auto.wireless.scan.WifiChannelScanJobService u=0 s=10153 TIME=-3d23h18m15s535ms:-3d22h18m15s535ms READY}
12-09 11:44:49.944  4312  4312 D Launcher_badge: [unregisterMmsSmsObserver]
12-09 11:44:49.944  4312  4312 D LauncherLog: Launcher onStop End
12-09 11:44:49.945  4312  4312 D NotificationListener: onUnbind
12-09 11:44:49.945  4312  4312 I NotificationListener: onListenerDisconnected
12-09 11:44:49.945  4312  4312 V GoogleTagManager: Dispatch call queued. Dispatch will run once initialization is complete.
12-09 11:44:49.947  2821  2821 D CompatibilityInfo: mCompatibilityFlags - 0
12-09 11:44:49.947  2821  2821 D CompatibilityInfo: applicationDensity - 480
12-09 11:44:49.947  2821  2821 D CompatibilityInfo: applicationScale - 1.0
12-09 11:44:49.951   662  1015 D SDM     : DisplayBase::BuildLayerStackStats: LayerStack layer_count: 9, app_layer_count: 8, gpu_target_index: 8, display type: 0
12-09 11:44:49.968   662  1015 D SDM     : DisplayBase::BuildLayerStackStats: LayerStack layer_count: 9, app_layer_count: 8, gpu_target_index: 8, display type: 0
12-09 11:44:49.976  5575 10529 D NextAppTrainingJobService: insert data - Package:__na__, Previous1:com.YourCompany.SkyVision, Previous2:com.google.android.packageinstaller, Previous3:com.YourCompany.SkyVision, Previous4:com.asus.launcher, Timestamp:1544363089815, p1_ts_diff:47, p2_ts_diff:113, p3_ts_diff:462, p4_ts_diff:18933, p1_dur:47, p2_dur:58, p3_dur:209, p4_dur:18377, Hour:11, DayClass:06~12, Weekday:Sunday, WeekClass:weekend, Timezone:America/Sao_Paulo, UTC:-2, Plugged:1, LastPlugged:4074629, MobileRadioOn:-1, LastMobileRadioOn:853, WifiOn:1, LastWifiOn:155035711, GpsOn:-1, LastGpsOn:3911147, SensorOn:-1, LastSensorOn:119, WifiScan:-1, LastWifiScan:1832, WifiFullLock:-1, LastWifiFullLock:560573, WifiRunning:1, LastWifiRunning:414147036, WifiMultiCastOn:1, LastWifiMultiCastOn:38982, AudioOn:1, LastAudioOn:39100, CameraOn:-1, LastCameraOn:77179198, VideoOn:-1, LastVideoOn:58859188, LowPowerModeOn:0, LastLowPowerModeOn:86400, FlashlightOn:0, LastFlashlightOn:86400, ChargingOn:1, LastChargingOn:4074139, PhoneInCall:-1, LastPhoneInCall:235540947, PhoneScanning:-1, LastPhoneScanning:338105302, BleScanning:-1, LastBleScanning:345629190, WifiHotspotOn:0, LastWifiHotspotOn:86400, 
12-09 11:44:49.984   662  1015 D SDM     : DisplayBase::BuildLayerStackStats: LayerStack layer_count: 9, app_layer_count: 8, gpu_target_index: 8, display type: 0
12-09 11:44:49.988  5575 10529 D NextAppCoreTrainingJobService: [filter predict result] current pkg = com.YourCompany.SkyVision, predict 1 = com.whatsapp:0.29164162278175354, predict 2 = com.facebook.katana:0.14416275918483734, predict 3 = com.reddit.frontpage:0.13775549829006195, predict 4 = com.ninegag.android.app:0.0904339849948883, predict 5 = com.android.chrome:0.0580366849899292
12-09 11:44:49.988  5575 10529 D NextAppCoreTrainingJobService: [predict result] current pkg = com.YourCompany.SkyVision, predict 1 = com.whatsapp:0.29164162278175354, predict 2 = com.facebook.katana:0.14416275918483734, predict 3 = com.reddit.frontpage:0.13775549829006195, predict 4 = com.ninegag.android.app:0.0904339849948883, predict 5 = com.android.chrome:0.0580366849899292
12-09 11:44:49.988  5575 10529 D NextAppCoreTrainingJobService: [20 launch app][filter predict result] current pkg = com.YourCompany.SkyVision, predict 1 = com.whatsapp:0.29164162278175354, predict 2 = com.facebook.katana:0.14416275918483734, predict 3 = com.reddit.frontpage:0.13775549829006195, predict 4 = com.ninegag.android.app:0.0904339849948883, predict 5 = com.android.chrome:0.0580366849899292
12-09 11:44:49.988  5575 10529 D NextAppCoreTrainingJobService: [20 launch app][predict result] current pkg = com.YourCompany.SkyVision, predict 1 = com.whatsapp:0.29164162278175354, predict 2 = com.facebook.katana:0.14416275918483734, predict 3 = com.reddit.frontpage:0.13775549829006195, predict 4 = com.ninegag.android.app:0.0904339849948883, predict 5 = com.android.chrome:0.0580366849899292
12-09 11:44:49.988  5575 10529 D NextAppCoreTrainingJobService: [predictAll] pkg = com.whatsapp,com.facebook.katana,com.reddit.frontpage,com.ninegag.android.app,com.android.chrome,com.square_enix.android_googleplay.FFBEWW,com.nianticlabs.pokemongo,com.google.android.gm,com.google.android.googlequicksearchbox,org.telegram.messenger,com.google.android.keep,com.asus.contacts,com.yahoo.mobile.client.android.mail,com.waze,com.asus.deskclock
12-09 11:44:49.988  5575 10529 D NextAppCoreTrainingJobService: [predictAll] rate= 2916,1441,1377,904,580,504,361,265,232,181,163,122,119,119,118
12-09 11:44:49.999  4312  4312 D Launcher: NextAppCoreObserver onChange:false
12-09 11:44:50.001   662  1015 D SDM     : DisplayBase::BuildLayerStackStats: LayerStack layer_count: 9, app_layer_count: 8, gpu_target_index: 8, display type: 0
12-09 11:44:50.004  2821  2821 W JobServiceContext: App Op not allow JobScheduler to start app com.google.android.projection.gearhead/10153
12-09 11:44:50.004  2821  2821 D JobSchedulerService: Error executing JobStatus{e8abfba #u0a153/203167958 com.google.android.projection.gearhead/com.google.android.apps.auto.wireless.scan.WifiChannelScanJobService u=0 s=10153 TIME=-3d23h18m15s597ms:-3d22h18m15s597ms READY}
12-09 11:44:50.005   667   667 I sensors-hal: batch:159, android.sensor.accelerometer/33, period=20000000, max_latency=2147483647000
12-09 11:44:50.006  4312 10535 D Launcher: app prediction list:com.whatsapp,com.facebook.katana,com.reddit.frontpage,com.ninegag.android.app,com.android.chrome,com.square_enix.android_googleplay.FFBEWW,com.nianticlabs.pokemongo,com.google.android.gm,com.google.android.googlequicksearchbox,org.telegram.messenger,com.google.android.keep,com.asus.contacts,com.yahoo.mobile.client.android.mail,com.waze,com.asus.deskclock
12-09 11:44:50.006   667   667 I sensors-hal: batch:168, android.sensor.accelerometer/33, period=20000000, max_latency=2147483647000 request completed
12-09 11:44:50.017  4312  4312 D LauncherLog: AppsCustomizePagedView - syncAppsPageItems page: 0 index: 0 Item: WhatsApp
12-09 11:44:50.018   662  1015 D SDM     : DisplayBase::BuildLayerStackStats: LayerStack layer_count: 9, app_layer_count: 8, gpu_target_index: 8, display type: 0
12-09 11:44:50.020  4312  4312 D LauncherLog: AppsCustomizePagedView - syncAppsPageItems page: 0 index: 1 Item: Facebook
12-09 11:44:50.022  4312  4312 D LauncherLog: AppsCustomizePagedView - syncAppsPageItems page: 0 index: 2 Item: Reddit
12-09 11:44:50.024  4312  4312 D LauncherLog: AppsCustomizePagedView - syncAppsPageItems page: 0 index: 3 Item: 9GAG
12-09 11:44:50.027  4312  4312 D LauncherLog: AppsCustomizePagedView - syncAppsPageItems page: 0 index: 4 Item: FFEXVIUS
12-09 11:44:50.033  2821  2900 D CompatibilityInfo: mCompatibilityFlags - 0
12-09 11:44:50.033  2821  2900 D CompatibilityInfo: applicationDensity - 480
12-09 11:44:50.033  2821  2900 D CompatibilityInfo: applicationScale - 1.0
12-09 11:44:50.034   662  1015 D SDM     : DisplayBase::BuildLayerStackStats: LayerStack layer_count: 9, app_layer_count: 8, gpu_target_index: 8, display type: 0
12-09 11:44:50.051   662  1015 D SDM     : DisplayBase::BuildLayerStackStats: LayerStack layer_count: 9, app_layer_count: 8, gpu_target_index: 8, display type: 0
12-09 11:44:50.068   662  1015 D SDM     : DisplayBase::BuildLayerStackStats: LayerStack layer_count: 5, app_layer_count: 4, gpu_target_index: 4, display type: 0
12-09 11:44:50.084   662  1015 D SDM     : DisplayBase::BuildLayerStackStats: LayerStack layer_count: 5, app_layer_count: 4, gpu_target_index: 4, display type: 0
12-09 11:44:50.101   662  1015 D SDM     : DisplayBase::BuildLayerStackStats: LayerStack layer_count: 4, app_layer_count: 3, gpu_target_index: 3, display type: 0
12-09 11:44:50.104  3306  3306 D MoreNotificationIcon: implementMoreNotificationIcon(false)
12-09 11:44:50.104  3306  3306 D StatusBar: com.asus.powersaver checkMoreIconColorize: !isPreL: true isGrayscale: true
12-09 11:44:50.104  3306  3306 D StatusBar:  checkMoreIconColorize: !isPreL: true isGrayscale: true
12-09 11:44:50.118   662  1015 D SDM     : DisplayBase::BuildLayerStackStats: LayerStack layer_count: 4, app_layer_count: 3, gpu_target_index: 3, display type: 0
12-09 11:44:50.134   662  1015 D SDM     : DisplayBase::BuildLayerStackStats: LayerStack layer_count: 4, app_layer_count: 3, gpu_target_index: 3, display type: 0
12-09 11:44:50.143 24574 24594 I Finsky  : [2472] com.google.android.finsky.bo.an.run(6): Stats for Executor: Db-frosting.db com.google.android.finsky.bo.ao@f97f39d[Running, pool size = 0, active threads = 0, queued tasks = 0, completed tasks = 13]
12-09 11:44:50.217   662  1015 D SDM     : DisplayBase::BuildLayerStackStats: LayerStack layer_count: 4, app_layer_count: 3, gpu_target_index: 3, display type: 0
12-09 11:44:50.368  2821  2900 D CompatibilityInfo: mCompatibilityFlags - 0
12-09 11:44:50.368  2821  2900 D CompatibilityInfo: applicationDensity - 480
12-09 11:44:50.368  2821  2900 D CompatibilityInfo: applicationScale - 1.0
12-09 11:44:50.371  2821 11864 D CompatibilityInfo: mCompatibilityFlags - 0
12-09 11:44:50.371  2821 11864 D CompatibilityInfo: applicationDensity - 480
12-09 11:44:50.371  2821 11864 D CompatibilityInfo: applicationScale - 1.0
12-09 11:44:50.372  4781  4781 I SearchServiceCore: Event Bus thread is enabled
12-09 11:44:50.385  4312  4312 D LauncherAppWidgetHostView: updateAppWidget: [Launcher] = com.android.launcher3.Launcher@597383d
12-09 11:44:50.385  4312  4312 D LauncherAppWidgetHostView: updateAppWidget: com.google.android.googlequicksearchbox
12-09 11:44:50.400  3985  6269 I CastDatabase: Saving the database
12-09 11:44:50.403  3985  6269 I SQLiteCastStore: [CastNetworkInfo] saved: 0, skipped: 0, [CastDeviceInfo]: saved 0, skipped 0, Paired Guest Mode DeviceInfo] saved: 0, skipped: 0. [ProbedNetworks]: saved 0, skipped: 0, [ProbedSocketAddress]: saved 0, skipped: 0
12-09 11:44:50.499 10425 10459 D UE4     : [2018.12.09-13.44.50:499][  0]LogInit: Memory total: Physical=5682.60MB (6GB approx) Available=2014.81MB PageSize=4.0KB
12-09 11:44:50.499 10425 10459 D UE4     : [2018.12.09-13.44.50:499][  0]LogInit: Using OS detected language (pt-BR).
12-09 11:44:50.499 10425 10459 D UE4     : [2018.12.09-13.44.50:499][  0]LogInit: Using OS detected locale (pt-BR).
12-09 11:44:50.499 10425 10459 D UE4     : [2018.12.09-13.44.50:499][  0]LogTextLocalizationManager: No localization for 'pt-BR' exists, so 'en' will be used for the language.
12-09 11:44:50.499 10425 10459 D UE4     : [2018.12.09-13.44.50:499][  0]LogTextLocalizationManager: No localization for 'pt-BR' exists, so 'en' will be used for the locale.
12-09 11:44:50.499 10425 10459 D UE4     : [2018.12.09-13.44.50:499][  0]LogStreaming: Display: Took  0.056s to EndInitTextLocalization.
12-09 11:44:50.499 10425 10459 D UE4     : [2018.12.09-13.44.50:499][  0]LogAndroid: Mobile HDR: no
12-09 11:44:50.499 10425 10459 D UE4     : [2018.12.09-13.44.50:499][  0]LogAndroid: Setting Width=1144 and Height=576 (requested scale = 0.800000)
12-09 11:44:50.499 10425 10459 D UE4     : [2018.12.09-13.44.50:499][  0]LogSlate: New Slate User Created.  User Index 0, Is Virtual User: 0
12-09 11:44:50.499 10425 10459 D UE4     : [2018.12.09-13.44.50:499][  0]LogSlate: Slate User Registered.  User Index 0, Is Virtual User: 0
12-09 11:44:50.499 10425 10459 D UE4     : [2018.12.09-13.44.50:499][  0]LogRHI: Initializing OpenGL RHI
12-09 11:44:50.499 10425 10459 D UE4     : [2018.12.09-13.44.50:499][  0]LogRHI:   GL_VENDOR: Qualcomm
12-09 11:44:50.499 10425 10459 D UE4     : [2018.12.09-13.44.50:499][  0]LogRHI:   GL_RENDERER: Adreno (TM) 630
12-09 11:44:50.499 10425 10459 D UE4     : [2018.12.09-13.44.50:499][  0]LogRHI:   GL_VERSION: OpenGL ES 3.2 V@283.0 (GIT@ce0e6b5, I93f55e53d1) (Date:08/09/18)
12-09 11:44:50.499 10425 10459 D UE4     : [2018.12.09-13.44.50:499][  0]LogRHI:   GL_SHADING_LANGUAGE_VERSION: OpenGL ES GLSL ES 3.20
12-09 11:44:50.499 10425 10459 D UE4     : [2018.12.09-13.44.50:499][  0]LogRHI: OpenGL Extensions:
12-09 11:44:50.499 10425 10459 D UE4     : [2018.12.09-13.44.50:499][  0]LogRHI:   GL_OES_EGL_image
12-09 11:44:50.499 10425 10459 D UE4     : [2018.12.09-13.44.50:499][  0]LogRHI:   GL_OES_EGL_image_external
12-09 11:44:50.499 10425 10459 D UE4     : [2018.12.09-13.44.50:499][  0]LogRHI:   GL_OES_EGL_sync
12-09 11:44:50.499 10425 10459 D UE4     : [2018.12.09-13.44.50:499][  0]LogRHI:   GL_OES_vertex_half_float
12-09 11:44:50.499 10425 10459 D UE4     : [2018.12.09-13.44.50:499][  0]LogRHI:   GL_OES_framebuffer_object
12-09 11:44:50.500 10425 10459 D UE4     : [2018.12.09-13.44.50:500][  0]LogRHI:   GL_OES_rgb8_rgba8
12-09 11:44:50.500 10425 10459 D UE4     : [2018.12.09-13.44.50:500][  0]LogRHI:   GL_OES_compressed_ETC1_RGB8_texture
12-09 11:44:50.500 10425 10459 D UE4     : [2018.12.09-13.44.50:500][  0]LogRHI:   GL_AMD_compressed_ATC_texture
12-09 11:44:50.500 10425 10459 D UE4     : [2018.12.09-13.44.50:500][  0]LogRHI:   GL_KHR_texture_compression_astc_ldr
12-09 11:44:50.500 10425 10459 D UE4     : [2018.12.09-13.44.50:500][  0]LogRHI:   GL_KHR_texture_compression_astc_hdr
12-09 11:44:50.500 10425 10459 D UE4     : [2018.12.09-13.44.50:500][  0]LogRHI:   GL_OES_texture_compression_astc
12-09 11:44:50.500 10425 10459 D UE4     : [2018.12.09-13.44.50:500][  0]LogRHI:   GL_OES_texture_npot
12-09 11:44:50.500 10425 10459 D UE4     : [2018.12.09-13.44.50:500][  0]LogRHI:   GL_EXT_texture_filter_anisotropic
12-09 11:44:50.500 10425 10459 D UE4     : [2018.12.09-13.44.50:500][  0]LogRHI:   GL_EXT_texture_format_BGRA8888
12-09 11:44:50.500 10425 10459 D UE4     : [2018.12.09-13.44.50:500][  0]LogRHI:   GL_OES_texture_3D
12-09 11:44:50.500 10425 10459 D UE4     : [2018.12.09-13.44.50:500][  0]LogRHI:   GL_EXT_color_buffer_float
12-09 11:44:50.500 10425 10459 D UE4     : [2018.12.09-13.44.50:500][  0]LogRHI:   GL_EXT_color_buffer_half_float
12-09 11:44:50.500 10425 10459 D UE4     : [2018.12.09-13.44.50:500][  0]LogRHI:   GL_QCOM_alpha_test
12-09 11:44:50.500 10425 10459 D UE4     : [2018.12.09-13.44.50:500][  0]LogRHI:   GL_OES_depth24
12-09 11:44:50.500 10425 10459 D UE4     : [2018.12.09-13.44.50:500][  0]LogRHI:   GL_OES_packed_depth_stencil
12-09 11:44:50.500 10425 10459 D UE4     : [2018.12.09-13.44.50:500][  0]LogRHI:   GL_OES_depth_texture
12-09 11:44:50.500 10425 10459 D UE4     : [2018.12.09-13.44.50:500][  0]LogRHI:   GL_OES_depth_texture_cube_map
12-09 11:44:50.500 10425 10459 D UE4     : [2018.12.09-13.44.50:500][  0]LogRHI:   GL_EXT_sRGB
12-09 11:44:50.500 10425 10459 D UE4     : [2018.12.09-13.44.50:500][  0]LogRHI:   GL_OES_texture_float
12-09 11:44:50.500 10425 10459 D UE4     : [2018.12.09-13.44.50:500][  0]LogRHI:   GL_OES_texture_float_linear
12-09 11:44:50.500 10425 10459 D UE4     : [2018.12.09-13.44.50:500][  0]LogRHI:   GL_OES_texture_half_float
12-09 11:44:50.500 10425 10459 D UE4     : [2018.12.09-13.44.50:500][  0]LogRHI:   GL_OES_texture_half_float_linear
12-09 11:44:50.500 10425 10459 D UE4     : [2018.12.09-13.44.50:500][  0]LogRHI:   GL_EXT_texture_type_2_10_10_10_REV
12-09 11:44:50.500 10425 10459 D UE4     : [2018.12.09-13.44.50:500][  0]LogRHI:   GL_EXT_texture_sRGB_decode
12-09 11:44:50.500 10425 10459 D UE4     : [2018.12.09-13.44.50:500][  0]LogRHI:   GL_OES_element_index_uint
12-09 11:44:50.500 10425 10459 D UE4     : [2018.12.09-13.44.50:500][  0]LogRHI:   GL_EXT_copy_image
12-09 11:44:50.500 10425 10459 D UE4     : [2018.12.09-13.44.50:500][  0]LogRHI:   GL_EXT_geometry_shader
12-09 11:44:50.500 10425 10459 D UE4     : [2018.12.09-13.44.50:500][  0]LogRHI:   GL_EXT_tessellation_shader
12-09 11:44:50.500 10425 10459 D UE4     : [2018.12.09-13.44.50:500][  0]LogRHI:   GL_OES_texture_stencil8
12-09 11:44:50.500 10425 10459 D UE4     : [2018.12.09-13.44.50:500][  0]LogRHI:   GL_EXT_shader_io_blocks
12-09 11:44:50.500 10425 10459 D UE4     : [2018.12.09-13.44.50:500][  0]LogRHI:   GL_OES_shader_image_atomic
12-09 11:44:50.500 10425 10459 D UE4     : [2018.12.09-13.44.50:500][  0]LogRHI:   GL_OES_sample_variables
12-09 11:44:50.500 10425 10459 D UE4     : [2018.12.09-13.44.50:500][  0]LogRHI:   GL_EXT_texture_border_clamp
12-09 11:44:50.500 10425 10459 D UE4     : [2018.12.09-13.44.50:500][  0]LogRHI:   GL_EXT_multisampled_render_to_texture
12-09 11:44:50.500 10425 10459 D UE4     : [2018.12.09-13.44.50:500][  0]LogRHI:   GL_EXT_multisampled_render_to_texture2
12-09 11:44:50.500 10425 10459 D UE4     : [2018.12.09-13.44.50:500][  0]LogRHI:   GL_OES_shader_multisample_interpolation
12-09 11:44:50.500 10425 10459 D UE4     : [2018.12.09-13.44.50:500][  0]LogRHI:   GL_EXT_texture_cube_map_array
12-09 11:44:50.500 10425 10459 D UE4     : [2018.12.09-13.44.50:500][  0]LogRHI:   GL_EXT_draw_buffers_indexed
12-09 11:44:50.500 10425 10459 D UE4     : [2018.12.09-13.44.50:500][  0]LogRHI:   GL_EXT_gpu_shader5
12-09 11:44:50.501 10425 10459 D UE4     : [2018.12.09-13.44.50:501][  0]LogRHI:   GL_EXT_robustness
12-09 11:44:50.501 10425 10459 D UE4     : [2018.12.09-13.44.50:501][  0]LogRHI:   GL_EXT_texture_buffer
12-09 11:44:50.501 10425 10459 D UE4     : [2018.12.09-13.44.50:501][  0]LogRHI:   GL_EXT_shader_framebuffer_fetch
12-09 11:44:50.501 10425 10459 D UE4     : [2018.12.09-13.44.50:501][  0]LogRHI:   GL_ARM_shader_framebuffer_fetch_depth_stencil
12-09 11:44:50.501 10425 10459 D UE4     : [2018.12.09-13.44.50:501][  0]LogRHI:   GL_OES_texture_storage_multisample_2d_array
12-09 11:44:50.501 10425 10459 D UE4     : [2018.12.09-13.44.50:501][  0]LogRHI:   GL_OES_sample_shading
12-09 11:44:50.501 10425 10459 D UE4     : [2018.12.09-13.44.50:501][  0]LogRHI:   GL_OES_get_program_binary
12-09 11:44:50.501 10425 10459 D UE4     : [2018.12.09-13.44.50:501][  0]LogRHI:   GL_EXT_debug_label
12-09 11:44:50.501 10425 10459 D UE4     : [2018.12.09-13.44.50:501][  0]LogRHI:   GL_KHR_blend_equation_advanced
12-09 11:44:50.501 10425 10459 D UE4     : [2018.12.09-13.44.50:501][  0]LogRHI:   GL_KHR_blend_equation_advanced_coherent
12-09 11:44:50.501 10425 10459 D UE4     : [2018.12.09-13.44.50:501][  0]LogRHI:   GL_QCOM_tiled_rendering
12-09 11:44:50.501 10425 10459 D UE4     : [2018.12.09-13.44.50:501][  0]LogRHI:   GL_ANDROID_extension_pack_es31a
12-09 11:44:50.501 10425 10459 D UE4     : [2018.12.09-13.44.50:501][  0]LogRHI:   GL_EXT_primitive_bounding_box
12-09 11:44:50.501 10425 10459 D UE4     : [2018.12.09-13.44.50:501][  0]LogRHI:   GL_OES_standard_derivatives
12-09 11:44:50.501 10425 10459 D UE4     : [2018.12.09-13.44.50:501][  0]LogRHI:   GL_OES_vertex_array_object
12-09 11:44:50.501 10425 10459 D UE4     : [2018.12.09-13.44.50:501][  0]LogRHI:   GL_EXT_disjoint_timer_query
12-09 11:44:50.501 10425 10459 D UE4     : [2018.12.09-13.44.50:501][  0]LogRHI:   GL_KHR_debug
12-09 11:44:50.501 10425 10459 D UE4     : [2018.12.09-13.44.50:501][  0]LogRHI:   GL_EXT_YUV_target
12-09 11:44:50.501 10425 10459 D UE4     : [2018.12.09-13.44.50:501][  0]LogRHI:   GL_EXT_sRGB_write_control
12-09 11:44:50.501 10425 10459 D UE4     : [2018.12.09-13.44.50:501][  0]LogRHI:   GL_EXT_texture_norm16
12-09 11:44:50.501 10425 10459 D UE4     : [2018.12.09-13.44.50:501][  0]LogRHI:   GL_EXT_discard_framebuffer
12-09 11:44:50.501 10425 10459 D UE4     : [2018.12.09-13.44.50:501][  0]LogRHI:   GL_OES_surfaceless_context
12-09 11:44:50.501 10425 10459 D UE4     : [2018.12.09-13.44.50:501][  0]LogRHI:   GL_OVR_multiview
12-09 11:44:50.501 10425 10459 D UE4     : [2018.12.09-13.44.50:501][  0]LogRHI:   GL_OVR_multiview2
12-09 11:44:50.501 10425 10459 D UE4     : [2018.12.09-13.44.50:501][  0]LogRHI:   GL_EXT_texture_sRGB_R8
12-09 11:44:50.501 10425 10459 D UE4     : [2018.12.09-13.44.50:501][  0]LogRHI:   GL_KHR_no_error
12-09 11:44:50.501 10425 10459 D UE4     : [2018.12.09-13.44.50:501][  0]LogRHI:   GL_EXT_debug_marker
12-09 11:44:50.501 10425 10459 D UE4     : [2018.12.09-13.44.50:501][  0]LogRHI:   GL_OES_EGL_image_external_essl3
12-09 11:44:50.501 10425 10459 D UE4     : [2018.12.09-13.44.50:501][  0]LogRHI:   GL_OVR_multiview_multisampled_render_to_texture
12-09 11:44:50.501 10425 10459 D UE4     : [2018.12.09-13.44.50:501][  0]LogRHI:   GL_EXT_buffer_storage
12-09 11:44:50.501 10425 10459 D UE4     : [2018.12.09-13.44.50:501][  0]LogRHI:   GL_EXT_external_buffer
12-09 11:44:50.501 10425 10459 D UE4     : [2018.12.09-13.44.50:501][  0]LogRHI:   GL_EXT_blit_framebuffer_params
12-09 11:44:50.501 10425 10459 D UE4     : [2018.12.09-13.44.50:501][  0]LogRHI:   GL_EXT_clip_cull_distance
12-09 11:44:50.501 10425 10459 D UE4     : [2018.12.09-13.44.50:501][  0]LogRHI:   GL_EXT_protected_textures
12-09 11:44:50.501 10425 10459 D UE4     : [2018.12.09-13.44.50:501][  0]LogRHI:   GL_EXT_shader_non_constant_global_initializers
12-09 11:44:50.501 10425 10459 D UE4     : [2018.12.09-13.44.50:501][  0]LogRHI:   GL_QCOM_texture_foveated
12-09 11:44:50.502 10425 10459 D UE4     : [2018.12.09-13.44.50:501][  0]LogRHI:   GL_QCOM_shader_framebuffer_fetch_noncoherent
12-09 11:44:50.502 10425 10459 D UE4     : [2018.12.09-13.44.50:502][  0]LogRHI:   GL_EXT_memory_object
12-09 11:44:50.502 10425 10459 D UE4     : [2018.12.09-13.44.50:502][  0]LogRHI:   GL_EXT_memory_object_fd
12-09 11:44:50.502 10425 10459 D UE4     : [2018.12.09-13.44.50:502][  0]LogRHI:   GL_EXT_EGL_image_array
12-09 11:44:50.502 10425 10459 D UE4     : [2018.12.09-13.44.50:502][  0]LogRHI:   GL_NV_shader_noperspective_interpolation
12-09 11:44:50.502 10425 10459 D UE4     : [2018.12.09-13.44.50:502][  0]LogRHI:   GL_MAX_VERTEX_ATTRIBS: 32
12-09 11:44:50.502 10425 10459 D UE4     : [2018.12.09-13.44.50:502][  0]LogRHI:   GL_MAX_VARYING_VECTORS: 31
12-09 11:44:50.502 10425 10459 D UE4     : [2018.12.09-13.44.50:502][  0]LogRHI:   GL_MAX_VERTEX_UNIFORM_VECTORS: 256
12-09 11:44:50.502 10425 10459 D UE4     : [2018.12.09-13.44.50:502][  0]LogRHI:   GL_MAX_FRAGMENT_UNIFORM_VECTORS: 256
12-09 11:44:50.502 10425 10459 D UE4     : [2018.12.09-13.44.50:502][  0]LogRHI: Fragment shader lowp precision: 10
12-09 11:44:50.502 10425 10459 D UE4     : [2018.12.09-13.44.50:502][  0]LogRHI: Fragment shader mediump precision: 10
12-09 11:44:50.502 10425 10459 D UE4     : [2018.12.09-13.44.50:502][  0]LogRHI: Fragment shader highp precision: 23
12-09 11:44:50.502 10425 10459 D UE4     : [2018.12.09-13.44.50:502][  0]LogRHI: Support for 4x MSAA detected
12-09 11:44:50.502 10425 10459 D UE4     : [2018.12.09-13.44.50:502][  0]LogRHI: Image external enabled: ImageExternalESSL300
12-09 11:44:50.502 10425 10459 D UE4     : [2018.12.09-13.44.50:502][  0]LogRHI: Device supports mobile multi-view.
12-09 11:44:50.502 10425 10459 D UE4     : [2018.12.09-13.44.50:502][  0]LogRHI:   GL_MAX_TEXTURE_SIZE: 16384
12-09 11:44:50.502 10425 10459 D UE4     : [2018.12.09-13.44.50:502][  0]LogRHI:   GL_MAX_CUBE_MAP_TEXTURE_SIZE: 16384
12-09 11:44:50.502 10425 10459 D UE4     : [2018.12.09-13.44.50:502][  0]LogRHI:   GL_MAX_ARRAY_TEXTURE_LAYERS: 2048
12-09 11:44:50.502 10425 10459 D UE4     : [2018.12.09-13.44.50:502][  0]LogRHI:   GL_MAX_RENDERBUFFER_SIZE: 16384
12-09 11:44:50.502 10425 10459 D UE4     : [2018.12.09-13.44.50:502][  0]LogRHI:   GL_MAX_TEXTURE_IMAGE_UNITS: 16
12-09 11:44:50.502 10425 10459 D UE4     : [2018.12.09-13.44.50:502][  0]LogRHI:   GL_MAX_DRAW_BUFFERS: 8
12-09 11:44:50.502 10425 10459 D UE4     : [2018.12.09-13.44.50:502][  0]LogRHI:   GL_MAX_COLOR_ATTACHMENTS: 1
12-09 11:44:50.502 10425 10459 D UE4     : [2018.12.09-13.44.50:502][  0]LogRHI:   GL_MAX_SAMPLES: 1
12-09 11:44:50.502 10425 10459 D UE4     : [2018.12.09-13.44.50:502][  0]LogRHI:   GL_MAX_COLOR_TEXTURE_SAMPLES: 1
12-09 11:44:50.502 10425 10459 D UE4     : [2018.12.09-13.44.50:502][  0]LogRHI:   GL_MAX_DEPTH_TEXTURE_SAMPLES: 1
12-09 11:44:50.502 10425 10459 D UE4     : [2018.12.09-13.44.50:502][  0]LogRHI:   GL_MAX_INTEGER_SAMPLES: 1
12-09 11:44:50.502 10425 10459 D UE4     : [2018.12.09-13.44.50:502][  0]LogRHI:   GL_MAX_COMBINED_TEXTURE_IMAGE_UNITS: 96
12-09 11:44:50.502 10425 10459 D UE4     : [2018.12.09-13.44.50:502][  0]LogRHI:   GL_MAX_VERTEX_ATTRIBS: 32
12-09 11:44:50.502 10425 10459 D UE4     : [2018.12.09-13.44.50:502][  0]LogRHI:   GL_MAX_TEXTURE_MAX_ANISOTROPY_EXT: 16
12-09 11:44:50.502 10425 10459 D UE4     : [2018.12.09-13.44.50:502][  0]LogRHI: OpenGL MajorVersion = 2, MinorVersion = 0, ShaderPlatform = GLSL_ES2, FeatureLevel = ES2
12-09 11:44:50.502 10425 10459 D UE4     : [2018.12.09-13.44.50:502][  0]LogRHI: PLATFORM_ANDROID
12-09 11:44:50.502 10425 10459 D UE4     : [2018.12.09-13.44.50:502][  0]LogRHI: Display: Testing for shader compiler compatibility
12-09 11:44:50.502 10425 10459 D UE4     : [2018.12.09-13.44.50:502][  0]LogRHI: Display: Shaders compile fine no need to enable hacks
12-09 11:44:50.502 10425 10459 D UE4     : [2018.12.09-13.44.50:502][  0]LogRHI: Display: Testing for round() function availability
12-09 11:44:50.502 10425 10459 D UE4     : [2018.12.09-13.44.50:502][  0]LogRHI: Warning: Disabling the need for the round() function hack
12-09 11:44:50.502 10425 10459 D UE4     : [2018.12.09-13.44.50:502][  0]LogMaterial: Verifying Global Shaders for GLSL_ES2
12-09 11:44:50.502 10425 10459 D UE4     : [2018.12.09-13.44.50:502][  0]LogSlate: Using Freetype 2.4.12
12-09 11:44:50.502 10425 10459 D UE4     : [2018.12.09-13.44.50:502][  0]LogSlate: SlateFontCache - WITH_FREETYPE: 1, WITH_HARFBUZZ: 1
12-09 11:44:50.502 10425 10459 D UE4     : [2018.12.09-13.44.50:502][  0]LogSlate: SlateFontCache - WITH_FREETYPE: 1, WITH_HARFBUZZ: 1
12-09 11:44:50.502 10425 10459 D UE4     : [2018.12.09-13.44.50:502][  0]LogAssetRegistry: FAssetRegistry took 0.0233 seconds to start up
12-09 11:44:50.502 10425 10459 D UE4     : [2018.12.09-13.44.50:502][  0]LogPackageLocalizationCache: Processed 9 localized package path(s) for 1 prioritized culture(s) in 0.014491 seconds
12-09 11:44:50.503 10425 10459 D UE4     : [2018.12.09-13.44.50:503][  0]LogNetVersion: SkyVision , NetCL: 3944462, EngineNetVer: 2, GameNetVer: 0 (Checksum: 2116121380)
12-09 11:44:50.503 10425 10459 D UE4     : [2018.12.09-13.44.50:503][  0]LogMoviePlayer: Initializing movie player
12-09 11:44:50.533 10425 10459 D UE4     : LogAndroid: Display: Passed PreInit()
12-09 11:44:50.533 10425 10459 D UE4     : 
12-09 11:44:50.533 10425 10459 D UE4     : [2018.12.09-13.44.50:533][  0]LogTcpMessaging: Initializing TcpMessaging bridge, listening on 127.0.0.1:6666
12-09 11:44:50.533 10425 10459 D UE4     : [2018.12.09-13.44.50:533][  0]LogUdpMessaging: Initializing bridge on interface 0.0.0.0:0 to multicast group 230.0.0.1:6666.
12-09 11:44:50.533 10425 10459 D UE4     : [2018.12.09-13.44.50:533][  0]LogAndroidPermission: UAndroidPermissionCallbackProxy::GetInstance
12-09 11:44:50.533 10425 10459 D UE4     : [2018.12.09-13.44.50:533][  0]LogUObjectArray: 31906 objects as part of root set at end of initial load.
12-09 11:44:50.533 10425 10459 D UE4     : [2018.12.09-13.44.50:533][  0]LogUObjectAllocator: 5672768 out of 0 bytes used by permanent object pool.
12-09 11:44:50.533 10425 10459 D UE4     : [2018.12.09-13.44.50:533][  0]LogUObjectArray: CloseDisregardForGC: 0/0 objects in disregard for GC pool
12-09 11:44:50.533 10425 10459 D UE4     : [2018.12.09-13.44.50:533][  0]LogAndroid: Display: Passed PreInit()
12-09 11:44:50.533 10425 10459 D UE4     : [2018.12.09-13.44.50:533][  0]LogEngine: Initializing Engine...
12-09 11:44:50.533 10425 10459 D UE4     : Initializing FGoogleVRHMD
12-09 11:44:50.534 10425 10459 D UE4     : [2018.12.09-13.44.50:534][  0]LogHMD: GoogleVR API created
12-09 11:44:50.537 10425 10459 W GVR     : [geo/render/ion/portgfx/visual_egl.cc:127] Non-pure loading is deprecated on Android.  To enable pure loading, pass kProcAddressPure to GetProcAddress.
12-09 11:44:50.549 10425 10459 D UE4     : [2018.12.09-13.44.50:549][  0]LogHMD: The current viewer is Default Cardboard
12-09 11:44:50.554  3306  3306 D MoreNotificationIcon: implementMoreNotificationIcon(false)
12-09 11:44:50.554  3306  3306 D StatusBar: com.asus.powersaver checkMoreIconColorize: !isPreL: true isGrayscale: true
12-09 11:44:50.554  3306  3306 D StatusBar:  checkMoreIconColorize: !isPreL: true isGrayscale: true
12-09 11:44:50.556 10425 10459 D UE4     : [2018.12.09-13.44.50:556][  0]LogStats: UGameplayTagsManager::ConstructGameplayTagTree: Construct from data asset -  0.000 s
12-09 11:44:50.556 10425 10459 D UE4     : [2018.12.09-13.44.50:556][  0]LogStats: UGameplayTagsManager::ConstructGameplayTagTree: GameplayTagTreeChangedEvent.Broadcast -  0.000 s
12-09 11:44:50.570   662  1015 D SDM     : DisplayBase::BuildLayerStackStats: LayerStack layer_count: 4, app_layer_count: 3, gpu_target_index: 3, display type: 0
12-09 11:44:50.581 10425 10459 D UE4     : LogAndroidAudio: Warning: SL Entered Init HW
12-09 11:44:50.581 10425 10459 D UE4     : 
12-09 11:44:50.581 10425 10459 D UE4     : [2018.12.09-13.44.50:581][  0]LogAndroidAudio: Warning: SL Entered Init HW
12-09 11:44:50.581 10425 10459 D UE4     : LogAndroidAudio: Warning: OpenSLES Initializing HW
12-09 11:44:50.581 10425 10459 D UE4     : 
12-09 11:44:50.581 10425 10459 D UE4     : [2018.12.09-13.44.50:581][  0]LogAndroidAudio: Warning: OpenSLES Initializing HW
12-09 11:44:50.582 10425 10459 D UE4     : LogAndroidAudio: Warning: OpenSLES Initialized
12-09 11:44:50.582 10425 10459 D UE4     : 
12-09 11:44:50.582 10425 10459 D UE4     : [2018.12.09-13.44.50:582][  0]LogAndroidAudio: Warning: OpenSLES Initialized
12-09 11:44:50.582 10425 10459 D UE4     : LogAndroidAudio: Warning: OpenSLAudioDevice: Allocated 12 sources
12-09 11:44:50.582 10425 10459 D UE4     : 
12-09 11:44:50.582 10425 10459 D UE4     : [2018.12.09-13.44.50:582][  0]LogAndroidAudio: Warning: OpenSLAudioDevice: Allocated 12 sources
12-09 11:44:50.582 10425 10459 D UE4     : [2018.12.09-13.44.50:582][  0]LogInit: FAudioDevice initialized.
12-09 11:44:50.582 10425 10459 D UE4     : LogAudio: Warning: Can't increase channels past starting number!
12-09 11:44:50.582 10425 10459 D UE4     : 
12-09 11:44:50.582 10425 10459 D UE4     : [2018.12.09-13.44.50:582][  0]LogAudio: Warning: Can't increase channels past starting number!
12-09 11:44:50.583 10425 10459 D UE4     : [2018.12.09-13.44.50:583][  0]LogInit: Texture streaming: Enabled
12-09 11:44:50.583 10425 10459 D UE4     : LogOnline: Warning: FOnlineSubsystemGooglePlayModule was disabled
12-09 11:44:50.583 10425 10459 D UE4     : 
12-09 11:44:50.583 10425 10459 D UE4     : [2018.12.09-13.44.50:583][  0]LogOnline: Warning: FOnlineSubsystemGooglePlayModule was disabled
12-09 11:44:50.585   662  1015 D SDM     : DisplayBase::BuildLayerStackStats: LayerStack layer_count: 4, app_layer_count: 3, gpu_target_index: 3, display type: 0
12-09 11:44:50.635  2821  4255 D CompatibilityInfo: mCompatibilityFlags - 0
12-09 11:44:50.635  2821  4255 D CompatibilityInfo: applicationDensity - 480
12-09 11:44:50.635  2821  4255 D CompatibilityInfo: applicationScale - 1.0
12-09 11:44:50.654 10425 10459 D UE4     : LogAudio: Warning: Can't increase channels past starting number!
12-09 11:44:50.654 10425 10459 D UE4     : 
12-09 11:44:50.654 10425 10459 D UE4     : [2018.12.09-13.44.50:654][  0]LogAudio: Warning: Can't increase channels past starting number!
12-09 11:44:50.658 10425 10459 D UE4     : LogInit: Display: Game Engine Initialized.
12-09 11:44:50.658 10425 10459 D UE4     : 
12-09 11:44:50.658 10425 10459 D UE4     : [2018.12.09-13.44.50:658][  0]LogInit: Display: Game Engine Initialized.
12-09 11:44:50.658 10425 10459 D UE4     : LogGameplayTags: Display: UGameplayTagsManager::DoneAddingNativeTags. DelegateIsBound: 0
12-09 11:44:50.658 10425 10459 D UE4     : 
12-09 11:44:50.658 10425 10459 D UE4     : [2018.12.09-13.44.50:658][  0]LogGameplayTags: Display: UGameplayTagsManager::DoneAddingNativeTags. DelegateIsBound: 0
12-09 11:44:50.658 10425 10459 D UE4     : [2018.12.09-13.44.50:658][  0]LogStats: UGameplayTagsManager::ConstructGameplayTagTree: Construct from data asset -  0.000 s
12-09 11:44:50.659 10425 10459 D UE4     : [2018.12.09-13.44.50:659][  0]LogStats: UGameplayTagsManager::ConstructGameplayTagTree: GameplayTagTreeChangedEvent.Broadcast -  0.000 s
12-09 11:44:50.669   662  1015 D SDM     : DisplayBase::BuildLayerStackStats: LayerStack layer_count: 4, app_layer_count: 3, gpu_target_index: 3, display type: 0
12-09 11:44:50.680 10425 10459 D UE4     : LogInit: Display: Starting Game.
12-09 11:44:50.680 10425 10459 D UE4     : 
12-09 11:44:50.680 10425 10459 D UE4     : [2018.12.09-13.44.50:680][  0]LogInit: Display: Starting Game.
12-09 11:44:50.680 10425 10459 D UE4     : [2018.12.09-13.44.50:680][  0]LogNet: Browse: /Game/NivelCeu?Name=Player
12-09 11:44:50.680 10425 10459 D UE4     : [2018.12.09-13.44.50:680][  0]LogLoad: LoadMap: /Game/NivelCeu?Name=Player
12-09 11:44:50.687   666   666 I QTI PowerHAL: Disable request for mode: 0x1
12-09 11:44:50.687   666   666 D QTI PowerHAL: Releasing handle 0x1c82f
12-09 11:44:50.688   666   666 D QTI PowerHAL: Couldn't find the hint for mode 0x0
12-09 11:44:50.688   666   666 I QTI PowerHAL: Current mode is 0x0
12-09 11:44:50.691  3306  3306 D MoreNotificationIcon: implementMoreNotificationIcon(false)
12-09 11:44:50.691  3306  3306 D StatusBar: com.asus.powersaver checkMoreIconColorize: !isPreL: true isGrayscale: true
12-09 11:44:50.691  3306  3306 D StatusBar:  checkMoreIconColorize: !isPreL: true isGrayscale: true
12-09 11:44:50.719   662  1015 D SDM     : DisplayBase::BuildLayerStackStats: LayerStack layer_count: 4, app_layer_count: 3, gpu_target_index: 3, display type: 0
