11-12 17:08:21.706 20030 20030 W Thread-2: type=1400 audit(0.0:24628): avc: denied { read } for name="stat" dev="proc" ino=4026532127 scontext=u:r:untrusted_app_25:s0:c512,c768 tcontext=u:object_r:proc_stat:s0 tclass=file permissive=0
11-12 17:08:21.717 20030 20061 D UE4     : [2018.11.12-19.08.21:717][268]LogBlueprintUserMessages: [GoogleVRPawn_326] 
11-12 17:08:21.735 20030 20061 D UE4     : [2018.11.12-19.08.21:735][269]LogBlueprintUserMessages: [GoogleVRPawn_326] 
11-12 17:08:21.753 20030 20061 D UE4     : [2018.11.12-19.08.21:753][270]LogBlueprintUserMessages: [GoogleVRPawn_326] 
11-12 17:08:21.770 20030 20061 D UE4     : [2018.11.12-19.08.21:770][271]LogBlueprintUserMessages: [GoogleVRPawn_326] 
11-12 17:08:21.786 20030 20061 D UE4     : [2018.11.12-19.08.21:786][272]LogBlueprintUserMessages: [GoogleVRPawn_326] 
11-12 17:08:21.803 20030 20061 D UE4     : [2018.11.12-19.08.21:803][273]LogBlueprintUserMessages: [GoogleVRPawn_326] Donut_O_Iluminado_382
11-12 17:08:21.806 20030 20030 W Thread-2: type=1400 audit(0.0:24629): avc: denied { read } for name="stat" dev="proc" ino=4026532127 scontext=u:r:untrusted_app_25:s0:c512,c768 tcontext=u:object_r:proc_stat:s0 tclass=file permissive=0
11-12 17:08:21.818 20030 20061 D UE4     : [2018.11.12-19.08.21:818][274]LogBlueprintUserMessages: [GoogleVRPawn_326] Donut_O_Iluminado_382
11-12 17:08:21.836 20030 20061 D UE4     : [2018.11.12-19.08.21:836][275]LogBlueprintUserMessages: [GoogleVRPawn_326] Donut_O_Iluminado_382
11-12 17:08:21.853 20030 20061 D UE4     : [2018.11.12-19.08.21:853][276]LogBlueprintUserMessages: [GoogleVRPawn_326] Donut_O_Iluminado_382
11-12 17:08:21.871 20030 20061 D UE4     : [2018.11.12-19.08.21:870][277]LogBlueprintUserMessages: [GoogleVRPawn_326] 
11-12 17:08:21.886 20030 20061 D UE4     : [2018.11.12-19.08.21:886][278]LogBlueprintUserMessages: [GoogleVRPawn_326] 
11-12 17:08:21.904 20030 20061 D UE4     : [2018.11.12-19.08.21:904][279]LogBlueprintUserMessages: [GoogleVRPawn_326] 
11-12 17:08:21.906 20030 20030 W Thread-2: type=1400 audit(0.0:24630): avc: denied { read } for name="stat" dev="proc" ino=4026532127 scontext=u:r:untrusted_app_25:s0:c512,c768 tcontext=u:object_r:proc_stat:s0 tclass=file permissive=0
11-12 17:08:21.919 20030 20061 D UE4     : [2018.11.12-19.08.21:919][280]LogBlueprintUserMessages: [GoogleVRPawn_326] Donut_O_Iluminado_382
11-12 17:08:21.936 20030 20061 D UE4     : [2018.11.12-19.08.21:936][281]LogBlueprintUserMessages: [GoogleVRPawn_326] Donut_O_Iluminado_382
11-12 17:08:21.953 20030 20061 D UE4     : [2018.11.12-19.08.21:953][282]LogBlueprintUserMessages: [GoogleVRPawn_326] Donut_O_Iluminado_382
11-12 17:08:21.970 20030 20061 D UE4     : [2018.11.12-19.08.21:969][283]LogBlueprintUserMessages: [GoogleVRPawn_326] Donut_O_Iluminado_382
11-12 17:08:21.986 20030 20061 D UE4     : [2018.11.12-19.08.21:986][284]LogBlueprintUserMessages: [GoogleVRPawn_326] Donut_O_Iluminado_382
11-12 17:08:22.003 20030 20061 D UE4     : [2018.11.12-19.08.22:003][285]LogBlueprintUserMessages: [GoogleVRPawn_326] Donut_O_Iluminado_382
11-12 17:08:22.006 20030 20030 W Thread-2: type=1400 audit(0.0:24631): avc: denied { read } for name="stat" dev="proc" ino=4026532127 scontext=u:r:untrusted_app_25:s0:c512,c768 tcontext=u:object_r:proc_stat:s0 tclass=file permissive=0
11-12 17:08:22.020 20030 20061 D UE4     : [2018.11.12-19.08.22:020][286]LogBlueprintUserMessages: [GoogleVRPawn_326] Donut_O_Iluminado_382
11-12 17:08:22.036 20030 20061 D UE4     : [2018.11.12-19.08.22:036][287]LogBlueprintUserMessages: [GoogleVRPawn_326] Donut_O_Iluminado_382
11-12 17:08:22.053 20030 20061 D UE4     : [2018.11.12-19.08.22:053][288]LogBlueprintUserMessages: [GoogleVRPawn_326] Donut_O_Iluminado_382
11-12 17:08:22.070 20030 20061 D UE4     : [2018.11.12-19.08.22:070][289]LogBlueprintUserMessages: [GoogleVRPawn_326] Donut_O_Iluminado_382
11-12 17:08:22.087 20030 20061 D UE4     : [2018.11.12-19.08.22:087][290]LogBlueprintUserMessages: [GoogleVRPawn_326] Donut_O_Iluminado_382
11-12 17:08:22.104 20030 20061 D UE4     : [2018.11.12-19.08.22:103][291]LogBlueprintUserMessages: [GoogleVRPawn_326] Donut_O_Iluminado_382
11-12 17:08:22.106 20030 20030 W Thread-2: type=1400 audit(0.0:24632): avc: denied { read } for name="stat" dev="proc" ino=4026532127 scontext=u:r:untrusted_app_25:s0:c512,c768 tcontext=u:object_r:proc_stat:s0 tclass=file permissive=0
11-12 17:08:22.120 20030 20061 D UE4     : [2018.11.12-19.08.22:120][292]LogBlueprintUserMessages: [GoogleVRPawn_326] Donut_O_Iluminado_382
11-12 17:08:22.136 20030 20061 D UE4     : [2018.11.12-19.08.22:136][293]LogBlueprintUserMessages: [GoogleVRPawn_326] Donut_O_Iluminado_382
11-12 17:08:22.153 20030 20061 D UE4     : [2018.11.12-19.08.22:153][294]LogBlueprintUserMessages: [GoogleVRPawn_326] Donut_O_Iluminado_382
11-12 17:08:22.171 20030 20061 D UE4     : [2018.11.12-19.08.22:171][295]LogBlueprintUserMessages: [GoogleVRPawn_326] Donut_O_Iluminado_382
11-12 17:08:22.187 20030 20061 D UE4     : [2018.11.12-19.08.22:187][296]LogBlueprintUserMessages: [GoogleVRPawn_326] Donut_O_Iluminado_382
11-12 17:08:22.204 20030 20061 D UE4     : [2018.11.12-19.08.22:204][297]LogBlueprintUserMessages: [GoogleVRPawn_326] Donut_O_Iluminado_382
11-12 17:08:22.206 20030 20030 W Thread-2: type=1400 audit(0.0:24633): avc: denied { read } for name="stat" dev="proc" ino=4026532127 scontext=u:r:untrusted_app_25:s0:c512,c768 tcontext=u:object_r:proc_stat:s0 tclass=file permissive=0
11-12 17:08:22.220 20030 20061 D UE4     : [2018.11.12-19.08.22:220][298]LogBlueprintUserMessages: [GoogleVRPawn_326] Donut_O_Iluminado_382
11-12 17:08:22.237 20030 20061 D UE4     : [2018.11.12-19.08.22:237][299]LogBlueprintUserMessages: [GoogleVRPawn_326] Donut_O_Iluminado_382
11-12 17:08:22.254 20030 20061 D UE4     : [2018.11.12-19.08.22:254][300]LogBlueprintUserMessages: [GoogleVRPawn_326] Donut_O_Iluminado_382
11-12 17:08:22.272 20030 20061 D UE4     : [2018.11.12-19.08.22:272][301]LogBlueprintUserMessages: [GoogleVRPawn_326] Donut_O_Iluminado_382
11-12 17:08:22.288 20030 20061 D UE4     : [2018.11.12-19.08.22:288][302]LogBlueprintUserMessages: [GoogleVRPawn_326] Donut_O_Iluminado_382
11-12 17:08:22.305 20030 20061 D UE4     : [2018.11.12-19.08.22:305][303]LogBlueprintUserMessages: [GoogleVRPawn_326] Donut_O_Iluminado_382
11-12 17:08:22.306 20030 20030 W Thread-2: type=1400 audit(0.0:24634): avc: denied { read } for name="stat" dev="proc" ino=4026532127 scontext=u:r:untrusted_app_25:s0:c512,c768 tcontext=u:object_r:proc_stat:s0 tclass=file permissive=0
11-12 17:08:22.322 20030 20061 D UE4     : [2018.11.12-19.08.22:321][304]LogBlueprintUserMessages: [GoogleVRPawn_326] Donut_O_Iluminado_382
11-12 17:08:22.338 20030 20061 D UE4     : [2018.11.12-19.08.22:338][305]LogBlueprintUserMessages: [GoogleVRPawn_326] Donut_O_Iluminado_382
11-12 17:08:22.355 20030 20061 D UE4     : [2018.11.12-19.08.22:355][306]LogBlueprintUserMessages: [GoogleVRPawn_326] Donut_O_Iluminado_382
11-12 17:08:22.372 20030 20061 D UE4     : [2018.11.12-19.08.22:372][307]LogBlueprintUserMessages: [GoogleVRPawn_326] Donut_O_Iluminado_382
11-12 17:08:22.387 20030 20061 D UE4     : [2018.11.12-19.08.22:387][308]LogBlueprintUserMessages: [GoogleVRPawn_326] Donut_O_Iluminado_382
11-12 17:08:22.406 20030 20061 D UE4     : [2018.11.12-19.08.22:405][309]LogBlueprintUserMessages: [GoogleVRPawn_326] Donut_O_Iluminado_382
11-12 17:08:22.421 20030 20061 D UE4     : [2018.11.12-19.08.22:421][310]LogBlueprintUserMessages: [GoogleVRPawn_326] Donut_O_Iluminado_382
11-12 17:08:22.426 20030 20030 W Thread-2: type=1400 audit(0.0:24635): avc: denied { read } for name="stat" dev="proc" ino=4026532127 scontext=u:r:untrusted_app_25:s0:c512,c768 tcontext=u:object_r:proc_stat:s0 tclass=file permissive=0
11-12 17:08:22.439 20030 20061 D UE4     : [2018.11.12-19.08.22:439][311]LogBlueprintUserMessages: [GoogleVRPawn_326] Donut_O_Iluminado_382
11-12 17:08:22.456 20030 20061 D UE4     : [2018.11.12-19.08.22:456][312]LogBlueprintUserMessages: [GoogleVRPawn_326] Donut_O_Iluminado_382
11-12 17:08:22.471 20030 20061 D UE4     : [2018.11.12-19.08.22:471][313]LogBlueprintUserMessages: [GoogleVRPawn_326] Donut_O_Iluminado_382
11-12 17:08:22.488 20030 20061 D UE4     : [2018.11.12-19.08.22:488][314]LogBlueprintUserMessages: [GoogleVRPawn_326] Donut_O_Iluminado_382
11-12 17:08:22.505 20030 20061 D UE4     : [2018.11.12-19.08.22:505][315]LogBlueprintUserMessages: [GoogleVRPawn_326] Donut_O_Iluminado_382
11-12 17:08:22.521 20030 20061 D UE4     : [2018.11.12-19.08.22:521][316]LogBlueprintUserMessages: [GoogleVRPawn_326] Donut_O_Iluminado_382
11-12 17:08:22.526 20030 20030 W Thread-2: type=1400 audit(0.0:24636): avc: denied { read } for name="stat" dev="proc" ino=4026532127 scontext=u:r:untrusted_app_25:s0:c512,c768 tcontext=u:object_r:proc_stat:s0 tclass=file permissive=0
11-12 17:08:22.540 20030 20061 D UE4     : [2018.11.12-19.08.22:540][317]LogBlueprintUserMessages: [GoogleVRPawn_326] Donut_O_Iluminado_382
11-12 17:08:22.555 20030 20061 D UE4     : [2018.11.12-19.08.22:555][318]LogBlueprintUserMessages: [GoogleVRPawn_326] Donut_O_Iluminado_382
11-12 17:08:22.572 20030 20061 D UE4     : [2018.11.12-19.08.22:572][319]LogBlueprintUserMessages: [GoogleVRPawn_326] Donut_O_Iluminado_382
11-12 17:08:22.589 20030 20061 D UE4     : [2018.11.12-19.08.22:589][320]LogBlueprintUserMessages: [GoogleVRPawn_326] Donut_O_Iluminado_382
11-12 17:08:22.604 20030 20061 D UE4     : [2018.11.12-19.08.22:604][321]LogBlueprintUserMessages: [GoogleVRPawn_326] Donut_O_Iluminado_382
11-12 17:08:22.621 20030 20061 D UE4     : [2018.11.12-19.08.22:621][322]LogBlueprintUserMessages: [GoogleVRPawn_326] Donut_O_Iluminado_382
11-12 17:08:22.638 20030 20061 D UE4     : [2018.11.12-19.08.22:638][323]LogBlueprintUserMessages: [GoogleVRPawn_326] Donut_O_Iluminado_382
11-12 17:08:22.646 20030 20030 W Thread-2: type=1400 audit(0.0:24637): avc: denied { read } for name="stat" dev="proc" ino=4026532127 scontext=u:r:untrusted_app_25:s0:c512,c768 tcontext=u:object_r:proc_stat:s0 tclass=file permissive=0
11-12 17:08:22.656 20030 20061 D UE4     : [2018.11.12-19.08.22:656][324]LogBlueprintUserMessages: [GoogleVRPawn_326] Donut_O_Iluminado_382
11-12 17:08:22.673 20030 20061 D UE4     : [2018.11.12-19.08.22:673][325]LogBlueprintUserMessages: [GoogleVRPawn_326] Donut_O_Iluminado_382
11-12 17:08:22.687 20030 20061 D UE4     : [2018.11.12-19.08.22:687][326]LogBlueprintUserMessages: [GoogleVRPawn_326] Donut_O_Iluminado_382
11-12 17:08:22.705 20030 20061 D UE4     : [2018.11.12-19.08.22:705][327]LogBlueprintUserMessages: [GoogleVRPawn_326] Donut_O_Iluminado_382
11-12 17:08:22.723 20030 20061 D UE4     : [2018.11.12-19.08.22:723][328]LogBlueprintUserMessages: [GoogleVRPawn_326] Donut_O_Iluminado_382
11-12 17:08:22.739 20030 20061 D UE4     : [2018.11.12-19.08.22:739][329]LogBlueprintUserMessages: [GoogleVRPawn_326] Donut_O_Iluminado_382
11-12 17:08:22.755 20030 20061 D UE4     : [2018.11.12-19.08.22:755][330]LogBlueprintUserMessages: [GoogleVRPawn_326] Donut_O_Iluminado_382
11-12 17:08:22.766 20030 20030 W Thread-2: type=1400 audit(0.0:24638): avc: denied { read } for name="stat" dev="proc" ino=4026532127 scontext=u:r:untrusted_app_25:s0:c512,c768 tcontext=u:object_r:proc_stat:s0 tclass=file permissive=0
11-12 17:08:22.774 20030 20061 D UE4     : [2018.11.12-19.08.22:774][331]LogBlueprintUserMessages: [GoogleVRPawn_326] Donut_O_Iluminado_382
11-12 17:08:22.788 20030 20061 D UE4     : [2018.11.12-19.08.22:788][332]LogBlueprintUserMessages: [GoogleVRPawn_326] Donut_O_Iluminado_382
11-12 17:08:22.807 20030 20061 D UE4     : [2018.11.12-19.08.22:807][333]LogBlueprintUserMessages: [GoogleVRPawn_326] Donut_O_Iluminado_382
11-12 17:08:22.824 20030 20061 D UE4     : [2018.11.12-19.08.22:824][334]LogBlueprintUserMessages: [GoogleVRPawn_326] Donut_O_Iluminado_382
11-12 17:08:22.839 20030 20061 D UE4     : [2018.11.12-19.08.22:839][335]LogBlueprintUserMessages: [GoogleVRPawn_326] Donut_O_Iluminado_382
11-12 17:08:22.855 20030 20061 D UE4     : [2018.11.12-19.08.22:855][336]LogBlueprintUserMessages: [GoogleVRPawn_326] 
11-12 17:08:22.873 20030 20061 D UE4     : [2018.11.12-19.08.22:873][337]LogBlueprintUserMessages: [GoogleVRPawn_326] 
11-12 17:08:22.876 20030 20030 W Thread-2: type=1400 audit(0.0:24639): avc: denied { read } for name="stat" dev="proc" ino=4026532127 scontext=u:r:untrusted_app_25:s0:c512,c768 tcontext=u:object_r:proc_stat:s0 tclass=file permissive=0
11-12 17:08:22.889 20030 20061 D UE4     : [2018.11.12-19.08.22:889][338]LogBlueprintUserMessages: [GoogleVRPawn_326] 
11-12 17:08:22.906 20030 20061 D UE4     : [2018.11.12-19.08.22:906][339]LogBlueprintUserMessages: [GoogleVRPawn_326] 
11-12 17:08:22.923 20030 20061 D UE4     : [2018.11.12-19.08.22:923][340]LogBlueprintUserMessages: [GoogleVRPawn_326] 
11-12 17:08:22.939 20030 20061 D UE4     : [2018.11.12-19.08.22:939][341]LogBlueprintUserMessages: [GoogleVRPawn_326] 
11-12 17:08:22.957 20030 20061 D UE4     : [2018.11.12-19.08.22:957][342]LogBlueprintUserMessages: [GoogleVRPawn_326] 
11-12 17:08:22.962 26062 26081 I Finsky  : [744] com.google.android.finsky.bp.am.run(6): Stats for Executor: Db-scheduler_logging_store.db com.google.android.finsky.bp.an@5ee464b[Running, pool size = 0, active threads = 0, queued tasks = 0, completed tasks = 16]
11-12 17:08:22.974 20030 20061 D UE4     : [2018.11.12-19.08.22:974][343]LogBlueprintUserMessages: [GoogleVRPawn_326] 
11-12 17:08:22.976 20030 20030 W Thread-2: type=1400 audit(0.0:24640): avc: denied { read } for name="stat" dev="proc" ino=4026532127 scontext=u:r:untrusted_app_25:s0:c512,c768 tcontext=u:object_r:proc_stat:s0 tclass=file permissive=0
11-12 17:08:22.989 20030 20061 D UE4     : [2018.11.12-19.08.22:989][344]LogBlueprintUserMessages: [GoogleVRPawn_326] 
11-12 17:08:23.006 20030 20061 D UE4     : [2018.11.12-19.08.23:006][345]LogBlueprintUserMessages: [GoogleVRPawn_326] 
11-12 17:08:23.022 20030 20061 D UE4     : [2018.11.12-19.08.23:022][346]LogBlueprintUserMessages: [GoogleVRPawn_326] 
11-12 17:08:23.040 20030 20061 D UE4     : [2018.11.12-19.08.23:040][347]LogBlueprintUserMessages: [GoogleVRPawn_326] 
11-12 17:08:23.057 20030 20061 D UE4     : [2018.11.12-19.08.23:057][348]LogBlueprintUserMessages: [GoogleVRPawn_326] 
11-12 17:08:23.073 20030 20061 D UE4     : [2018.11.12-19.08.23:073][349]LogBlueprintUserMessages: [GoogleVRPawn_326] 
11-12 17:08:23.076 20030 20030 W Thread-2: type=1400 audit(0.0:24641): avc: denied { read } for name="stat" dev="proc" ino=4026532127 scontext=u:r:untrusted_app_25:s0:c512,c768 tcontext=u:object_r:proc_stat:s0 tclass=file permissive=0
11-12 17:08:23.091 20030 20061 D UE4     : [2018.11.12-19.08.23:091][350]LogBlueprintUserMessages: [GoogleVRPawn_326] 
11-12 17:08:23.107 20030 20061 D UE4     : [2018.11.12-19.08.23:107][351]LogBlueprintUserMessages: [GoogleVRPawn_326] 
11-12 17:08:23.123 20030 20061 D UE4     : [2018.11.12-19.08.23:123][352]LogBlueprintUserMessages: [GoogleVRPawn_326] 
11-12 17:08:23.140 20030 20061 D UE4     : [2018.11.12-19.08.23:140][353]LogBlueprintUserMessages: [GoogleVRPawn_326] 
11-12 17:08:23.156 20030 20061 D UE4     : [2018.11.12-19.08.23:156][354]LogBlueprintUserMessages: [GoogleVRPawn_326] 
11-12 17:08:23.173 20030 20061 D UE4     : [2018.11.12-19.08.23:173][355]LogBlueprintUserMessages: [GoogleVRPawn_326] 
11-12 17:08:23.176 20030 20030 W Thread-2: type=1400 audit(0.0:24642): avc: denied { read } for name="stat" dev="proc" ino=4026532127 scontext=u:r:untrusted_app_25:s0:c512,c768 tcontext=u:object_r:proc_stat:s0 tclass=file permissive=0
11-12 17:08:23.192 20030 20061 D UE4     : [2018.11.12-19.08.23:192][356]LogBlueprintUserMessages: [GoogleVRPawn_326] 
11-12 17:08:23.207 20030 20061 D UE4     : [2018.11.12-19.08.23:207][357]LogBlueprintUserMessages: [GoogleVRPawn_326] 
11-12 17:08:23.224 20030 20061 D UE4     : [2018.11.12-19.08.23:224][358]LogBlueprintUserMessages: [GoogleVRPawn_326] 
11-12 17:08:23.240 20030 20061 D UE4     : [2018.11.12-19.08.23:240][359]LogBlueprintUserMessages: [GoogleVRPawn_326] 
11-12 17:08:23.255 20030 20061 D UE4     : [2018.11.12-19.08.23:255][360]LogBlueprintUserMessages: [GoogleVRPawn_326] 
11-12 17:08:23.273 20030 20061 D UE4     : [2018.11.12-19.08.23:273][361]LogBlueprintUserMessages: [GoogleVRPawn_326] 
11-12 17:08:23.289 20030 20061 D UE4     : [2018.11.12-19.08.23:289][362]LogBlueprintUserMessages: [GoogleVRPawn_326] 
11-12 17:08:23.296 20030 20030 W Thread-2: type=1400 audit(0.0:24643): avc: denied { read } for name="stat" dev="proc" ino=4026532127 scontext=u:r:untrusted_app_25:s0:c512,c768 tcontext=u:object_r:proc_stat:s0 tclass=file permissive=0
11-12 17:08:23.307 20030 20061 D UE4     : [2018.11.12-19.08.23:307][363]LogBlueprintUserMessages: [GoogleVRPawn_326] 
11-12 17:08:23.323 20030 20061 D UE4     : [2018.11.12-19.08.23:323][364]LogBlueprintUserMessages: [GoogleVRPawn_326] 
11-12 17:08:23.328  4069  4382 D NetworkController.MobileSignalController(2): onSignalStrengthsChanged signalStrength=SignalStrength: 9 0 -94 -120 -150 -120 -1 -1 99 2147483647 2147483647 2147483647 2147483647 0 2147483647 gsm|lte level=4
11-12 17:08:23.328  4069  4382 D NetworkController.MobileSignalController(2): updateTelephonySignalStrength: hasService=true ss=SignalStrength: 9 0 -94 -120 -150 -120 -1 -1 99 2147483647 2147483647 2147483647 2147483647 0 2147483647 gsm|lte
11-12 17:08:23.332  4277 16205 D PhoneInterfaceManager: isWifiCallingAvailable: sub Id : 2
11-12 17:08:23.334  4069  4382 D NetworkController.MobileSignalController(2): isWifiCallingAvailable=false
11-12 17:08:23.335  4277 16205 D PhoneInterfaceManager: isVolteAvailable: sub Id : 2
11-12 17:08:23.335  4069  4382 D NetworkController.MobileSignalController(2): isVolteAvailable=false
11-12 17:08:23.336  4277 16205 D PhoneInterfaceManager: isVideoTelephonyAvailable: sub Id : 2
11-12 17:08:23.336  4069  4382 D NetworkController.MobileSignalController(2): isVideoTelephonyAvailable=false
11-12 17:08:23.342 20030 20061 D UE4     : [2018.11.12-19.08.23:342][365]LogBlueprintUserMessages: [GoogleVRPawn_326] 
11-12 17:08:23.355 20030 20061 D UE4     : [2018.11.12-19.08.23:355][366]LogBlueprintUserMessages: [GoogleVRPawn_326] 
11-12 17:08:23.373 20030 20061 D UE4     : [2018.11.12-19.08.23:373][367]LogBlueprintUserMessages: [GoogleVRPawn_326] 
11-12 17:08:23.390 20030 20061 D UE4     : [2018.11.12-19.08.23:390][368]LogBlueprintUserMessages: [GoogleVRPawn_326] 
11-12 17:08:23.396 20030 20030 W Thread-2: type=1400 audit(0.0:24644): avc: denied { read } for name="stat" dev="proc" ino=4026532127 scontext=u:r:untrusted_app_25:s0:c512,c768 tcontext=u:object_r:proc_stat:s0 tclass=file permissive=0
11-12 17:08:23.407 20030 20061 D UE4     : [2018.11.12-19.08.23:407][369]LogBlueprintUserMessages: [GoogleVRPawn_326] 
11-12 17:08:23.425 20030 20061 D UE4     : [2018.11.12-19.08.23:425][370]LogBlueprintUserMessages: [GoogleVRPawn_326] 
11-12 17:08:23.441 20030 20061 D UE4     : [2018.11.12-19.08.23:441][371]LogBlueprintUserMessages: [GoogleVRPawn_326] 
11-12 17:08:23.457 20030 20061 D UE4     : [2018.11.12-19.08.23:457][372]LogBlueprintUserMessages: [GoogleVRPawn_326] 
11-12 17:08:23.475 20030 20061 D UE4     : [2018.11.12-19.08.23:475][373]LogBlueprintUserMessages: [GoogleVRPawn_326] 
11-12 17:08:23.491 20030 20061 D UE4     : [2018.11.12-19.08.23:491][374]LogBlueprintUserMessages: [GoogleVRPawn_326] 
11-12 17:08:23.496 20030 20030 W Thread-2: type=1400 audit(0.0:24645): avc: denied { read } for name="stat" dev="proc" ino=4026532127 scontext=u:r:untrusted_app_25:s0:c512,c768 tcontext=u:object_r:proc_stat:s0 tclass=file permissive=0
11-12 17:08:23.507 20030 20061 D UE4     : [2018.11.12-19.08.23:507][375]LogBlueprintUserMessages: [GoogleVRPawn_326] 
11-12 17:08:23.524 20030 20061 D UE4     : [2018.11.12-19.08.23:524][376]LogBlueprintUserMessages: [GoogleVRPawn_326] 
11-12 17:08:23.541 20030 20061 D UE4     : [2018.11.12-19.08.23:541][377]LogBlueprintUserMessages: [GoogleVRPawn_326] 
11-12 17:08:23.557 20030 20061 D UE4     : [2018.11.12-19.08.23:557][378]LogBlueprintUserMessages: [GoogleVRPawn_326] 
11-12 17:08:23.575 20030 20061 D UE4     : [2018.11.12-19.08.23:575][379]LogBlueprintUserMessages: [GoogleVRPawn_326] 
11-12 17:08:23.592 20030 20061 D UE4     : [2018.11.12-19.08.23:592][380]LogBlueprintUserMessages: [GoogleVRPawn_326] 
11-12 17:08:23.596 20030 20030 W Thread-2: type=1400 audit(0.0:24646): avc: denied { read } for name="stat" dev="proc" ino=4026532127 scontext=u:r:untrusted_app_25:s0:c512,c768 tcontext=u:object_r:proc_stat:s0 tclass=file permissive=0
11-12 17:08:23.608 20030 20061 D UE4     : [2018.11.12-19.08.23:608][381]LogBlueprintUserMessages: [GoogleVRPawn_326] Donut_O_Iluminado_382
11-12 17:08:23.625 20030 20061 D UE4     : [2018.11.12-19.08.23:625][382]LogBlueprintUserMessages: [GoogleVRPawn_326] Donut_O_Iluminado_382
11-12 17:08:23.639 20030 20061 D UE4     : [2018.11.12-19.08.23:639][383]LogBlueprintUserMessages: [GoogleVRPawn_326] Donut_O_Iluminado_382
11-12 17:08:23.656 20030 20061 D UE4     : [2018.11.12-19.08.23:656][384]LogBlueprintUserMessages: [GoogleVRPawn_326] Donut_O_Iluminado_382
11-12 17:08:23.674 20030 20061 D UE4     : [2018.11.12-19.08.23:674][385]LogBlueprintUserMessages: [GoogleVRPawn_326] Donut_O_Iluminado_382
11-12 17:08:23.689 20030 20061 D UE4     : [2018.11.12-19.08.23:689][386]LogBlueprintUserMessages: [GoogleVRPawn_326] Donut_O_Iluminado_382
11-12 17:08:23.706 20030 20061 D UE4     : [2018.11.12-19.08.23:706][387]LogBlueprintUserMessages: [GoogleVRPawn_326] Donut_O_Iluminado_382
11-12 17:08:23.716 20030 20030 W Thread-2: type=1400 audit(0.0:24647): avc: denied { read } for name="stat" dev="proc" ino=4026532127 scontext=u:r:untrusted_app_25:s0:c512,c768 tcontext=u:object_r:proc_stat:s0 tclass=file permissive=0
11-12 17:08:23.724 20030 20061 D UE4     : [2018.11.12-19.08.23:724][388]LogBlueprintUserMessages: [GoogleVRPawn_326] Donut_O_Iluminado_382
11-12 17:08:23.740 20030 20061 D UE4     : [2018.11.12-19.08.23:740][389]LogBlueprintUserMessages: [GoogleVRPawn_326] Donut_O_Iluminado_382
11-12 17:08:23.757 20030 20061 D UE4     : [2018.11.12-19.08.23:757][390]LogBlueprintUserMessages: [GoogleVRPawn_326] Donut_O_Iluminado_382
11-12 17:08:23.774 20030 20061 D UE4     : [2018.11.12-19.08.23:774][391]LogBlueprintUserMessages: [GoogleVRPawn_326] Donut_O_Iluminado_382
11-12 17:08:23.790 20030 20061 D UE4     : [2018.11.12-19.08.23:790][392]LogBlueprintUserMessages: [GoogleVRPawn_326] Donut_O_Iluminado_382
11-12 17:08:23.805 20030 20061 D UE4     : [2018.11.12-19.08.23:805][393]LogBlueprintUserMessages: [GoogleVRPawn_326] Donut_O_Iluminado_382
11-12 17:08:23.816 20030 20030 W Thread-2: type=1400 audit(0.0:24648): avc: denied { read } for name="stat" dev="proc" ino=4026532127 scontext=u:r:untrusted_app_25:s0:c512,c768 tcontext=u:object_r:proc_stat:s0 tclass=file permissive=0
11-12 17:08:23.825 20030 20061 D UE4     : [2018.11.12-19.08.23:825][394]LogBlueprintUserMessages: [GoogleVRPawn_326] Donut_O_Iluminado_382
11-12 17:08:23.841 20030 20061 D UE4     : [2018.11.12-19.08.23:841][395]LogBlueprintUserMessages: [GoogleVRPawn_326] Donut_O_Iluminado_382
11-12 17:08:23.857 20030 20061 D UE4     : [2018.11.12-19.08.23:857][396]LogBlueprintUserMessages: [GoogleVRPawn_326] Donut_O_Iluminado_382
11-12 17:08:23.875 20030 20061 D UE4     : [2018.11.12-19.08.23:875][397]LogBlueprintUserMessages: [GoogleVRPawn_326] Donut_O_Iluminado_382
11-12 17:08:23.890 20030 20061 D UE4     : [2018.11.12-19.08.23:890][398]LogBlueprintUserMessages: [GoogleVRPawn_326] Donut_O_Iluminado_382
11-12 17:08:23.907 20030 20061 D UE4     : [2018.11.12-19.08.23:907][399]LogBlueprintUserMessages: [GoogleVRPawn_326] Donut_O_Iluminado_382
11-12 17:08:23.924 20030 20061 D UE4     : [2018.11.12-19.08.23:924][400]LogBlueprintUserMessages: [GoogleVRPawn_326] Donut_O_Iluminado_382
11-12 17:08:23.926 20030 20030 W Thread-2: type=1400 audit(0.0:24649): avc: denied { read } for name="stat" dev="proc" ino=4026532127 scontext=u:r:untrusted_app_25:s0:c512,c768 tcontext=u:object_r:proc_stat:s0 tclass=file permissive=0
11-12 17:08:23.943 20030 20061 D UE4     : [2018.11.12-19.08.23:943][401]LogBlueprintUserMessages: [GoogleVRPawn_326] Donut_O_Iluminado_382
11-12 17:08:23.958 20030 20061 D UE4     : [2018.11.12-19.08.23:958][402]LogBlueprintUserMessages: [GoogleVRPawn_326] Donut_O_Iluminado_382
11-12 17:08:23.975 20030 20061 D UE4     : [2018.11.12-19.08.23:975][403]LogBlueprintUserMessages: [GoogleVRPawn_326] Donut_O_Iluminado_382
11-12 17:08:23.993 20030 20061 D UE4     : [2018.11.12-19.08.23:993][404]LogBlueprintUserMessages: [GoogleVRPawn_326] Donut_O_Iluminado_382
11-12 17:08:24.008 20030 20061 D UE4     : [2018.11.12-19.08.24:008][405]LogBlueprintUserMessages: [GoogleVRPawn_326] Donut_O_Iluminado_382
11-12 17:08:24.025 20030 20061 D UE4     : [2018.11.12-19.08.24:025][406]LogBlueprintUserMessages: [GoogleVRPawn_326] Donut_O_Iluminado_382
11-12 17:08:24.040 20030 20061 D UE4     : [2018.11.12-19.08.24:040][407]LogBlueprintUserMessages: [GoogleVRPawn_326] Donut_O_Iluminado_382
11-12 17:08:24.046 20030 20030 W Thread-2: type=1400 audit(0.0:24650): avc: denied { read } for name="stat" dev="proc" ino=4026532127 scontext=u:r:untrusted_app_25:s0:c512,c768 tcontext=u:object_r:proc_stat:s0 tclass=file permissive=0
11-12 17:08:24.058 20030 20061 D UE4     : [2018.11.12-19.08.24:058][408]LogBlueprintUserMessages: [GoogleVRPawn_326] Donut_O_Iluminado_382
11-12 17:08:24.074 20030 20061 D UE4     : [2018.11.12-19.08.24:074][409]LogBlueprintUserMessages: [GoogleVRPawn_326] Donut_O_Iluminado_382
11-12 17:08:24.091 20030 20061 D UE4     : [2018.11.12-19.08.24:091][410]LogBlueprintUserMessages: [GoogleVRPawn_326] Donut_O_Iluminado_382
11-12 17:08:24.108 20030 20061 D UE4     : [2018.11.12-19.08.24:108][411]LogBlueprintUserMessages: [GoogleVRPawn_326] Donut_O_Iluminado_382
11-12 17:08:24.125 20030 20061 D UE4     : [2018.11.12-19.08.24:125][412]LogBlueprintUserMessages: [GoogleVRPawn_326] Donut_O_Iluminado_382
11-12 17:08:24.143 20030 20061 D UE4     : [2018.11.12-19.08.24:143][413]LogBlueprintUserMessages: [GoogleVRPawn_326] Donut_O_Iluminado_382
11-12 17:08:24.146 20030 20030 W Thread-2: type=1400 audit(0.0:24651): avc: denied { read } for name="stat" dev="proc" ino=4026532127 scontext=u:r:untrusted_app_25:s0:c512,c768 tcontext=u:object_r:proc_stat:s0 tclass=file permissive=0
11-12 17:08:24.159 20030 20061 D UE4     : [2018.11.12-19.08.24:159][414]LogBlueprintUserMessages: [GoogleVRPawn_326] Donut_O_Iluminado_382
11-12 17:08:24.176 20030 20061 D UE4     : [2018.11.12-19.08.24:176][415]LogBlueprintUserMessages: [GoogleVRPawn_326] Donut_O_Iluminado_382
11-12 17:08:24.193 20030 20061 D UE4     : [2018.11.12-19.08.24:193][416]LogBlueprintUserMessages: [GoogleVRPawn_326] Donut_O_Iluminado_382
11-12 17:08:24.209 20030 20061 D UE4     : [2018.11.12-19.08.24:209][417]LogBlueprintUserMessages: [GoogleVRPawn_326] Donut_O_Iluminado_382
11-12 17:08:24.226 20030 20061 D UE4     : [2018.11.12-19.08.24:226][418]LogBlueprintUserMessages: [GoogleVRPawn_326] Donut_O_Iluminado_382
11-12 17:08:24.243 20030 20061 D UE4     : [2018.11.12-19.08.24:243][419]LogBlueprintUserMessages: [GoogleVRPawn_326] Donut_O_Iluminado_382
11-12 17:08:24.246 20030 20030 W Thread-2: type=1400 audit(0.0:24652): avc: denied { read } for name="stat" dev="proc" ino=4026532127 scontext=u:r:untrusted_app_25:s0:c512,c768 tcontext=u:object_r:proc_stat:s0 tclass=file permissive=0
11-12 17:08:24.260 20030 20061 D UE4     : [2018.11.12-19.08.24:260][420]LogBlueprintUserMessages: [GoogleVRPawn_326] Donut_O_Iluminado_382
11-12 17:08:24.276 20030 20061 D UE4     : [2018.11.12-19.08.24:276][421]LogBlueprintUserMessages: [GoogleVRPawn_326] Donut_O_Iluminado_382
11-12 17:08:24.293 20030 20061 D UE4     : [2018.11.12-19.08.24:293][422]LogBlueprintUserMessages: [GoogleVRPawn_326] Donut_O_Iluminado_382
11-12 17:08:24.309 20030 20061 D UE4     : [2018.11.12-19.08.24:309][423]LogBlueprintUserMessages: [GoogleVRPawn_326] Donut_O_Iluminado_382
11-12 17:08:24.326 20030 20061 D UE4     : [2018.11.12-19.08.24:326][424]LogBlueprintUserMessages: [GoogleVRPawn_326] Donut_O_Iluminado_382
11-12 17:08:24.343 20030 20061 D UE4     : [2018.11.12-19.08.24:343][425]LogBlueprintUserMessages: [GoogleVRPawn_326] Donut_O_Iluminado_382
11-12 17:08:24.346 20030 20030 W Thread-2: type=1400 audit(0.0:24653): avc: denied { read } for name="stat" dev="proc" ino=4026532127 scontext=u:r:untrusted_app_25:s0:c512,c768 tcontext=u:object_r:proc_stat:s0 tclass=file permissive=0
11-12 17:08:24.360 20030 20061 D UE4     : [2018.11.12-19.08.24:360][426]LogBlueprintUserMessages: [GoogleVRPawn_326] Donut_O_Iluminado_382
11-12 17:08:24.376 20030 20061 D UE4     : [2018.11.12-19.08.24:376][427]LogBlueprintUserMessages: [GoogleVRPawn_326] Donut_O_Iluminado_382
11-12 17:08:24.393 20030 20061 D UE4     : [2018.11.12-19.08.24:393][428]LogBlueprintUserMessages: [GoogleVRPawn_326] Donut_O_Iluminado_382
11-12 17:08:24.408 20030 20061 D UE4     : [2018.11.12-19.08.24:408][429]LogBlueprintUserMessages: [GoogleVRPawn_326] Donut_O_Iluminado_382
11-12 17:08:24.426 20030 20061 D UE4     : [2018.11.12-19.08.24:426][430]LogBlueprintUserMessages: [GoogleVRPawn_326] Donut_O_Iluminado_382
11-12 17:08:24.443 20030 20061 D UE4     : [2018.11.12-19.08.24:443][431]LogBlueprintUserMessages: [GoogleVRPawn_326] Donut_O_Iluminado_382
11-12 17:08:24.446 20030 20030 W Thread-2: type=1400 audit(0.0:24654): avc: denied { read } for name="stat" dev="proc" ino=4026532127 scontext=u:r:untrusted_app_25:s0:c512,c768 tcontext=u:object_r:proc_stat:s0 tclass=file permissive=0
11-12 17:08:24.460 20030 20061 D UE4     : [2018.11.12-19.08.24:460][432]LogBlueprintUserMessages: [GoogleVRPawn_326] Donut_O_Iluminado_382
11-12 17:08:24.476 20030 20061 D UE4     : [2018.11.12-19.08.24:476][433]LogBlueprintUserMessages: [GoogleVRPawn_326] Donut_O_Iluminado_382
11-12 17:08:24.495 20030 20061 D UE4     : [2018.11.12-19.08.24:495][434]LogBlueprintUserMessages: [GoogleVRPawn_326] Donut_O_Iluminado_382
11-12 17:08:24.510 20030 20061 D UE4     : [2018.11.12-19.08.24:510][435]LogBlueprintUserMessages: [GoogleVRPawn_326] Donut_O_Iluminado_382
11-12 17:08:24.525 20030 20061 D UE4     : [2018.11.12-19.08.24:525][436]LogBlueprintUserMessages: [GoogleVRPawn_326] Donut_O_Iluminado_382
11-12 17:08:24.542 20030 20061 D UE4     : [2018.11.12-19.08.24:542][437]LogBlueprintUserMessages: [GoogleVRPawn_326] Donut_O_Iluminado_382
11-12 17:08:24.559 20030 20061 D UE4     : [2018.11.12-19.08.24:559][438]LogBlueprintUserMessages: [GoogleVRPawn_326] Donut_O_Iluminado_382
11-12 17:08:24.566 20030 20030 W Thread-2: type=1400 audit(0.0:24655): avc: denied { read } for name="stat" dev="proc" ino=4026532127 scontext=u:r:untrusted_app_25:s0:c512,c768 tcontext=u:object_r:proc_stat:s0 tclass=file permissive=0
11-12 17:08:24.576 20030 20061 D UE4     : [2018.11.12-19.08.24:576][439]LogBlueprintUserMessages: [GoogleVRPawn_326] Donut_O_Iluminado_382
11-12 17:08:24.594 20030 20061 D UE4     : [2018.11.12-19.08.24:594][440]LogBlueprintUserMessages: [GoogleVRPawn_326] Donut_O_Iluminado_382
11-12 17:08:24.611 20030 20061 D UE4     : [2018.11.12-19.08.24:611][441]LogBlueprintUserMessages: [GoogleVRPawn_326] Donut_O_Iluminado_382
11-12 17:08:24.626 20030 20061 D UE4     : [2018.11.12-19.08.24:626][442]LogBlueprintUserMessages: [GoogleVRPawn_326] Donut_O_Iluminado_382
11-12 17:08:24.644 20030 20061 D UE4     : [2018.11.12-19.08.24:644][443]LogBlueprintUserMessages: [GoogleVRPawn_326] Donut_O_Iluminado_382
11-12 17:08:24.660 20030 20061 D UE4     : [2018.11.12-19.08.24:660][444]LogBlueprintUserMessages: [GoogleVRPawn_326] Donut_O_Iluminado_382
11-12 17:08:24.666 20030 20030 W Thread-2: type=1400 audit(0.0:24656): avc: denied { read } for name="stat" dev="proc" ino=4026532127 scontext=u:r:untrusted_app_25:s0:c512,c768 tcontext=u:object_r:proc_stat:s0 tclass=file permissive=0
11-12 17:08:24.678 20030 20061 D UE4     : [2018.11.12-19.08.24:678][445]LogBlueprintUserMessages: [GoogleVRPawn_326] Donut_O_Iluminado_382
11-12 17:08:24.693 20030 20061 D UE4     : [2018.11.12-19.08.24:693][446]LogBlueprintUserMessages: [GoogleVRPawn_326] Donut_O_Iluminado_382
11-12 17:08:24.708 20030 20061 D UE4     : [2018.11.12-19.08.24:708][447]LogBlueprintUserMessages: [GoogleVRPawn_326] Donut_O_Iluminado_382
11-12 17:08:24.724 20030 20061 D UE4     : [2018.11.12-19.08.24:724][448]LogBlueprintUserMessages: [GoogleVRPawn_326] Donut_O_Iluminado_382
11-12 17:08:24.742 20030 20061 D UE4     : [2018.11.12-19.08.24:742][449]LogBlueprintUserMessages: [GoogleVRPawn_326] Donut_O_Iluminado_382
11-12 17:08:24.759 20030 20061 D UE4     : [2018.11.12-19.08.24:759][450]LogBlueprintUserMessages: [GoogleVRPawn_326] Donut_O_Iluminado_382
11-12 17:08:24.776 20030 20030 W Thread-2: type=1400 audit(0.0:24657): avc: denied { read } for name="stat" dev="proc" ino=4026532127 scontext=u:r:untrusted_app_25:s0:c512,c768 tcontext=u:object_r:proc_stat:s0 tclass=file permissive=0
11-12 17:08:24.776 20030 20061 D UE4     : [2018.11.12-19.08.24:776][451]LogBlueprintUserMessages: [GoogleVRPawn_326] Donut_O_Iluminado_382
11-12 17:08:24.792 20030 20061 D UE4     : [2018.11.12-19.08.24:792][452]LogBlueprintUserMessages: [GoogleVRPawn_326] Donut_O_Iluminado_382
11-12 17:08:24.809 20030 20061 D UE4     : [2018.11.12-19.08.24:809][453]LogBlueprintUserMessages: [GoogleVRPawn_326] Donut_O_Iluminado_382
11-12 17:08:24.827 20030 20061 D UE4     : [2018.11.12-19.08.24:827][454]LogBlueprintUserMessages: [GoogleVRPawn_326] Donut_O_Iluminado_382
11-12 17:08:24.842 20030 20061 D UE4     : [2018.11.12-19.08.24:842][455]LogBlueprintUserMessages: [GoogleVRPawn_326] Donut_O_Iluminado_382
11-12 17:08:24.859 20030 20061 D UE4     : [2018.11.12-19.08.24:859][456]LogBlueprintUserMessages: [GoogleVRPawn_326] Donut_O_Iluminado_382
11-12 17:08:24.875 20030 20061 D UE4     : [2018.11.12-19.08.24:875][457]LogBlueprintUserMessages: [GoogleVRPawn_326] Donut_O_Iluminado_382
11-12 17:08:24.876 20030 20030 W Thread-2: type=1400 audit(0.0:24658): avc: denied { read } for name="stat" dev="proc" ino=4026532127 scontext=u:r:untrusted_app_25:s0:c512,c768 tcontext=u:object_r:proc_stat:s0 tclass=file permissive=0
11-12 17:08:24.893 20030 20061 D UE4     : [2018.11.12-19.08.24:893][458]LogBlueprintUserMessages: [GoogleVRPawn_326] Donut_O_Iluminado_382
11-12 17:08:24.910 20030 20061 D UE4     : [2018.11.12-19.08.24:910][459]LogBlueprintUserMessages: [GoogleVRPawn_326] Donut_O_Iluminado_382
11-12 17:08:24.926 20030 20061 D UE4     : [2018.11.12-19.08.24:926][460]LogBlueprintUserMessages: [GoogleVRPawn_326] Donut_O_Iluminado_382
11-12 17:08:24.943 20030 20061 D UE4     : [2018.11.12-19.08.24:943][461]LogBlueprintUserMessages: [GoogleVRPawn_326] Donut_O_Iluminado_382
11-12 17:08:24.959 20030 20061 D UE4     : [2018.11.12-19.08.24:959][462]LogBlueprintUserMessages: [GoogleVRPawn_326] Donut_O_Iluminado_382
11-12 17:08:24.976 20030 20061 D UE4     : [2018.11.12-19.08.24:976][463]LogBlueprintUserMessages: [GoogleVRPawn_326] 
11-12 17:08:24.992 20030 20061 D UE4     : [2018.11.12-19.08.24:992][464]LogBlueprintUserMessages: [GoogleVRPawn_326] 
11-12 17:08:24.996 20030 20030 W Thread-2: type=1400 audit(0.0:24659): avc: denied { read } for name="stat" dev="proc" ino=4026532127 scontext=u:r:untrusted_app_25:s0:c512,c768 tcontext=u:object_r:proc_stat:s0 tclass=file permissive=0
11-12 17:08:25.012 20030 20061 D UE4     : [2018.11.12-19.08.25:012][465]LogBlueprintUserMessages: [GoogleVRPawn_326] 
11-12 17:08:25.027 20030 20061 D UE4     : [2018.11.12-19.08.25:027][466]LogBlueprintUserMessages: [GoogleVRPawn_326] 
11-12 17:08:25.042 20030 20061 D UE4     : [2018.11.12-19.08.25:042][467]LogBlueprintUserMessages: [GoogleVRPawn_326] 
11-12 17:08:25.059 20030 20061 D UE4     : [2018.11.12-19.08.25:059][468]LogBlueprintUserMessages: [GoogleVRPawn_326] 
11-12 17:08:25.076 20030 20061 D UE4     : [2018.11.12-19.08.25:076][469]LogBlueprintUserMessages: [GoogleVRPawn_326] 
11-12 17:08:25.093 20030 20061 D UE4     : [2018.11.12-19.08.25:093][470]LogBlueprintUserMessages: [GoogleVRPawn_326] 
11-12 17:08:25.109 20030 20061 D UE4     : [2018.11.12-19.08.25:109][471]LogBlueprintUserMessages: [GoogleVRPawn_326] 
11-12 17:08:25.116 20030 20030 W Thread-2: type=1400 audit(0.0:24660): avc: denied { read } for name="stat" dev="proc" ino=4026532127 scontext=u:r:untrusted_app_25:s0:c512,c768 tcontext=u:object_r:proc_stat:s0 tclass=file permissive=0
11-12 17:08:25.126 20030 20061 D UE4     : [2018.11.12-19.08.25:126][472]LogBlueprintUserMessages: [GoogleVRPawn_326] 
11-12 17:08:25.143 20030 20061 D UE4     : [2018.11.12-19.08.25:143][473]LogBlueprintUserMessages: [GoogleVRPawn_326] 
11-12 17:08:25.160 20030 20061 D UE4     : [2018.11.12-19.08.25:160][474]LogBlueprintUserMessages: [GoogleVRPawn_326] 
11-12 17:08:25.176 20030 20061 D UE4     : [2018.11.12-19.08.25:176][475]LogBlueprintUserMessages: [GoogleVRPawn_326] 
11-12 17:08:25.196 20030 20061 D UE4     : [2018.11.12-19.08.25:196][476]LogBlueprintUserMessages: [GoogleVRPawn_326] 
11-12 17:08:25.213 20030 20061 D UE4     : [2018.11.12-19.08.25:213][477]LogBlueprintUserMessages: [GoogleVRPawn_326] 
11-12 17:08:25.216 20030 20030 W Thread-2: type=1400 audit(0.0:24661): avc: denied { read } for name="stat" dev="proc" ino=4026532127 scontext=u:r:untrusted_app_25:s0:c512,c768 tcontext=u:object_r:proc_stat:s0 tclass=file permissive=0
11-12 17:08:25.229 20030 20061 D UE4     : [2018.11.12-19.08.25:229][478]LogBlueprintUserMessages: [GoogleVRPawn_326] 
11-12 17:08:25.247 20030 20061 D UE4     : [2018.11.12-19.08.25:246][479]LogBlueprintUserMessages: [GoogleVRPawn_326] 
11-12 17:08:25.261 20030 20061 D UE4     : [2018.11.12-19.08.25:261][480]LogBlueprintUserMessages: [GoogleVRPawn_326] 
11-12 17:08:25.280 20030 20061 D UE4     : [2018.11.12-19.08.25:280][481]LogBlueprintUserMessages: [GoogleVRPawn_326] 
11-12 17:08:25.297 20030 20061 D UE4     : [2018.11.12-19.08.25:297][482]LogBlueprintUserMessages: [GoogleVRPawn_326] 
11-12 17:08:25.312 20030 20061 D UE4     : [2018.11.12-19.08.25:312][483]LogBlueprintUserMessages: [GoogleVRPawn_326] 
11-12 17:08:25.316 20030 20030 W Thread-2: type=1400 audit(0.0:24662): avc: denied { read } for name="stat" dev="proc" ino=4026532127 scontext=u:r:untrusted_app_25:s0:c512,c768 tcontext=u:object_r:proc_stat:s0 tclass=file permissive=0
11-12 17:08:25.330 20030 20061 D UE4     : [2018.11.12-19.08.25:330][484]LogBlueprintUserMessages: [GoogleVRPawn_326] 
11-12 17:08:25.345 20030 20061 D UE4     : [2018.11.12-19.08.25:345][485]LogBlueprintUserMessages: [GoogleVRPawn_326] 
11-12 17:08:25.363 20030 20061 D UE4     : [2018.11.12-19.08.25:362][486]LogBlueprintUserMessages: [GoogleVRPawn_326] 
11-12 17:08:25.378 20030 20061 D UE4     : [2018.11.12-19.08.25:378][487]LogBlueprintUserMessages: [GoogleVRPawn_326] 
11-12 17:08:25.397 20030 20061 D UE4     : [2018.11.12-19.08.25:397][488]LogBlueprintUserMessages: [GoogleVRPawn_326] 
11-12 17:08:25.415 20030 20061 D UE4     : [2018.11.12-19.08.25:414][489]LogBlueprintUserMessages: [GoogleVRPawn_326] 
11-12 17:08:25.416 20030 20030 W Thread-2: type=1400 audit(0.0:24663): avc: denied { read } for name="stat" dev="proc" ino=4026532127 scontext=u:r:untrusted_app_25:s0:c512,c768 tcontext=u:object_r:proc_stat:s0 tclass=file permissive=0
11-12 17:08:25.429 20030 20061 D UE4     : [2018.11.12-19.08.25:429][490]LogBlueprintUserMessages: [GoogleVRPawn_326] 
11-12 17:08:25.445 20030 20061 D UE4     : [2018.11.12-19.08.25:445][491]LogBlueprintUserMessages: [GoogleVRPawn_326] 
11-12 17:08:25.461 20030 20061 D UE4     : [2018.11.12-19.08.25:461][492]LogBlueprintUserMessages: [GoogleVRPawn_326] 
11-12 17:08:25.480 20030 20061 D UE4     : [2018.11.12-19.08.25:480][493]LogBlueprintUserMessages: [GoogleVRPawn_326] 
11-12 17:08:25.499 20030 20061 D UE4     : [2018.11.12-19.08.25:498][494]LogBlueprintUserMessages: [GoogleVRPawn_326] 
11-12 17:08:25.515 20030 20061 D UE4     : [2018.11.12-19.08.25:515][495]LogBlueprintUserMessages: [GoogleVRPawn_326] 
11-12 17:08:25.529 20030 20061 D UE4     : [2018.11.12-19.08.25:529][496]LogBlueprintUserMessages: [GoogleVRPawn_326] 
11-12 17:08:25.536 20030 20030 W Thread-2: type=1400 audit(0.0:24664): avc: denied { read } for name="stat" dev="proc" ino=4026532127 scontext=u:r:untrusted_app_25:s0:c512,c768 tcontext=u:object_r:proc_stat:s0 tclass=file permissive=0
11-12 17:08:25.548 20030 20061 D UE4     : [2018.11.12-19.08.25:548][497]LogBlueprintUserMessages: [GoogleVRPawn_326] 
11-12 17:08:25.565 20030 20061 D UE4     : [2018.11.12-19.08.25:565][498]LogBlueprintUserMessages: [GoogleVRPawn_326] 
11-12 17:08:25.581 20030 20061 D UE4     : [2018.11.12-19.08.25:581][499]LogBlueprintUserMessages: [GoogleVRPawn_326] 
11-12 17:08:25.595 20030 20061 D UE4     : [2018.11.12-19.08.25:594][500]LogBlueprintUserMessages: [GoogleVRPawn_326] 
11-12 17:08:25.614 20030 20061 D UE4     : [2018.11.12-19.08.25:614][501]LogBlueprintUserMessages: [GoogleVRPawn_326] 
11-12 17:08:25.630 20030 20061 D UE4     : [2018.11.12-19.08.25:630][502]LogBlueprintUserMessages: [GoogleVRPawn_326] 
11-12 17:08:25.646 20030 20030 W Thread-2: type=1400 audit(0.0:24665): avc: denied { read } for name="stat" dev="proc" ino=4026532127 scontext=u:r:untrusted_app_25:s0:c512,c768 tcontext=u:object_r:proc_stat:s0 tclass=file permissive=0
11-12 17:08:25.646 20030 20061 D UE4     : [2018.11.12-19.08.25:646][503]LogBlueprintUserMessages: [GoogleVRPawn_326] 
11-12 17:08:25.663 20030 20061 D UE4     : [2018.11.12-19.08.25:663][504]LogBlueprintUserMessages: [GoogleVRPawn_326] 
11-12 17:08:25.681 20030 20061 D UE4     : [2018.11.12-19.08.25:681][505]LogBlueprintUserMessages: [GoogleVRPawn_326] Donut_O_Iluminado_382
11-12 17:08:25.696 20030 20061 D UE4     : [2018.11.12-19.08.25:696][506]LogBlueprintUserMessages: [GoogleVRPawn_326] Donut_O_Iluminado_382
11-12 17:08:25.713 20030 20061 D UE4     : [2018.11.12-19.08.25:713][507]LogBlueprintUserMessages: [GoogleVRPawn_326] Donut_O_Iluminado_382
11-12 17:08:25.729 20030 20061 D UE4     : [2018.11.12-19.08.25:729][508]LogBlueprintUserMessages: [GoogleVRPawn_326] Donut_O_Iluminado_382
11-12 17:08:25.746 20030 20061 D UE4     : [2018.11.12-19.08.25:746][509]LogBlueprintUserMessages: [GoogleVRPawn_326] Donut_O_Iluminado_382
11-12 17:08:25.763 20030 20061 D UE4     : [2018.11.12-19.08.25:763][510]LogBlueprintUserMessages: [GoogleVRPawn_326] Donut_O_Iluminado_382
11-12 17:08:25.766 20030 20030 W Thread-2: type=1400 audit(0.0:24666): avc: denied { read } for name="stat" dev="proc" ino=4026532127 scontext=u:r:untrusted_app_25:s0:c512,c768 tcontext=u:object_r:proc_stat:s0 tclass=file permissive=0
11-12 17:08:25.779 20030 20061 D UE4     : [2018.11.12-19.08.25:779][511]LogBlueprintUserMessages: [GoogleVRPawn_326] Donut_O_Iluminado_382
11-12 17:08:25.793 20030 20061 D UE4     : [2018.11.12-19.08.25:793][512]LogBlueprintUserMessages: [GoogleVRPawn_326] Donut_O_Iluminado_382
11-12 17:08:25.814 20030 20061 D UE4     : [2018.11.12-19.08.25:814][513]LogBlueprintUserMessages: [GoogleVRPawn_326] Donut_O_Iluminado_382
11-12 17:08:25.829 20030 20061 D UE4     : [2018.11.12-19.08.25:829][514]LogBlueprintUserMessages: [GoogleVRPawn_326] Donut_O_Iluminado_382
11-12 17:08:25.846 20030 20061 D UE4     : [2018.11.12-19.08.25:846][515]LogBlueprintUserMessages: [GoogleVRPawn_326] Donut_O_Iluminado_382
11-12 17:08:25.865 20030 20061 D UE4     : [2018.11.12-19.08.25:865][516]LogBlueprintUserMessages: [GoogleVRPawn_326] Donut_O_Iluminado_382
11-12 17:08:25.866 20030 20030 W Thread-2: type=1400 audit(0.0:24667): avc: denied { read } for name="stat" dev="proc" ino=4026532127 scontext=u:r:untrusted_app_25:s0:c512,c768 tcontext=u:object_r:proc_stat:s0 tclass=file permissive=0
11-12 17:08:25.881 20030 20061 D UE4     : [2018.11.12-19.08.25:881][517]LogBlueprintUserMessages: [GoogleVRPawn_326] Donut_O_Iluminado_382
11-12 17:08:25.895 20030 20061 D UE4     : [2018.11.12-19.08.25:895][518]LogBlueprintUserMessages: [GoogleVRPawn_326] Donut_O_Iluminado_382
11-12 17:08:25.913 20030 20061 D UE4     : [2018.11.12-19.08.25:913][519]LogBlueprintUserMessages: [GoogleVRPawn_326] Donut_O_Iluminado_382
11-12 17:08:25.930 20030 20061 D UE4     : [2018.11.12-19.08.25:930][520]LogBlueprintUserMessages: [GoogleVRPawn_326] Donut_O_Iluminado_382
11-12 17:08:25.947 20030 20061 D UE4     : [2018.11.12-19.08.25:947][521]LogBlueprintUserMessages: [GoogleVRPawn_326] Donut_O_Iluminado_382
11-12 17:08:25.963 20030 20061 D UE4     : [2018.11.12-19.08.25:963][522]LogBlueprintUserMessages: [GoogleVRPawn_326] Donut_O_Iluminado_382
11-12 17:08:25.966 20030 20030 W Thread-2: type=1400 audit(0.0:24668): avc: denied { read } for name="stat" dev="proc" ino=4026532127 scontext=u:r:untrusted_app_25:s0:c512,c768 tcontext=u:object_r:proc_stat:s0 tclass=file permissive=0
11-12 17:08:25.982 20030 20061 D UE4     : [2018.11.12-19.08.25:982][523]LogBlueprintUserMessages: [GoogleVRPawn_326] Donut_O_Iluminado_382
11-12 17:08:25.998 20030 20061 D UE4     : [2018.11.12-19.08.25:998][524]LogBlueprintUserMessages: [GoogleVRPawn_326] Donut_O_Iluminado_382
11-12 17:08:26.014 20030 20061 D UE4     : [2018.11.12-19.08.26:014][525]LogBlueprintUserMessages: [GoogleVRPawn_326] Donut_O_Iluminado_382
11-12 17:08:26.032 20030 20061 D UE4     : [2018.11.12-19.08.26:032][526]LogBlueprintUserMessages: [GoogleVRPawn_326] Donut_O_Iluminado_382
11-12 17:08:26.045 20030 20061 D UE4     : [2018.11.12-19.08.26:045][527]LogBlueprintUserMessages: [GoogleVRPawn_326] Donut_O_Iluminado_382
11-12 17:08:26.065 20030 20061 D UE4     : [2018.11.12-19.08.26:065][528]LogBlueprintUserMessages: [GoogleVRPawn_326] Donut_O_Iluminado_382
11-12 17:08:26.066 20030 20030 W Thread-2: type=1400 audit(0.0:24669): avc: denied { read } for name="stat" dev="proc" ino=4026532127 scontext=u:r:untrusted_app_25:s0:c512,c768 tcontext=u:object_r:proc_stat:s0 tclass=file permissive=0
11-12 17:08:26.082 20030 20061 D UE4     : [2018.11.12-19.08.26:082][529]LogBlueprintUserMessages: [GoogleVRPawn_326] Donut_O_Iluminado_382
11-12 17:08:26.096 20030 20061 D UE4     : [2018.11.12-19.08.26:096][530]LogBlueprintUserMessages: [GoogleVRPawn_326] Donut_O_Iluminado_382
11-12 17:08:26.115 20030 20061 D UE4     : [2018.11.12-19.08.26:115][531]LogBlueprintUserMessages: [GoogleVRPawn_326] Donut_O_Iluminado_382
11-12 17:08:26.132 20030 20061 D UE4     : [2018.11.12-19.08.26:132][532]LogBlueprintUserMessages: [GoogleVRPawn_326] Donut_O_Iluminado_382
11-12 17:08:26.146 20030 20061 D UE4     : [2018.11.12-19.08.26:146][533]LogBlueprintUserMessages: [GoogleVRPawn_326] Donut_O_Iluminado_382
11-12 17:08:26.164 20030 20061 D UE4     : [2018.11.12-19.08.26:164][534]LogBlueprintUserMessages: [GoogleVRPawn_326] Donut_O_Iluminado_382
11-12 17:08:26.166 20030 20030 W Thread-2: type=1400 audit(0.0:24670): avc: denied { read } for name="stat" dev="proc" ino=4026532127 scontext=u:r:untrusted_app_25:s0:c512,c768 tcontext=u:object_r:proc_stat:s0 tclass=file permissive=0
11-12 17:08:26.183 20030 20061 D UE4     : [2018.11.12-19.08.26:183][535]LogBlueprintUserMessages: [GoogleVRPawn_326] Donut_O_Iluminado_382
11-12 17:08:26.197 20030 20061 D UE4     : [2018.11.12-19.08.26:197][536]LogBlueprintUserMessages: [GoogleVRPawn_326] Donut_O_Iluminado_382
11-12 17:08:26.216 20030 20061 D UE4     : [2018.11.12-19.08.26:216][537]LogBlueprintUserMessages: [GoogleVRPawn_326] 
11-12 17:08:26.231 20030 20061 D UE4     : [2018.11.12-19.08.26:231][538]LogBlueprintUserMessages: [GoogleVRPawn_326] 
11-12 17:08:26.247 20030 20061 D UE4     : [2018.11.12-19.08.26:247][539]LogBlueprintUserMessages: [GoogleVRPawn_326] 
11-12 17:08:26.265 20030 20061 D UE4     : [2018.11.12-19.08.26:265][540]LogBlueprintUserMessages: [GoogleVRPawn_326] 
11-12 17:08:26.281 20030 20061 D UE4     : [2018.11.12-19.08.26:281][541]LogBlueprintUserMessages: [GoogleVRPawn_326] 
11-12 17:08:26.286 20030 20030 W Thread-2: type=1400 audit(0.0:24671): avc: denied { read } for name="stat" dev="proc" ino=4026532127 scontext=u:r:untrusted_app_25:s0:c512,c768 tcontext=u:object_r:proc_stat:s0 tclass=file permissive=0
11-12 17:08:26.297 20030 20061 D UE4     : [2018.11.12-19.08.26:297][542]LogBlueprintUserMessages: [GoogleVRPawn_326] 
11-12 17:08:26.315 20030 20061 D UE4     : [2018.11.12-19.08.26:315][543]LogBlueprintUserMessages: [GoogleVRPawn_326] 
11-12 17:08:26.332 20030 20061 D UE4     : [2018.11.12-19.08.26:332][544]LogBlueprintUserMessages: [GoogleVRPawn_326] 
11-12 17:08:26.348 20030 20061 D UE4     : [2018.11.12-19.08.26:348][545]LogBlueprintUserMessages: [GoogleVRPawn_326] 
11-12 17:08:26.363 20030 20061 D UE4     : [2018.11.12-19.08.26:363][546]LogBlueprintUserMessages: [GoogleVRPawn_326] 
11-12 17:08:26.382 20030 20061 D UE4     : [2018.11.12-19.08.26:382][547]LogBlueprintUserMessages: [GoogleVRPawn_326] 
11-12 17:08:26.397 20030 20061 D UE4     : [2018.11.12-19.08.26:397][548]LogBlueprintUserMessages: [GoogleVRPawn_326] 
11-12 17:08:26.406 20030 20030 W Thread-2: type=1400 audit(0.0:24672): avc: denied { read } for name="stat" dev="proc" ino=4026532127 scontext=u:r:untrusted_app_25:s0:c512,c768 tcontext=u:object_r:proc_stat:s0 tclass=file permissive=0
11-12 17:08:26.416 20030 20061 D UE4     : [2018.11.12-19.08.26:416][549]LogBlueprintUserMessages: [GoogleVRPawn_326] 
11-12 17:08:26.431 20030 20061 D UE4     : [2018.11.12-19.08.26:431][550]LogBlueprintUserMessages: [GoogleVRPawn_326] 
11-12 17:08:26.448 20030 20061 D UE4     : [2018.11.12-19.08.26:448][551]LogBlueprintUserMessages: [GoogleVRPawn_326] 
11-12 17:08:26.466 20030 20061 D UE4     : [2018.11.12-19.08.26:466][552]LogBlueprintUserMessages: [GoogleVRPawn_326] 
11-12 17:08:26.483 20030 20061 D UE4     : [2018.11.12-19.08.26:483][553]LogBlueprintUserMessages: [GoogleVRPawn_326] 
11-12 17:08:26.499 20030 20061 D UE4     : [2018.11.12-19.08.26:499][554]LogBlueprintUserMessages: [GoogleVRPawn_326] 
11-12 17:08:26.506 20030 20030 W Thread-2: type=1400 audit(0.0:24673): avc: denied { read } for name="stat" dev="proc" ino=4026532127 scontext=u:r:untrusted_app_25:s0:c512,c768 tcontext=u:object_r:proc_stat:s0 tclass=file permissive=0
