12-08 19:06:50.759  3306  3306 D CarrierText: N=1
12-08 19:06:50.760  2821  2900 D CompatibilityInfo: mCompatibilityFlags - 0
12-08 19:06:50.760  2821  2900 D CompatibilityInfo: applicationDensity - 480
12-08 19:06:50.760  2821  2900 D CompatibilityInfo: applicationScale - 1.0
12-08 19:06:50.760  3306  3686 D NetworkController.MobileSignalController(2): notifyListeners NetworkCountryIso=br
12-08 19:06:50.761  3306  3306 D CarrierText: isBrazilCountryCode subId=2 simCountryISO=br result=true
12-08 19:06:50.762  3306  3686 D NetworkController: onReceive: intent=Intent { act=android.intent.action.SERVICE_STATE flg=0x1000010 (has extras) }
12-08 19:06:50.763 30068 30068 V AsusCellBroadcast: [CellBroadcastReceiver] onReceive Intent { act=android.intent.action.SERVICE_STATE flg=0x1000010 cmp=com.android.cellbroadcastreceiver/.CellBroadcastReceiver (has extras) } , privileged=false
12-08 19:06:50.766  3463  3635 I QCNEJ/CndHalConnector: -> SND notifyWwanSubtypeChanged(13)
12-08 19:06:50.766  3306  3306 D CarrierText: i=0 subId=2 status=Normal ss=true
12-08 19:06:50.766  3306  3306 D CarrierText: getRoaming=false
12-08 19:06:50.766  3306  3306 D CarrierText: Handling (subId=2): READY Vivo
12-08 19:06:50.768  3306  3306 D CarrierText: Handling subId=2 simState=READY carrierName=Vivo carrierTextForSimState=Vivo mSimSlotMessage={2=VIVO SP 11}
12-08 19:06:50.769  3306  3306 D CarrierText: subId=2 voice_network_type=13 network_class=3 is2G=false hasService=true
12-08 19:06:50.769  3306  3306 D CarrierText: displayText=null carrierTextForSimState=Vivo
12-08 19:06:50.769  3306  3306 D CarrierText: SIM ready and in service: subId=2, ss=0 0 voice home data home VIVO VIVO 72410 VIVO VIVO 72410  LTE LTE CSS not supported -1 -1 RoamInd=-1 DefRoamInd=-1 EmergOnly=false IsDataRoamingFromRegistration=false IsUsingCarrierAggregation=true mLteEarfcnRsrpBoost=0
12-08 19:06:50.769  3306  3306 D CarrierText: displayText--Vivo
12-08 19:06:50.770  3463  3635 I QCNEJ/CndHalConnector: -> SND notifyMobileDataEnabledChanged(true)
12-08 19:06:50.786  2821  4255 D CompatibilityInfo: mCompatibilityFlags - 0
12-08 19:06:50.786  2821  4255 D CompatibilityInfo: applicationDensity - 480
12-08 19:06:50.786  2821  4255 D CompatibilityInfo: applicationScale - 1.0
12-08 19:06:50.789  2441  2778 E NetlinkEvent: NetlinkEvent::FindParam(): Parameter 'INTERFACE' not found
12-08 19:06:50.789  2441  2778 E NetlinkEvent: NetlinkEvent::FindParam(): Parameter 'STATE' not found
12-08 19:06:50.789  2441  2778 E NetlinkEvent: NetlinkEvent::FindParam(): Parameter 'TIME_NS' not found
12-08 19:06:50.789  2441  2778 E NetlinkEvent: NetlinkEvent::FindParam(): Parameter 'UID' not found
12-08 19:06:50.791  3517  3517 D PhoneGlobals: [mPhoneStateListener] onServiceStateChanged, subId[0] = 2, phoneId = 0
12-08 19:06:50.791  3517  3517 D PhoneGlobals: [mPhoneStateListener] onServiceStateChanged, state.getState() = 0
12-08 19:06:50.791  3517  3517 D PhoneGlobals: [mPhoneStateListener] onServiceStateChanged, isNonRoamingInService = true
12-08 19:06:50.792  3755  3755 W ContextImpl: Calling a method in the system process without a qualified user: android.app.ContextImpl.sendBroadcast:965 android.content.ContextWrapper.sendBroadcast:447 com.asus.mobilemanagerservice.MobileManagerService$b.onReceive:54 android.app.LoadedApk$ReceiverDispatcher$Args.lambda$-android_app_LoadedApk$ReceiverDispatcher$Args_51298:1299 android.app.-$Lambda$FilBqgnXJrN9Mgyks1XHeAxzSTk.$m$0:4 
12-08 19:06:50.792  3517  3517 D TeleService: [TELESERVICE][AsusPhoneUtils]: checkRoamingStateForPrompt(), bRoaming = false, slot = 0
12-08 19:06:50.792  3517  3517 D PhoneGlobals: [mPhoneStateListener] onServiceStateChanged, state.getRoaming() = false, getPhone(subId[0]).getDataRoamingEnabled() = false
12-08 19:06:50.792  3517  3517 D [TELESERVICE][AsusPhoneUtils]: getMobileSlot(): slotId = 0
12-08 19:06:50.792  3517  3517 D TeleService: [TELESERVICE][AsusPhoneUtils]: getRoamingNotificationDB: iRoamingNotificationState = 1, ret = true
12-08 19:06:50.792  3517  3517 D PhoneGlobals: [mPhoneStateListener] onServiceStateChanged, mobileDataOn = true
12-08 19:06:50.792  3517  3517 D PhoneGlobals: onServiceStateChanged(): mServiceState = 0, mServiceState2 = 1
12-08 19:06:50.792  3517  3517 D PhoneGlobals: onReceive(): action = android.intent.action.SERVICE_STATE
12-08 19:06:50.792  3517  3517 D TeleService: PhoneGlobals: mReceiver: ACTION_SERVICE_STATE_CHANGED
12-08 19:06:50.793  3517  3517 D PhoneGlobals: handleServiceStateChanged: intent = Intent { act=android.intent.action.SERVICE_STATE flg=0x1000010 (has extras) }
12-08 19:06:50.793  3517  3517 D PhoneGlobals: handleServiceStateChanged: state = 0, ss.getVoiceRoaming() = false
12-08 19:06:50.793  3517  3517 D [TELESERVICE][AsusPhoneUtils]: setHasShowedmRoamingDialog(): on = false, slotId = 0
12-08 19:06:50.794  3517  3517 D [TELESERVICE][AsusPhoneUtils]: getMobileSlot(): slotId = 0
12-08 19:06:50.794  3463  3463 W DPMJ    : |SERVICE| DPM received ACTION_ANY_DATA_CONNECTION_STATE_CHANGEDdefault
12-08 19:06:50.794  3463  3463 W DPMJ    : |SERVICE| If apn type is default ->default
12-08 19:06:50.795  3517  3517 D PhoneGlobals: onReceive(): action = android.intent.action.ANY_DATA_STATE
12-08 19:06:50.795  3306  3306 D MoreNotificationIcon: implementMoreNotificationIcon(false)
12-08 19:06:50.796  3306  3306 D StatusBar: android checkMoreIconColorize: !isPreL: true isGrayscale: true
12-08 19:06:50.796  3306  3306 D StatusBar: com.whatsapp checkMoreIconColorize: !isPreL: true isGrayscale: true
12-08 19:06:50.796  6692  6692 D SimCardReceiver: onReceive actioncode: android.intent.action.SERVICE_STATE
12-08 19:06:50.799  3517  3517 D PhoneGlobals: mReceiver: android.intent.action.ANY_DATA_STATE
12-08 19:06:50.799  3517  3517 D PhoneGlobals: - state: CONNECTED
12-08 19:06:50.799  3517  3517 D PhoneGlobals: - reason: null
12-08 19:06:50.799  3517  3517 D PhoneGlobals: - subId: 2
12-08 19:06:50.799  3517  3517 D PhoneGlobals: - phoneId: 0
12-08 19:06:50.799  3517  3517 D [TELESERVICE][AsusPhoneUtils]: getMobileSlot(): slotId = 0
12-08 19:06:50.799  3517  3517 D TeleService: PhoneGlobals: mReceiver: ACTION_ANY_DATA_CONNECTION_STATE_CHANGED: subId = 2
12-08 19:06:50.799  3517  3517 D TeleService: PhoneGlobals: mReceiver: ACTION_ANY_DATA_CONNECTION_STATE_CHANGED: mDataDisconnectedDueToRoaming = false
12-08 19:06:50.799  3517  3517 D TeleService: PhoneGlobals: mReceiver: ACTION_ANY_DATA_CONNECTION_STATE_CHANGED: phone.getDataRoamingEnabled = false
12-08 19:06:50.799  3517  3517 D PhoneGlobals: handleMessage() msg.what: 102
12-08 19:06:50.800  3517  3517 D PhoneGlobals: handleMessage() msg.what: 11
12-08 19:06:50.800  3517  3517 D TeleService: PhoneGlobals: mHandler: EVENT_DATA_ROAMING_OK
12-08 19:06:50.804  6692 15675 D PhoneCapabilityTester: sim1 isActive = true
12-08 19:06:50.805  6692 15675 D PhoneCapabilityTester: sim2 isActive = false
12-08 19:06:50.806 15410 15410 W Thread-2: type=1400 audit(0.0:11494): avc: denied { read } for name="stat" dev="proc" ino=4026532127 scontext=u:r:untrusted_app_25:s0:c512,c768 tcontext=u:object_r:proc_stat:s0 tclass=file permissive=0
12-08 19:06:50.811  3463  3635 I QCNEJ/CndHalConnector: -> SND notifyRatConnectionStatusChanged(rat = 0, CONNECTED)
12-08 19:06:50.813  2821  4255 D CompatibilityInfo: mCompatibilityFlags - 0
12-08 19:06:50.814  2821  4255 D CompatibilityInfo: applicationDensity - 480
12-08 19:06:50.814  2821  4255 D CompatibilityInfo: applicationScale - 1.0
12-08 19:06:50.817 28046 28046 I CarrierServices: [2] ServiceStateReceiver.onReceive: Received SERVICE_STATE intent.
12-08 19:06:50.832  2821  4255 D CompatibilityInfo: mCompatibilityFlags - 0
12-08 19:06:50.832  2821  4255 D CompatibilityInfo: applicationDensity - 480
12-08 19:06:50.832  2821  4255 D CompatibilityInfo: applicationScale - 1.0
12-08 19:06:50.906 15410 15410 W Thread-2: type=1400 audit(0.0:11495): avc: denied { read } for name="stat" dev="proc" ino=4026532127 scontext=u:r:untrusted_app_25:s0:c512,c768 tcontext=u:object_r:proc_stat:s0 tclass=file permissive=0
12-08 19:06:50.973  3711  3749 I QcrilOemhookMsgTunnel: [0]processOemHookIndication length=21
12-08 19:06:50.974  3711  3749 I QcrilOemhookMsgTunnel: [0]Response ID in RIL_UNSOL_OEM_HOOK_RAW is 525306
12-08 19:06:50.974  3711  3711 D QcrilMsgTunnelIfaceManager: handleMessage what = 0
12-08 19:06:50.979  3306  3686 D NetworkController.MobileSignalController(2): onSignalStrengthsChanged signalStrength=SignalStrength: 99 0 0 -120 -160 -120 -1 -1 29 -77 -7 196 2147483647 0 2147483647 gsm|lte level=5
12-08 19:06:50.979  3306  3686 D NetworkController.MobileSignalController(2): updateTelephonySignalStrength: hasService=true ss=SignalStrength: 99 0 0 -120 -160 -120 -1 -1 29 -77 -7 196 2147483647 0 2147483647 gsm|lte
12-08 19:06:50.979  3482  3482 D QC_RIL_OEM_HOOK: Received Broadcast Intent ACTION_UNSOL_RESPONSE_OEM_HOOK_RAW
12-08 19:06:50.980  3482  3482 D QC_RIL_OEM_HOOK: Oem ID in QCRILHOOK UNSOL RESP is QOEMHOOK
12-08 19:06:50.986  3711  3749 I QcrilOemhookMsgTunnel: [0]processOemHookIndication length=21
12-08 19:06:50.986  3517  3748 D PhoneInterfaceManager: isWifiCallingAvailable: sub Id : 2
12-08 19:06:50.986  3711  3749 I QcrilOemhookMsgTunnel: [0]Response ID in RIL_UNSOL_OEM_HOOK_RAW is 525306
12-08 19:06:50.987  3711  3711 D QcrilMsgTunnelIfaceManager: handleMessage what = 0
12-08 19:06:50.988  3306  3686 D NetworkController.MobileSignalController(2): isWifiCallingAvailable=false
12-08 19:06:50.992  3482  3482 D QC_RIL_OEM_HOOK: Received Broadcast Intent ACTION_UNSOL_RESPONSE_OEM_HOOK_RAW
12-08 19:06:50.992  3517  3517 D QC_RIL_OEM_HOOK: Received Broadcast Intent ACTION_UNSOL_RESPONSE_OEM_HOOK_RAW
12-08 19:06:50.992  3482  3482 D QC_RIL_OEM_HOOK: Oem ID in QCRILHOOK UNSOL RESP is QOEMHOOK
12-08 19:06:50.993  3517  3517 D QC_RIL_OEM_HOOK: Oem ID in QCRILHOOK UNSOL RESP is QOEMHOOK
12-08 19:06:50.993  3517  3517 D QC_RIL_OEM_HOOK: Received Broadcast Intent ACTION_UNSOL_RESPONSE_OEM_HOOK_RAW
12-08 19:06:50.993  3517  3517 D QC_RIL_OEM_HOOK: Oem ID in QCRILHOOK UNSOL RESP is QOEMHOOK
12-08 19:06:50.993  3517  4008 D PhoneInterfaceManager: isVolteAvailable: sub Id : 2
12-08 19:06:50.993  3306  3686 D NetworkController.MobileSignalController(2): isVolteAvailable=false
12-08 19:06:50.994  3517  4008 D PhoneInterfaceManager: isVideoTelephonyAvailable: sub Id : 2
12-08 19:06:50.994  3517  3517 D QC_RIL_OEM_HOOK: Received Broadcast Intent ACTION_UNSOL_RESPONSE_OEM_HOOK_RAW
12-08 19:06:50.994  3517  3517 D QC_RIL_OEM_HOOK: Oem ID in QCRILHOOK UNSOL RESP is QOEMHOOK
12-08 19:06:50.994  3517  3517 D QC_RIL_OEM_HOOK: Received Broadcast Intent ACTION_UNSOL_RESPONSE_OEM_HOOK_RAW
12-08 19:06:50.994  3306  3686 D NetworkController.MobileSignalController(2): isVideoTelephonyAvailable=false
12-08 19:06:50.995  3517  3517 D QC_RIL_OEM_HOOK: Oem ID in QCRILHOOK UNSOL RESP is QOEMHOOK
12-08 19:06:50.999  3306  3686 D NetworkController.MobileSignalController(2): onSignalStrengthsChanged signalStrength=SignalStrength: 99 0 0 -120 -160 -120 -1 -1 29 -77 -7 196 2147483647 0 2147483647 gsm|lte level=5
12-08 19:06:50.999  3306  3686 D NetworkController.MobileSignalController(2): updateTelephonySignalStrength: hasService=true ss=SignalStrength: 99 0 0 -120 -160 -120 -1 -1 29 -77 -7 196 2147483647 0 2147483647 gsm|lte
12-08 19:06:50.999  3517  4008 D PhoneInterfaceManager: isWifiCallingAvailable: sub Id : 2
12-08 19:06:50.999  3306  3686 D NetworkController.MobileSignalController(2): isWifiCallingAvailable=false
12-08 19:06:51.000  3517  4008 D PhoneInterfaceManager: isVolteAvailable: sub Id : 2
12-08 19:06:51.000  3306  3686 D NetworkController.MobileSignalController(2): isVolteAvailable=false
12-08 19:06:51.001  3517  4008 D PhoneInterfaceManager: isVideoTelephonyAvailable: sub Id : 2
12-08 19:06:51.001  3306  3686 D NetworkController.MobileSignalController(2): isVideoTelephonyAvailable=false
12-08 19:06:51.006 15410 15410 W Thread-2: type=1400 audit(0.0:11496): avc: denied { read } for name="stat" dev="proc" ino=4026532127 scontext=u:r:untrusted_app_25:s0:c512,c768 tcontext=u:object_r:proc_stat:s0 tclass=file permissive=0
12-08 19:06:51.646 15410 15410 I chatty  : uid=10193(u0_a193) com.YourCompany.SkyVision identical 6 lines
12-08 19:06:51.756 15410 15410 W Thread-2: type=1400 audit(0.0:11503): avc: denied { read } for name="stat" dev="proc" ino=4026532127 scontext=u:r:untrusted_app_25:s0:c512,c768 tcontext=u:object_r:proc_stat:s0 tclass=file permissive=0
12-08 19:06:51.775  3306  3686 D NetworkController: onReceive: intent=Intent { act=android.net.wifi.RSSI_CHANGED flg=0x4000010 (has extras) }
12-08 19:06:51.779  3306  3686 D NetworkController.WifiSignalController: Change in state from: connected=true,enabled=true,level=2,inetCondition=1,iconGroup=IconGroup(Wi-Fi Icons),activityIn=true,activityOut=true,rssi=-72,lastModified=12-08 07:06:48,ssid="GIOVANE_2.4",badgeEnum=0,isTransient=false
12-08 19:06:51.779  3306  3686 D NetworkController.WifiSignalController: 	to: connected=true,enabled=true,level=4,inetCondition=1,iconGroup=IconGroup(Wi-Fi Icons),activityIn=true,activityOut=true,rssi=-63,lastModified=12-08 07:06:48,ssid="GIOVANE_2.4",badgeEnum=0,isTransient=false
12-08 19:06:51.787 28046 28087 I CarrierServices: [6885] bxd.a: FiST: Wifi connectivity status true
12-08 19:06:51.790 28046 28129 I CarrierServices: [6905] bei.handleMessage: RCS is disabled, skipping config update request
12-08 19:06:51.792 28046 28087 I CarrierServices: [6885] bxi.d: Connected state: [1], networkType: [WIFI]
12-08 19:06:51.796 28046 28153 I CarrierServices: [6912] dax.a: CarrierServices.apk is not sim call manager. Not enabling MMTel.
12-08 19:06:51.797 28046 28153 I CarrierServices: [6912] bda.run: (MMTel): : Ignoring Network Change based on IMS preferences
12-08 19:06:51.797  3306  3306 D MoreNotificationIcon: implementMoreNotificationIcon(false)
12-08 19:06:51.797  3306  3306 D StatusBar: android checkMoreIconColorize: !isPreL: true isGrayscale: true
12-08 19:06:51.797  3306  3306 D StatusBar: com.whatsapp checkMoreIconColorize: !isPreL: true isGrayscale: true
12-08 19:06:51.876 15410 15410 W Thread-2: type=1400 audit(0.0:11504): avc: denied { read } for name="stat" dev="proc" ino=4026532127 scontext=u:r:untrusted_app_25:s0:c512,c768 tcontext=u:object_r:proc_stat:s0 tclass=file permissive=0
12-08 19:06:54.426 15410 15410 I chatty  : uid=10193(u0_a193) com.YourCompany.SkyVision identical 24 lines
12-08 19:06:54.526 15410 15410 W Thread-2: type=1400 audit(0.0:11529): avc: denied { read } for name="stat" dev="proc" ino=4026532127 scontext=u:r:untrusted_app_25:s0:c512,c768 tcontext=u:object_r:proc_stat:s0 tclass=file permissive=0
12-08 19:06:54.588  3755  3755 D FOCUS_FOREGROUND_MONITOR: HIT: [AutoCCT] v1.1.0 Update CS(10) L(57) success
12-08 19:06:54.646 15410 15410 W Thread-2: type=1400 audit(0.0:11530): avc: denied { read } for name="stat" dev="proc" ino=4026532127 scontext=u:r:untrusted_app_25:s0:c512,c768 tcontext=u:object_r:proc_stat:s0 tclass=file permissive=0
12-08 19:06:54.766 15410 15410 W Thread-2: type=1400 audit(0.0:11531): avc: denied { read } for name="stat" dev="proc" ino=4026532127 scontext=u:r:untrusted_app_25:s0:c512,c768 tcontext=u:object_r:proc_stat:s0 tclass=file permissive=0
12-08 19:06:54.791  3306  3686 D NetworkController: onReceive: intent=Intent { act=android.net.wifi.RSSI_CHANGED flg=0x4000010 (has extras) }
12-08 19:06:54.798 28046 28087 I CarrierServices: [6885] bxd.a: FiST: Wifi connectivity status true
12-08 19:06:54.800 28046 28087 I CarrierServices: [6885] bxi.d: Connected state: [1], networkType: [WIFI]
12-08 19:06:54.800 28046 28129 I CarrierServices: [6905] bei.handleMessage: RCS is disabled, skipping config update request
12-08 19:06:54.803  3306  3686 D NetworkController.WifiSignalController: Change in state from: connected=true,enabled=true,level=4,inetCondition=1,iconGroup=IconGroup(Wi-Fi Icons),activityIn=true,activityOut=true,rssi=-63,lastModified=12-08 07:06:51,ssid="GIOVANE_2.4",badgeEnum=0,isTransient=false
12-08 19:06:54.803  3306  3686 D NetworkController.WifiSignalController: 	to: connected=true,enabled=true,level=3,inetCondition=1,iconGroup=IconGroup(Wi-Fi Icons),activityIn=true,activityOut=true,rssi=-66,lastModified=12-08 07:06:51,ssid="GIOVANE_2.4",badgeEnum=0,isTransient=false
12-08 19:06:54.806 28046 28153 I CarrierServices: [6912] dax.a: CarrierServices.apk is not sim call manager. Not enabling MMTel.
12-08 19:06:54.807 28046 28153 I CarrierServices: [6912] bda.run: (MMTel): : Ignoring Network Change based on IMS preferences
12-08 19:06:54.808  3306  3306 D MoreNotificationIcon: implementMoreNotificationIcon(false)
12-08 19:06:54.809  3306  3306 D StatusBar: android checkMoreIconColorize: !isPreL: true isGrayscale: true
12-08 19:06:54.810  3306  3306 D StatusBar: com.whatsapp checkMoreIconColorize: !isPreL: true isGrayscale: true
12-08 19:06:54.876 15410 15410 W Thread-2: type=1400 audit(0.0:11532): avc: denied { read } for name="stat" dev="proc" ino=4026532127 scontext=u:r:untrusted_app_25:s0:c512,c768 tcontext=u:object_r:proc_stat:s0 tclass=file permissive=0
12-08 19:06:55.587  2821  2969 D AutomaticBrightnessController: level = 33,mNightnessScreenLevelThresThold=54
12-08 19:06:55.588  2821  2969 D AutomaticBrightnessController: mAmbientLux=53.934547, ambientBrightLux=53.934547, ambientDimLux=51.401196, mBrighteningLuxThreshold=215.73819, mDarkeningLuxThreshold=2.696728, mAmbientLightRingBuffer=[29.0 / 203ms, 22.0 / 297ms, 24.0 / 300ms, 42.0 / 300ms, 57.0 / 302ms, 42.0 / 298ms, 47.0 / 300ms, 51.0 / 300ms, 53.0 / 300ms, 54.0 / 300ms, 53.0 / 321ms, 55.0 / 299ms, 53.0 / 300ms, 57.0 / 181ms]
12-08 19:06:55.588  2821  2969 D AutomaticBrightnessController: updateAutoBrightness: mScreenAutoBrightness=33, newScreenAutoBrightness=46, in=38.035995, out=45.643196,gain=1.2,mNightnessLevelThresThold=54
12-08 19:06:55.588  2821  2969 I DisplayPowerController: setScreenState  mPowerState.getScreenState(): ON to state: ON
12-08 19:06:55.589  2821  2969 D DisplayPowerController: Unfinished business...
12-08 19:06:55.618  2821  3285 V LightsService: set display brightness [3]=34,Id=0
12-08 19:06:55.667  2821  3285 V LightsService: set display brightness [4]=35,Id=0
12-08 19:06:55.718  2821  3285 V LightsService: set display brightness [5]=36,Id=0
12-08 19:06:55.746 15410 15410 I chatty  : uid=10193(u0_a193) com.YourCompany.SkyVision identical 8 lines
12-08 19:06:55.846 15410 15410 W Thread-2: type=1400 audit(0.0:11541): avc: denied { read } for name="stat" dev="proc" ino=4026532127 scontext=u:r:untrusted_app_25:s0:c512,c768 tcontext=u:object_r:proc_stat:s0 tclass=file permissive=0
12-08 19:06:55.887  2421  2461 D         : DpmQmiMgr areAllIfaceActive 
12-08 19:06:55.966 15410 15410 W Thread-2: type=1400 audit(0.0:11542): avc: denied { read } for name="stat" dev="proc" ino=4026532127 scontext=u:r:untrusted_app_25:s0:c512,c768 tcontext=u:object_r:proc_stat:s0 tclass=file permissive=0
12-08 19:06:56.218  2821  2969 I DisplayPowerController: setScreenState  mPowerState.getScreenState(): ON to state: ON
12-08 19:06:56.218  2821  2969 D DisplayPowerController: Finished business...
12-08 19:06:59.876 15410 15410 I chatty  : uid=10193(u0_a193) com.YourCompany.SkyVision identical 37 lines
12-08 19:06:59.996 15410 15410 W Thread-2: type=1400 audit(0.0:11580): avc: denied { read } for name="stat" dev="proc" ino=4026532127 scontext=u:r:untrusted_app_25:s0:c512,c768 tcontext=u:object_r:proc_stat:s0 tclass=file permissive=0
12-08 19:07:00.015  2821  2900 D CompatibilityInfo: mCompatibilityFlags - 0
12-08 19:07:00.016  2821  2900 D CompatibilityInfo: applicationDensity - 480
12-08 19:07:00.016  2821  2900 D CompatibilityInfo: applicationScale - 1.0
12-08 19:07:00.018  3306  3306 D KeyguardUpdateMonitor: received broadcast android.intent.action.TIME_TICK
12-08 19:07:00.018  3306  3306 D KeyguardUpdateMonitor: handleTimeUpdate
12-08 19:07:00.019  3306  3306 I keyguard: AsusFirstKGUnlockedMonitor:getSettingsForFirstKGUnlocked()  settings: true
12-08 19:07:00.019  3755  3755 D FOCUS_FOREGROUND_MONITOR: HIT: [AutoCCT] v1.1.0 Update CS(8) L(20) success
12-08 19:07:00.035  3306  3804 D StatusBar.Clock: Receive ACTION_TIME_TICK
12-08 19:07:00.041  3306  3804 I chatty  : uid=10018(u0_a18) TimeTick identical 1 line
12-08 19:07:00.065  3306  3804 D StatusBar.Clock: Receive ACTION_TIME_TICK
12-08 19:07:00.106 15410 15410 W Thread-2: type=1400 audit(0.0:11581): avc: denied { read } for name="stat" dev="proc" ino=4026532127 scontext=u:r:untrusted_app_25:s0:c512,c768 tcontext=u:object_r:proc_stat:s0 tclass=file permissive=0
12-08 19:07:00.146  3306  3306 D keyguard: AsusSimpleDigitalClockForFBE:mTimeUpdateReceiver action:android.intent.action.TIME_TICK
12-08 19:07:00.147  3306  3306 I keyguard: AsusSimpleDigitalClockForFBE:updateTime  hour:19  min:07
12-08 19:07:00.154  2821  3206 D CompatibilityInfo: mCompatibilityFlags - 0
12-08 19:07:00.154  2821  3206 D CompatibilityInfo: applicationDensity - 480
12-08 19:07:00.154  2821  3206 D CompatibilityInfo: applicationScale - 1.0
12-08 19:07:00.206 15410 15410 W Thread-2: type=1400 audit(0.0:11582): avc: denied { read } for name="stat" dev="proc" ino=4026532127 scontext=u:r:untrusted_app_25:s0:c512,c768 tcontext=u:object_r:proc_stat:s0 tclass=file permissive=0
12-08 19:07:00.224  4312  4710 I AnimationIconReceiver: Get animation icon from Method 4= [com.asus.deskclock] 216 x 216
12-08 19:07:00.224  4312  4710 D AnimationIconReceiver: get app package name: com.asus.deskclock class name: com.asus.deskclock.DeskClock size: 216
12-08 19:07:00.224  4312  4710 W Launcher: setApplicationContext called twice! old=com.android.launcher3.LauncherApplication@d3c5bb new=com.android.launcher3.LauncherApplication@d3c5bb
12-08 19:07:00.326 15410 15410 W Thread-2: type=1400 audit(0.0:11583): avc: denied { read } for name="stat" dev="proc" ino=4026532127 scontext=u:r:untrusted_app_25:s0:c512,c768 tcontext=u:object_r:proc_stat:s0 tclass=file permissive=0
12-08 19:07:00.417  4312  4710 D AnimationIconReceiver: update icon to DB - pkg: com.asus.deskclock clz: com.asus.deskclock.DeskClock isEnable: true
12-08 19:07:00.417  4312  4710 D AnimationIconReceiver: get animation icon but doesn't flush immediately because mUseInstallQueue: true launcherNotLoaded: false
12-08 19:07:00.426 15410 15410 W Thread-2: type=1400 audit(0.0:11584): avc: denied { read } for name="stat" dev="proc" ino=4026532127 scontext=u:r:untrusted_app_25:s0:c512,c768 tcontext=u:object_r:proc_stat:s0 tclass=file permissive=0
12-08 19:07:00.908  2821  2915 D BatteryStatsService: updateFlags s=4
12-08 19:07:01.166 15410 15410 I chatty  : uid=10193(u0_a193) com.YourCompany.SkyVision identical 7 lines
12-08 19:07:01.276 15410 15410 W Thread-2: type=1400 audit(0.0:11592): avc: denied { read } for name="stat" dev="proc" ino=4026532127 scontext=u:r:untrusted_app_25:s0:c512,c768 tcontext=u:object_r:proc_stat:s0 tclass=file permissive=0
12-08 19:07:01.381  2821  4453 I BatteryService: health = 2, mPlugType = 2, mUsbAbnormal = 0
12-08 19:07:01.385  3306  3306 D KeyguardUpdateMonitor: received broadcast android.intent.action.BATTERY_CHANGED
12-08 19:07:01.386 15410 15410 W Thread-2: type=1400 audit(0.0:11593): avc: denied { read } for name="stat" dev="proc" ino=4026532127 scontext=u:r:untrusted_app_25:s0:c512,c768 tcontext=u:object_r:proc_stat:s0 tclass=file permissive=0
12-08 19:07:01.386  3306  3306 D KeyguardUpdateMonitor: handleBatteryUpdate
12-08 19:07:01.386  3306  3306 D PowerUI : oldTemp=280, mTemp=280
12-08 19:07:01.387  3306  3306 D PowerUI : findUsbOtg =false,supportReverseCharging =0
12-08 19:07:01.389  2821  4548 V LocSvc_HIDL_Subscription_jni: battery_level_update
12-08 19:07:01.389  2821  4548 V LocSvc_HIDL_Subscription_jni: [battery_level_update][886] [HC] =>> [HS]
12-08 19:07:01.389  2447  2447 V LocSvc_HIDL_IzatSubscription: [batteryLevelUpdate][757] [HS] <<<<= [HC]
12-08 19:07:01.390  2821  4548 V LocSvc_HIDL_Subscription_jni: Exit Result 0
12-08 19:07:01.390  3755  3755 D PowerSaverService: extraBatteryHealth =2, dongle_type=-1
12-08 19:07:01.390  3755  3755 D PowerSaverService: battery_soh = -1
12-08 19:07:01.413  2447  3444 E IzatSvc_PassiveLocListener: Exiting with error onLocationChanged line 152 "1"
12-08 19:07:01.413  2447  3444 V LocSvc_HIDL_IzatProvider: [onLocationChanged][70] [HS] =>>>> [HC]
12-08 19:07:01.414  2821  3154 V LocSvc_HIDL_IzatProvider_jni: [onLocationChanged][151] [HC] <<= [HS]
12-08 19:07:01.415  2447  3444 V LocSvc_HIDL_IzatProvider: [onLocationChanged][70] [HS] =>>>> [HC]
12-08 19:07:01.415  2821  3154 V LocSvc_HIDL_IzatProvider_jni: [onLocationChanged][151] [HC] <<= [HS]
12-08 19:07:01.417  2821  2899 D LocationManagerService: incoming location: Location[fused -23,609713,-46,682099 hAcc=10011 et=+4d2h25m12s17ms alt=737.9710083007812 vel=0.0 bear=1.515625 vAcc=??? sAcc=??? bAcc=??? {Bundle[{com.qualcomm.location.nlp:ready=true}]}]
12-08 19:07:01.422  2821  2899 D LocationManagerService: incoming location: Location[network -23,609713,-46,682099 hAcc=10011 et=+4d2h25m12s16ms alt=737.9710083007812 vel=0.0 bear=1.515625 vAcc=??? sAcc=??? bAcc=??? {Bundle[{networkLocationType=cell, noGPSLocation=Location[network -23,609713,-46,682099 hAcc=10011 et=+4d2h25m12s16ms alt=737.9710083007812 vel=0.0 bear=1.515625 vAcc=??? sAcc=??? bAcc=??? {Bundle[{networkLocationType=cell}]}], com.qualcomm.location.nlp:ready=true}]}]
12-08 19:07:01.486 15410 15410 W Thread-2: type=1400 audit(0.0:11594): avc: denied { read } for name="stat" dev="proc" ino=4026532127 scontext=u:r:untrusted_app_25:s0:c512,c768 tcontext=u:object_r:proc_stat:s0 tclass=file permissive=0
12-08 19:07:03.436 15410 15410 I chatty  : uid=10193(u0_a193) com.YourCompany.SkyVision identical 18 lines
12-08 19:07:03.536 15410 15410 W Thread-2: type=1400 audit(0.0:11613): avc: denied { read } for name="stat" dev="proc" ino=4026532127 scontext=u:r:untrusted_app_25:s0:c512,c768 tcontext=u:object_r:proc_stat:s0 tclass=file permissive=0
12-08 19:07:03.624  2821  3206 D WificondControl: Scan result ready event
12-08 19:07:03.626  2523  3434 I LOWI-8.6.0.7: [LOWI-Scan] lowi_close_record:Scan done in 354281043ms, 21 APs in scan results
12-08 19:07:03.632  2821  3184 D WificondScannerImpl: Filtering out 6 scan results.
12-08 19:07:03.656 15410 15410 W Thread-2: type=1400 audit(0.0:11614): avc: denied { read } for name="stat" dev="proc" ino=4026532127 scontext=u:r:untrusted_app_25:s0:c512,c768 tcontext=u:object_r:proc_stat:s0 tclass=file permissive=0
12-08 19:07:05.376 15410 15410 I chatty  : uid=10193(u0_a193) com.YourCompany.SkyVision identical 16 lines
12-08 19:07:05.476 15410 15410 W Thread-2: type=1400 audit(0.0:11631): avc: denied { read } for name="stat" dev="proc" ino=4026532127 scontext=u:r:untrusted_app_25:s0:c512,c768 tcontext=u:object_r:proc_stat:s0 tclass=file permissive=0
12-08 19:07:05.501  3306  3686 D NetworkController.MobileSignalController(2): onSignalStrengthsChanged signalStrength=SignalStrength: 99 0 0 -120 -160 -120 -1 -1 28 -75 -8 254 2147483647 0 2147483647 gsm|lte level=5
12-08 19:07:05.501  3306  3686 D NetworkController.MobileSignalController(2): updateTelephonySignalStrength: hasService=true ss=SignalStrength: 99 0 0 -120 -160 -120 -1 -1 28 -75 -8 254 2147483647 0 2147483647 gsm|lte
12-08 19:07:05.505  3517  4008 D PhoneInterfaceManager: isWifiCallingAvailable: sub Id : 2
12-08 19:07:05.506  3306  3686 D NetworkController.MobileSignalController(2): isWifiCallingAvailable=false
12-08 19:07:05.506  3517  4008 D PhoneInterfaceManager: isVolteAvailable: sub Id : 2
12-08 19:07:05.507  3306  3686 D NetworkController.MobileSignalController(2): isVolteAvailable=false
12-08 19:07:05.507  3517  4008 D PhoneInterfaceManager: isVideoTelephonyAvailable: sub Id : 2
12-08 19:07:05.508  3306  3686 D NetworkController.MobileSignalController(2): isVideoTelephonyAvailable=false
12-08 19:07:05.586 15410 15410 W Thread-2: type=1400 audit(0.0:11632): avc: denied { read } for name="stat" dev="proc" ino=4026532127 scontext=u:r:untrusted_app_25:s0:c512,c768 tcontext=u:object_r:proc_stat:s0 tclass=file permissive=0
12-08 19:07:06.119  2441  2778 E NetlinkEvent: NetlinkEvent::FindParam(): Parameter 'INTERFACE' not found
12-08 19:07:06.119  2441  2778 E NetlinkEvent: NetlinkEvent::FindParam(): Parameter 'STATE' not found
12-08 19:07:06.120  2441  2778 E NetlinkEvent: NetlinkEvent::FindParam(): Parameter 'TIME_NS' not found
12-08 19:07:06.120  2441  2778 E NetlinkEvent: NetlinkEvent::FindParam(): Parameter 'UID' not found
12-08 19:07:06.676 15410 15410 I chatty  : uid=10193(u0_a193) com.YourCompany.SkyVision identical 10 lines
12-08 19:07:06.796 15410 15410 W Thread-2: type=1400 audit(0.0:11643): avc: denied { read } for name="stat" dev="proc" ino=4026532127 scontext=u:r:untrusted_app_25:s0:c512,c768 tcontext=u:object_r:proc_stat:s0 tclass=file permissive=0
12-08 19:07:06.826  3306  3686 D NetworkController: onReceive: intent=Intent { act=android.net.wifi.RSSI_CHANGED flg=0x4000010 (has extras) }
12-08 19:07:06.827  3306  3686 D NetworkController.WifiSignalController: Change in state from: connected=true,enabled=true,level=3,inetCondition=1,iconGroup=IconGroup(Wi-Fi Icons),activityIn=true,activityOut=true,rssi=-66,lastModified=12-08 07:06:54,ssid="GIOVANE_2.4",badgeEnum=0,isTransient=false
12-08 19:07:06.827  3306  3686 D NetworkController.WifiSignalController: 	to: connected=true,enabled=true,level=2,inetCondition=1,iconGroup=IconGroup(Wi-Fi Icons),activityIn=true,activityOut=true,rssi=-72,lastModified=12-08 07:06:54,ssid="GIOVANE_2.4",badgeEnum=0,isTransient=false
12-08 19:07:06.831 28046 28087 I CarrierServices: [6885] bxd.a: FiST: Wifi connectivity status true
12-08 19:07:06.832 28046 28129 I CarrierServices: [6905] bei.handleMessage: RCS is disabled, skipping config update request
12-08 19:07:06.833 28046 28087 I CarrierServices: [6885] bxi.d: Connected state: [1], networkType: [WIFI]
12-08 19:07:06.834 28046 28153 I CarrierServices: [6912] dax.a: CarrierServices.apk is not sim call manager. Not enabling MMTel.
12-08 19:07:06.834 28046 28153 I CarrierServices: [6912] bda.run: (MMTel): : Ignoring Network Change based on IMS preferences
12-08 19:07:06.839  3306  3306 D MoreNotificationIcon: implementMoreNotificationIcon(false)
12-08 19:07:06.840  3306  3306 D StatusBar: android checkMoreIconColorize: !isPreL: true isGrayscale: true
12-08 19:07:06.840  3306  3306 D StatusBar: com.whatsapp checkMoreIconColorize: !isPreL: true isGrayscale: true
12-08 19:07:06.896 15410 15410 W Thread-2: type=1400 audit(0.0:11644): avc: denied { read } for name="stat" dev="proc" ino=4026532127 scontext=u:r:untrusted_app_25:s0:c512,c768 tcontext=u:object_r:proc_stat:s0 tclass=file permissive=0
12-08 19:07:08.316 15410 15410 I chatty  : uid=10193(u0_a193) com.YourCompany.SkyVision identical 13 lines
12-08 19:07:08.416 15410 15410 W Thread-2: type=1400 audit(0.0:11658): avc: denied { read } for name="stat" dev="proc" ino=4026532127 scontext=u:r:untrusted_app_25:s0:c512,c768 tcontext=u:object_r:proc_stat:s0 tclass=file permissive=0
12-08 19:07:08.485  2821  2821 I NotificationService: Cannot find enqueued record for key: 0|com.whatsapp|9|null|10159
12-08 19:07:08.492  3306  3306 D StatusBar: onNotificationRemoved: StatusBarNotification(pkg=com.whatsapp user=UserHandle{0} id=9 tag=null key=0|com.whatsapp|9|null|10159: Notification(channel=other_notifications@1 pri=-1 contentView=null vibrate=null sound=null tick defaults=0x0 flags=0x62 color=0xff075e54 vis=PRIVATE))
12-08 19:07:08.503  3306  3306 D MoreNotificationIcon: implementMoreNotificationIcon(false)
12-08 19:07:08.504  3306  3306 D StatusBar: android checkMoreIconColorize: !isPreL: true isGrayscale: true
12-08 19:07:08.504  3306  3306 D StatusBar: android checkMoreIconColorize: !isPreL: true isGrayscale: true
12-08 19:07:08.513  3306  3306 D StatusBar: onNotificationRemoved: StatusBarNotification(pkg=android user=UserHandle{0} id=40 tag=null key=0|android|40|null|1000: Notification(channel=FOREGROUND_SERVICE pri=0 contentView=null vibrate=null sound=null defaults=0x0 flags=0x2 color=0xff607d8b vis=PRIVATE))
12-08 19:07:08.516 15410 15410 W Thread-2: type=1400 audit(0.0:11659): avc: denied { read } for name="stat" dev="proc" ino=4026532127 scontext=u:r:untrusted_app_25:s0:c512,c768 tcontext=u:object_r:proc_stat:s0 tclass=file permissive=0
12-08 19:07:08.531  3306  3306 D MoreNotificationIcon: implementMoreNotificationIcon(false)
12-08 19:07:08.531  3306  3306 D StatusBar: android checkMoreIconColorize: !isPreL: true isGrayscale: true
12-08 19:07:08.626 15410 15410 W Thread-2: type=1400 audit(0.0:11660): avc: denied { read } for name="stat" dev="proc" ino=4026532127 scontext=u:r:untrusted_app_25:s0:c512,c768 tcontext=u:object_r:proc_stat:s0 tclass=file permissive=0
12-08 19:07:09.586 15410 15410 I chatty  : uid=10193(u0_a193) com.YourCompany.SkyVision identical 9 lines
12-08 19:07:09.686 15410 15410 W Thread-2: type=1400 audit(0.0:11670): avc: denied { read } for name="stat" dev="proc" ino=4026532127 scontext=u:r:untrusted_app_25:s0:c512,c768 tcontext=u:object_r:proc_stat:s0 tclass=file permissive=0
12-08 19:07:09.791  3306  3686 D NetworkController.MobileSignalController(2): onSignalStrengthsChanged signalStrength=SignalStrength: 99 0 0 -120 -160 -120 -1 -1 30 -75 -8 290 2147483647 0 2147483647 gsm|lte level=5
12-08 19:07:09.791  3306  3686 D NetworkController.MobileSignalController(2): updateTelephonySignalStrength: hasService=true ss=SignalStrength: 99 0 0 -120 -160 -120 -1 -1 30 -75 -8 290 2147483647 0 2147483647 gsm|lte
12-08 19:07:09.792  3517  4008 D PhoneInterfaceManager: isWifiCallingAvailable: sub Id : 2
12-08 19:07:09.793  3306  3686 D NetworkController.MobileSignalController(2): isWifiCallingAvailable=false
12-08 19:07:09.793  3517  4008 D PhoneInterfaceManager: isVolteAvailable: sub Id : 2
12-08 19:07:09.793  3306  3686 D NetworkController.MobileSignalController(2): isVolteAvailable=false
12-08 19:07:09.794  3517  4008 D PhoneInterfaceManager: isVideoTelephonyAvailable: sub Id : 2
12-08 19:07:09.795  3306  3686 D NetworkController.MobileSignalController(2): isVideoTelephonyAvailable=false
12-08 19:07:09.796 15410 15410 W Thread-2: type=1400 audit(0.0:11671): avc: denied { read } for name="stat" dev="proc" ino=4026532127 scontext=u:r:untrusted_app_25:s0:c512,c768 tcontext=u:object_r:proc_stat:s0 tclass=file permissive=0
12-08 19:07:09.830  3306  3686 D NetworkController: onReceive: intent=Intent { act=android.net.wifi.RSSI_CHANGED flg=0x4000010 (has extras) }
12-08 19:07:09.831  3306  3686 D NetworkController.WifiSignalController: Change in state from: connected=true,enabled=true,level=2,inetCondition=1,iconGroup=IconGroup(Wi-Fi Icons),activityIn=true,activityOut=true,rssi=-72,lastModified=12-08 07:07:06,ssid="GIOVANE_2.4",badgeEnum=0,isTransient=false
12-08 19:07:09.831  3306  3686 D NetworkController.WifiSignalController: 	to: connected=true,enabled=true,level=3,inetCondition=1,iconGroup=IconGroup(Wi-Fi Icons),activityIn=true,activityOut=true,rssi=-70,lastModified=12-08 07:07:06,ssid="GIOVANE_2.4",badgeEnum=0,isTransient=false
12-08 19:07:09.838 28046 28087 I CarrierServices: [6885] bxd.a: FiST: Wifi connectivity status true
12-08 19:07:09.840 28046 28129 I CarrierServices: [6905] bei.handleMessage: RCS is disabled, skipping config update request
12-08 19:07:09.840 28046 28087 I CarrierServices: [6885] bxi.d: Connected state: [1], networkType: [WIFI]
12-08 19:07:09.842  3306  3306 D MoreNotificationIcon: implementMoreNotificationIcon(false)
12-08 19:07:09.842  3306  3306 D StatusBar: android checkMoreIconColorize: !isPreL: true isGrayscale: true
12-08 19:07:09.843 28046 28153 I CarrierServices: [6912] dax.a: CarrierServices.apk is not sim call manager. Not enabling MMTel.
12-08 19:07:09.843 28046 28153 I CarrierServices: [6912] bda.run: (MMTel): : Ignoring Network Change based on IMS preferences
12-08 19:07:09.896 15410 15410 W Thread-2: type=1400 audit(0.0:11672): avc: denied { read } for name="stat" dev="proc" ino=4026532127 scontext=u:r:untrusted_app_25:s0:c512,c768 tcontext=u:object_r:proc_stat:s0 tclass=file permissive=0
12-08 19:07:10.116 15410 15410 I chatty  : uid=10193(u0_a193) com.YourCompany.SkyVision identical 2 lines
12-08 19:07:10.216 15410 15410 W Thread-2: type=1400 audit(0.0:11675): avc: denied { read } for name="stat" dev="proc" ino=4026532127 scontext=u:r:untrusted_app_25:s0:c512,c768 tcontext=u:object_r:proc_stat:s0 tclass=file permissive=0
12-08 19:07:10.316 15410 15410 W Thread-2: type=1400 audit(0.0:11676): avc: denied { read } for name="stat" dev="proc" ino=4026532127 scontext=u:r:untrusted_app_25:s0:c512,c768 tcontext=u:object_r:proc_stat:s0 tclass=file permissive=0
12-08 19:07:10.321  4312  5290 I e       : {"total_pss":131527,"total_uss":102520,"dalvikPrivateClean":0,"dalvikPrivateDirty":10476,"dalvikPss":10490,"dalvikSharedClean":0,"dalvikSharedDirty":184,"nativePrivateClean":0,"nativePrivateDirty":43052,"nativePss":43166,"nativeSharedClean":0,"nativeSharedDirty":968,"nativeSwappablePss":0,"nativeSwappedOut":24000,"otherPrivateClean":5520,"otherPrivateDirty":43472,"otherPss":55983,"time":1544302929989}
12-08 19:07:11.036 15410 15410 I chatty  : uid=10193(u0_a193) com.YourCompany.SkyVision expire 7 lines
12-08 19:07:11.136 15410 15410 W Thread-2: type=1400 audit(0.0:11684): avc: denied { read } for name="stat" dev="proc" ino=4026532127 scontext=u:r:untrusted_app_25:s0:c512,c768 tcontext=u:object_r:proc_stat:s0 tclass=file permissive=0
12-08 19:07:11.177  2421  2461 D         : DpmQmiMgr areAllIfaceActive 
12-08 19:07:11.256 15410 15410 W Thread-2: type=1400 audit(0.0:11685): avc: denied { read } for name="stat" dev="proc" ino=4026532127 scontext=u:r:untrusted_app_25:s0:c512,c768 tcontext=u:object_r:proc_stat:s0 tclass=file permissive=0
12-08 19:07:11.334  2441  2778 E NetlinkEvent: NetlinkEvent::FindParam(): Parameter 'INTERFACE' not found
12-08 19:07:11.334  2441  2778 E NetlinkEvent: NetlinkEvent::FindParam(): Parameter 'STATE' not found
12-08 19:07:11.334  2441  2778 E NetlinkEvent: NetlinkEvent::FindParam(): Parameter 'TIME_NS' not found
12-08 19:07:11.334  2441  2778 E NetlinkEvent: NetlinkEvent::FindParam(): Parameter 'UID' not found
12-08 19:07:12.576 15410 15410 I chatty  : uid=10193(u0_a193) com.YourCompany.SkyVision identical 12 lines
12-08 19:07:12.676 15410 15410 W Thread-2: type=1400 audit(0.0:11698): avc: denied { read } for name="stat" dev="proc" ino=4026532127 scontext=u:r:untrusted_app_25:s0:c512,c768 tcontext=u:object_r:proc_stat:s0 tclass=file permissive=0
12-08 19:07:12.715  3711  3749 I QcrilOemhookMsgTunnel: [0]processOemHookIndication length=21
12-08 19:07:12.715  3711  3749 I QcrilOemhookMsgTunnel: [0]Response ID in RIL_UNSOL_OEM_HOOK_RAW is 525306
12-08 19:07:12.716  3711  3711 D QcrilMsgTunnelIfaceManager: handleMessage what = 0
12-08 19:07:12.719  3306  3686 D NetworkController.MobileSignalController(2): onSignalStrengthsChanged signalStrength=SignalStrength: 99 0 0 -120 -160 -120 -1 -1 30 -75 -8 290 2147483647 0 2147483647 gsm|lte level=5
12-08 19:07:12.719  3306  3686 D NetworkController.MobileSignalController(2): updateTelephonySignalStrength: hasService=true ss=SignalStrength: 99 0 0 -120 -160 -120 -1 -1 30 -75 -8 290 2147483647 0 2147483647 gsm|lte
12-08 19:07:12.720  3482  3482 D QC_RIL_OEM_HOOK: Received Broadcast Intent ACTION_UNSOL_RESPONSE_OEM_HOOK_RAW
12-08 19:07:12.720  3482  3482 D QC_RIL_OEM_HOOK: Oem ID in QCRILHOOK UNSOL RESP is QOEMHOOK
12-08 19:07:12.725  3517  4008 D PhoneInterfaceManager: isWifiCallingAvailable: sub Id : 2
12-08 19:07:12.726  3517  3517 D QC_RIL_OEM_HOOK: Received Broadcast Intent ACTION_UNSOL_RESPONSE_OEM_HOOK_RAW
12-08 19:07:12.726  3517  3517 D QC_RIL_OEM_HOOK: Oem ID in QCRILHOOK UNSOL RESP is QOEMHOOK
12-08 19:07:12.726  3517  3517 D QC_RIL_OEM_HOOK: Received Broadcast Intent ACTION_UNSOL_RESPONSE_OEM_HOOK_RAW
12-08 19:07:12.726  3517  3517 D QC_RIL_OEM_HOOK: Oem ID in QCRILHOOK UNSOL RESP is QOEMHOOK
12-08 19:07:12.727  3306  3686 D NetworkController.MobileSignalController(2): isWifiCallingAvailable=false
12-08 19:07:12.730  3517  4008 D PhoneInterfaceManager: isVolteAvailable: sub Id : 2
12-08 19:07:12.730  3306  3686 D NetworkController.MobileSignalController(2): isVolteAvailable=false
12-08 19:07:12.736  3517  4008 D PhoneInterfaceManager: isVideoTelephonyAvailable: sub Id : 2
12-08 19:07:12.737  3306  3686 D NetworkController.MobileSignalController(2): isVideoTelephonyAvailable=false
12-08 19:07:12.737  3306  3686 D NetworkController.MobileSignalController(2): onDataActivity: direction=0
12-08 19:07:12.738  3517  4008 D PhoneInterfaceManager: isWifiCallingAvailable: sub Id : 2
12-08 19:07:12.738  3306  3686 D NetworkController.MobileSignalController(2): isWifiCallingAvailable=false
12-08 19:07:12.739  3517  4008 D PhoneInterfaceManager: isVolteAvailable: sub Id : 2
12-08 19:07:12.739  3306  3686 D NetworkController.MobileSignalController(2): isVolteAvailable=false
12-08 19:07:12.741  3517  4008 D PhoneInterfaceManager: isVideoTelephonyAvailable: sub Id : 2
12-08 19:07:12.741  3306  3686 D NetworkController.MobileSignalController(2): isVideoTelephonyAvailable=false
12-08 19:07:12.741  3306  3686 D NetworkController.MobileSignalController(2): onDataActivity: direction=4
12-08 19:07:12.742  3517  4008 D PhoneInterfaceManager: isWifiCallingAvailable: sub Id : 2
12-08 19:07:12.742  3306  3686 D NetworkController.MobileSignalController(2): isWifiCallingAvailable=false
12-08 19:07:12.745  3517  4008 D PhoneInterfaceManager: isVolteAvailable: sub Id : 2
12-08 19:07:12.745  3306  3686 D NetworkController.MobileSignalController(2): isVolteAvailable=false
12-08 19:07:12.746  3517  4008 D PhoneInterfaceManager: isVideoTelephonyAvailable: sub Id : 2
12-08 19:07:12.746  3306  3686 D NetworkController.MobileSignalController(2): isVideoTelephonyAvailable=false
12-08 19:07:12.766  3306  3686 D NetworkController.MobileSignalController(2): onServiceStateChanged voiceState=0 dataState=0
12-08 19:07:12.766  3306  3686 D NetworkController.MobileSignalController(2): updateTelephonySignalStrength: hasService=true ss=SignalStrength: 99 0 0 -120 -160 -120 -1 -1 30 -75 -8 290 2147483647 0 2147483647 gsm|lte
12-08 19:07:12.769  3517  3748 D PhoneInterfaceManager: isWifiCallingAvailable: sub Id : 2
12-08 19:07:12.769  3306  3686 D NetworkController.MobileSignalController(2): isWifiCallingAvailable=false
12-08 19:07:12.773  3517  3752 D PhoneInterfaceManager: isVolteAvailable: sub Id : 2
12-08 19:07:12.773  3306  3686 D NetworkController.MobileSignalController(2): isVolteAvailable=false
12-08 19:07:12.777  3517  3517 D ServiceStateProvider: subId=2
12-08 19:07:12.779  3306  3306 D KeyguardUpdateMonitor: received broadcast android.intent.action.SERVICE_STATE
12-08 19:07:12.779  3306  3306 V KeyguardUpdateMonitor: action android.intent.action.SERVICE_STATE serviceState=0 0 voice home data home VIVO VIVO 72410 VIVO VIVO 72410  LTE LTE CSS not supported -1 -1 RoamInd=-1 DefRoamInd=-1 EmergOnly=false IsDataRoamingFromRegistration=false IsUsingCarrierAggregation=false mLteEarfcnRsrpBoost=0 subId=2
12-08 19:07:12.779  3306  3306 D KeyguardUpdateMonitor: handleServiceStateChange(subId=2, serviceState=0 0 voice home data home VIVO VIVO 72410 VIVO VIVO 72410  LTE LTE CSS not supported -1 -1 RoamInd=-1 DefRoamInd=-1 EmergOnly=false IsDataRoamingFromRegistration=false IsUsingCarrierAggregation=false mLteEarfcnRsrpBoost=0
12-08 19:07:12.779  3306  3306 D CarrierText: N=1
12-08 19:07:12.782  3517  3748 D PhoneInterfaceManager: isVideoTelephonyAvailable: sub Id : 2
12-08 19:07:12.782  3306  3686 D NetworkController.MobileSignalController(2): isVideoTelephonyAvailable=false
12-08 19:07:12.783  3306  3686 D NetworkController.MobileSignalController(2): Change in state from: connected=true,enabled=true,level=5,inetCondition=1,iconGroup=IconGroup(4G+),activityIn=false,activityOut=false,rssi=0,lastModified=12-08 07:06:50,dataSim=true,networkName=Vivo,networkNameData=Vivo,dataConnected=true,roaming=false,isDefault=false,isEmergency=false,airplaneMode=false,carrierNetworkChangeMode=false,userSetup=true
12-08 19:07:12.783  3306  3686 D NetworkController.MobileSignalController(2): 	to: connected=true,enabled=true,level=5,inetCondition=1,iconGroup=IconGroup(4G),activityIn=false,activityOut=false,rssi=0,lastModified=12-08 07:06:50,dataSim=true,networkName=Vivo,networkNameData=Vivo,dataConnected=true,roaming=false,isDefault=false,isEmergency=false,airplaneMode=false,carrierNetworkChangeMode=false,userSetup=true
12-08 19:07:12.783  3306  3686 D NetworkController.MobileSignalController(2): SubscriptionInfo.getSimSlotIndex(): 0
12-08 19:07:12.783  3306  3686 D NetworkController: isSimOff(0): false
12-08 19:07:12.783  3306  3686 D NetworkController: hasPrefered: false
12-08 19:07:12.783  3306  3686 D NetworkController.MobileSignalController(2): SubscriptionInfo.getSimSlotIndex(): 0
12-08 19:07:12.783  3306  3686 D NetworkController: isSimOff(0): false
12-08 19:07:12.783  3306  3686 D NetworkController: hasPrefered: false
12-08 19:07:12.783  3306  3686 D NetworkController.MobileSignalController(2): SubscriptionInfo.getSimSlotIndex(): 0
12-08 19:07:12.783  3306  3686 D NetworkController: isSimOff(0): false
12-08 19:07:12.783  3306  3686 D NetworkController: hasPrefered: false
12-08 19:07:12.783  3306  3306 D CarrierText: isBrazilCountryCode subId=2 simCountryISO=br result=true
12-08 19:07:12.785  2821  2900 D CompatibilityInfo: mCompatibilityFlags - 0
12-08 19:07:12.785  2821  2900 D CompatibilityInfo: applicationDensity - 480
12-08 19:07:12.785  2821  2900 D CompatibilityInfo: applicationScale - 1.0
12-08 19:07:12.786 15410 15410 W Thread-2: type=1400 audit(0.0:11699): avc: denied { read } for name="stat" dev="proc" ino=4026532127 scontext=u:r:untrusted_app_25:s0:c512,c768 tcontext=u:object_r:proc_stat:s0 tclass=file permissive=0
12-08 19:07:12.788  3306  3306 D CarrierText: i=0 subId=2 status=Normal ss=true
12-08 19:07:12.788  3306  3306 D CarrierText: getRoaming=false
12-08 19:07:12.788  3306  3306 D CarrierText: Handling (subId=2): READY Vivo
12-08 19:07:12.788 30068 30068 V AsusCellBroadcast: [CellBroadcastReceiver] onReceive Intent { act=android.intent.action.SERVICE_STATE flg=0x1000010 cmp=com.android.cellbroadcastreceiver/.CellBroadcastReceiver (has extras) } , privileged=false
12-08 19:07:12.788  3306  3686 D NetworkController.MobileSignalController(2): notifyListeners NetworkCountryIso=br
12-08 19:07:12.790  3306  3306 D CarrierText: Handling subId=2 simState=READY carrierName=Vivo carrierTextForSimState=Vivo mSimSlotMessage={}
12-08 19:07:12.790  3306  3686 D NetworkController: onReceive: intent=Intent { act=android.intent.action.SERVICE_STATE flg=0x1000010 (has extras) }
12-08 19:07:12.794  3463  3635 I QCNEJ/CndHalConnector: -> SND notifyWwanSubtypeChanged(13)
12-08 19:07:12.794  3306  3306 D CarrierText: subId=2 voice_network_type=13 network_class=3 is2G=false hasService=true
12-08 19:07:12.794  3306  3306 D CarrierText: displayText=null carrierTextForSimState=Vivo
12-08 19:07:12.795  3306  3306 D CarrierText: SIM ready and in service: subId=2, ss=0 0 voice home data home VIVO VIVO 72410 VIVO VIVO 72410  LTE LTE CSS not supported -1 -1 RoamInd=-1 DefRoamInd=-1 EmergOnly=false IsDataRoamingFromRegistration=false IsUsingCarrierAggregation=false mLteEarfcnRsrpBoost=0
12-08 19:07:12.795  3306  3306 D CarrierText: displayText--Vivo
12-08 19:07:12.795  3306  3306 D CarrierText: N=1
12-08 19:07:12.797  3306  3306 D CarrierText: isBrazilCountryCode subId=2 simCountryISO=br result=true
12-08 19:07:12.800  3306  3306 D CarrierText: i=0 subId=2 status=Normal ss=true
12-08 19:07:12.800  3306  3306 D CarrierText: getRoaming=false
12-08 19:07:12.800  3306  3306 D CarrierText: Handling (subId=2): READY Vivo
12-08 19:07:12.801  3306  3306 D CarrierText: Handling subId=2 simState=READY carrierName=Vivo carrierTextForSimState=Vivo mSimSlotMessage={2=VIVO SP 11}
12-08 19:07:12.801  3306  3306 D CarrierText: subId=2 voice_network_type=13 network_class=3 is2G=false hasService=true
12-08 19:07:12.801  3306  3306 D CarrierText: displayText=null carrierTextForSimState=Vivo
12-08 19:07:12.801  3306  3306 D CarrierText: SIM ready and in service: subId=2, ss=0 0 voice home data home VIVO VIVO 72410 VIVO VIVO 72410  LTE LTE CSS not supported -1 -1 RoamInd=-1 DefRoamInd=-1 EmergOnly=false IsDataRoamingFromRegistration=false IsUsingCarrierAggregation=false mLteEarfcnRsrpBoost=0
12-08 19:07:12.801  3306  3306 D CarrierText: displayText--Vivo
12-08 19:07:12.803  2821 12295 D CompatibilityInfo: mCompatibilityFlags - 0
12-08 19:07:12.803  2821 12295 D CompatibilityInfo: applicationDensity - 480
12-08 19:07:12.803  2821 12295 D CompatibilityInfo: applicationScale - 1.0
12-08 19:07:12.804  3306  3306 D MoreNotificationIcon: implementMoreNotificationIcon(false)
12-08 19:07:12.805  3306  3306 D StatusBar: android checkMoreIconColorize: !isPreL: true isGrayscale: true
12-08 19:07:12.805  3463  3635 I QCNEJ/CndHalConnector: -> SND notifyMobileDataEnabledChanged(true)
12-08 19:07:12.807  6692  6692 D SimCardReceiver: onReceive actioncode: android.intent.action.SERVICE_STATE
12-08 19:07:12.812  6692 15737 D PhoneCapabilityTester: sim1 isActive = true
12-08 19:07:12.814  6692 15737 D PhoneCapabilityTester: sim2 isActive = false
12-08 19:07:12.817  3463  3463 W DPMJ    : |SERVICE| DPM received ACTION_ANY_DATA_CONNECTION_STATE_CHANGEDdefault
12-08 19:07:12.817  3463  3463 W DPMJ    : |SERVICE| If apn type is default ->default
12-08 19:07:12.818  2821  3199 W WindowOrientationListener: proposedRotation = 0
12-08 19:07:12.820  3755  3755 W ContextImpl: Calling a method in the system process without a qualified user: android.app.ContextImpl.sendBroadcast:965 android.content.ContextWrapper.sendBroadcast:447 com.asus.mobilemanagerservice.MobileManagerService$b.onReceive:54 android.app.LoadedApk$ReceiverDispatcher$Args.lambda$-android_app_LoadedApk$ReceiverDispatcher$Args_51298:1299 android.app.-$Lambda$FilBqgnXJrN9Mgyks1XHeAxzSTk.$m$0:4 
