11-12 17:08:36.204 26062 26081 I Finsky  : [744] com.google.android.finsky.bp.am.run(6): Stats for Executor: Db-notification_cache com.google.android.finsky.bp.an@a145adc[Running, pool size = 0, active threads = 0, queued tasks = 0, completed tasks = 265]
11-12 17:08:36.207  4924  5096 D Launcher_badge: LauncherProvider query badge db - launcher-loader-phone : com.asus.launcher
11-12 17:08:36.209  4069  4069 D MoreNotificationIcon: implementMoreNotificationIcon(false)
11-12 17:08:36.209  4069  4069 D StatusBar: android checkMoreIconColorize: !isPreL: true isGrayscale: true
11-12 17:08:36.211  4924  4924 D NotificationListener: start NotificationListener
11-12 17:08:36.211  4924  4924 D NotificationListener: onBind
11-12 17:08:36.211  4924  4924 D Launcher: onBadgeDataUpdate: size = 8
11-12 17:08:36.212  4924  4924 V Launcher: [onWindowFocusChanged]: true, takes: 1ms
11-12 17:08:36.216  4069  4069 D MoreNotificationIcon: implementMoreNotificationIcon(false)
11-12 17:08:36.216  4069  4069 D StatusBar: android checkMoreIconColorize: !isPreL: true isGrayscale: true
11-12 17:08:36.222  4960  4960 I SearchServiceCore: Event Bus thread is disabled; marking main thread as EventBus
11-12 17:08:36.231  4069  4069 D MoreNotificationIcon: implementMoreNotificationIcon(false)
11-12 17:08:36.231  4069  4069 D StatusBar: android checkMoreIconColorize: !isPreL: true isGrayscale: true
11-12 17:08:36.235  4924  4924 D Launcher.Utilities: isPhone= true
11-12 17:08:36.237  4924  4924 D Launcher.Utilities: isPhone= true
11-12 17:08:36.245  4960  4960 W SessionLifecycleManager: Handover failed. Creating new session controller.
11-12 17:08:36.257  4924  4924 I NotificationListener: onListenerConnected
11-12 17:08:36.257  4924  4924 I NotificationListener: onNotificationFullRefresh
11-12 17:08:36.257  4924  4924 D Launcher: onBadgeDataUpdate: size = 0
11-12 17:08:36.263  4960  4960 I StreamController: registerScope: nowcards-15-be89089-f55f
11-12 17:08:36.269  4069  4069 D MoreNotificationIcon: implementMoreNotificationIcon(false)
11-12 17:08:36.269  4069  4069 D StatusBar: android checkMoreIconColorize: !isPreL: true isGrayscale: true
11-12 17:08:36.272  4069  4069 D MoreNotificationIcon: implementMoreNotificationIcon(false)
11-12 17:08:36.272  4069  4069 D StatusBar: android checkMoreIconColorize: !isPreL: true isGrayscale: true
11-12 17:08:36.278   665   982 D SDM     : DisplayBase::BuildLayerStackStats: LayerStack layer_count: 4, app_layer_count: 3, gpu_target_index: 3, display type: 0
11-12 17:08:36.279  4960  4960 W TemplatedStringEvaluato: Got templated string with no display string
11-12 17:08:36.279  4960  4960 I ClusterController: Found empty cluster, or no children successfully created.
11-12 17:08:36.280  4069  4069 D MoreNotificationIcon: implementMoreNotificationIcon(false)
11-12 17:08:36.280  4069  4069 D StatusBar: android checkMoreIconColorize: !isPreL: true isGrayscale: true
11-12 17:08:36.295   665   982 D SDM     : DisplayBase::BuildLayerStackStats: LayerStack layer_count: 5, app_layer_count: 4, gpu_target_index: 4, display type: 0
11-12 17:08:36.302  4960  4960 I MicroDetectionState: Keep running hotword in interactor process
11-12 17:08:36.311   665   982 D SDM     : DisplayBase::BuildLayerStackStats: LayerStack layer_count: 5, app_layer_count: 4, gpu_target_index: 4, display type: 0
11-12 17:08:36.316  2975  2975 W JobServiceContext: App Op not allow JobScheduler to start app com.google.android.projection.gearhead/10153
11-12 17:08:36.316  2975  2975 D JobSchedulerService: Error executing JobStatus{baaa38 #u0a153/790541 com.google.android.projection.gearhead/com.google.android.gearhead.cloud.home.CloudCardJobService u=0 s=10153 TIME=-2d4h46m16s729ms:-2d1h46m16s729ms NET=3 PERSISTED READY}
11-12 17:08:36.316  2975  2975 W JobServiceContext: App Op not allow JobScheduler to start app com.google.android.projection.gearhead/10153
11-12 17:08:36.316  2975  2975 D JobSchedulerService: Error executing JobStatus{a109057 #u0a153/203167958 com.google.android.projection.gearhead/com.google.android.apps.auto.wireless.scan.WifiChannelScanJobService u=0 s=10153 TIME=-2d6h14m37s93ms:-2d5h14m37s93ms READY}
11-12 17:08:36.323  2975  2975 D CompatibilityInfo: mCompatibilityFlags - 0
11-12 17:08:36.323  2975  2975 D CompatibilityInfo: applicationDensity - 480
11-12 17:08:36.323  2975  2975 D CompatibilityInfo: applicationScale - 1.0
11-12 17:08:36.328   665   982 D SDM     : DisplayBase::BuildLayerStackStats: LayerStack layer_count: 5, app_layer_count: 4, gpu_target_index: 4, display type: 0
11-12 17:08:36.345   665   982 D SDM     : DisplayBase::BuildLayerStackStats: LayerStack layer_count: 5, app_layer_count: 4, gpu_target_index: 4, display type: 0
11-12 17:08:36.348 16557 20255 D NextAppTrainingJobService: insert data - Package:__na__, Previous1:com.android.systemui, Previous2:com.YourCompany.SkyVision, Previous3:com.google.android.packageinstaller, Previous4:com.YourCompany.SkyVision, Timestamp:1542049716194, p1_ts_diff:746, p2_ts_diff:20798, p3_ts_diff:20908, p4_ts_diff:21271, p1_dur:746, p2_dur:20000, p3_dur:90, p4_dur:201, Hour:17, DayClass:12~18, Weekday:Monday, WeekClass:weekday, Timezone:America/Sao_Paulo, UTC:-2, Plugged:1, LastPlugged:898907, MobileRadioOn:1, LastMobileRadioOn:4103, WifiOn:1, LastWifiOn:11095820, GpsOn:-1, LastGpsOn:12742620, SensorOn:-1, LastSensorOn:18682, WifiScan:-1, LastWifiScan:1055, WifiFullLock:-1, LastWifiFullLock:1175588, WifiRunning:1, LastWifiRunning:100515370, WifiMultiCastOn:-1, LastWifiMultiCastOn:816435, AudioOn:1, LastAudioOn:38233, CameraOn:-1, LastCameraOn:18815002, VideoOn:-1, LastVideoOn:25057719, LowPowerModeOn:0, LastLowPowerModeOn:86400, FlashlightOn:-1, LastFlashlightOn:162581408, ChargingOn:1, LastChargingOn:898434, PhoneInCall:-1, LastPhoneInCall:18086322, PhoneScanning:0, LastPhoneScanning:86400, BleScanning:1, LastBleScanning:196351711, WifiHotspotOn:0, LastWifiHotspotOn:86400, 
11-12 17:08:36.350  2975  2997 D ActivityTrigger: ActivityTrigger activityStopTrigger 
11-12 17:08:36.357  4069  4069 D MoreNotificationIcon: implementMoreNotificationIcon(false)
11-12 17:08:36.357  4069  4069 D StatusBar: android checkMoreIconColorize: !isPreL: true isGrayscale: true
11-12 17:08:36.359  4069  4069 D MoreNotificationIcon: implementMoreNotificationIcon(false)
11-12 17:08:36.359  4069  4069 D StatusBar: android checkMoreIconColorize: !isPreL: true isGrayscale: true
11-12 17:08:36.365  4069  4069 D Recents : setIsRecentLaunching false
11-12 17:08:36.368 16557 20255 D NextAppCoreTrainingJobService: [filter predict result] current pkg = com.android.systemui, predict 1 = com.whatsapp:0.3191927969455719, predict 2 = com.facebook.katana:0.1854107528924942, predict 3 = com.ninegag.android.app:0.1787995994091034, predict 4 = com.android.chrome:0.07982287555932999, predict 5 = com.nianticlabs.pokemongo:0.06381083279848099
11-12 17:08:36.368 16557 20255 D NextAppCoreTrainingJobService: [predict result] current pkg = com.android.systemui, predict 1 = com.whatsapp:0.3191927969455719, predict 2 = com.facebook.katana:0.1854107528924942, predict 3 = com.ninegag.android.app:0.1787995994091034, predict 4 = com.android.chrome:0.07982287555932999, predict 5 = com.nianticlabs.pokemongo:0.06381083279848099
11-12 17:08:36.369 16557 20255 D NextAppCoreTrainingJobService: [predictAll] pkg = com.whatsapp,com.facebook.katana,com.ninegag.android.app,com.android.chrome,com.nianticlabs.pokemongo,com.google.android.googlequicksearchbox,com.pwrd.mffapt.android,com.asus.deskclock,org.telegram.messenger,com.google.android.gm,com.YourCompany.SkyVision,tesmath.calcy,br.usp.e_card_usp,com.asus.camera,com.google.android.calendar
11-12 17:08:36.369 16557 20255 D NextAppCoreTrainingJobService: [predictAll] rate= 3191,1854,1787,798,638,635,436,168,144,92,62,47,1,0,0
11-12 17:08:36.384  4924  4924 D Launcher: NextAppCoreObserver onChange:false
11-12 17:08:36.395  4069  4069 D MoreNotificationIcon: implementMoreNotificationIcon(false)
11-12 17:08:36.396  4924 20257 D Launcher: app prediction list:com.whatsapp,com.facebook.katana,com.ninegag.android.app,com.android.chrome,com.nianticlabs.pokemongo,com.google.android.googlequicksearchbox,com.pwrd.mffapt.android,com.asus.deskclock,org.telegram.messenger,com.google.android.gm,com.YourCompany.SkyVision,tesmath.calcy,br.usp.e_card_usp,com.asus.camera,com.google.android.calendar
11-12 17:08:36.396  4069  4069 D StatusBar: android checkMoreIconColorize: !isPreL: true isGrayscale: true
11-12 17:08:36.409  4924  4924 D LauncherLog: AppsCustomizePagedView - syncAppsPageItems page: 0 index: 0 Item: WhatsApp
11-12 17:08:36.411  4069 10192 I zygote64: Explicit concurrent copying GC freed 32290(1430KB) AllocSpace objects, 0(0B) LOS objects, 49% free, 8MB/16MB, paused 130us total 44.656ms
11-12 17:08:36.411  4924  4924 D LauncherLog: AppsCustomizePagedView - syncAppsPageItems page: 0 index: 1 Item: Facebook
11-12 17:08:36.412  4924  4924 D LauncherLog: AppsCustomizePagedView - syncAppsPageItems page: 0 index: 2 Item: 9GAG
11-12 17:08:36.413  4924  4924 D LauncherLog: AppsCustomizePagedView - syncAppsPageItems page: 0 index: 3 Item: Pokémon GO
11-12 17:08:36.414  4924  4924 D LauncherLog: AppsCustomizePagedView - syncAppsPageItems page: 0 index: 4 Item: Google
11-12 17:08:36.434  2975  2975 W JobServiceContext: App Op not allow JobScheduler to start app com.google.android.projection.gearhead/10153
11-12 17:08:36.434  2975  2975 D JobSchedulerService: Error executing JobStatus{baaa38 #u0a153/790541 com.google.android.projection.gearhead/com.google.android.gearhead.cloud.home.CloudCardJobService u=0 s=10153 TIME=-2d4h46m16s846ms:-2d1h46m16s846ms NET=3 PERSISTED READY}
11-12 17:08:36.439  2975  2975 W JobServiceContext: App Op not allow JobScheduler to start app com.google.android.projection.gearhead/10153
11-12 17:08:36.439  2975  2975 D JobSchedulerService: Error executing JobStatus{a109057 #u0a153/203167958 com.google.android.projection.gearhead/com.google.android.apps.auto.wireless.scan.WifiChannelScanJobService u=0 s=10153 TIME=-2d6h14m37s216ms:-2d5h14m37s216ms READY}
11-12 17:08:36.450  2975  2997 D CompatibilityInfo: mCompatibilityFlags - 0
11-12 17:08:36.450  2975  2997 D CompatibilityInfo: applicationDensity - 480
11-12 17:08:36.450  2975  2997 D CompatibilityInfo: applicationScale - 1.0
11-12 17:08:36.478   665   982 D SDM     : DisplayBase::BuildLayerStackStats: LayerStack layer_count: 5, app_layer_count: 4, gpu_target_index: 4, display type: 0
11-12 17:08:36.590  2975  3259 D Telecom : TelecomServiceImpl: isRinging callingPackage = android
11-12 17:08:36.591  2975  3259 D Telecom : TelecomServiceImpl: canReadPhoneState callingPackage = android: TSI.iR@DrU
11-12 17:08:36.591  2975  3259 D Telecom : TelecomServiceImpl: isPrivilegedDialerCalling = android: TSI.iR@DrU
11-12 17:08:36.592  2975  3259 D Telecom : TelecomServiceImpl: isInCall callingPackage = android
11-12 17:08:36.592  2975  3259 D Telecom : TelecomServiceImpl: canReadPhoneState callingPackage = android: TSI.iIC@DrY
11-12 17:08:36.592  2975  3259 D Telecom : TelecomServiceImpl: isPrivilegedDialerCalling = android: TSI.iIC@DrY
11-12 17:08:36.648  4069  4069 D NetworkController.WifiSignalController: Change in state from: connected=true,enabled=true,level=4,inetCondition=1,iconGroup=IconGroup(Wi-Fi Icons),activityIn=true,activityOut=true,rssi=-53,lastModified=11-12 05:08:14,ssid="Labsoft",badgeEnum=0,isTransient=false
11-12 17:08:36.648  4069  4069 D NetworkController.WifiSignalController: 	to: connected=true,enabled=true,level=4,inetCondition=1,iconGroup=IconGroup(Wi-Fi Icons),activityIn=false,activityOut=false,rssi=-53,lastModified=11-12 05:08:14,ssid="Labsoft",badgeEnum=0,isTransient=false
11-12 17:08:36.654  4069  4069 D MoreNotificationIcon: implementMoreNotificationIcon(false)
11-12 17:08:36.654  4069  4069 D StatusBar: android checkMoreIconColorize: !isPreL: true isGrayscale: true
11-12 17:08:36.713   665   982 D SDM     : DisplayBase::BuildLayerStackStats: LayerStack layer_count: 5, app_layer_count: 4, gpu_target_index: 4, display type: 0
11-12 17:08:36.731  4924  5437 W OpenGLRenderer: Incorrectly called buildLayer on View: qf, destroying layer...
11-12 17:08:36.731  4924  5437 W OpenGLRenderer: Incorrectly called buildLayer on View: qf, destroying layer...
11-12 17:08:36.738  2975  3259 I PowerManagerService: Going to sleep due to power button (uid 1000)...
11-12 17:08:36.739  2975  2975 D ActivityTrigger: ActivityTrigger activityPauseTrigger 
11-12 17:08:36.740  4924  4924 D LauncherLog: Launcher onPause Begin
11-12 17:08:36.741  4924  4924 D LauncherLog: Launcher onPause End
11-12 17:08:36.748   665   982 D SDM     : DisplayBase::BuildLayerStackStats: LayerStack layer_count: 5, app_layer_count: 4, gpu_target_index: 4, display type: 0
11-12 17:08:36.826  2975  3013 I PowerManagerService: Sleeping (uid 1000)...
11-12 17:08:36.827  4069 28142 D KeyguardViewMediator: onStartedGoingToSleep(2)
11-12 17:08:36.829   665   982 D SDM     : DisplayBase::BuildLayerStackStats: LayerStack layer_count: 5, app_layer_count: 4, gpu_target_index: 4, display type: 0
11-12 17:08:36.830  4069 28142 D KeyguardViewMediator: notifyStartedGoingToSleep
11-12 17:08:36.830  4069  4069 D keyguard: KeyguardUpdateMonitor:handleStartedGoingToSleep
11-12 17:08:36.830  4069  4069 D keyguard: AsusFingerprintSupportManager:onStartedGoingToSleep() 2
11-12 17:08:36.832  4069  4069 D keyguard: KeyguardUpdateMonitor:shouldListenForFingerprint<kVbgSotufAd>
11-12 17:08:36.833  4069  4069 D keyguard: KeyguardUpdateMonitor:updateFingerprintListeningState should=true, state=0
11-12 17:08:36.833  4069  4069 V KeyguardUpdateMonitor: startListeningForFingerprint()
11-12 17:08:36.837  2975  2997 D ActivityTrigger: ActivityTrigger activityStopTrigger 
11-12 17:08:36.845  4924  4924 D LauncherLog: Launcher onStop Begin
11-12 17:08:36.846  4924  4924 D DragLayer: resetDrawState: 
11-12 17:08:36.846  4924  4924 I NotificationListener: unbindListener: sIsConnected = true
11-12 17:08:36.847   665   982 D SDM     : DisplayBase::BuildLayerStackStats: LayerStack layer_count: 5, app_layer_count: 4, gpu_target_index: 4, display type: 0
11-12 17:08:36.851  4069  4069 D KeyguardViewMediator: handleNotifyStartedGoingToSleep
11-12 17:08:36.851  2975  2975 W FingerprintService: authenticate: mPerformanceStats = stats
11-12 17:08:36.852  2516  2516 E [gf_ca_entry] : [gx_ta_send_modified_cmd_req] begin, token = 2580, cmd_id = 1011
11-12 17:08:36.860  4069  4069 D MoreNotificationIcon: implementMoreNotificationIcon(false)
11-12 17:08:36.861  4069  4069 D StatusBar: android checkMoreIconColorize: !isPreL: true isGrayscale: true
11-12 17:08:36.870  2516  2516 D [gf_ca_entry] : [gx_ta_send_modified_cmd_req] end
11-12 17:08:36.870  2516  2516 D [gf_ca_entry] : [gf_ca_invoke_command] gx_ta_send_modified_cmd_req success
11-12 17:08:36.870  2516  2516 D [gf_ca_entry] : [gf_ca_invoke_command] ta execution succeed
11-12 17:08:36.871  4924  4924 D Launcher_badge: [unregisterMmsSmsObserver]
11-12 17:08:36.871  4924  4924 D LauncherLog: Launcher onStop End
11-12 17:08:36.872  4924  4924 D NotificationListener: onUnbind
11-12 17:08:36.872  4924  4924 I NotificationListener: onListenerDisconnected
11-12 17:08:36.878  2975  2975 V FingerprintService: startAuthentication(com.android.systemui)
11-12 17:08:36.878  2975  2975 V FingerprintService: starting client AuthenticationClient(com.android.systemui), initiatedByClient = true)
11-12 17:08:36.878  2516  2516 E [gf_ca_entry] : [gx_ta_send_modified_cmd_req] begin, token = 2581, cmd_id = 1010
11-12 17:08:36.897  2975  3013 D DisplayPowerController: Unfinished business...
11-12 17:08:36.898   665   982 D SDM     : DisplayBase::BuildLayerStackStats: LayerStack layer_count: 2, app_layer_count: 1, gpu_target_index: 1, display type: 0
11-12 17:08:36.911  2516  2516 D [gf_ca_entry] : [gx_ta_send_modified_cmd_req] end
11-12 17:08:36.912  2516  2516 D [gf_ca_entry] : [gf_ca_invoke_command] gx_ta_send_modified_cmd_req success
11-12 17:08:36.912  2516  2516 D [gf_ca_entry] : [gf_ca_invoke_command] ta execution succeed
11-12 17:08:36.912  2516  2516 D android.hardware.biometrics.fingerprint@2.1-service: onAcquired(6)
11-12 17:08:36.912  2516  2516 I [GF_HAL][gf_hal]: [gf_hal_authenticate] set g_work_state to STATE_AUTHENTICATE
11-12 17:08:36.912  2975  2975 W FingerprintService: client com.android.systemui is authenticating...
11-12 17:08:36.912  2975  2975 W FingerprintService: handleAcquired: mPerformanceStats.acquire =822
11-12 17:08:36.914  4069  4069 D keyguard: KeyguardUpdateMonitor:onAuthenticationAcquired info:1101
11-12 17:08:36.914  4069  4069 D keyguard: AsusFingerprintSupportManager:onFingerprintAcquired() acquiredInfo:1101 keyguardVisible:false mEarlyWakeupSupported:true mWaitPowerKeyToAuth:false screenON:false alwaysON:false speedUpTurnOnFunctionEnabled: true applySpeedUpTurnOnFunction: true
11-12 17:08:36.914  4069  4069 I FingerprintManager: Get acquire info: 6, vendor code: 101
11-12 17:08:36.914  4069  4069 W FingerprintManager: Invalid acquired message: 6, 101
11-12 17:08:37.000  2975  3011 I zygote64: Explicit concurrent copying GC freed 89156(4MB) AllocSpace objects, 3(60KB) LOS objects, 42% free, 25MB/43MB, paused 416us total 130.987ms
11-12 17:08:37.239  2975 26877 I BatteryService: health = 2, mPlugType = 1, mUsbAbnormal = 0
11-12 17:08:37.243  2975  5098 V LocSvc_HIDL_Subscription_jni: battery_level_update
11-12 17:08:37.243  2975  5098 V LocSvc_HIDL_Subscription_jni: [battery_level_update][886] [HC] =>> [HS]
11-12 17:08:37.243  4459  4459 D PowerSaverService: extraBatteryHealth =2, dongle_type=-1
11-12 17:08:37.244  2449  2449 V LocSvc_HIDL_IzatSubscription: [batteryLevelUpdate][757] [HS] <<<<= [HC]
11-12 17:08:37.244  4069  4069 D KeyguardUpdateMonitor: received broadcast android.intent.action.BATTERY_CHANGED
11-12 17:08:37.244  2975  5098 V LocSvc_HIDL_Subscription_jni: Exit Result 0
11-12 17:08:37.245  4069  4069 D PowerUI : oldTemp=340, mTemp=340
11-12 17:08:37.245  4069  4069 D PowerUI : findUsbOtg =false,supportReverseCharging =0
11-12 17:08:37.248  4459  4459 D PowerSaverService: battery_soh = -1
11-12 17:08:37.248  4069  4069 D KeyguardUpdateMonitor: handleBatteryUpdate
11-12 17:08:37.318  2975  2997 D CompatibilityInfo: mCompatibilityFlags - 0
11-12 17:08:37.318  2975  2997 D CompatibilityInfo: applicationDensity - 480
11-12 17:08:37.318  2975  2997 D CompatibilityInfo: applicationScale - 1.0
11-12 17:08:37.319  2975  3013 I DisplayPowerController: setScreenState  mPowerState.getScreenState(): ON to state: OFF
11-12 17:08:37.319  2975  3013 I DisplayPowerController: Blocking screen off
11-12 17:08:37.319  2975  4051 V LightsService: set display brightness [2]=0,Id=0
11-12 17:08:37.333  2975  3013 D DisplayPowerController: call sendOnStateChangedWithWakelock
11-12 17:08:37.333  2975  3013 D DisplayPowerController: Finished business...
11-12 17:08:37.334  4069 16270 D KeyguardViewMediator: onFinishedGoingToSleep(2)
11-12 17:08:37.335  4069 16270 D KeyguardViewMediator: notifyFinishedGoingToSleep
11-12 17:08:37.337  4924  4924 D LauncherAppWidgetHostView: updateAppWidget: [Launcher] = com.android.launcher3.Launcher@3bcdf1a
11-12 17:08:37.337  4924  4924 D LauncherAppWidgetHostView: updateAppWidget: com.google.android.googlequicksearchbox
11-12 17:08:37.338  4069 16270 D KeyguardViewMediator: doKeyguard: showing the lock screen
11-12 17:08:37.338  4069 16270 D KeyguardViewMediator: showLocked
11-12 17:08:37.340  4069  4069 D KeyguardViewMediator: handleNotifyFinishedGoingToSleep
11-12 17:08:37.342  4069  4069 D KeyguardViewMediator: handleShow
11-12 17:08:37.342  4069  4069 I keyguard: AsusMediator:onKeyguardShowingChanged:true
11-12 17:08:37.342  4069  4069 D keyguard: AsusFingerprintSupportManager:onKeyguardShowingChanged() true
11-12 17:08:37.343  4069  4069 I keyguard: AsusKeyguardWallpaper:updateVisible:false isFingerprintUnlocking:false
11-12 17:08:37.343  4069  4069 I keyguard: AsusKeyguardSpriteAnimation:updateStatus:false
11-12 17:08:37.343  4069  4069 I keyguard: AsusSlideshowManager:onKeyguardShowingChanged: showing: true
11-12 17:08:37.343  4069  4069 I keyguard: AsusSlideshowSettingPanelManager:onKeyguardShowingChanged: showing=true
11-12 17:08:37.343  2975  3011 I WindowManager: TaskSnapshot Task = {taskId=2957 appTokens=[AppWindowToken{576f070 token=Token{471381f ActivityRecord{c0e3fbe u0 com.asus.launcher/com.android.launcher3.Launcher t2957}}}] mdr=false}, snapshot width = 1080, height = 2246
11-12 17:08:37.344  2975  3013 I DisplayPowerController: Unblocked screen off after 24 ms
11-12 17:08:37.344  2975  3013 I DisplayPowerController: setScreenState  mPowerState.getScreenState(): ON to state: OFF
11-12 17:08:37.344  4069  4069 D keyguard: StatusBarWindowManager:isExpanded<FKvkbhp>
11-12 17:08:37.344  4069  4069 D keyguard: StatusBarWindowManager:applyHeight,expanded:true
11-12 17:08:37.344  4069  4069 D keyguard: StatusBarWindowManager:isExpanded<FKvkbhp>
11-12 17:08:37.351  2975  5066 I OpenGLRenderer: Initialized EGL, version 1.4
11-12 17:08:37.351  2975  5066 D OpenGLRenderer: Swap behavior 2
11-12 17:08:37.371  4924  4924 D Launcher.Utilities: isPhone= true
11-12 17:08:37.374  4924  4924 D Launcher.Utilities: isPhone= true
11-12 17:08:37.375  2975  4051 D LightsService: Excessive delay setting light: 54ms
11-12 17:08:37.382  4069  4069 I keyguard: AsusClockContainer_U:onInit
11-12 17:08:37.384  4069  4069 D AppWidgetUtils: isSupportNewWeatherInfoRequest supportFeature: 1
11-12 17:08:37.384  4069  4069 D keyguard: AsusClockContainer_U:onFinishInflate: mWeatherWidgetIdInSettings=-1
11-12 17:08:37.386  2975  4196 I InputDispatcher: Window 'Window{de19910 u0 com.asus.launcher/com.android.launcher3.Launcher}' spent 0.0ms processing input events on average(0/0). Monitor spent 0.0ms processing input events on average(0/0). Window input events down spent 0.0ms on average (0/0). Window input events up spent 0.0ms on average (0/0). Monitor input events down spent 0.0ms on average (0/0). Monitor input events up spent 0.0ms on average (0/0).
11-12 17:08:37.386  2975  4196 I WindowManager: Failed to capture screenshot of Token{471381f ActivityRecord{c0e3fbe u0 com.asus.launcher/com.android.launcher3.Launcher t2957}} appWin=Window{de19910 u0 com.asus.launcher/com.android.launcher3.Launcher} drawState=4
11-12 17:08:37.389  4069 16270 D KeyguardViewMediator: notifyScreenTurnedOff
11-12 17:08:37.390  4069  4069 V KeyguardSecurityView: showPrimarySecurityScreen(turningOff=false)
11-12 17:08:37.390  4069  4069 D KeyguardSecurityView: showSecurityScreen(Pattern)
11-12 17:08:37.390  4069  4069 V KeyguardSecurityView: inflating id = 2131558471
11-12 17:08:37.392  4069  4069 V KeyguardUpdateMonitor: *** register callback for com.android.keyguard.KeyguardMessageArea$2@3bd82a7
11-12 17:08:37.392  4069  4069 V KeyguardUpdateMonitor: *** unregister callback for null
11-12 17:08:37.393  2975  3013 D AutomaticBrightnessController: setLightSensorEnabled diable
11-12 17:08:37.393  2975  3013 D DisplayPowerController: Unfinished business...
11-12 17:08:37.393  2975  3013 I DisplayPowerController: setScreenState  mPowerState.getScreenState(): OFF to state: OFF
11-12 17:08:37.393  2975  4050 I WindowManager: TaskSnapshotPersister writeBuffer TaskId = 2957 UserId = 0
11-12 17:08:37.394  2975  3011 I DisplayManagerService: Display device changed state: "Tela integrada", OFF
11-12 17:08:37.394   695   695 D SurfaceFlinger: Set power mode=0, type=0 flinger=0x781a460000
11-12 17:08:37.394   665   982 I SDM     : DisplayBase::SetDisplayState: Set state = 0, display 0
11-12 17:08:37.395  2975  4046 D InadvertentTouchController: <MSG_DISPLAY_CHANGED> mInadvertentTouchEnable or mCompleteSetupWizard false. return
11-12 17:08:37.398  4069  4069 D keyguard: LockScreenUtils:updateDensityDpi to 480,restoreToSystemDpi:true,originalSmallestWidth:361
11-12 17:08:37.399  4069  4069 V KeyguardUpdateMonitor: *** register callback for com.android.keyguard.KeyguardPatternView$3@37f2bf2
11-12 17:08:37.399  4069  4069 V KeyguardUpdateMonitor: *** unregister callback for null
11-12 17:08:37.399  2975  3259 I InputReader: Reconfiguring input devices.  changes=0x00000004
11-12 17:08:37.400  4069  4069 D AsusIndicationImageView: updateIndicationIcon visibility: 0
11-12 17:08:37.400  4069  4069 D AsusIndicationImageView: isCurrentStateCanShowIcon isVisible: true
11-12 17:08:37.400  4069  4069 D AsusIndicationImageView: updateIndicationIcon isVisibile: true
11-12 17:08:37.403  2975  6508 D Telecom : TelecomServiceImpl: isInCall callingPackage = com.android.systemui
11-12 17:08:37.403  2975  6508 D Telecom : TelecomServiceImpl: canReadPhoneState callingPackage = com.android.systemui: TSI.iIC@Drk
11-12 17:08:37.403  2975  6508 D Telecom : TelecomServiceImpl: isPrivilegedDialerCalling = com.android.systemui: TSI.iIC@Drk
11-12 17:08:37.405  2975  4196 D Telecom : TelecomServiceImpl: isInCall callingPackage = com.android.systemui
11-12 17:08:37.406  2975  4196 D Telecom : TelecomServiceImpl: canReadPhoneState callingPackage = com.android.systemui: TSI.iIC@Dro
11-12 17:08:37.406  2975  4196 D Telecom : TelecomServiceImpl: isPrivilegedDialerCalling = com.android.systemui: TSI.iIC@Dro
11-12 17:08:37.406  4069  4069 D keyguard: AsusEmergencyButton:updateEmergencyCallButton: visible: true, vc: true, es: true, h: false
11-12 17:08:37.407  4924  4924 V Launcher: [onWindowFocusChanged]: false, takes: 0ms
11-12 17:08:37.409  2975  4196 D Telecom : TelecomServiceImpl: isInCall callingPackage = com.android.systemui
11-12 17:08:37.409  2975  4196 D Telecom : TelecomServiceImpl: canReadPhoneState callingPackage = com.android.systemui: TSI.iIC@Drs
11-12 17:08:37.409  2975  4196 D Telecom : TelecomServiceImpl: isPrivilegedDialerCalling = com.android.systemui: TSI.iIC@Drs
11-12 17:08:37.411  2975  4196 D Telecom : TelecomServiceImpl: isInCall callingPackage = com.android.systemui
11-12 17:08:37.411  2975  4196 D Telecom : TelecomServiceImpl: canReadPhoneState callingPackage = com.android.systemui: TSI.iIC@Drw
11-12 17:08:37.411  2975  4196 D Telecom : TelecomServiceImpl: isPrivilegedDialerCalling = com.android.systemui: TSI.iIC@Drw
11-12 17:08:37.411  4069  4069 D keyguard: AsusEmergencyButton:updateEmergencyCallButton: visible: true, vc: true, es: true, h: false
11-12 17:08:37.411  4069  4069 D keyguard: StatusBarWindowManager:isExpanded<FKvkbhp>
11-12 17:08:37.411  4069  4069 D keyguard: StatusBarWindowManager:applyHeight,expanded:true
11-12 17:08:37.411  4069  4069 D keyguard: StatusBarWindowManager:isExpanded<FKvkbhp>
11-12 17:08:37.411  4069  4069 I keyguard: AsusDoubleTapArea:onAttachedToWindow
11-12 17:08:37.411  4069  4069 I keyguard: AsusZenmotionManager:updateArea mKeyguardShow:false
11-12 17:08:37.411  4069  4069 I keyguard: AsusMediator:registerCallback callback:com.asus.keyguard.module.clock.ui.AsusKeyguardUnlockscreenHeader$1@76b8f20
11-12 17:08:37.411  4069  4069 D keyguard: AsusKeyguardUnlockscreenHeader:add weather widget...
11-12 17:08:37.411  4069  4069 I keyguard: AsusMediator:registerBarClockShowCallback callback:com.asus.keyguard.module.clock.ui.AsusWeatherClockContainer$1@127e0d9
11-12 17:08:37.412  4069  4069 V KeyguardUpdateMonitor: *** register callback for com.android.keyguard.KeyguardHostView$1@5530a9e
11-12 17:08:37.412  4069  4069 V KeyguardUpdateMonitor: *** unregister callback for null
11-12 17:08:37.413  4069  4069 V KeyguardSecurityView: showPrimarySecurityScreen(turningOff=false)
11-12 17:08:37.413  4069  4069 D KeyguardSecurityView: showSecurityScreen(Pattern)
11-12 17:08:37.413  4069  4069 I keyguard: AsusMediator:registerCallback callback:com.android.keyguard.KeyguardSecurityContainer$3@5cbd97f
11-12 17:08:37.413  2516  2924 E [gf_ca_entry] : [gx_ta_send_modified_cmd_req] begin, token = 2582, cmd_id = 1022
11-12 17:08:37.436  4069  4069 D SecurityPatternView: onAttachedToWindow
11-12 17:08:37.436  4069  4069 V KeyguardUpdateMonitor: *** register callback for com.asus.keyguard.module.bottom.ui.AsusEmergencyCarrierAreaZenUi5$1@5acb195
11-12 17:08:37.436  4069  4069 V KeyguardUpdateMonitor: *** unregister callback for null
11-12 17:08:37.438  4069  4069 D keyguard: AsusSIMManager:hasTwoSimCard() READY, ABSENT
11-12 17:08:37.438  4069  4069 D keyguard: AsusEmergencyCarrierAreaZenUi5:isMode?false hasTwoSimCard?false
11-12 17:08:37.439  4069  4069 D keyguard: AsusSIMManager:hasTwoSimCard() READY, ABSENT
11-12 17:08:37.439  4069  4069 D keyguard: AsusEmergencyCarrierAreaZenUi5:isMode?false hasTwoSimCard?false
11-12 17:08:37.439  4069  4069 D keyguard: AsusSIMManager:hasTwoSimCard() READY, ABSENT
11-12 17:08:37.439  4069  4069 D keyguard: AsusEmergencyCarrierAreaZenUi5:isMode?false hasTwoSimCard?false
11-12 17:08:37.440  4069  4069 D keyguard: AsusSIMManager:hasTwoSimCard() READY, ABSENT
11-12 17:08:37.440  4069  4069 D keyguard: AsusEmergencyCarrierAreaZenUi5:isMode?false hasTwoSimCard?false
11-12 17:08:37.440  4069  4069 V KeyguardUpdateMonitor: *** register callback for com.android.keyguard.EmergencyButton$1@6e132aa
11-12 17:08:37.440  4069  4069 V KeyguardUpdateMonitor: *** unregister callback for null
11-12 17:08:37.441  2975  6508 D Telecom : TelecomServiceImpl: isInCall callingPackage = com.android.systemui
11-12 17:08:37.441  2975  6508 D Telecom : TelecomServiceImpl: canReadPhoneState callingPackage = com.android.systemui: TSI.iIC@Dr0
11-12 17:08:37.441  2975  6508 D Telecom : TelecomServiceImpl: isPrivilegedDialerCalling = com.android.systemui: TSI.iIC@Dr0
11-12 17:08:37.442  2975  4196 D Telecom : TelecomServiceImpl: isInCall callingPackage = com.android.systemui
11-12 17:08:37.442  2975  4196 D Telecom : TelecomServiceImpl: canReadPhoneState callingPackage = com.android.systemui: TSI.iIC@Dr4
11-12 17:08:37.442  2975  4196 D Telecom : TelecomServiceImpl: isPrivilegedDialerCalling = com.android.systemui: TSI.iIC@Dr4
11-12 17:08:37.442  4069  4069 D keyguard: AsusEmergencyButton:updateEmergencyCallButton: visible: true, vc: true, es: true, h: false
11-12 17:08:37.443  2975  4196 D Telecom : TelecomServiceImpl: isInCall callingPackage = com.android.systemui
11-12 17:08:37.443  2975  4196 D Telecom : TelecomServiceImpl: canReadPhoneState callingPackage = com.android.systemui: TSI.iIC@Dr8
11-12 17:08:37.443  2975  4196 D Telecom : TelecomServiceImpl: isPrivilegedDialerCalling = com.android.systemui: TSI.iIC@Dr8
11-12 17:08:37.443  2516  2924 D [gf_ca_entry] : [gx_ta_send_modified_cmd_req] end
11-12 17:08:37.443  2516  2924 D [gf_ca_entry] : [gf_ca_invoke_command] gx_ta_send_modified_cmd_req success
11-12 17:08:37.443  2516  2924 D [gf_ca_entry] : [gf_ca_invoke_command] ta execution succeed
11-12 17:08:37.444  2975  4196 D Telecom : TelecomServiceImpl: isInCall callingPackage = com.android.systemui
11-12 17:08:37.444  2975  4196 D Telecom : TelecomServiceImpl: canReadPhoneState callingPackage = com.android.systemui: TSI.iIC@DsA
11-12 17:08:37.444  2975  4196 D Telecom : TelecomServiceImpl: isPrivilegedDialerCalling = com.android.systemui: TSI.iIC@DsA
11-12 17:08:37.444  4069  4069 D keyguard: AsusEmergencyButton:updateEmergencyCallButton: visible: true, vc: true, es: true, h: false
11-12 17:08:37.445  2975  5050 D Telecom : TelecomServiceImpl: isInCall callingPackage = com.android.systemui
11-12 17:08:37.445  2975  5050 D Telecom : TelecomServiceImpl: canReadPhoneState callingPackage = com.android.systemui: TSI.iIC@DsE
11-12 17:08:37.445  2975  5050 D Telecom : TelecomServiceImpl: isPrivilegedDialerCalling = com.android.systemui: TSI.iIC@DsE
11-12 17:08:37.447  2975  4196 D Telecom : TelecomServiceImpl: isInCall callingPackage = com.android.systemui
11-12 17:08:37.447  2975  4196 D Telecom : TelecomServiceImpl: canReadPhoneState callingPackage = com.android.systemui: TSI.iIC@DsI
11-12 17:08:37.447  2975  4196 D Telecom : TelecomServiceImpl: isPrivilegedDialerCalling = com.android.systemui: TSI.iIC@DsI
11-12 17:08:37.447  4069  4069 I chatty  : uid=10018(u0_a18) com.android.systemui identical 1 line
11-12 17:08:37.449  2975  4196 D Telecom : TelecomServiceImpl: isInCall callingPackage = com.android.systemui
11-12 17:08:37.449  2975  4196 D Telecom : TelecomServiceImpl: canReadPhoneState callingPackage = com.android.systemui: TSI.iIC@DsM
11-12 17:08:37.449  2975  4196 D Telecom : TelecomServiceImpl: isPrivilegedDialerCalling = com.android.systemui: TSI.iIC@DsM
11-12 17:08:37.450  2975  4196 D Telecom : TelecomServiceImpl: isInCall callingPackage = com.android.systemui
11-12 17:08:37.450  2975  4196 D Telecom : TelecomServiceImpl: canReadPhoneState callingPackage = com.android.systemui: TSI.iIC@DsQ
11-12 17:08:37.450  2975  4196 D Telecom : TelecomServiceImpl: isPrivilegedDialerCalling = com.android.systemui: TSI.iIC@DsQ
11-12 17:08:37.450  4069  4069 D keyguard: AsusEmergencyButton:updateEmergencyCallButton: visible: true, vc: true, es: true, h: false
11-12 17:08:37.451  4069  4069 D keyguard: AsusKeyguardSimPickerView:onAttachedToWindow()
11-12 17:08:37.451  4069  4069 D keyguard: AsusKeyguardSimPickerView:onSIMStateChanged() 0, READY
11-12 17:08:37.451  4069  4069 D keyguard: AsusSIMManager:getSelectedSimSlot()
11-12 17:08:37.451  4069  4069 D keyguard: AsusKeyguardSimPickerView:showSecurityScreen() -1
11-12 17:08:37.451  4069  4069 D keyguard: AsusSIMManager:hasTwoSimCard() READY, ABSENT
11-12 17:08:37.451  4069  4069 D keyguard: AsusKeyguardSimPickerView:showSecurityScreen hasTwoSimCard: false, isIgnoreSinPinSecurity: false, isSimPinSecure: false, isSimPinSelected: false
11-12 17:08:37.451  4069  4069 D keyguard: AsusKeyguardSimPickerView:showSecurityScreen visibility: 4
11-12 17:08:37.451  4069  4069 D keyguard: AsusKeyguardSimPickerView:updateSimSlotResId() 0, READY
11-12 17:08:37.451  4069  4069 D keyguard: AsusKeyguardSimPickerView:onSIMStateChanged() 1, ABSENT
11-12 17:08:37.451  4069  4069 D keyguard: AsusKeyguardSimPickerView:updateSimSlotResId() 1, ABSENT
11-12 17:08:37.451  4069  4069 I keyguard: AsusMediator:registerCallback callback:com.asus.keyguard.module.dualsim.AsusKeyguardSimPickerView$2@4ce8e9b
11-12 17:08:37.451  4069  4069 V KeyguardUpdateMonitor: *** register callback for com.android.keyguard.EmergencyButton$1@2482238
11-12 17:08:37.451  4069  4069 V KeyguardUpdateMonitor: *** unregister callback for null
11-12 17:08:37.452  2975  4196 D Telecom : TelecomServiceImpl: isInCall callingPackage = com.android.systemui
11-12 17:08:37.452  2975  4196 D Telecom : TelecomServiceImpl: canReadPhoneState callingPackage = com.android.systemui: TSI.iIC@DsU
11-12 17:08:37.452  2975  4196 D Telecom : TelecomServiceImpl: isPrivilegedDialerCalling = com.android.systemui: TSI.iIC@DsU
11-12 17:08:37.453  4069  4141 D keyguard: AsusKeyguardColorTintMng:BINDING WallPaperAnalysisService!
11-12 17:08:37.453  2975  4196 D Telecom : TelecomServiceImpl: isInCall callingPackage = com.android.systemui
11-12 17:08:37.453  2975  4196 D Telecom : TelecomServiceImpl: canReadPhoneState callingPackage = com.android.systemui: TSI.iIC@DsY
11-12 17:08:37.453  2975  4196 D Telecom : TelecomServiceImpl: isPrivilegedDialerCalling = com.android.systemui: TSI.iIC@DsY
11-12 17:08:37.453  4069  4069 D keyguard: AsusEmergencyButton:updateEmergencyCallButton: visible: true, vc: true, es: true, h: false
11-12 17:08:37.454  2975  4196 D Telecom : TelecomServiceImpl: isInCall callingPackage = com.android.systemui
11-12 17:08:37.454  2975  4196 D Telecom : TelecomServiceImpl: canReadPhoneState callingPackage = com.android.systemui: TSI.iIC@Dsc
11-12 17:08:37.454  2975  4196 D Telecom : TelecomServiceImpl: isPrivilegedDialerCalling = com.android.systemui: TSI.iIC@Dsc
11-12 17:08:37.454  2975  5379 D Telecom : TelecomServiceImpl: isInCall callingPackage = com.android.systemui
11-12 17:08:37.454  2975  5379 D Telecom : TelecomServiceImpl: canReadPhoneState callingPackage = com.android.systemui: TSI.iIC@Dsg
11-12 17:08:37.455  2975  5379 D Telecom : TelecomServiceImpl: isPrivilegedDialerCalling = com.android.systemui: TSI.iIC@Dsg
11-12 17:08:37.455  4069  4069 D keyguard: AsusEmergencyButton:updateEmergencyCallButton: visible: true, vc: true, es: true, h: false
11-12 17:08:37.455  2975  5379 D Telecom : TelecomServiceImpl: isInCall callingPackage = com.android.systemui
11-12 17:08:37.455  2975  5379 D Telecom : TelecomServiceImpl: canReadPhoneState callingPackage = com.android.systemui: TSI.iIC@Dsk
11-12 17:08:37.455  2975  5379 D Telecom : TelecomServiceImpl: isPrivilegedDialerCalling = com.android.systemui: TSI.iIC@Dsk
11-12 17:08:37.455  4960 19281 I PBSessionCacheImpl: Deleted sessionId[3176516427019] from persistence.
11-12 17:08:37.456  2975  5379 D Telecom : TelecomServiceImpl: isInCall callingPackage = com.android.systemui
11-12 17:08:37.456  2975  5379 D Telecom : TelecomServiceImpl: canReadPhoneState callingPackage = com.android.systemui: TSI.iIC@Dso
11-12 17:08:37.456  2975  5379 D Telecom : TelecomServiceImpl: isPrivilegedDialerCalling = com.android.systemui: TSI.iIC@Dso
11-12 17:08:37.456  4069  4069 D keyguard: AsusEmergencyButton:updateEmergencyCallButton: visible: true, vc: true, es: true, h: false
11-12 17:08:37.456  2975  5379 D Telecom : TelecomServiceImpl: isInCall callingPackage = com.android.systemui
11-12 17:08:37.456  2975  5379 D Telecom : TelecomServiceImpl: canReadPhoneState callingPackage = com.android.systemui: TSI.iIC@Dss
11-12 17:08:37.456  2975  5379 D Telecom : TelecomServiceImpl: isPrivilegedDialerCalling = com.android.systemui: TSI.iIC@Dss
11-12 17:08:37.457  2975  5379 D Telecom : TelecomServiceImpl: isInCall callingPackage = com.android.systemui
11-12 17:08:37.457  2975  5379 D Telecom : TelecomServiceImpl: canReadPhoneState callingPackage = com.android.systemui: TSI.iIC@Dsw
11-12 17:08:37.457  2975  5379 D Telecom : TelecomServiceImpl: isPrivilegedDialerCalling = com.android.systemui: TSI.iIC@Dsw
11-12 17:08:37.457  4069  4069 D keyguard: AsusEmergencyButton:updateEmergencyCallButton: visible: true, vc: true, es: true, h: false
11-12 17:08:37.458  4069  4069 D KeyguardViewBase: getSecurityMode() Pattern
11-12 17:08:37.458  4069  4069 D keyguard: StatusBarWindowManager:isExpanded<FKvkbhp>
11-12 17:08:37.458  4069  4069 D keyguard: StatusBarWindowManager:applyHeight,expanded:true
11-12 17:08:37.458  4069  4069 D keyguard: StatusBarWindowManager:applyUserActivityTimeout<SKeq>, change to 10000
11-12 17:08:37.458  4069  4069 D keyguard: StatusBarWindowManager:isExpanded<FKvkbhp>
11-12 17:08:37.458  2975  5050 D CompatibilityInfo: mCompatibilityFlags - 0
11-12 17:08:37.458  2975  5050 D CompatibilityInfo: applicationDensity - 480
11-12 17:08:37.458  2975  5050 D CompatibilityInfo: applicationScale - 1.0
11-12 17:08:37.459  4069  4069 D keyguard: StatusBarWindowManager:trackLastUserActivityTimeout: -1 -> 10000
11-12 17:08:37.459  4069  4069 D keyguard: StatusBarWindowManager:isExpanded<FKvkbhp>
11-12 17:08:37.459  4069  4069 D keyguard: StatusBarWindowManager:applyHeight,expanded:true
11-12 17:08:37.459  4069  4069 D keyguard: StatusBarWindowManager:isExpanded<FKvkbhp>
11-12 17:08:37.459  4069  4069 D keyguard: AsusMediator:setStatusBarState:1
11-12 17:08:37.459  4069  4069 I keyguard: AsusKeyguardWallpaper:updateVisible:false isFingerprintUnlocking:false
11-12 17:08:37.459  4069  4069 I keyguard: AsusKGWallpaperManager:notifyBlurEffect blur:false mTouching:false TouchedShortcut:false CaptureScreenshot:false LaunchShortcut:false visible:true mExpand:true mBouncerShow:false isImageWallpaper:false
11-12 17:08:37.459  4069  4069 I keyguard: AsusKeyguardWallpaper:updateBlurEffect:false
11-12 17:08:37.459  4069  4069 I keyguard: AsusKeyguardSpriteAnimation:updateBlurEffect:false
11-12 17:08:37.463   670   670 I sensors-hal: batch:159, android.sensor.accelerometer/34, period=200000000, max_latency=0
11-12 17:08:37.463   670   670 I sensors-hal: batch:168, android.sensor.accelerometer/34, period=200000000, max_latency=0 request completed
11-12 17:08:37.463  4960  4960 W SearchServiceCore: Abort, client detached.
11-12 17:08:37.463  2975  2975 W WindowOrientationListener: sProposedRotation = -1
11-12 17:08:37.464   657 18158 D audio_hw_primary: adev_set_parameters: enter: screen_state=off
11-12 17:08:37.464   657 18158 D audio_hw_extn: audio_extn_set_anc_parameters: anc_enabled:0
11-12 17:08:37.464  4960  4960 I StreamController: cleanUpControllerScope(nowcards-15-be89089-f55f)
11-12 17:08:37.465  4069  4069 D keyguard: KeyguardUpdateMonitor:getUserCanSkipBouncer,getUserHasTrust:false,isFpAuthenticated:false,isFaceAuthenticated:false
11-12 17:08:37.467  4069  4069 D MoreNotificationIcon: implementMoreNotificationIcon(false)
11-12 17:08:37.467  4069  4069 D StatusBar: android checkMoreIconColorize: !isPreL: true isGrayscale: true
11-12 17:08:37.470  4069  4069 D keyguard: StatusBarWindowManager:isExpanded<FKVkbhp>
11-12 17:08:37.470  4069  4069 D keyguard: StatusBarWindowManager:applyHeight,expanded:true
11-12 17:08:37.470  4069  4069 D keyguard: StatusBarWindowManager:isExpanded<FKVkbhp>
11-12 17:08:37.470  4069  4069 D StatusBar: disable<e i a s b h r c s q >
11-12 17:08:37.472  4069  4069 V KeyguardUpdateMonitor: *** unregister callback for com.android.keyguard.KeyguardPatternView$3@37f2bf2
11-12 17:08:37.472  4069  4069 D KeyguardViewBase: show()
11-12 17:08:37.473  4069  4069 V KeyguardSecurityView: showPrimarySecurityScreen(turningOff=false)
11-12 17:08:37.473  4069  4069 D KeyguardSecurityView: showSecurityScreen(Pattern)
11-12 17:08:37.474  4069  4382 D Tile.BluetoothTile: handleUpdateState, mAnimState=1
11-12 17:08:37.474  4069  4382 D Tile.AIBoostTile: AIBoost handleUpdateState value:0
11-12 17:08:37.477  4069  4382 D BoostServiceController: getAvailMem
11-12 17:08:37.478  2975  8575 D ActivityManager: include ion mem
11-12 17:08:37.478  4069  4382 D BoostServiceController: Get available memory from boost service:2015
11-12 17:08:37.478  4069  4382 D BoostServiceController: getAvailMem
11-12 17:08:37.478  2975  8575 I chatty  : uid=1000(system) Binder:2975_17 identical 1 line
11-12 17:08:37.478  4069  4382 D BoostServiceController: Get available memory from boost service:2015
11-12 17:08:37.478  4069  4382 D BoostServiceController: getAvailMem
11-12 17:08:37.478  2975  8575 D ActivityManager: include ion mem
11-12 17:08:37.478  4069  4382 D BoostServiceController: Get available memory from boost service:2015
11-12 17:08:37.482  4053  4053 I DeviceStatusMonitor: cqg: onReceive() : Action = android.intent.action.SCREEN_OFF
11-12 17:08:37.484  4069  4069 D StatusBarKeyguardViewManager: updateStates    navBarVisible: false lastNavBarVisible: true
11-12 17:08:37.485  4069  4069 D keyguard: KeyguardUpdateMonitor:onKeyguardVisibilityChanged(true)
11-12 17:08:37.485  4069  4069 I keyguard: AsusMediator:onKeyguardVisibilityChanged:true
11-12 17:08:37.485  4069  4069 D keyguard: AsusFuManager:onKeyguardVisibilityChanged true
11-12 17:08:37.485  4069  4069 D keyguard: AsusFuManager:onKeyguardVisibilityChanged: isEnable: false, isLockOut: false, isinstanceofConcrete: true
11-12 17:08:37.486  4069  4069 I keyguard: AsusFirstKGUnlockedMonitor:getSettingsForFirstKGUnlocked()  settings: true
11-12 17:08:37.486  4069  4069 I keyguard: AsusFirstKGUnlockedMonitor:getSettingsForFirstKGUnlocked()  settings: true
11-12 17:08:37.486  4069  4069 I keyguard: AsusDragManager:onKeyguardVisibilityChanged showing:true
11-12 17:08:37.486  4069  4069 I keyguard: AsusZenmotionManager:onKeyguardVisibilityChanged showing:true
11-12 17:08:37.486  4069  4069 I keyguard: AsusZenmotionManager:updateArea mKeyguardShow:true
11-12 17:08:37.486  4069  4069 I keyguard: AsusKeyguardSpriteAnimation:updateVisible:true
11-12 17:08:37.486  4069  4069 I keyguard: AsusSlideshowManager:onKeyguardVisibilityChanged: showing: true
11-12 17:08:37.486  4069  4069 I keyguard: AsusSlideshowSettingPanelManager:onKeyguardVisibilityChanged: showing=true
11-12 17:08:37.487  4069  4069 D keyguard: KeyguardUpdateMonitor:shouldListenForFingerprint<KvbgSotufAd>
11-12 17:08:37.487  4069  4069 D keyguard: KeyguardUpdateMonitor:updateFingerprintListeningState should=true, state=1
11-12 17:08:37.488  2975  6508 D Telecom : TelecomServiceImpl: isRinging callingPackage = com.android.systemui
11-12 17:08:37.488  2975  6508 D Telecom : TelecomServiceImpl: canReadPhoneState callingPackage = com.android.systemui: TSI.iR@Ds4
11-12 17:08:37.489  2975  6508 D Telecom : TelecomServiceImpl: isPrivilegedDialerCalling = com.android.systemui: TSI.iR@Ds4
11-12 17:08:37.489  4069  4069 D KeyguardViewMediator: adjustStatusBarLocked: mShowing=true mOccluded=false isSecure=true --> flags=0x1200000
11-12 17:08:37.490  4069  4069 D keyguard: KeyguardUpdateMonitor:action_sim_state_change intent already come, so we don't need to read sim state again or mIsNeedReadSimStateFirstTime:false
11-12 17:08:37.490  4069  4069 V KeyguardDisplayManager: show
11-12 17:08:37.490  4069  4069 D keyguard: KeyguardUpdateMonitor:handleFinishedGoingToSleep
11-12 17:08:37.491  4069  4069 D keyguard: AsusFingerprintSupportManager:onFinishedGoingToSleep() 2 mIsTurningOn:false mSpeedupTurnOn:true
11-12 17:08:37.491  4069  4069 D AsusGestureManager: onFinishedGoingToSleep()
11-12 17:08:37.491  4069  4069 I keyguard: AsusKeyguardSpriteAnimation:updateStatus:false
11-12 17:08:37.492  4069  4069 D keyguard: KeyguardUpdateMonitor:shouldListenForFingerprint<KvbgsotufAd>
11-12 17:08:37.492  4069  4069 D keyguard: KeyguardUpdateMonitor:updateFingerprintListeningState should=true, state=1
11-12 17:08:37.494  4069 20264 I FrpHelper: AccountAnalyzer count: 3
11-12 17:08:37.496  4069  4069 W KeyguardSecurityViewFlipper: onMeasure: heightSpec MeasureSpec: EXACTLY 0 should be AT_MOST
11-12 17:08:37.499  4069  4069 W KeyguardSecurityViewFlipper: onMeasure: heightSpec MeasureSpec: EXACTLY 0 should be AT_MOST
11-12 17:08:37.512  4228  4381 I QCNEJ/CndHalConnector: -> SND notifyScreenStateChanged(false)
11-12 17:08:37.514  4228  4381 I QCNEJ/CndHalConnector: -> SND notifyScreenStateChanged(false)
11-12 17:08:37.594  2975  4051 D SurfaceControl: Excessive delay in setPowerMode(): 200ms
11-12 17:08:37.594   669   669 I QTI PowerHAL: Got set_interactive hint on= 0, count= 555
11-12 17:08:37.595   669   669 E QTI PowerHAL: Error opening /sys/kernel/hbtp/display_pwr: No such file or directory
11-12 17:08:37.595  2975  4051 I libsuspend: [PM] display off
11-12 17:08:37.595  2975  3013 I DisplayPowerController: setScreenState  mPowerState.getScreenState(): OFF to state: OFF
11-12 17:08:37.595  2975  3013 D DisplayPowerController: Finished business...
11-12 17:08:37.605  4069  4069 W KeyguardSecurityViewFlipper: onMeasure: heightSpec MeasureSpec: EXACTLY 1496 should be AT_MOST
11-12 17:08:37.608  4069  4069 I keyguard: AsusMediator:updateNotificationCount: 1
11-12 17:08:37.608  4069  4069 D keyguard: AsusLSHeaderManager:updateNotificationStatus: showing=false
11-12 17:08:37.609  4069  4069 D StatusBar: disable<e i a s b H!R!c s q >
11-12 17:08:37.609  4069  4069 D NavigationBarView: resetFloatingToolState
11-12 17:08:37.610  4069  4069 D keyguard: StatusBarWindowManager:isExpanded<FKVkbhp>
11-12 17:08:37.610  4069  4069 D keyguard: StatusBarWindowManager:applyHeight,expanded:true
11-12 17:08:37.610  4069  4069 D keyguard: StatusBarWindowManager:isExpanded<FKVkbhp>
11-12 17:08:37.610  4069  4069 D ScrimController: updateScrimKeyguard 4 fraction: 1.0 mScrimBehindAlphaKeyguard: 0.14 mScrimBehindAlphaUnlocking: 0.2 result: 0.14
11-12 17:08:37.610  4069  4069 D LightBarController: setScrimAlpha: 0.14 NAV_BAR_INVERSION_SCRIM_ALPHA_THRESHOLD: 0.1
11-12 17:08:37.622  4069  4069 D KeyguardViewMediator: handleNotifyScreenTurnedOff
11-12 17:08:37.623  4069  4069 D keyguard: AsusFuManager:onScreenTurnedOff
11-12 17:08:37.624  4069  4069 D keyguard: AsusFuManager:onScreenTurnedOff: isEnable: false, isLockOut: false, isinstanceofConcrete: true
11-12 17:08:37.624  4069  4069 I keyguard: AsusKeyguardDrawingCacheManager:shouldUpdate() exceedOneDay: true, ThemeChanged: true, OrientationChanged: false, ShortCutChanged: true, UserIdChanged: false, localeChanged: false
11-12 17:08:37.624  4069  4069 I keyguard: WakeLockUtils:acquireForDrawingCache()
11-12 17:08:37.624  4069  4069 D keyguard: AsusSlideshowManager:onScreenTurnedOff()
11-12 17:08:37.624  4069  4069 I keyguard: AsusSlideshowSettingPanelManager:onScreenTurnedOff
11-12 17:08:37.626  4069  4069 D keyguard: AsusSIMManager:getSelectedSimSlot()
11-12 17:08:37.626  4069  4069 D keyguard: AsusKeyguardSimPickerView:showSecurityScreen() -1
11-12 17:08:37.626  4069  4069 D keyguard: AsusSIMManager:hasTwoSimCard() READY, ABSENT
11-12 17:08:37.626  4069  4069 D keyguard: AsusKeyguardSimPickerView:showSecurityScreen hasTwoSimCard: false, isIgnoreSinPinSecurity: false, isSimPinSecure: false, isSimPinSelected: false
11-12 17:08:37.626  4069  4069 D keyguard: AsusKeyguardSimPickerView:showSecurityScreen visibility: 4
11-12 17:08:37.626  4069  4069 D keyguard: AsusKeyguardColorTintMng:BrightnessAnalysis Service connected
11-12 17:08:37.628  4069  4069 D StatusBarIconController: isVertical: true
11-12 17:08:37.629  4069  4069 D StatusBarIconController: isVertical: true
11-12 17:08:37.629  4069  4069 D Tile.BluetoothTile: onBluetoothStateChange, BluetoothAdapter.STATE_OFF
11-12 17:08:37.632  4069  4069 D KeyguardUpdateMonitor: handleKeyguardReset
11-12 17:08:37.633  4069  4069 D keyguard: KeyguardUpdateMonitor:shouldListenForFingerprint<KvbgsotufAd>
11-12 17:08:37.633  4069  4069 D keyguard: KeyguardUpdateMonitor:updateFingerprintListeningState should=true, state=1
11-12 17:08:37.638  4069  4069 I keyguard: AsusMediator:updateNotificationCount: 2
11-12 17:08:37.638  4069  4069 D keyguard: AsusLSHeaderManager:updateNotificationStatus: showing=true
11-12 17:08:37.640  4069  4069 V KeyguardUpdateMonitor: *** register callback for com.asus.keyguard.module.clock.ui.AsusSimpleDigitalClockForFBE$2@fd1272d
11-12 17:08:37.640  4069  4069 V KeyguardUpdateMonitor: *** unregister callback for null
