12-10 14:05:13.510  3252  3252 D StatusBar: com.asus.powersaver checkMoreIconColorize: !isPreL: true isGrayscale: true
12-10 14:05:13.510  3252  3252 D StatusBar: android checkMoreIconColorize: !isPreL: true isGrayscale: true
12-10 14:05:13.529  2847 18169 D NextAppCoreTrainingJobService: [filter predict result] current pkg = com.android.systemui, predict 1 = com.whatsapp:0.29164162278175354, predict 2 = com.facebook.katana:0.14416275918483734, predict 3 = com.reddit.frontpage:0.13775549829006195, predict 4 = com.ninegag.android.app:0.0904339849948883, predict 5 = com.android.chrome:0.0580366849899292
12-10 14:05:13.529  2847 18169 D NextAppCoreTrainingJobService: [predict result] current pkg = com.android.systemui, predict 1 = com.whatsapp:0.29164162278175354, predict 2 = com.facebook.katana:0.14416275918483734, predict 3 = com.reddit.frontpage:0.13775549829006195, predict 4 = com.ninegag.android.app:0.0904339849948883, predict 5 = com.android.chrome:0.0580366849899292
12-10 14:05:13.530  2847 18169 D NextAppCoreTrainingJobService: [predictAll] pkg = com.whatsapp,com.facebook.katana,com.reddit.frontpage,com.ninegag.android.app,com.android.chrome,com.square_enix.android_googleplay.FFBEWW,com.nianticlabs.pokemongo,com.google.android.gm,com.google.android.googlequicksearchbox,org.telegram.messenger,com.google.android.keep,com.asus.contacts,com.yahoo.mobile.client.android.mail,com.waze,com.asus.deskclock
12-10 14:05:13.530  2847 18169 D NextAppCoreTrainingJobService: [predictAll] rate= 2916,1441,1377,904,580,504,361,265,232,181,163,122,119,119,118
12-10 14:05:13.542  4346  4346 D Launcher: NextAppCoreObserver onChange:false
12-10 14:05:13.542  3252 11217 I zygote64: Explicit concurrent copying GC freed 40373(1713KB) AllocSpace objects, 0(0B) LOS objects, 49% free, 6MB/13MB, paused 345us total 47.229ms
12-10 14:05:13.551  4346 18171 D Launcher: app prediction list:com.whatsapp,com.facebook.katana,com.reddit.frontpage,com.ninegag.android.app,com.android.chrome,com.square_enix.android_googleplay.FFBEWW,com.nianticlabs.pokemongo,com.google.android.gm,com.google.android.googlequicksearchbox,org.telegram.messenger,com.google.android.keep,com.asus.contacts,com.yahoo.mobile.client.android.mail,com.waze,com.asus.deskclock
12-10 14:05:13.557  2845  2845 W JobServiceContext: App Op not allow JobScheduler to start app com.google.android.projection.gearhead/10153
12-10 14:05:13.557  2845  2845 D JobSchedulerService: Error executing JobStatus{4673817 #u0a153/790541 com.google.android.projection.gearhead/com.google.android.gearhead.cloud.home.CloudCardJobService u=0 s=10153 TIME=-1h4m19s656ms:+1h55m40s344ms NET=3 PERSISTED READY}
12-10 14:05:13.571  4346  4346 D LauncherLog: AppsCustomizePagedView - syncAppsPageItems page: 0 index: 0 Item: WhatsApp
12-10 14:05:13.574  4346  4346 D LauncherLog: AppsCustomizePagedView - syncAppsPageItems page: 0 index: 1 Item: Facebook
12-10 14:05:13.575  4346  4346 D LauncherLog: AppsCustomizePagedView - syncAppsPageItems page: 0 index: 2 Item: Reddit
12-10 14:05:13.576  4346  4346 D LauncherLog: AppsCustomizePagedView - syncAppsPageItems page: 0 index: 3 Item: 9GAG
12-10 14:05:13.577  4346  4346 D LauncherLog: AppsCustomizePagedView - syncAppsPageItems page: 0 index: 4 Item: FFEXVIUS
12-10 14:05:13.583  2845  2957 I DisplayPowerController: setScreenState  mPowerState.getScreenState(): ON to state: ON
12-10 14:05:13.584  2845  2957 D DisplayPowerController: Finished business...
12-10 14:05:13.584  2845  2845 W JobServiceContext: App Op not allow JobScheduler to start app com.google.android.projection.gearhead/10153
12-10 14:05:13.585  2845  2845 D JobSchedulerService: Error executing JobStatus{4673817 #u0a153/790541 com.google.android.projection.gearhead/com.google.android.gearhead.cloud.home.CloudCardJobService u=0 s=10153 TIME=-1h4m19s684ms:+1h55m40s316ms NET=3 PERSISTED READY}
12-10 14:05:13.600   663  1000 D SDM     : DisplayBase::BuildLayerStackStats: LayerStack layer_count: 5, app_layer_count: 4, gpu_target_index: 4, display type: 0
12-10 14:05:13.617   663  1000 D SDM     : DisplayBase::BuildLayerStackStats: LayerStack layer_count: 5, app_layer_count: 4, gpu_target_index: 4, display type: 0
12-10 14:05:13.630  2845  2911 D CompatibilityInfo: mCompatibilityFlags - 0
12-10 14:05:13.630  2845  2911 D CompatibilityInfo: applicationDensity - 480
12-10 14:05:13.630  2845  2911 D CompatibilityInfo: applicationScale - 1.0
12-10 14:05:13.702   663  1000 D SDM     : DisplayBase::BuildLayerStackStats: LayerStack layer_count: 5, app_layer_count: 4, gpu_target_index: 4, display type: 0
12-10 14:05:13.835  3252  3457 D NetworkController.MobileSignalController(2): onDataActivity: direction=0
12-10 14:05:13.837  3590  3780 D PhoneInterfaceManager: isWifiCallingAvailable: sub Id : 2
12-10 14:05:13.838  3252  3457 D NetworkController.MobileSignalController(2): isWifiCallingAvailable=false
12-10 14:05:13.838  3590  3884 D PhoneInterfaceManager: isVolteAvailable: sub Id : 2
12-10 14:05:13.838  3252  3457 D NetworkController.MobileSignalController(2): isVolteAvailable=false
12-10 14:05:13.839  3590  3780 D PhoneInterfaceManager: isVideoTelephonyAvailable: sub Id : 2
12-10 14:05:13.839  3252  3457 D NetworkController.MobileSignalController(2): isVideoTelephonyAvailable=false
12-10 14:05:13.840  3252  3457 D NetworkController.MobileSignalController(2): Change in state from: connected=true,enabled=true,level=4,inetCondition=1,iconGroup=IconGroup(4G),activityIn=false,activityOut=true,rssi=0,lastModified=12-10 02:05:12,dataSim=true,networkName=Vivo,networkNameData=Vivo,dataConnected=true,roaming=false,isDefault=true,isEmergency=false,airplaneMode=false,carrierNetworkChangeMode=false,userSetup=true
12-10 14:05:13.840  3252  3457 D NetworkController.MobileSignalController(2): 	to: connected=true,enabled=true,level=4,inetCondition=1,iconGroup=IconGroup(4G),activityIn=false,activityOut=false,rssi=0,lastModified=12-10 02:05:12,dataSim=true,networkName=Vivo,networkNameData=Vivo,dataConnected=true,roaming=false,isDefault=true,isEmergency=false,airplaneMode=false,carrierNetworkChangeMode=false,userSetup=true
12-10 14:05:13.840  3252  3457 D NetworkController.MobileSignalController(2): SubscriptionInfo.getSimSlotIndex(): 0
12-10 14:05:13.841  3252  3457 D NetworkController: isSimOff(0): false
12-10 14:05:13.841  3252  3457 D NetworkController: hasPrefered: false
12-10 14:05:13.841  3252  3457 D NetworkController.MobileSignalController(2): SubscriptionInfo.getSimSlotIndex(): 0
12-10 14:05:13.841  3252  3457 D NetworkController: isSimOff(0): false
12-10 14:05:13.841  3252  3457 D NetworkController: hasPrefered: false
12-10 14:05:13.841  3252  3457 D NetworkController.MobileSignalController(2): SubscriptionInfo.getSimSlotIndex(): 0
12-10 14:05:13.841  3252  3457 D NetworkController: isSimOff(0): false
12-10 14:05:13.841  3252  3457 D NetworkController: hasPrefered: false
12-10 14:05:13.843  3252  3457 D NetworkController.MobileSignalController(2): notifyListeners NetworkCountryIso=br
12-10 14:05:13.848  3252  3252 D MoreNotificationIcon: implementMoreNotificationIcon(false)
12-10 14:05:13.848  3252  3252 D StatusBar: com.asus.powersaver checkMoreIconColorize: !isPreL: true isGrayscale: true
12-10 14:05:13.848  3252  3252 D StatusBar: android checkMoreIconColorize: !isPreL: true isGrayscale: true
12-10 14:05:13.851  4346  4929 W OpenGLRenderer: Incorrectly called buildLayer on View: qf, destroying layer...
12-10 14:05:13.851  4346  4929 W OpenGLRenderer: Incorrectly called buildLayer on View: qf, destroying layer...
12-10 14:05:13.868   663  1000 D SDM     : DisplayBase::BuildLayerStackStats: LayerStack layer_count: 5, app_layer_count: 4, gpu_target_index: 4, display type: 0
12-10 14:05:13.884   663  1000 D SDM     : DisplayBase::BuildLayerStackStats: LayerStack layer_count: 5, app_layer_count: 4, gpu_target_index: 4, display type: 0
12-10 14:05:13.949  2845  3426 I BatteryService: health = 2, mPlugType = 1, mUsbAbnormal = 0
12-10 14:05:13.954  3754  3754 D PowerSaverService: extraBatteryHealth =2, dongle_type=-1
12-10 14:05:13.954  2845  2914 D BatteryStatsService: updateFlags s=15
12-10 14:05:13.954  2845  4685 V LocSvc_HIDL_Subscription_jni: battery_level_update
12-10 14:05:13.954  2845  4685 V LocSvc_HIDL_Subscription_jni: [battery_level_update][886] [HC] =>> [HS]
12-10 14:05:13.955  2462  2462 V LocSvc_HIDL_IzatSubscription: [batteryLevelUpdate][757] [HS] <<<<= [HC]
12-10 14:05:13.956  3754  3754 D PowerSaverService: getBatteryRemainTime chargeTime: 942720
12-10 14:05:13.957  3754  3754 W ContextImpl: Calling a method in the system process without a qualified user: android.app.ContextImpl.sendBroadcast:950 android.content.ContextWrapper.sendBroadcast:442 com.asus.powersaver.PowerSaverService.d:9 com.asus.powersaver.PowerSaverService.a:57 com.asus.powersaver.PowerSaverService.a:0 
12-10 14:05:13.957  2845  4685 V LocSvc_HIDL_Subscription_jni: Exit Result 0
12-10 14:05:13.959  3754  3754 D PowerSaverService: battery_soh = -1
12-10 14:05:13.960  3252  3252 D KeyguardUpdateMonitor: received broadcast android.intent.action.BATTERY_CHANGED
12-10 14:05:13.960  3754  4904 D ScheduledCharging: BatLv:0.88 StopCharing:false Plugged:true Switch:false
12-10 14:05:13.960  3252  3252 D BatteryController: level: 88
12-10 14:05:13.961  3252  3252 D BatteryController: status: 2
12-10 14:05:13.961  3252  3252 D BatteryController: plugType: 1
12-10 14:05:13.961  3252  3252 D BatteryController: isPackPresent: false
12-10 14:05:13.961  3252  3252 D BatteryController: packLevel: 0
12-10 14:05:13.961  3252  3252 D BatteryController: packStatus: 1
12-10 14:05:13.961  3252  3252 D BatteryController: packType: 0
12-10 14:05:13.961  3252  3252 D BatteryController: penBatteryPresent: false
12-10 14:05:13.961  3252  3252 D BatteryController: penLevel: 0
12-10 14:05:13.961  3252  3252 D BatteryController: penZStyleOnly: false
12-10 14:05:13.961  3252  3252 D BatteryController: healthStatus: 2
12-10 14:05:13.961  3252  3252 D BatteryController: ====================================
12-10 14:05:13.965  3252  3252 D PowerUI : oldTemp=340, mTemp=340
12-10 14:05:13.965  3252  3252 D PowerUI : findUsbOtg =false,supportReverseCharging =0
12-10 14:05:13.966  3252  3252 D KeyguardUpdateMonitor: handleBatteryUpdate
12-10 14:05:13.967  3252  3252 I keyguard: AsusBatteryInfo:onRefreshBatteryInfo: PluggedIn=true, PCharged=false, mChargingSpeed=1, QCharging=false, mChargingCurrent=7250000, mJeitaTriggered=false, mBatteryProtection=false
12-10 14:05:13.969  3252  3252 D MoreNotificationIcon: implementMoreNotificationIcon(false)
12-10 14:05:13.969  3252  3252 D StatusBar: com.asus.powersaver checkMoreIconColorize: !isPreL: true isGrayscale: true
12-10 14:05:13.970  3252  3252 D StatusBar: android checkMoreIconColorize: !isPreL: true isGrayscale: true
12-10 14:05:13.970  3252  3252 D MoreNotificationIcon: implementMoreNotificationIcon(false)
12-10 14:05:13.970  3252  3252 D StatusBar: com.asus.powersaver checkMoreIconColorize: !isPreL: true isGrayscale: true
12-10 14:05:13.970  3252  3252 D StatusBar: android checkMoreIconColorize: !isPreL: true isGrayscale: true
12-10 14:05:13.971  3252  3252 D MoreNotificationIcon: implementMoreNotificationIcon(false)
12-10 14:05:13.971  3252  3252 D StatusBar: com.asus.powersaver checkMoreIconColorize: !isPreL: true isGrayscale: true
12-10 14:05:13.971  3252  3252 D StatusBar: android checkMoreIconColorize: !isPreL: true isGrayscale: true
12-10 14:05:13.972  2845  2914 E BatteryStatsService: no controller energy info supplied
12-10 14:05:13.973  3252  3252 D MoreNotificationIcon: implementMoreNotificationIcon(false)
12-10 14:05:13.973  3252  3252 D StatusBar: com.asus.powersaver checkMoreIconColorize: !isPreL: true isGrayscale: true
12-10 14:05:13.973  3252  3252 D StatusBar: android checkMoreIconColorize: !isPreL: true isGrayscale: true
12-10 14:05:13.984   663  1000 D SDM     : DisplayBase::BuildLayerStackStats: LayerStack layer_count: 5, app_layer_count: 4, gpu_target_index: 4, display type: 0
12-10 14:05:13.994  2845  2914 E BatteryStatsService: modem info is invalid: ModemActivityInfo{ mTimestamp=14691421 mSleepTimeMs=35294 mIdleTimeMs=-35294 mTxTimeMs[]=[13, 895, 299, 32, 183] mRxTimeMs=80515 mEnergyUsed=0}
12-10 14:05:14.001   663  1000 I chatty  : uid=1000(system) HwBinder:663_2 identical 1 line
12-10 14:05:14.102   663  1000 D SDM     : DisplayBase::BuildLayerStackStats: LayerStack layer_count: 5, app_layer_count: 4, gpu_target_index: 4, display type: 0
12-10 14:05:14.381 31266 31266 E adbd    : failed to connect to socket 'tcp:6666': Connection refused
12-10 14:05:14.397  2845  2911 D CompatibilityInfo: mCompatibilityFlags - 0
12-10 14:05:14.397  2845  2911 D CompatibilityInfo: applicationDensity - 480
12-10 14:05:14.397  2845  2911 D CompatibilityInfo: applicationScale - 1.0
12-10 14:05:14.434  4346  4346 D LauncherAppWidgetHostView: updateAppWidget: [Launcher] = com.android.launcher3.Launcher@9a1df39
12-10 14:05:14.434  4346  4346 D LauncherAppWidgetHostView: updateAppWidget: com.google.android.googlequicksearchbox
12-10 14:05:14.453  4346  4346 D LauncherLog: ratio: 0.796875
12-10 14:05:14.487   663  1000 D SDM     : DisplayBase::BuildLayerStackStats: LayerStack layer_count: 5, app_layer_count: 4, gpu_target_index: 4, display type: 0
