12-08 19:07:18.670  2821  4453 D Telecom : TelecomServiceImpl: canReadPhoneState callingPackage = com.android.systemui: TSI.iIC@QOE
12-08 19:07:18.670  2821  4453 D Telecom : TelecomServiceImpl: isPrivilegedDialerCalling = com.android.systemui: TSI.iIC@QOE
12-08 19:07:18.672  2821  3314 D Telecom : TelecomServiceImpl: isInCall callingPackage = com.android.systemui
12-08 19:07:18.672  2821  3314 D Telecom : TelecomServiceImpl: canReadPhoneState callingPackage = com.android.systemui: TSI.iIC@QOI
12-08 19:07:18.672  2821  3314 D Telecom : TelecomServiceImpl: isPrivilegedDialerCalling = com.android.systemui: TSI.iIC@QOI
12-08 19:07:18.672  3306  3306 D keyguard: AsusEmergencyButton:updateEmergencyCallButton: visible: true, vc: true, es: true, h: false
12-08 19:07:18.677  2821 27710 D Telecom : TelecomServiceImpl: isInCall callingPackage = com.android.systemui
12-08 19:07:18.677  2821 27710 D Telecom : TelecomServiceImpl: canReadPhoneState callingPackage = com.android.systemui: TSI.iIC@QOM
12-08 19:07:18.677  2821 27710 D Telecom : TelecomServiceImpl: isPrivilegedDialerCalling = com.android.systemui: TSI.iIC@QOM
12-08 19:07:18.678  4312  4312 V Launcher: [onWindowFocusChanged]: false, takes: 0ms
12-08 19:07:18.679  2821 27710 D Telecom : TelecomServiceImpl: isInCall callingPackage = com.android.systemui
12-08 19:07:18.679  2821 27710 D Telecom : TelecomServiceImpl: canReadPhoneState callingPackage = com.android.systemui: TSI.iIC@QOQ
12-08 19:07:18.679  2821 27710 D Telecom : TelecomServiceImpl: isPrivilegedDialerCalling = com.android.systemui: TSI.iIC@QOQ
12-08 19:07:18.679  3306  3306 D keyguard: AsusEmergencyButton:updateEmergencyCallButton: visible: true, vc: true, es: true, h: false
12-08 19:07:18.679  3306  3306 D keyguard: StatusBarWindowManager:isExpanded<FKvkbhp>
12-08 19:07:18.679  3306  3306 D keyguard: StatusBarWindowManager:applyHeight,expanded:true
12-08 19:07:18.679  3306  3306 D keyguard: StatusBarWindowManager:isExpanded<FKvkbhp>
12-08 19:07:18.679  3306  3306 I keyguard: AsusDoubleTapArea:onAttachedToWindow
12-08 19:07:18.679  3306  3306 I keyguard: AsusZenmotionManager:updateArea mKeyguardShow:false
12-08 19:07:18.679  3306  3306 I keyguard: AsusMediator:registerCallback callback:com.asus.keyguard.module.clock.ui.AsusKeyguardUnlockscreenHeader$1@a763a0c
12-08 19:07:18.680  3306  3306 D keyguard: AsusKeyguardUnlockscreenHeader:add weather widget...
12-08 19:07:18.680  3306  3306 I keyguard: AsusMediator:registerBarClockShowCallback callback:com.asus.keyguard.module.clock.ui.AsusWeatherClockContainer$1@b4e8f55
12-08 19:07:18.680  3306  3306 V KeyguardUpdateMonitor: *** register callback for com.android.keyguard.KeyguardHostView$1@dd1d6a
12-08 19:07:18.680  3306  3306 V KeyguardUpdateMonitor: *** unregister callback for null
12-08 19:07:18.681  3306  3306 V KeyguardSecurityView: showPrimarySecurityScreen(turningOff=false)
12-08 19:07:18.681  3306  3306 D KeyguardSecurityView: showSecurityScreen(Pattern)
12-08 19:07:18.681  3306  3306 I keyguard: AsusMediator:registerCallback callback:com.android.keyguard.KeyguardSecurityContainer$3@718025b
12-08 19:07:18.688  4781 12488 I PBSessionCacheImpl: Deleted sessionId[4069892159168] from persistence.
12-08 19:07:18.689   667   667 I sensors-hal: batch:159, android.sensor.accelerometer/34, period=200000000, max_latency=0
12-08 19:07:18.689   667   667 I sensors-hal: batch:168, android.sensor.accelerometer/34, period=200000000, max_latency=0 request completed
12-08 19:07:18.689  2821  2821 W WindowOrientationListener: sProposedRotation = -1
12-08 19:07:18.690   654  2400 D audio_hw_primary: adev_set_parameters: enter: screen_state=off
12-08 19:07:18.690   654  2400 D audio_hw_extn: audio_extn_set_anc_parameters: anc_enabled:0
12-08 19:07:18.691  3306  3306 D SecurityPatternView: onAttachedToWindow
12-08 19:07:18.691  3306  3306 V KeyguardUpdateMonitor: *** register callback for com.asus.keyguard.module.bottom.ui.AsusEmergencyCarrierAreaZenUi5$1@1b5cbd1
12-08 19:07:18.691  3306  3306 V KeyguardUpdateMonitor: *** unregister callback for null
12-08 19:07:18.692  2505  2884 D [gf_ca_entry] : [gx_ta_send_modified_cmd_req] end
12-08 19:07:18.692  2505  2884 D [gf_ca_entry] : [gf_ca_invoke_command] gx_ta_send_modified_cmd_req success
12-08 19:07:18.692  2505  2884 D [gf_ca_entry] : [gf_ca_invoke_command] ta execution succeed
12-08 19:07:18.692  3306  3306 D keyguard: AsusSIMManager:hasTwoSimCard() READY, ABSENT
12-08 19:07:18.692  3306  3306 D keyguard: AsusEmergencyCarrierAreaZenUi5:isMode?false hasTwoSimCard?false
12-08 19:07:18.694  3306  3306 D keyguard: AsusSIMManager:hasTwoSimCard() READY, ABSENT
12-08 19:07:18.694  3306  3306 D keyguard: AsusEmergencyCarrierAreaZenUi5:isMode?false hasTwoSimCard?false
12-08 19:07:18.695  3306  3306 D keyguard: AsusSIMManager:hasTwoSimCard() READY, ABSENT
12-08 19:07:18.695  3306  3306 D keyguard: AsusEmergencyCarrierAreaZenUi5:isMode?false hasTwoSimCard?false
12-08 19:07:18.697  4781  4851 W SearchServiceCore: Abort, client detached.
12-08 19:07:18.697  4781  4851 W SearchServiceCore: Abort, client detached.
12-08 19:07:18.698  3306  3306 D keyguard: AsusSIMManager:hasTwoSimCard() READY, ABSENT
12-08 19:07:18.698  3306  3306 D keyguard: AsusEmergencyCarrierAreaZenUi5:isMode?false hasTwoSimCard?false
12-08 19:07:18.698  3306  3306 V KeyguardUpdateMonitor: *** register callback for com.android.keyguard.EmergencyButton$1@327a636
12-08 19:07:18.698  3306  3306 V KeyguardUpdateMonitor: *** unregister callback for null
12-08 19:07:18.699  4781  4851 I StreamController: cleanUpControllerScope(nowcards-15-14f0f7d1-1220)
12-08 19:07:18.699  2821 12295 D Telecom : TelecomServiceImpl: isInCall callingPackage = com.android.systemui
12-08 19:07:18.699  2821 12295 D Telecom : TelecomServiceImpl: canReadPhoneState callingPackage = com.android.systemui: TSI.iIC@QOU
12-08 19:07:18.699  2821 12295 D Telecom : TelecomServiceImpl: isPrivilegedDialerCalling = com.android.systemui: TSI.iIC@QOU
12-08 19:07:18.700  2821  3314 D Telecom : TelecomServiceImpl: isInCall callingPackage = com.android.systemui
12-08 19:07:18.700  2821  3314 D Telecom : TelecomServiceImpl: canReadPhoneState callingPackage = com.android.systemui: TSI.iIC@QOY
12-08 19:07:18.700  2821  3314 D Telecom : TelecomServiceImpl: isPrivilegedDialerCalling = com.android.systemui: TSI.iIC@QOY
12-08 19:07:18.700  3306  3306 D keyguard: AsusEmergencyButton:updateEmergencyCallButton: visible: true, vc: true, es: true, h: false
12-08 19:07:18.701  2821  3314 D Telecom : TelecomServiceImpl: isInCall callingPackage = com.android.systemui
12-08 19:07:18.701  2821  3314 D Telecom : TelecomServiceImpl: canReadPhoneState callingPackage = com.android.systemui: TSI.iIC@QOc
12-08 19:07:18.701  2821  3314 D Telecom : TelecomServiceImpl: isPrivilegedDialerCalling = com.android.systemui: TSI.iIC@QOc
12-08 19:07:18.702  4781  4851 W SearchServiceCore: Abort, client detached.
12-08 19:07:18.702  2821  3314 D Telecom : TelecomServiceImpl: isInCall callingPackage = com.android.systemui
12-08 19:07:18.702  2821  3314 D Telecom : TelecomServiceImpl: canReadPhoneState callingPackage = com.android.systemui: TSI.iIC@QOg
12-08 19:07:18.702  2821  3314 D Telecom : TelecomServiceImpl: isPrivilegedDialerCalling = com.android.systemui: TSI.iIC@QOg
12-08 19:07:18.702  3306  3306 D keyguard: AsusEmergencyButton:updateEmergencyCallButton: visible: true, vc: true, es: true, h: false
12-08 19:07:18.702  2821  3314 D Telecom : TelecomServiceImpl: isInCall callingPackage = com.android.systemui
12-08 19:07:18.702  2821  3314 D Telecom : TelecomServiceImpl: canReadPhoneState callingPackage = com.android.systemui: TSI.iIC@QOk
12-08 19:07:18.702  2821  3314 D Telecom : TelecomServiceImpl: isPrivilegedDialerCalling = com.android.systemui: TSI.iIC@QOk
12-08 19:07:18.703  2821  4453 D Telecom : TelecomServiceImpl: isInCall callingPackage = com.android.systemui
12-08 19:07:18.703  2821  4453 D Telecom : TelecomServiceImpl: canReadPhoneState callingPackage = com.android.systemui: TSI.iIC@QOo
12-08 19:07:18.703  2821  4453 D Telecom : TelecomServiceImpl: isPrivilegedDialerCalling = com.android.systemui: TSI.iIC@QOo
12-08 19:07:18.703  3306  3306 I chatty  : uid=10018(u0_a18) com.android.systemui identical 1 line
12-08 19:07:18.703  2821  4453 D Telecom : TelecomServiceImpl: isInCall callingPackage = com.android.systemui
12-08 19:07:18.703  2821  4453 D Telecom : TelecomServiceImpl: canReadPhoneState callingPackage = com.android.systemui: TSI.iIC@QOs
12-08 19:07:18.703  2821  4453 D Telecom : TelecomServiceImpl: isPrivilegedDialerCalling = com.android.systemui: TSI.iIC@QOs
12-08 19:07:18.704  2821  4453 D Telecom : TelecomServiceImpl: isInCall callingPackage = com.android.systemui
12-08 19:07:18.704  2821  4453 D Telecom : TelecomServiceImpl: canReadPhoneState callingPackage = com.android.systemui: TSI.iIC@QOw
12-08 19:07:18.704  2821  4453 D Telecom : TelecomServiceImpl: isPrivilegedDialerCalling = com.android.systemui: TSI.iIC@QOw
12-08 19:07:18.704  3306  3306 D keyguard: AsusEmergencyButton:updateEmergencyCallButton: visible: true, vc: true, es: true, h: false
12-08 19:07:18.704  3306  3306 D keyguard: AsusKeyguardSimPickerView:onAttachedToWindow()
12-08 19:07:18.704  3306  3306 D keyguard: AsusKeyguardSimPickerView:onSIMStateChanged() 0, READY
12-08 19:07:18.704  3306  3306 D keyguard: AsusSIMManager:getSelectedSimSlot()
12-08 19:07:18.704  3306  3306 D keyguard: AsusKeyguardSimPickerView:showSecurityScreen() -1
12-08 19:07:18.704  3306  3306 D keyguard: AsusSIMManager:hasTwoSimCard() READY, ABSENT
12-08 19:07:18.704  3306  3306 D keyguard: AsusKeyguardSimPickerView:showSecurityScreen hasTwoSimCard: false, isIgnoreSinPinSecurity: false, isSimPinSecure: false, isSimPinSelected: false
12-08 19:07:18.704  3306  3306 D keyguard: AsusKeyguardSimPickerView:showSecurityScreen visibility: 4
12-08 19:07:18.705  3306  3306 D keyguard: AsusKeyguardSimPickerView:updateSimSlotResId() 0, READY
12-08 19:07:18.705  3306  3306 D keyguard: AsusKeyguardSimPickerView:onSIMStateChanged() 1, ABSENT
12-08 19:07:18.705  3306  3306 D keyguard: AsusKeyguardSimPickerView:updateSimSlotResId() 1, ABSENT
12-08 19:07:18.705  3306  3306 I keyguard: AsusMediator:registerCallback callback:com.asus.keyguard.module.dualsim.AsusKeyguardSimPickerView$2@4a6937
12-08 19:07:18.705  3306  3306 V KeyguardUpdateMonitor: *** register callback for com.android.keyguard.EmergencyButton$1@347bea4
12-08 19:07:18.705  3306  3306 V KeyguardUpdateMonitor: *** unregister callback for null
12-08 19:07:18.705  2821  4453 D Telecom : TelecomServiceImpl: isInCall callingPackage = com.android.systemui
12-08 19:07:18.705  2821  4453 D Telecom : TelecomServiceImpl: canReadPhoneState callingPackage = com.android.systemui: TSI.iIC@QO0
12-08 19:07:18.705  2821  4453 D Telecom : TelecomServiceImpl: isPrivilegedDialerCalling = com.android.systemui: TSI.iIC@QO0
12-08 19:07:18.707  2821  4453 D Telecom : TelecomServiceImpl: isInCall callingPackage = com.android.systemui
12-08 19:07:18.707  2821  4453 D Telecom : TelecomServiceImpl: canReadPhoneState callingPackage = com.android.systemui: TSI.iIC@QO4
12-08 19:07:18.707  2821  4453 D Telecom : TelecomServiceImpl: isPrivilegedDialerCalling = com.android.systemui: TSI.iIC@QO4
12-08 19:07:18.707  3306  3306 D keyguard: AsusEmergencyButton:updateEmergencyCallButton: visible: true, vc: true, es: true, h: false
12-08 19:07:18.707  2821  4453 D Telecom : TelecomServiceImpl: isInCall callingPackage = com.android.systemui
12-08 19:07:18.708  2821  4453 D Telecom : TelecomServiceImpl: canReadPhoneState callingPackage = com.android.systemui: TSI.iIC@QO8
12-08 19:07:18.708  2821  4453 D Telecom : TelecomServiceImpl: isPrivilegedDialerCalling = com.android.systemui: TSI.iIC@QO8
12-08 19:07:18.708  2821  4453 D Telecom : TelecomServiceImpl: isInCall callingPackage = com.android.systemui
12-08 19:07:18.708  2821  4453 D Telecom : TelecomServiceImpl: canReadPhoneState callingPackage = com.android.systemui: TSI.iIC@QPA
12-08 19:07:18.708  2821  4453 D Telecom : TelecomServiceImpl: isPrivilegedDialerCalling = com.android.systemui: TSI.iIC@QPA
12-08 19:07:18.708  3306  3306 I chatty  : uid=10018(u0_a18) com.android.systemui identical 1 line
12-08 19:07:18.709  2821  4453 D Telecom : TelecomServiceImpl: isInCall callingPackage = com.android.systemui
12-08 19:07:18.709  2821  4453 D Telecom : TelecomServiceImpl: canReadPhoneState callingPackage = com.android.systemui: TSI.iIC@QPE
12-08 19:07:18.709  2821  4453 D Telecom : TelecomServiceImpl: isPrivilegedDialerCalling = com.android.systemui: TSI.iIC@QPE
12-08 19:07:18.709  2821  4453 D Telecom : TelecomServiceImpl: isInCall callingPackage = com.android.systemui
12-08 19:07:18.709  2821  4453 D Telecom : TelecomServiceImpl: canReadPhoneState callingPackage = com.android.systemui: TSI.iIC@QPI
12-08 19:07:18.709  2821  4453 D Telecom : TelecomServiceImpl: isPrivilegedDialerCalling = com.android.systemui: TSI.iIC@QPI
12-08 19:07:18.710  3306  3306 D keyguard: AsusEmergencyButton:updateEmergencyCallButton: visible: true, vc: true, es: true, h: false
12-08 19:07:18.710  3463  3635 I QCNEJ/CndHalConnector: -> SND notifyScreenStateChanged(false)
12-08 19:07:18.711  3463  3635 I QCNEJ/CndHalConnector: -> SND notifyScreenStateChanged(false)
12-08 19:07:18.712  2821  3314 D Telecom : TelecomServiceImpl: isInCall callingPackage = com.android.systemui
12-08 19:07:18.712  2821  3314 D Telecom : TelecomServiceImpl: canReadPhoneState callingPackage = com.android.systemui: TSI.iIC@QPM
12-08 19:07:18.712  2821  3314 D Telecom : TelecomServiceImpl: isPrivilegedDialerCalling = com.android.systemui: TSI.iIC@QPM
12-08 19:07:18.713  2821  3314 D Telecom : TelecomServiceImpl: isInCall callingPackage = com.android.systemui
12-08 19:07:18.713  2821  3314 D Telecom : TelecomServiceImpl: canReadPhoneState callingPackage = com.android.systemui: TSI.iIC@QPQ
12-08 19:07:18.713  2821  3314 D Telecom : TelecomServiceImpl: isPrivilegedDialerCalling = com.android.systemui: TSI.iIC@QPQ
12-08 19:07:18.713  3306  3306 D keyguard: AsusEmergencyButton:updateEmergencyCallButton: visible: true, vc: true, es: true, h: false
12-08 19:07:18.714  3306  3306 D KeyguardViewBase: getSecurityMode() Pattern
12-08 19:07:18.714  3306  3306 D keyguard: StatusBarWindowManager:isExpanded<FKvkbhp>
12-08 19:07:18.714  3306  3306 D keyguard: StatusBarWindowManager:applyHeight,expanded:true
12-08 19:07:18.714  3306  3306 D keyguard: StatusBarWindowManager:applyUserActivityTimeout<SKeq>, change to 10000
12-08 19:07:18.714  3306  3306 D keyguard: StatusBarWindowManager:isExpanded<FKvkbhp>
12-08 19:07:18.715  3306  3306 D keyguard: StatusBarWindowManager:trackLastUserActivityTimeout: -1 -> 10000
12-08 19:07:18.715  3306  3306 D keyguard: StatusBarWindowManager:isExpanded<FKvkbhp>
12-08 19:07:18.715  3306  3306 D keyguard: StatusBarWindowManager:applyHeight,expanded:true
12-08 19:07:18.715  3306  3306 D keyguard: StatusBarWindowManager:isExpanded<FKvkbhp>
12-08 19:07:18.715  3306  3306 D keyguard: AsusMediator:setStatusBarState:1
12-08 19:07:18.715  3306  3306 I keyguard: AsusKeyguardWallpaper:updateVisible:false isFingerprintUnlocking:false
12-08 19:07:18.715  3306  3306 I keyguard: AsusKGWallpaperManager:notifyBlurEffect blur:false mTouching:false TouchedShortcut:false CaptureScreenshot:false LaunchShortcut:false visible:true mExpand:true mBouncerShow:false isImageWallpaper:true
12-08 19:07:18.715  3306  3306 I keyguard: AsusKeyguardWallpaper:updateBlurEffect:false
12-08 19:07:18.715  3306  3306 I keyguard: AsusKeyguardSpriteAnimation:updateBlurEffect:false
12-08 19:07:18.720  3306  3306 D keyguard: KeyguardUpdateMonitor:getUserCanSkipBouncer,getUserHasTrust:false,isFpAuthenticated:false,isFaceAuthenticated:false
12-08 19:07:18.722  3306  3306 D MoreNotificationIcon: implementMoreNotificationIcon(false)
12-08 19:07:18.722  3306  3306 D StatusBar: android checkMoreIconColorize: !isPreL: true isGrayscale: true
12-08 19:07:18.725  3306  3458 D keyguard: AsusKeyguardColorTintMng:BINDING WallPaperAnalysisService!
12-08 19:07:18.726  3306  3306 D keyguard: StatusBarWindowManager:isExpanded<FKVkbhp>
12-08 19:07:18.726  3306  3306 D keyguard: StatusBarWindowManager:applyHeight,expanded:true
12-08 19:07:18.726  3306  3306 D keyguard: StatusBarWindowManager:isExpanded<FKVkbhp>
12-08 19:07:18.726  3306  3306 D StatusBar: disable<e i a s b h r c s q >
12-08 19:07:18.728  3306  3306 V KeyguardUpdateMonitor: *** unregister callback for com.android.keyguard.KeyguardPatternView$3@72ec99d
12-08 19:07:18.728  3306  3306 D KeyguardViewBase: show()
12-08 19:07:18.729  3306  3306 V KeyguardSecurityView: showPrimarySecurityScreen(turningOff=false)
12-08 19:07:18.729  3306  3306 D KeyguardSecurityView: showSecurityScreen(Pattern)
12-08 19:07:18.734  2821 27710 D CompatibilityInfo: mCompatibilityFlags - 0
12-08 19:07:18.734  2821 27710 D CompatibilityInfo: applicationDensity - 480
12-08 19:07:18.734  2821 27710 D CompatibilityInfo: applicationScale - 1.0
12-08 19:07:18.736  3306  3686 D Tile.BluetoothTile: handleUpdateState, mAnimState=1
12-08 19:07:18.736  3306  3306 D StatusBarKeyguardViewManager: updateStates    navBarVisible: false lastNavBarVisible: true
12-08 19:07:18.736  3306  3686 D Tile.AIBoostTile: AIBoost handleUpdateState value:0
12-08 19:07:18.736  3306  3306 D keyguard: KeyguardUpdateMonitor:onKeyguardVisibilityChanged(true)
12-08 19:07:18.737  3306  3306 I keyguard: AsusMediator:onKeyguardVisibilityChanged:true
12-08 19:07:18.737  3306  3306 D keyguard: AsusFuManager:onKeyguardVisibilityChanged true
12-08 19:07:18.737  3306  3306 D keyguard: AsusFuManager:onKeyguardVisibilityChanged: isEnable: false, isLockOut: false, isinstanceofConcrete: true
12-08 19:07:18.738  3306  3306 I keyguard: AsusFirstKGUnlockedMonitor:getSettingsForFirstKGUnlocked()  settings: true
12-08 19:07:18.738  3306  3306 I keyguard: AsusFirstKGUnlockedMonitor:getSettingsForFirstKGUnlocked()  settings: true
12-08 19:07:18.738  3306  3306 I keyguard: AsusDragManager:onKeyguardVisibilityChanged showing:true
12-08 19:07:18.738  3306  3306 I keyguard: AsusZenmotionManager:onKeyguardVisibilityChanged showing:true
12-08 19:07:18.738  3306  3306 I keyguard: AsusZenmotionManager:updateArea mKeyguardShow:true
12-08 19:07:18.738  3306  3306 I keyguard: AsusKeyguardSpriteAnimation:updateVisible:true
12-08 19:07:18.738  3306  3306 I keyguard: AsusSlideshowManager:onKeyguardVisibilityChanged: showing: true
12-08 19:07:18.738  3306  3306 I keyguard: AsusSlideshowSettingPanelManager:onKeyguardVisibilityChanged: showing=true
12-08 19:07:18.738  3306  3306 D keyguard: KeyguardUpdateMonitor:shouldListenForFingerprint<KvbgSotufAd>
12-08 19:07:18.739  3306  3306 D keyguard: KeyguardUpdateMonitor:updateFingerprintListeningState should=true, state=1
12-08 19:07:18.740  3306  3686 D BoostServiceController: getAvailMem
12-08 19:07:18.740  2821 12295 D Telecom : TelecomServiceImpl: isRinging callingPackage = com.android.systemui
12-08 19:07:18.740  2821  4454 D ActivityManager: include ion mem
12-08 19:07:18.740  2821 12295 D Telecom : TelecomServiceImpl: canReadPhoneState callingPackage = com.android.systemui: TSI.iR@QPU
12-08 19:07:18.741  2821 12295 D Telecom : TelecomServiceImpl: isPrivilegedDialerCalling = com.android.systemui: TSI.iR@QPU
12-08 19:07:18.741  3306  3686 D BoostServiceController: Get available memory from boost service:2410
12-08 19:07:18.741  3306  3306 D KeyguardViewMediator: adjustStatusBarLocked: mShowing=true mOccluded=false isSecure=true --> flags=0x1200000
12-08 19:07:18.741  3306  3686 D BoostServiceController: getAvailMem
12-08 19:07:18.741  3306 15804 I FrpHelper: AccountAnalyzer count: 3
12-08 19:07:18.741  2821  4454 D ActivityManager: include ion mem
12-08 19:07:18.742  3306  3686 D BoostServiceController: Get available memory from boost service:2410
12-08 19:07:18.742  3306  3686 D BoostServiceController: getAvailMem
12-08 19:07:18.742  2821 12295 D ActivityManager: include ion mem
12-08 19:07:18.742  3306  3306 D keyguard: KeyguardUpdateMonitor:action_sim_state_change intent already come, so we don't need to read sim state again or mIsNeedReadSimStateFirstTime:false
12-08 19:07:18.742  3306  3306 V KeyguardDisplayManager: show
12-08 19:07:18.742  3306  3306 D keyguard: KeyguardUpdateMonitor:handleFinishedGoingToSleep
12-08 19:07:18.742  3306  3686 D BoostServiceController: Get available memory from boost service:2410
12-08 19:07:18.743  3306  3306 D keyguard: AsusFingerprintSupportManager:onFinishedGoingToSleep() 2 mIsTurningOn:false mSpeedupTurnOn:false
12-08 19:07:18.743  3306  3306 D AsusGestureManager: onFinishedGoingToSleep()
12-08 19:07:18.743  3306  3306 I keyguard: AsusKeyguardSpriteAnimation:updateStatus:false
12-08 19:07:18.744  3306  3686 D NetworkController.MobileSignalController(2): onDataActivity: direction=4
12-08 19:07:18.744  3306  3306 D keyguard: KeyguardUpdateMonitor:shouldListenForFingerprint<KvbgsotufAd>
12-08 19:07:18.744  3517  4008 D PhoneInterfaceManager: isWifiCallingAvailable: sub Id : 2
12-08 19:07:18.744  3306  3306 D keyguard: KeyguardUpdateMonitor:updateFingerprintListeningState should=true, state=1
12-08 19:07:18.744  3306  3686 D NetworkController.MobileSignalController(2): isWifiCallingAvailable=false
12-08 19:07:18.745  3517  4008 D PhoneInterfaceManager: isVolteAvailable: sub Id : 2
12-08 19:07:18.745  3306  3686 D NetworkController.MobileSignalController(2): isVolteAvailable=false
12-08 19:07:18.745  3517  4008 D PhoneInterfaceManager: isVideoTelephonyAvailable: sub Id : 2
12-08 19:07:18.745  3306  3686 D NetworkController.MobileSignalController(2): isVideoTelephonyAvailable=false
12-08 19:07:18.745  3306  3686 D NetworkController.MobileSignalController(2): onDataActivity: direction=4
12-08 19:07:18.745  3517  4008 D PhoneInterfaceManager: isWifiCallingAvailable: sub Id : 2
12-08 19:07:18.745  3306  3686 D NetworkController.MobileSignalController(2): isWifiCallingAvailable=false
12-08 19:07:18.745  3517  4008 D PhoneInterfaceManager: isVolteAvailable: sub Id : 2
12-08 19:07:18.745  3306  3686 D NetworkController.MobileSignalController(2): isVolteAvailable=false
12-08 19:07:18.746  3517  4008 D PhoneInterfaceManager: isVideoTelephonyAvailable: sub Id : 2
12-08 19:07:18.746  3306  3686 D NetworkController.MobileSignalController(2): isVideoTelephonyAvailable=false
12-08 19:07:18.748  3306  3306 W KeyguardSecurityViewFlipper: onMeasure: heightSpec MeasureSpec: EXACTLY 0 should be AT_MOST
12-08 19:07:18.751  3306  3306 W KeyguardSecurityViewFlipper: onMeasure: heightSpec MeasureSpec: EXACTLY 0 should be AT_MOST
12-08 19:07:18.787  3306  3686 D NetworkController.MobileSignalController(2): onSignalStrengthsChanged signalStrength=SignalStrength: 99 0 0 -120 -160 -120 -1 -1 31 -76 -8 274 2147483647 0 2147483647 gsm|lte level=5
12-08 19:07:18.787  3306  3686 D NetworkController.MobileSignalController(2): updateTelephonySignalStrength: hasService=true ss=SignalStrength: 99 0 0 -120 -160 -120 -1 -1 31 -76 -8 274 2147483647 0 2147483647 gsm|lte
12-08 19:07:18.787  3517  4008 D PhoneInterfaceManager: isWifiCallingAvailable: sub Id : 2
12-08 19:07:18.787  3306  3686 D NetworkController.MobileSignalController(2): isWifiCallingAvailable=false
12-08 19:07:18.788  3517  4008 D PhoneInterfaceManager: isVolteAvailable: sub Id : 2
12-08 19:07:18.788  3306  3686 D NetworkController.MobileSignalController(2): isVolteAvailable=false
12-08 19:07:18.788  3517  4008 D PhoneInterfaceManager: isVideoTelephonyAvailable: sub Id : 2
12-08 19:07:18.788  3306  3686 D NetworkController.MobileSignalController(2): isVideoTelephonyAvailable=false
12-08 19:07:18.838  2821  3285 D SurfaceControl: Excessive delay in setPowerMode(): 199ms
12-08 19:07:18.839   666   666 I QTI PowerHAL: Got set_interactive hint on= 0, count= 1113
12-08 19:07:18.839   666   666 E QTI PowerHAL: Error opening /sys/kernel/hbtp/display_pwr: No such file or directory
12-08 19:07:18.839  2821  3285 I libsuspend: [PM] display off
12-08 19:07:18.840  2821  2969 I DisplayPowerController: setScreenState  mPowerState.getScreenState(): OFF to state: OFF
12-08 19:07:18.840  2821  2969 D DisplayPowerController: Finished business...
12-08 19:07:18.849  3306  3306 W KeyguardSecurityViewFlipper: onMeasure: heightSpec MeasureSpec: EXACTLY 1496 should be AT_MOST
12-08 19:07:18.853  3306  3306 I keyguard: AsusMediator:updateNotificationCount: 1
12-08 19:07:18.853  3306  3306 D keyguard: AsusLSHeaderManager:updateNotificationStatus: showing=false
12-08 19:07:18.853  3306  3306 D StatusBar: disable<e i a s b H!R!c s q >
12-08 19:07:18.854  3306  3306 D NavigationBarView: resetFloatingToolState
12-08 19:07:18.854  3306  3306 D keyguard: StatusBarWindowManager:isExpanded<FKVkbhp>
12-08 19:07:18.854  3306  3306 D keyguard: StatusBarWindowManager:applyHeight,expanded:true
12-08 19:07:18.854  3306  3306 D keyguard: StatusBarWindowManager:isExpanded<FKVkbhp>
12-08 19:07:18.855  3306  3306 D ScrimController: updateScrimKeyguard 4 fraction: 1.0 mScrimBehindAlphaKeyguard: 0.14 mScrimBehindAlphaUnlocking: 0.2 result: 0.14
12-08 19:07:18.855  3306  3306 D LightBarController: setScrimAlpha: 0.14 NAV_BAR_INVERSION_SCRIM_ALPHA_THRESHOLD: 0.1
12-08 19:07:18.866  3306  3306 D KeyguardViewMediator: handleNotifyScreenTurnedOff
12-08 19:07:18.867  3306  3306 D keyguard: AsusFuManager:onScreenTurnedOff
12-08 19:07:18.867  3306  3306 D keyguard: AsusFuManager:onScreenTurnedOff: isEnable: false, isLockOut: false, isinstanceofConcrete: true
12-08 19:07:18.867  3306  3306 I keyguard: AsusKeyguardDrawingCacheManager:shouldUpdate() exceedOneDay: true, ThemeChanged: true, OrientationChanged: false, ShortCutChanged: true, UserIdChanged: false, localeChanged: false
12-08 19:07:18.867  3306  3306 I keyguard: WakeLockUtils:acquireForDrawingCache()
12-08 19:07:18.867  3306  3306 D keyguard: AsusSlideshowManager:onScreenTurnedOff()
12-08 19:07:18.867  3306  3306 I keyguard: AsusSlideshowSettingPanelManager:onScreenTurnedOff
12-08 19:07:18.870  3306  3306 D keyguard: AsusSIMManager:getSelectedSimSlot()
12-08 19:07:18.870  3306  3306 D keyguard: AsusKeyguardSimPickerView:showSecurityScreen() -1
12-08 19:07:18.870  3306  3306 D keyguard: AsusSIMManager:hasTwoSimCard() READY, ABSENT
12-08 19:07:18.870  3306  3306 D keyguard: AsusKeyguardSimPickerView:showSecurityScreen hasTwoSimCard: false, isIgnoreSinPinSecurity: false, isSimPinSecure: false, isSimPinSelected: false
12-08 19:07:18.870  3306  3306 D keyguard: AsusKeyguardSimPickerView:showSecurityScreen visibility: 4
12-08 19:07:18.871  3306  3306 D keyguard: AsusKeyguardColorTintMng:BrightnessAnalysis Service connected
12-08 19:07:18.872  3306  3306 D KeyguardUpdateMonitor: handleKeyguardReset
12-08 19:07:18.872  3306  3306 D keyguard: KeyguardUpdateMonitor:shouldListenForFingerprint<KvbgsotufAd>
12-08 19:07:18.873  3306  3306 D keyguard: KeyguardUpdateMonitor:updateFingerprintListeningState should=true, state=1
12-08 19:07:18.873  3306  3306 D StatusBarIconController: isVertical: true
12-08 19:07:18.873  3306  3306 D StatusBarIconController: isVertical: true
12-08 19:07:18.874  3306  3306 D Tile.BluetoothTile: onBluetoothStateChange, BluetoothAdapter.STATE_OFF
12-08 19:07:18.883  3306  3306 I keyguard: AsusMediator:updateNotificationCount: 2
12-08 19:07:18.883  3306  3306 D keyguard: AsusLSHeaderManager:updateNotificationStatus: showing=true
12-08 19:07:18.885  3306  3306 V KeyguardUpdateMonitor: *** register callback for com.asus.keyguard.module.clock.ui.AsusSimpleDigitalClockForFBE$2@cf18a9c
12-08 19:07:18.885  3306  3306 V KeyguardUpdateMonitor: *** unregister callback for null
12-08 19:07:18.886  3306  3306 I keyguard: AsusFirstKGUnlockedMonitor:getSettingsForFirstKGUnlocked()  settings: true
12-08 19:07:18.886  3306  3306 D keyguard: LockScreenUtils:updateDensityDpi to 480,restoreToSystemDpi:true,originalSmallestWidth:361
12-08 19:07:18.887  3306  3306 I keyguard: AsusKGWallpaperManager:WHAT_UI_UPDATE_WALLPAPER mLockWallpaperDrawable:android.graphics.drawable.BitmapDrawable@f07c87a
12-08 19:07:18.887  3306  3306 I keyguard: AsusKeyguardWallpaper:updateVisible:true isFingerprintUnlocking:false
12-08 19:07:18.888  3306  3306 D StatusBar: updateWallpaper callback: false / false / false / true
12-08 19:07:18.888  3306  3306 I keyguard: AsusKeyguardWallpaper:updateWallpaper
12-08 19:07:18.890  3306  3306 D MoreNotificationIcon: implementMoreNotificationIcon(false)
12-08 19:07:18.890  3306  3306 D StatusBar: android checkMoreIconColorize: !isPreL: true isGrayscale: true
12-08 19:07:18.891  3306  3306 W keyguard: AsusKgBottomAreaZen35:onWallpaperChange: imageSource is null
12-08 19:07:18.891  3306  3306 I keyguard: AsusKgBottomAreaZen35:setSlideshowInformationTextView: null
12-08 19:07:18.913  3306  3306 D MoreNotificationIcon: implementMoreNotificationIcon(false)
12-08 19:07:18.913  3306  3306 D StatusBar: android checkMoreIconColorize: !isPreL: true isGrayscale: true
12-08 19:07:18.917  4312  4312 D APPLOCK_Receiver: onReceive ACTION_SCREEN_OFF
12-08 19:07:18.917  4312  4312 I APPLOCK_Receiver: The polling will stop after 5 seconds.
12-08 19:07:18.921  2821  4548 V LocSvc_HIDL_Subscription_jni: screen_status_update
12-08 19:07:18.921  2821  4548 V LocSvc_HIDL_Subscription_jni: [screen_status_update][501] [HC] =>> [HS]
12-08 19:07:18.921  2447  2447 V LocSvc_HIDL_IzatSubscription: [screenStatusUpdate][541] [HS] <<<<= [HC]
12-08 19:07:18.922  2821  4548 V LocSvc_HIDL_Subscription_jni: Exit Result 0
12-08 19:07:18.929  3755  3755 D PowerSaverService: mIsScreenOn = false
12-08 19:07:18.930  3755  3755 D PowerSaverService: screenChgReason = 0
12-08 19:07:18.930  3755  3755 D SuspiciousAppDetectionService: Recevie SCREEN OFF intent
12-08 19:07:18.954  4592  4592 I HwDetectorWithState: #performNextHotwordAction action: 2
12-08 19:07:18.954  4592  4592 D AudioRecord: AudioRecord::stop 
12-08 19:07:18.961   654  2400 D audio_hw_primary: in_standby: enter: stream (0xea584340) usecase(18: audio-record)
12-08 19:07:18.980   654  2400 D audio_hw_primary: disable_audio_route: reset and update mixer path: audio-record
12-08 19:07:18.980   654  2400 D soundtrigger: audio_extn_sound_trigger_update_stream_status: uc_id 18 of type 1 for Event 2, with Raise=0
12-08 19:07:18.981   654  2400 D hardware_info: hw_info_append_hw_type : device_name = handset-mic
12-08 19:07:18.981   654  2400 D audio_hw_primary: disable_snd_device: snd_device(204: handset-mic)
12-08 19:07:18.981   654  2400 D msm8974_platform: platform_split_snd_device: snd_device(204) num devices(0) new_snd_devices(0)
12-08 19:07:18.983   654  2400 I soundtrigger: audio_extn_sound_trigger_update_device_status: device 0xcc of type 1 for Event 0, with Raise=1
12-08 19:07:18.983   654  2400 D sound_trigger_platform: platform_stdev_check_and_update_concurrency: concurrency active 0, tx 0, rx 0, concurrency session_allowed 1
12-08 19:07:18.983  2432  2736 D AudioPolicyManagerCustom: stopInput() input 4894
12-08 19:07:18.984  2432  2736 V APM_AudioPolicyManager: stopInput() input 4894
12-08 19:07:18.986   654   654 D audio_hw_primary: in_set_parameters: enter: kvpairs=routing=0
12-08 19:07:18.986  2432  2736 V APM_AudioPolicyManager: resetInputDevice() releaseAudioPatch returned 0
12-08 19:07:18.987  2432  2944 I SoundTriggerHwService::Module: onCallbackEvent no clients
12-08 19:07:18.987  2432  3420 V APM_AudioPolicyManager: listAudioPorts() role 0 type 0 num_ports 0 ports 0xf0b19698
12-08 19:07:18.987  2432  3420 V APM_AudioPolicyManager: listAudioPorts() got 0 ports needed 13
12-08 19:07:18.987  2432 10433 V APM_AudioPolicyManager: listAudioPorts() role 0 type 0 num_ports 0 ports 0xf0b19778
12-08 19:07:18.987  2432 10433 V APM_AudioPolicyManager: listAudioPorts() got 0 ports needed 13
12-08 19:07:18.987  2432 10433 V APM_AudioPolicyManager: listAudioPorts() role 0 type 0 num_ports 13 ports 0xeaf94000
12-08 19:07:18.987  2432 10433 V APM_AudioPolicyManager: listAudioPorts() got 13 ports needed 13
12-08 19:07:18.988  2432 10433 V APM_AudioPolicyManager: releaseInput() 4894
12-08 19:07:18.988  2432 10433 V APM_AudioPolicyManager: closeInput(4894)
12-08 19:07:18.988  2432 10433 D AudioFlinger: closeInput() 4894
12-08 19:07:18.989  4592  4592 I HotwordRecognitionRnr: Stopping hotword detection.
12-08 19:07:18.989   654   654 D audio_hw_primary: adev_close_input_stream: enter:stream_handle(0xea584340)
12-08 19:07:18.989   654   654 D audio_hw_primary: in_standby: enter: stream (0xea584340) usecase(18: audio-record)
12-08 19:07:18.990  2432 10433 V APM_AudioPolicyManager: releaseInput() exit
12-08 19:07:18.990  4592  9383 I GsaVoiceInteractionSrv: HotwordCallback#onError
12-08 19:07:18.990  4592  9383 I HotwordRecognitionRnr: Catched InterruptedException
12-08 19:07:18.990  4592  9379 I GsaVoiceInteractionSrv: #onClosed - Hotword is not running
12-08 19:07:18.991  2432  8069 V APM_AudioPolicyManager: listAudioPorts() role 0 type 0 num_ports 13 ports 0xed273000
12-08 19:07:18.991  4592  9379 I HwDetectorWithState: #performNextHotwordAction action: 3
12-08 19:07:18.991  2432  8069 V APM_AudioPolicyManager: listAudioPorts() got 12 ports needed 12
12-08 19:07:18.991  4312  4312 D Launcher: onReceive ACTION_SCREEN_OFF start
12-08 19:07:18.992  2432  2736 V APM_AudioPolicyManager: listAudioPorts() role 0 type 0 num_ports 0 ports 0xf0b19590
12-08 19:07:18.992  2432  2736 V APM_AudioPolicyManager: listAudioPorts() got 0 ports needed 12
12-08 19:07:18.992  2432  2736 V APM_AudioPolicyManager: listAudioPorts() role 0 type 0 num_ports 12 ports 0xedc3b940
12-08 19:07:18.992  2432  2736 V APM_AudioPolicyManager: listAudioPorts() got 12 ports needed 12
12-08 19:07:18.992  2432  8069 V APM_AudioPolicyManager: listAudioPorts() role 0 type 0 num_ports 0 ports 0xf0b196d8
12-08 19:07:18.993  2432  8069 V APM_AudioPolicyManager: listAudioPorts() got 0 ports needed 12
12-08 19:07:18.993  2432  8069 V APM_AudioPolicyManager: listAudioPorts() role 0 type 0 num_ports 12 ports 0xed5576c0
12-08 19:07:18.993  4312  4312 I Launcher: hideAppsCustomizeHelper: return for no state changed
12-08 19:07:18.993  2432  8069 V APM_AudioPolicyManager: listAudioPorts() got 12 ports needed 12
12-08 19:07:18.993  2432 10433 V APM_AudioPolicyManager: listAudioPorts() role 0 type 0 num_ports 0 ports 0xf0b19728
12-08 19:07:18.993  2432 10433 V APM_AudioPolicyManager: listAudioPorts() got 0 ports needed 12
12-08 19:07:18.993  2432 10433 V APM_AudioPolicyManager: listAudioPorts() role 0 type 0 num_ports 12 ports 0xed1a7b40
12-08 19:07:18.993  2432 10433 V APM_AudioPolicyManager: listAudioPorts() got 12 ports needed 12
12-08 19:07:18.994  2432 10433 V APM_AudioPolicyManager: listAudioPorts() role 0 type 0 num_ports 0 ports 0xf0b19728
12-08 19:07:18.994  2432 10433 V APM_AudioPolicyManager: listAudioPorts() got 0 ports needed 12
12-08 19:07:18.994  2432 10433 V APM_AudioPolicyManager: listAudioPorts() role 0 type 0 num_ports 12 ports 0xed1a7b40
12-08 19:07:18.994  2432 10433 V APM_AudioPolicyManager: listAudioPorts() got 12 ports needed 12
12-08 19:07:18.997  4312  4312 D Launcher: onReceive ACTION_SCREEN_OFF end
12-08 19:07:19.016  4132  4132 I DeviceStatusMonitor: crx: onReceive() : Action = android.intent.action.SCREEN_OFF
12-08 19:07:19.089  3306  3458 D keyguard: AsusKeyguardColorTintMng:isWPChangeFromTheme:false
12-08 19:07:19.108  4312  4339 D LightnessAnalyzer: params = [0.44696873, 0.42985594, 0.21404134]
12-08 19:07:19.108  4312  4339 D LightnessAnalyzer: Tint
12-08 19:07:19.109  3306  3458 D keyguard: AsusKeyguardColorTintMng:judge bitmap from service:3
12-08 19:07:19.109  3306  3458 D keyguard: AsusKeyguardColorTintMng:isDefaultWallPaper:false
12-08 19:07:19.167  3306  3306 W keyguard: AnimationTargetContainer:reset mState:READY
12-08 19:07:19.528  2441  2779 D NetlinkEvent: Unknown ND option type 31
