12-09 11:44:56.395 10425 10459 D UE4     : [2018.12.09-13.44.56:395][234]LogBlueprintUserMessages: [GoogleVRPawn_326] StaticMesh
12-09 11:44:56.410 10425 10459 D UE4     : [2018.12.09-13.44.56:410][235]LogBlueprintUserMessages: [GoogleVRPawn_326] StaticMesh
12-09 11:44:56.427 10425 10459 D UE4     : [2018.12.09-13.44.56:427][236]LogBlueprintUserMessages: [GoogleVRPawn_326] StaticMesh
12-09 11:44:56.444 10425 10459 D UE4     : [2018.12.09-13.44.56:444][237]LogBlueprintUserMessages: [GoogleVRPawn_326] StaticMesh
12-09 11:44:56.461 10425 10459 D UE4     : [2018.12.09-13.44.56:461][238]LogBlueprintUserMessages: [GoogleVRPawn_326] StaticMesh
12-09 11:44:56.466 10425 10425 W Thread-2: type=1400 audit(0.0:27693): avc: denied { read } for name="stat" dev="proc" ino=4026532127 scontext=u:r:untrusted_app_25:s0:c512,c768 tcontext=u:object_r:proc_stat:s0 tclass=file permissive=0
12-09 11:44:56.478 10425 10459 D UE4     : [2018.12.09-13.44.56:478][239]LogBlueprintUserMessages: [GoogleVRPawn_326] StaticMesh
12-09 11:44:56.493 10425 10459 D UE4     : [2018.12.09-13.44.56:493][240]LogBlueprintUserMessages: [GoogleVRPawn_326] StaticMesh
12-09 11:44:56.510 10425 10459 D UE4     : [2018.12.09-13.44.56:510][241]LogBlueprintUserMessages: [GoogleVRPawn_326] StaticMesh
12-09 11:44:56.527 10425 10459 D UE4     : [2018.12.09-13.44.56:527][242]LogBlueprintUserMessages: [GoogleVRPawn_326] StaticMesh
12-09 11:44:56.544 10425 10459 D UE4     : [2018.12.09-13.44.56:544][243]LogBlueprintUserMessages: [GoogleVRPawn_326] StaticMesh
12-09 11:44:56.561 10425 10459 D UE4     : [2018.12.09-13.44.56:561][244]LogBlueprintUserMessages: [GoogleVRPawn_326] StaticMesh
12-09 11:44:56.577 10425 10459 D UE4     : [2018.12.09-13.44.56:577][245]LogBlueprintUserMessages: [GoogleVRPawn_326] StaticMesh
12-09 11:44:56.586 10425 10425 W Thread-2: type=1400 audit(0.0:27694): avc: denied { read } for name="stat" dev="proc" ino=4026532127 scontext=u:r:untrusted_app_25:s0:c512,c768 tcontext=u:object_r:proc_stat:s0 tclass=file permissive=0
12-09 11:44:56.594 10425 10459 D UE4     : [2018.12.09-13.44.56:594][246]LogBlueprintUserMessages: [GoogleVRPawn_326] StaticMesh
12-09 11:44:56.611 10425 10459 D UE4     : [2018.12.09-13.44.56:611][247]LogBlueprintUserMessages: [GoogleVRPawn_326] StaticMesh
12-09 11:44:56.627 10425 10459 D UE4     : [2018.12.09-13.44.56:627][248]LogBlueprintUserMessages: [GoogleVRPawn_326] StaticMesh
12-09 11:44:56.645 10425 10459 D UE4     : [2018.12.09-13.44.56:645][249]LogBlueprintUserMessages: [GoogleVRPawn_326] StaticMesh
12-09 11:44:56.661 10425 10459 D UE4     : [2018.12.09-13.44.56:661][250]LogBlueprintUserMessages: [GoogleVRPawn_326] StaticMesh
12-09 11:44:56.679 10425 10459 D UE4     : [2018.12.09-13.44.56:679][251]LogBlueprintUserMessages: [GoogleVRPawn_326] StaticMesh
12-09 11:44:56.686 10425 10425 W Thread-2: type=1400 audit(0.0:27695): avc: denied { read } for name="stat" dev="proc" ino=4026532127 scontext=u:r:untrusted_app_25:s0:c512,c768 tcontext=u:object_r:proc_stat:s0 tclass=file permissive=0
12-09 11:44:56.695 10425 10459 D UE4     : [2018.12.09-13.44.56:695][252]LogBlueprintUserMessages: [GoogleVRPawn_326] StaticMesh
12-09 11:44:56.711 10425 10459 D UE4     : [2018.12.09-13.44.56:711][253]LogBlueprintUserMessages: [GoogleVRPawn_326] StaticMesh
12-09 11:44:56.727 10425 10459 D UE4     : [2018.12.09-13.44.56:727][254]LogBlueprintUserMessages: [GoogleVRPawn_326] StaticMesh
12-09 11:44:56.744 10425 10459 D UE4     : [2018.12.09-13.44.56:744][255]LogBlueprintUserMessages: [GoogleVRPawn_326] StaticMesh
12-09 11:44:56.762 10425 10459 D UE4     : [2018.12.09-13.44.56:762][256]LogBlueprintUserMessages: [GoogleVRPawn_326] StaticMesh
12-09 11:44:56.778 10425 10459 D UE4     : [2018.12.09-13.44.56:778][257]LogBlueprintUserMessages: [GoogleVRPawn_326] StaticMesh
12-09 11:44:56.794 10425 10459 D UE4     : [2018.12.09-13.44.56:794][258]LogBlueprintUserMessages: [GoogleVRPawn_326] StaticMesh
12-09 11:44:56.796 10425 10425 W Thread-2: type=1400 audit(0.0:27696): avc: denied { read } for name="stat" dev="proc" ino=4026532127 scontext=u:r:untrusted_app_25:s0:c512,c768 tcontext=u:object_r:proc_stat:s0 tclass=file permissive=0
12-09 11:44:56.812 10425 10459 D UE4     : [2018.12.09-13.44.56:812][259]LogBlueprintUserMessages: [GoogleVRPawn_326] StaticMesh
12-09 11:44:56.828 10425 10459 D UE4     : [2018.12.09-13.44.56:828][260]LogBlueprintUserMessages: [GoogleVRPawn_326] StaticMesh
12-09 11:44:56.845 10425 10459 D UE4     : [2018.12.09-13.44.56:845][261]LogBlueprintUserMessages: [GoogleVRPawn_326] StaticMesh
12-09 11:44:56.862 10425 10459 D UE4     : [2018.12.09-13.44.56:862][262]LogBlueprintUserMessages: [GoogleVRPawn_326] StaticMesh
12-09 11:44:56.878 10425 10459 D UE4     : [2018.12.09-13.44.56:878][263]LogBlueprintUserMessages: [GoogleVRPawn_326] StaticMesh
12-09 11:44:56.896 10425 10425 W Thread-2: type=1400 audit(0.0:27697): avc: denied { read } for name="stat" dev="proc" ino=4026532127 scontext=u:r:untrusted_app_25:s0:c512,c768 tcontext=u:object_r:proc_stat:s0 tclass=file permissive=0
12-09 11:44:56.896 10425 10459 D UE4     : [2018.12.09-13.44.56:896][264]LogBlueprintUserMessages: [GoogleVRPawn_326] StaticMesh
12-09 11:44:56.913 10425 10459 D UE4     : [2018.12.09-13.44.56:913][265]LogBlueprintUserMessages: [GoogleVRPawn_326] StaticMesh
12-09 11:44:56.928 10425 10459 D UE4     : [2018.12.09-13.44.56:928][266]LogBlueprintUserMessages: [GoogleVRPawn_326] StaticMesh
12-09 11:44:56.945 10425 10459 D UE4     : [2018.12.09-13.44.56:945][267]LogBlueprintUserMessages: [GoogleVRPawn_326] StaticMesh
12-09 11:44:56.961 10425 10459 D UE4     : [2018.12.09-13.44.56:961][268]LogBlueprintUserMessages: [GoogleVRPawn_326] StaticMesh
12-09 11:44:56.979 10425 10459 D UE4     : [2018.12.09-13.44.56:979][269]LogBlueprintUserMessages: [GoogleVRPawn_326] StaticMesh
12-09 11:44:56.996 10425 10459 D UE4     : [2018.12.09-13.44.56:995][270]LogBlueprintUserMessages: [GoogleVRPawn_326] StaticMesh
12-09 11:44:57.011 10425 10459 D UE4     : [2018.12.09-13.44.57:011][271]LogBlueprintUserMessages: [GoogleVRPawn_326] StaticMesh
12-09 11:44:57.016 10425 10425 W Thread-2: type=1400 audit(0.0:27698): avc: denied { read } for name="stat" dev="proc" ino=4026532127 scontext=u:r:untrusted_app_25:s0:c512,c768 tcontext=u:object_r:proc_stat:s0 tclass=file permissive=0
12-09 11:44:57.029 10425 10459 D UE4     : [2018.12.09-13.44.57:029][272]LogBlueprintUserMessages: [GoogleVRPawn_326] StaticMesh
12-09 11:44:57.045 10425 10459 D UE4     : [2018.12.09-13.44.57:045][273]LogBlueprintUserMessages: [GoogleVRPawn_326] StaticMesh
12-09 11:44:57.062 10425 10459 D UE4     : [2018.12.09-13.44.57:062][274]LogBlueprintUserMessages: [GoogleVRPawn_326] StaticMesh
12-09 11:44:57.079 10425 10459 D UE4     : [2018.12.09-13.44.57:079][275]LogBlueprintUserMessages: [GoogleVRPawn_326] StaticMesh
12-09 11:44:57.095 10425 10459 D UE4     : [2018.12.09-13.44.57:095][276]LogBlueprintUserMessages: [GoogleVRPawn_326] StaticMesh
12-09 11:44:57.112 10425 10459 D UE4     : [2018.12.09-13.44.57:112][277]LogBlueprintUserMessages: [GoogleVRPawn_326] StaticMesh
12-09 11:44:57.116 10425 10425 W Thread-2: type=1400 audit(0.0:27699): avc: denied { read } for name="stat" dev="proc" ino=4026532127 scontext=u:r:untrusted_app_25:s0:c512,c768 tcontext=u:object_r:proc_stat:s0 tclass=file permissive=0
12-09 11:44:57.130 10425 10459 D UE4     : [2018.12.09-13.44.57:130][278]LogBlueprintUserMessages: [GoogleVRPawn_326] StaticMesh
12-09 11:44:57.146 10425 10459 D UE4     : [2018.12.09-13.44.57:146][279]LogBlueprintUserMessages: [GoogleVRPawn_326] StaticMesh
12-09 11:44:57.162 10425 10459 D UE4     : [2018.12.09-13.44.57:162][280]LogBlueprintUserMessages: [GoogleVRPawn_326] StaticMesh
12-09 11:44:57.180 10425 10459 D UE4     : [2018.12.09-13.44.57:180][281]LogBlueprintUserMessages: [GoogleVRPawn_326] StaticMesh
12-09 11:44:57.196 10425 10459 D UE4     : [2018.12.09-13.44.57:196][282]LogBlueprintUserMessages: [GoogleVRPawn_326] StaticMesh
12-09 11:44:57.212 10425 10459 D UE4     : [2018.12.09-13.44.57:212][283]LogBlueprintUserMessages: [GoogleVRPawn_326] StaticMesh
12-09 11:44:57.228 10425 10459 D UE4     : [2018.12.09-13.44.57:228][284]LogBlueprintUserMessages: [GoogleVRPawn_326] StaticMesh
12-09 11:44:57.236 10425 10425 W Thread-2: type=1400 audit(0.0:27700): avc: denied { read } for name="stat" dev="proc" ino=4026532127 scontext=u:r:untrusted_app_25:s0:c512,c768 tcontext=u:object_r:proc_stat:s0 tclass=file permissive=0
12-09 11:44:57.246 10425 10459 D UE4     : [2018.12.09-13.44.57:246][285]LogBlueprintUserMessages: [GoogleVRPawn_326] StaticMesh
12-09 11:44:57.263 10425 10459 D UE4     : [2018.12.09-13.44.57:263][286]LogBlueprintUserMessages: [GoogleVRPawn_326] StaticMesh
12-09 11:44:57.280 10425 10459 D UE4     : [2018.12.09-13.44.57:280][287]LogBlueprintUserMessages: [GoogleVRPawn_326] StaticMesh
12-09 11:44:57.296 10425 10459 D UE4     : [2018.12.09-13.44.57:296][288]LogBlueprintUserMessages: [GoogleVRPawn_326] StaticMesh
12-09 11:44:57.313 10425 10459 D UE4     : [2018.12.09-13.44.57:312][289]LogBlueprintUserMessages: [GoogleVRPawn_326] StaticMesh
12-09 11:44:57.329 10425 10459 D UE4     : [2018.12.09-13.44.57:329][290]LogBlueprintUserMessages: [GoogleVRPawn_326] StaticMesh
12-09 11:44:57.336 10425 10425 W Thread-2: type=1400 audit(0.0:27701): avc: denied { read } for name="stat" dev="proc" ino=4026532127 scontext=u:r:untrusted_app_25:s0:c512,c768 tcontext=u:object_r:proc_stat:s0 tclass=file permissive=0
12-09 11:44:57.347 10425 10459 D UE4     : [2018.12.09-13.44.57:347][291]LogBlueprintUserMessages: [GoogleVRPawn_326] StaticMesh
12-09 11:44:57.364 10425 10459 D UE4     : [2018.12.09-13.44.57:364][292]LogBlueprintUserMessages: [GoogleVRPawn_326] StaticMesh
12-09 11:44:57.380 10425 10459 D UE4     : [2018.12.09-13.44.57:380][293]LogBlueprintUserMessages: [GoogleVRPawn_326] StaticMesh
12-09 11:44:57.397 10425 10459 D UE4     : [2018.12.09-13.44.57:397][294]LogBlueprintUserMessages: [GoogleVRPawn_326] StaticMesh
12-09 11:44:57.414 10425 10459 D UE4     : [2018.12.09-13.44.57:414][295]LogBlueprintUserMessages: [GoogleVRPawn_326] StaticMesh
12-09 11:44:57.430 10425 10459 D UE4     : [2018.12.09-13.44.57:429][296]LogBlueprintUserMessages: [GoogleVRPawn_326] StaticMesh
12-09 11:44:57.446 10425 10425 W Thread-2: type=1400 audit(0.0:27702): avc: denied { read } for name="stat" dev="proc" ino=4026532127 scontext=u:r:untrusted_app_25:s0:c512,c768 tcontext=u:object_r:proc_stat:s0 tclass=file permissive=0
12-09 11:44:57.446 10425 10459 D UE4     : [2018.12.09-13.44.57:446][297]LogBlueprintUserMessages: [GoogleVRPawn_326] StaticMesh
12-09 11:44:57.464 10425 10459 D UE4     : [2018.12.09-13.44.57:464][298]LogBlueprintUserMessages: [GoogleVRPawn_326] StaticMesh
12-09 11:44:57.480 10425 10459 D UE4     : [2018.12.09-13.44.57:480][299]LogBlueprintUserMessages: [GoogleVRPawn_326] StaticMesh
12-09 11:44:57.496 10425 10459 D UE4     : [2018.12.09-13.44.57:496][300]LogBlueprintUserMessages: [GoogleVRPawn_326] StaticMesh
12-09 11:44:57.514 10425 10459 D UE4     : [2018.12.09-13.44.57:514][301]LogBlueprintUserMessages: [GoogleVRPawn_326] StaticMesh
12-09 11:44:57.531 10425 10459 D UE4     : [2018.12.09-13.44.57:531][302]LogBlueprintUserMessages: [GoogleVRPawn_326] StaticMesh
12-09 11:44:57.548 10425 10459 D UE4     : [2018.12.09-13.44.57:548][303]LogBlueprintUserMessages: [GoogleVRPawn_326] StaticMesh
12-09 11:44:57.564 10425 10459 D UE4     : [2018.12.09-13.44.57:564][304]LogBlueprintUserMessages: [GoogleVRPawn_326] StaticMesh
12-09 11:44:57.566 10425 10425 W Thread-2: type=1400 audit(0.0:27703): avc: denied { read } for name="stat" dev="proc" ino=4026532127 scontext=u:r:untrusted_app_25:s0:c512,c768 tcontext=u:object_r:proc_stat:s0 tclass=file permissive=0
12-09 11:44:57.581 10425 10459 D UE4     : [2018.12.09-13.44.57:581][305]LogBlueprintUserMessages: [GoogleVRPawn_326] StaticMesh
12-09 11:44:57.596 10425 10459 D UE4     : [2018.12.09-13.44.57:596][306]LogBlueprintUserMessages: [GoogleVRPawn_326] StaticMesh
12-09 11:44:57.613 10425 10459 D UE4     : [2018.12.09-13.44.57:613][307]LogBlueprintUserMessages: [GoogleVRPawn_326] StaticMesh
12-09 11:44:57.631 10425 10459 D UE4     : [2018.12.09-13.44.57:630][308]LogBlueprintUserMessages: [GoogleVRPawn_326] StaticMesh
12-09 11:44:57.647 10425 10459 D UE4     : [2018.12.09-13.44.57:647][309]LogBlueprintUserMessages: [GoogleVRPawn_326] StaticMesh
12-09 11:44:57.663 10425 10459 D UE4     : [2018.12.09-13.44.57:663][310]LogBlueprintUserMessages: [GoogleVRPawn_326] StaticMesh
12-09 11:44:57.680 10425 10459 D UE4     : [2018.12.09-13.44.57:680][311]LogBlueprintUserMessages: [GoogleVRPawn_326] StaticMesh
12-09 11:44:57.686 10425 10425 W Thread-2: type=1400 audit(0.0:27704): avc: denied { read } for name="stat" dev="proc" ino=4026532127 scontext=u:r:untrusted_app_25:s0:c512,c768 tcontext=u:object_r:proc_stat:s0 tclass=file permissive=0
12-09 11:44:57.697 10425 10459 D UE4     : [2018.12.09-13.44.57:697][312]LogBlueprintUserMessages: [GoogleVRPawn_326] StaticMesh
12-09 11:44:57.713 10425 10459 D UE4     : [2018.12.09-13.44.57:713][313]LogBlueprintUserMessages: [GoogleVRPawn_326] StaticMesh
12-09 11:44:57.733 10425 10459 D UE4     : [2018.12.09-13.44.57:733][314]LogBlueprintUserMessages: [GoogleVRPawn_326] StaticMesh
12-09 11:44:57.748 10425 10459 D UE4     : [2018.12.09-13.44.57:748][315]LogBlueprintUserMessages: [GoogleVRPawn_326] StaticMesh
12-09 11:44:57.765 10425 10459 D UE4     : [2018.12.09-13.44.57:764][316]LogBlueprintUserMessages: [GoogleVRPawn_326] StaticMesh
12-09 11:44:57.782 10425 10459 D UE4     : [2018.12.09-13.44.57:782][317]LogBlueprintUserMessages: [GoogleVRPawn_326] StaticMesh
12-09 11:44:57.786 10425 10425 W Thread-2: type=1400 audit(0.0:27705): avc: denied { read } for name="stat" dev="proc" ino=4026532127 scontext=u:r:untrusted_app_25:s0:c512,c768 tcontext=u:object_r:proc_stat:s0 tclass=file permissive=0
12-09 11:44:57.798 10425 10459 D UE4     : [2018.12.09-13.44.57:798][318]LogBlueprintUserMessages: [GoogleVRPawn_326] StaticMesh
12-09 11:44:57.814 10425 10459 D UE4     : [2018.12.09-13.44.57:814][319]LogBlueprintUserMessages: [GoogleVRPawn_326] StaticMesh
12-09 11:44:57.831 10425 10459 D UE4     : [2018.12.09-13.44.57:831][320]LogBlueprintUserMessages: [GoogleVRPawn_326] StaticMesh
12-09 11:44:57.848 10425 10459 D UE4     : [2018.12.09-13.44.57:848][321]LogBlueprintUserMessages: [GoogleVRPawn_326] StaticMesh
12-09 11:44:57.864 10425 10459 D UE4     : [2018.12.09-13.44.57:864][322]LogBlueprintUserMessages: [GoogleVRPawn_326] StaticMesh
12-09 11:44:57.881 10425 10459 D UE4     : [2018.12.09-13.44.57:881][323]LogBlueprintUserMessages: [GoogleVRPawn_326] StaticMesh
12-09 11:44:57.886 10425 10425 W Thread-2: type=1400 audit(0.0:27706): avc: denied { read } for name="stat" dev="proc" ino=4026532127 scontext=u:r:untrusted_app_25:s0:c512,c768 tcontext=u:object_r:proc_stat:s0 tclass=file permissive=0
12-09 11:44:57.898 10425 10459 D UE4     : [2018.12.09-13.44.57:898][324]LogBlueprintUserMessages: [GoogleVRPawn_326] StaticMesh
12-09 11:44:57.914 10425 10459 D UE4     : [2018.12.09-13.44.57:913][325]LogBlueprintUserMessages: [GoogleVRPawn_326] StaticMesh
12-09 11:44:57.931 10425 10459 D UE4     : [2018.12.09-13.44.57:931][326]LogBlueprintUserMessages: [GoogleVRPawn_326] StaticMesh
12-09 11:44:57.947 10425 10459 D UE4     : [2018.12.09-13.44.57:947][327]LogBlueprintUserMessages: [GoogleVRPawn_326] StaticMesh
12-09 11:44:57.965 10425 10459 D UE4     : [2018.12.09-13.44.57:965][328]LogBlueprintUserMessages: [GoogleVRPawn_326] StaticMesh
12-09 11:44:57.982 10425 10459 D UE4     : [2018.12.09-13.44.57:982][329]LogBlueprintUserMessages: [GoogleVRPawn_326] StaticMesh
12-09 11:44:57.998 10425 10459 D UE4     : [2018.12.09-13.44.57:998][330]LogBlueprintUserMessages: [GoogleVRPawn_326] StaticMesh
12-09 11:44:58.006 10425 10425 W Thread-2: type=1400 audit(0.0:27707): avc: denied { read } for name="stat" dev="proc" ino=4026532127 scontext=u:r:untrusted_app_25:s0:c512,c768 tcontext=u:object_r:proc_stat:s0 tclass=file permissive=0
12-09 11:44:58.015 10425 10459 D UE4     : [2018.12.09-13.44.58:015][331]LogBlueprintUserMessages: [GoogleVRPawn_326] StaticMesh
12-09 11:44:58.106 10425 10425 W Thread-2: type=1400 audit(0.0:27708): avc: denied { read } for name="stat" dev="proc" ino=4026532127 scontext=u:r:untrusted_app_25:s0:c512,c768 tcontext=u:object_r:proc_stat:s0 tclass=file permissive=0
12-09 11:44:58.199 10425 10459 D UE4     : [2018.12.09-13.44.58:199][342]LogBlueprintUserMessages: [GoogleVRPawn_326] StaticMesh
12-09 11:44:58.215 10425 10459 D UE4     : [2018.12.09-13.44.58:215][343]LogBlueprintUserMessages: [GoogleVRPawn_326] StaticMesh
12-09 11:44:58.216 10425 10425 W Thread-2: type=1400 audit(0.0:27709): avc: denied { read } for name="stat" dev="proc" ino=4026532127 scontext=u:r:untrusted_app_25:s0:c512,c768 tcontext=u:object_r:proc_stat:s0 tclass=file permissive=0
12-09 11:44:58.232 10425 10459 D UE4     : [2018.12.09-13.44.58:232][344]LogBlueprintUserMessages: [GoogleVRPawn_326] StaticMesh
12-09 11:44:58.248 10425 10459 D UE4     : [2018.12.09-13.44.58:248][345]LogBlueprintUserMessages: [GoogleVRPawn_326] StaticMesh
12-09 11:44:58.265 10425 10459 D UE4     : [2018.12.09-13.44.58:265][346]LogBlueprintUserMessages: [GoogleVRPawn_326] StaticMesh
12-09 11:44:58.282 10425 10459 D UE4     : [2018.12.09-13.44.58:282][347]LogBlueprintUserMessages: [GoogleVRPawn_326] StaticMesh
12-09 11:44:58.299 10425 10459 D UE4     : [2018.12.09-13.44.58:299][348]LogBlueprintUserMessages: [GoogleVRPawn_326] StaticMesh
12-09 11:44:58.316 10425 10425 W Thread-2: type=1400 audit(0.0:27710): avc: denied { read } for name="stat" dev="proc" ino=4026532127 scontext=u:r:untrusted_app_25:s0:c512,c768 tcontext=u:object_r:proc_stat:s0 tclass=file permissive=0
12-09 11:44:58.316 10425 10459 D UE4     : [2018.12.09-13.44.58:316][349]LogBlueprintUserMessages: [GoogleVRPawn_326] StaticMesh
12-09 11:44:58.334 10425 10459 D UE4     : [2018.12.09-13.44.58:333][350]LogBlueprintUserMessages: [GoogleVRPawn_326] StaticMesh
12-09 11:44:58.348 10425 10459 D UE4     : [2018.12.09-13.44.58:348][351]LogBlueprintUserMessages: [GoogleVRPawn_326] StaticMesh
12-09 11:44:58.365 10425 10459 D UE4     : [2018.12.09-13.44.58:365][352]LogBlueprintUserMessages: [GoogleVRPawn_326] StaticMesh
12-09 11:44:58.382 10425 10459 D UE4     : [2018.12.09-13.44.58:382][353]LogBlueprintUserMessages: [GoogleVRPawn_326] StaticMesh
12-09 11:44:58.399 10425 10459 D UE4     : [2018.12.09-13.44.58:398][354]LogBlueprintUserMessages: [GoogleVRPawn_326] StaticMesh
12-09 11:44:58.416 10425 10459 D UE4     : [2018.12.09-13.44.58:416][355]LogBlueprintUserMessages: [GoogleVRPawn_326] StaticMesh
12-09 11:44:58.432 10425 10459 D UE4     : [2018.12.09-13.44.58:432][356]LogBlueprintUserMessages: [GoogleVRPawn_326] StaticMesh
12-09 11:44:58.436 10425 10425 W Thread-2: type=1400 audit(0.0:27711): avc: denied { read } for name="stat" dev="proc" ino=4026532127 scontext=u:r:untrusted_app_25:s0:c512,c768 tcontext=u:object_r:proc_stat:s0 tclass=file permissive=0
12-09 11:44:58.449 10425 10459 D UE4     : [2018.12.09-13.44.58:449][357]LogBlueprintUserMessages: [GoogleVRPawn_326] StaticMesh
12-09 11:44:58.465   667  1445 I sensors-hal: batch:159, android.sensor.accelerometer/33, period=20000000, max_latency=2147483647000
12-09 11:44:58.465 10425 10459 D UE4     : [2018.12.09-13.44.58:465][358]LogBlueprintUserMessages: [GoogleVRPawn_326] StaticMesh
12-09 11:44:58.466   667  1445 I sensors-hal: batch:168, android.sensor.accelerometer/33, period=20000000, max_latency=2147483647000 request completed
12-09 11:44:58.484 10425 10459 D UE4     : [2018.12.09-13.44.58:484][359]LogBlueprintUserMessages: [GoogleVRPawn_326] StaticMesh
12-09 11:44:58.498 10425 10459 D UE4     : [2018.12.09-13.44.58:498][360]LogBlueprintUserMessages: [GoogleVRPawn_326] StaticMesh
12-09 11:44:58.515 10425 10459 D UE4     : [2018.12.09-13.44.58:515][361]LogBlueprintUserMessages: [GoogleVRPawn_326] StaticMesh
12-09 11:44:58.536 10425 10425 W Thread-2: type=1400 audit(0.0:27712): avc: denied { read } for name="stat" dev="proc" ino=4026532127 scontext=u:r:untrusted_app_25:s0:c512,c768 tcontext=u:object_r:proc_stat:s0 tclass=file permissive=0
12-09 11:44:58.649 10425 10459 D UE4     : [2018.12.09-13.44.58:649][369]LogBlueprintUserMessages: [GoogleVRPawn_326] StaticMesh
12-09 11:44:58.656 10425 10425 W Thread-2: type=1400 audit(0.0:27713): avc: denied { read } for name="stat" dev="proc" ino=4026532127 scontext=u:r:untrusted_app_25:s0:c512,c768 tcontext=u:object_r:proc_stat:s0 tclass=file permissive=0
12-09 11:44:58.666 10425 10459 D UE4     : [2018.12.09-13.44.58:666][370]LogBlueprintUserMessages: [GoogleVRPawn_326] StaticMesh
12-09 11:44:58.683 10425 10459 D UE4     : [2018.12.09-13.44.58:683][371]LogBlueprintUserMessages: [GoogleVRPawn_326] StaticMesh
12-09 11:44:58.700 10425 10459 D UE4     : [2018.12.09-13.44.58:700][372]LogBlueprintUserMessages: [GoogleVRPawn_326] StaticMesh
12-09 11:44:58.717 10425 10459 D UE4     : [2018.12.09-13.44.58:717][373]LogBlueprintUserMessages: [GoogleVRPawn_326] StaticMesh
12-09 11:44:58.733 10425 10459 D UE4     : [2018.12.09-13.44.58:733][374]LogBlueprintUserMessages: [GoogleVRPawn_326] StaticMesh
12-09 11:44:58.749 10425 10459 D UE4     : [2018.12.09-13.44.58:749][375]LogBlueprintUserMessages: [GoogleVRPawn_326] StaticMesh
12-09 11:44:58.756 10425 10425 W Thread-2: type=1400 audit(0.0:27714): avc: denied { read } for name="stat" dev="proc" ino=4026532127 scontext=u:r:untrusted_app_25:s0:c512,c768 tcontext=u:object_r:proc_stat:s0 tclass=file permissive=0
12-09 11:44:58.766 10425 10459 D UE4     : [2018.12.09-13.44.58:766][376]LogBlueprintUserMessages: [GoogleVRPawn_326] StaticMesh
12-09 11:44:58.783 10425 10459 D UE4     : [2018.12.09-13.44.58:783][377]LogBlueprintUserMessages: [GoogleVRPawn_326] StaticMesh
12-09 11:44:58.801 10425 10459 D UE4     : [2018.12.09-13.44.58:801][378]LogBlueprintUserMessages: [GoogleVRPawn_326] StaticMesh
12-09 11:44:58.816 10425 10459 D UE4     : [2018.12.09-13.44.58:816][379]LogBlueprintUserMessages: [GoogleVRPawn_326] StaticMesh
12-09 11:44:58.833 10425 10459 D UE4     : [2018.12.09-13.44.58:833][380]LogBlueprintUserMessages: [GoogleVRPawn_326] StaticMesh
12-09 11:44:58.850 10425 10459 D UE4     : [2018.12.09-13.44.58:850][381]LogBlueprintUserMessages: [GoogleVRPawn_326] StaticMesh
12-09 11:44:58.866 10425 10425 W Thread-2: type=1400 audit(0.0:27715): avc: denied { read } for name="stat" dev="proc" ino=4026532127 scontext=u:r:untrusted_app_25:s0:c512,c768 tcontext=u:object_r:proc_stat:s0 tclass=file permissive=0
12-09 11:44:58.866 10425 10459 D UE4     : [2018.12.09-13.44.58:866][382]LogBlueprintUserMessages: [GoogleVRPawn_326] StaticMesh
12-09 11:44:58.884 10425 10459 D UE4     : [2018.12.09-13.44.58:884][383]LogBlueprintUserMessages: [GoogleVRPawn_326] StaticMesh
12-09 11:44:58.899 10425 10459 D UE4     : [2018.12.09-13.44.58:899][384]LogBlueprintUserMessages: [GoogleVRPawn_326] StaticMesh
12-09 11:44:58.916 10425 10459 D UE4     : [2018.12.09-13.44.58:916][385]LogBlueprintUserMessages: [GoogleVRPawn_326] StaticMesh
12-09 11:44:58.934 10425 10459 D UE4     : [2018.12.09-13.44.58:934][386]LogBlueprintUserMessages: [GoogleVRPawn_326] StaticMesh
12-09 11:44:58.950 10425 10459 D UE4     : [2018.12.09-13.44.58:950][387]LogBlueprintUserMessages: [GoogleVRPawn_326] StaticMesh
12-09 11:44:58.967 10425 10459 D UE4     : [2018.12.09-13.44.58:967][388]LogBlueprintUserMessages: [GoogleVRPawn_326] StaticMesh
12-09 11:44:58.983 10425 10459 D UE4     : [2018.12.09-13.44.58:983][389]LogBlueprintUserMessages: [GoogleVRPawn_326] StaticMesh
12-09 11:44:58.986 10425 10425 W Thread-2: type=1400 audit(0.0:27716): avc: denied { read } for name="stat" dev="proc" ino=4026532127 scontext=u:r:untrusted_app_25:s0:c512,c768 tcontext=u:object_r:proc_stat:s0 tclass=file permissive=0
12-09 11:44:59.000 10425 10459 D UE4     : [2018.12.09-13.44.59:000][390]LogBlueprintUserMessages: [GoogleVRPawn_326] StaticMesh
12-09 11:44:59.017 10425 10459 D UE4     : [2018.12.09-13.44.59:017][391]LogBlueprintUserMessages: [GoogleVRPawn_326] StaticMesh
12-09 11:44:59.035 10425 10459 D UE4     : [2018.12.09-13.44.59:035][392]LogBlueprintUserMessages: [GoogleVRPawn_326] StaticMesh
12-09 11:44:59.051 10425 10459 D UE4     : [2018.12.09-13.44.59:051][393]LogBlueprintUserMessages: [GoogleVRPawn_326] StaticMesh
12-09 11:44:59.067 10425 10459 D UE4     : [2018.12.09-13.44.59:067][394]LogBlueprintUserMessages: [GoogleVRPawn_326] StaticMesh
12-09 11:44:59.084 10425 10459 D UE4     : [2018.12.09-13.44.59:083][395]LogBlueprintUserMessages: [GoogleVRPawn_326] StaticMesh
12-09 11:44:59.086 10425 10425 W Thread-2: type=1400 audit(0.0:27717): avc: denied { read } for name="stat" dev="proc" ino=4026532127 scontext=u:r:untrusted_app_25:s0:c512,c768 tcontext=u:object_r:proc_stat:s0 tclass=file permissive=0
12-09 11:44:59.101 10425 10459 D UE4     : [2018.12.09-13.44.59:101][396]LogBlueprintUserMessages: [GoogleVRPawn_326] StaticMesh
12-09 11:44:59.118 10425 10459 D UE4     : [2018.12.09-13.44.59:118][397]LogBlueprintUserMessages: [GoogleVRPawn_326] StaticMesh
12-09 11:44:59.134 10425 10459 D UE4     : [2018.12.09-13.44.59:134][398]LogBlueprintUserMessages: [GoogleVRPawn_326] StaticMesh
12-09 11:44:59.150 10425 10459 D UE4     : [2018.12.09-13.44.59:150][399]LogBlueprintUserMessages: [GoogleVRPawn_326] StaticMesh
12-09 11:44:59.167 10425 10459 D UE4     : [2018.12.09-13.44.59:167][400]LogBlueprintUserMessages: [GoogleVRPawn_326] StaticMesh
12-09 11:44:59.185 10425 10459 D UE4     : [2018.12.09-13.44.59:185][401]LogBlueprintUserMessages: [GoogleVRPawn_326] StaticMesh
12-09 11:44:59.186 10425 10425 W Thread-2: type=1400 audit(0.0:27718): avc: denied { read } for name="stat" dev="proc" ino=4026532127 scontext=u:r:untrusted_app_25:s0:c512,c768 tcontext=u:object_r:proc_stat:s0 tclass=file permissive=0
12-09 11:44:59.203 10425 10459 D UE4     : [2018.12.09-13.44.59:203][402]LogBlueprintUserMessages: [GoogleVRPawn_326] StaticMesh
12-09 11:44:59.218 10425 10459 D UE4     : [2018.12.09-13.44.59:218][403]LogBlueprintUserMessages: [GoogleVRPawn_326] StaticMesh
12-09 11:44:59.234 10425 10459 D UE4     : [2018.12.09-13.44.59:234][404]LogBlueprintUserMessages: [GoogleVRPawn_326] StaticMesh
12-09 11:44:59.252 10425 10459 D UE4     : [2018.12.09-13.44.59:252][405]LogBlueprintUserMessages: [GoogleVRPawn_326] StaticMesh
12-09 11:44:59.269 10425 10459 D UE4     : [2018.12.09-13.44.59:269][406]LogBlueprintUserMessages: [GoogleVRPawn_326] StaticMesh
12-09 11:44:59.285 10425 10459 D UE4     : [2018.12.09-13.44.59:285][407]LogBlueprintUserMessages: [GoogleVRPawn_326] StaticMesh
12-09 11:44:59.306 10425 10425 W Thread-2: type=1400 audit(0.0:27719): avc: denied { read } for name="stat" dev="proc" ino=4026532127 scontext=u:r:untrusted_app_25:s0:c512,c768 tcontext=u:object_r:proc_stat:s0 tclass=file permissive=0
12-09 11:44:59.406 10425 10425 W Thread-2: type=1400 audit(0.0:27720): avc: denied { read } for name="stat" dev="proc" ino=4026532127 scontext=u:r:untrusted_app_25:s0:c512,c768 tcontext=u:object_r:proc_stat:s0 tclass=file permissive=0
12-09 11:44:59.418 10425 10459 D UE4     : [2018.12.09-13.44.59:418][415]LogBlueprintUserMessages: [GoogleVRPawn_326] StaticMesh
12-09 11:44:59.435 10425 10459 D UE4     : [2018.12.09-13.44.59:435][416]LogBlueprintUserMessages: [GoogleVRPawn_326] StaticMesh
12-09 11:44:59.451 10425 10459 D UE4     : [2018.12.09-13.44.59:451][417]LogBlueprintUserMessages: [GoogleVRPawn_326] StaticMesh
12-09 11:44:59.469 10425 10459 D UE4     : [2018.12.09-13.44.59:469][418]LogBlueprintUserMessages: [GoogleVRPawn_326] StaticMesh
12-09 11:44:59.486 10425 10459 D UE4     : [2018.12.09-13.44.59:486][419]LogBlueprintUserMessages: [GoogleVRPawn_326] StaticMesh
12-09 11:44:59.502 10425 10459 D UE4     : [2018.12.09-13.44.59:502][420]LogBlueprintUserMessages: [GoogleVRPawn_326] StaticMesh
12-09 11:44:59.506 10425 10425 W Thread-2: type=1400 audit(0.0:27721): avc: denied { read } for name="stat" dev="proc" ino=4026532127 scontext=u:r:untrusted_app_25:s0:c512,c768 tcontext=u:object_r:proc_stat:s0 tclass=file permissive=0
12-09 11:44:59.518 10425 10459 D UE4     : [2018.12.09-13.44.59:518][421]LogBlueprintUserMessages: [GoogleVRPawn_326] StaticMesh
12-09 11:44:59.537 10425 10459 D UE4     : [2018.12.09-13.44.59:537][422]LogBlueprintUserMessages: [GoogleVRPawn_326] StaticMesh
12-09 11:44:59.552 10425 10459 D UE4     : [2018.12.09-13.44.59:552][423]LogBlueprintUserMessages: [GoogleVRPawn_326] StaticMesh
12-09 11:44:59.568 10425 10459 D UE4     : [2018.12.09-13.44.59:568][424]LogBlueprintUserMessages: [GoogleVRPawn_326] StaticMesh
12-09 11:44:59.584 10425 10459 D UE4     : [2018.12.09-13.44.59:584][425]LogBlueprintUserMessages: [GoogleVRPawn_326] StaticMesh
12-09 11:44:59.602 10425 10459 D UE4     : [2018.12.09-13.44.59:602][426]LogBlueprintUserMessages: [GoogleVRPawn_326] StaticMesh
12-09 11:44:59.606 10425 10425 W Thread-2: type=1400 audit(0.0:27722): avc: denied { read } for name="stat" dev="proc" ino=4026532127 scontext=u:r:untrusted_app_25:s0:c512,c768 tcontext=u:object_r:proc_stat:s0 tclass=file permissive=0
12-09 11:44:59.620 10425 10459 D UE4     : [2018.12.09-13.44.59:619][427]LogBlueprintUserMessages: [GoogleVRPawn_326] StaticMesh
12-09 11:44:59.635 10425 10459 D UE4     : [2018.12.09-13.44.59:635][428]LogBlueprintUserMessages: [GoogleVRPawn_326] StaticMesh
12-09 11:44:59.653 10425 10459 D UE4     : [2018.12.09-13.44.59:652][429]LogBlueprintUserMessages: [GoogleVRPawn_326] StaticMesh
12-09 11:44:59.669 10425 10459 D UE4     : [2018.12.09-13.44.59:669][430]LogBlueprintUserMessages: [GoogleVRPawn_326] StaticMesh
12-09 11:44:59.684 10425 10459 D UE4     : [2018.12.09-13.44.59:684][431]LogBlueprintUserMessages: [GoogleVRPawn_326] StaticMesh
12-09 11:44:59.703 10425 10459 D UE4     : [2018.12.09-13.44.59:703][432]LogBlueprintUserMessages: [GoogleVRPawn_326] StaticMesh
12-09 11:44:59.719 10425 10459 D UE4     : [2018.12.09-13.44.59:719][433]LogBlueprintUserMessages: [GoogleVRPawn_326] StaticMesh
12-09 11:44:59.726 10425 10425 W Thread-2: type=1400 audit(0.0:27723): avc: denied { read } for name="stat" dev="proc" ino=4026532127 scontext=u:r:untrusted_app_25:s0:c512,c768 tcontext=u:object_r:proc_stat:s0 tclass=file permissive=0
12-09 11:44:59.735 10425 10459 D UE4     : [2018.12.09-13.44.59:735][434]LogBlueprintUserMessages: [GoogleVRPawn_326] StaticMesh
12-09 11:44:59.754 10425 10459 D UE4     : [2018.12.09-13.44.59:754][435]LogBlueprintUserMessages: [GoogleVRPawn_326] StaticMesh
12-09 11:44:59.769 10425 10459 D UE4     : [2018.12.09-13.44.59:769][436]LogBlueprintUserMessages: [GoogleVRPawn_326] StaticMesh
12-09 11:44:59.786 10425 10459 D UE4     : [2018.12.09-13.44.59:786][437]LogBlueprintUserMessages: [GoogleVRPawn_326] StaticMesh
12-09 11:44:59.802 10425 10459 D UE4     : [2018.12.09-13.44.59:802][438]LogBlueprintUserMessages: [GoogleVRPawn_326] StaticMesh
12-09 11:44:59.821 10425 10459 D UE4     : [2018.12.09-13.44.59:821][439]LogBlueprintUserMessages: [GoogleVRPawn_326] StaticMesh
12-09 11:44:59.826 10425 10425 W Thread-2: type=1400 audit(0.0:27724): avc: denied { read } for name="stat" dev="proc" ino=4026532127 scontext=u:r:untrusted_app_25:s0:c512,c768 tcontext=u:object_r:proc_stat:s0 tclass=file permissive=0
12-09 11:44:59.836 10425 10459 D UE4     : [2018.12.09-13.44.59:836][440]LogBlueprintUserMessages: [GoogleVRPawn_326] StaticMesh
12-09 11:44:59.853 10425 10459 D UE4     : [2018.12.09-13.44.59:853][441]LogBlueprintUserMessages: [GoogleVRPawn_326] StaticMesh
12-09 11:44:59.868 10425 10459 D UE4     : [2018.12.09-13.44.59:868][442]LogBlueprintUserMessages: [GoogleVRPawn_326] StaticMesh
12-09 11:44:59.885 10425 10459 D UE4     : [2018.12.09-13.44.59:885][443]LogBlueprintUserMessages: [GoogleVRPawn_326] StaticMesh
12-09 11:44:59.902 10425 10459 D UE4     : [2018.12.09-13.44.59:902][444]LogBlueprintUserMessages: [GoogleVRPawn_326] StaticMesh
12-09 11:44:59.920 10425 10459 D UE4     : [2018.12.09-13.44.59:920][445]LogBlueprintUserMessages: [GoogleVRPawn_326] StaticMesh
12-09 11:44:59.935 10425 10459 D UE4     : [2018.12.09-13.44.59:935][446]LogBlueprintUserMessages: [GoogleVRPawn_326] StaticMesh
12-09 11:44:59.946 10425 10425 W Thread-2: type=1400 audit(0.0:27725): avc: denied { read } for name="stat" dev="proc" ino=4026532127 scontext=u:r:untrusted_app_25:s0:c512,c768 tcontext=u:object_r:proc_stat:s0 tclass=file permissive=0
12-09 11:44:59.954 10425 10459 D UE4     : [2018.12.09-13.44.59:954][447]LogBlueprintUserMessages: [GoogleVRPawn_326] StaticMesh
12-09 11:44:59.970 10425 10459 D UE4     : [2018.12.09-13.44.59:970][448]LogBlueprintUserMessages: [GoogleVRPawn_326] StaticMesh
12-09 11:44:59.988 10425 10459 D UE4     : [2018.12.09-13.44.59:988][449]LogBlueprintUserMessages: [GoogleVRPawn_326] StaticMesh
12-09 11:45:00.004 10425 10459 D UE4     : [2018.12.09-13.45.00:004][450]LogBlueprintUserMessages: [GoogleVRPawn_326] StaticMesh
12-09 11:45:00.011  2821  2900 D CompatibilityInfo: mCompatibilityFlags - 0
12-09 11:45:00.011  2821  2900 D CompatibilityInfo: applicationDensity - 480
12-09 11:45:00.011  2821  2900 D CompatibilityInfo: applicationScale - 1.0
12-09 11:45:00.013  3306  3306 D KeyguardUpdateMonitor: received broadcast android.intent.action.TIME_TICK
12-09 11:45:00.014  3306  3306 D KeyguardUpdateMonitor: handleTimeUpdate
12-09 11:45:00.015  3306  3306 I keyguard: AsusFirstKGUnlockedMonitor:getSettingsForFirstKGUnlocked()  settings: true
12-09 11:45:00.019 10425 10459 D UE4     : [2018.12.09-13.45.00:019][451]LogBlueprintUserMessages: [GoogleVRPawn_326] StaticMesh
12-09 11:45:00.033  3306  3804 D StatusBar.Clock: Receive ACTION_TIME_TICK
12-09 11:45:00.035 10425 10459 D UE4     : [2018.12.09-13.45.00:035][452]LogBlueprintUserMessages: [GoogleVRPawn_326] StaticMesh
12-09 11:45:00.042  3306  3804 D StatusBar.Clock: Receive ACTION_TIME_TICK
12-09 11:45:00.050  3306  3804 D StatusBar.Clock: Receive ACTION_TIME_TICK
12-09 11:45:00.052 10425 10459 D UE4     : [2018.12.09-13.45.00:052][453]LogBlueprintUserMessages: [GoogleVRPawn_326] StaticMesh
12-09 11:45:00.056 10425 10425 W Thread-2: type=1400 audit(0.0:27726): avc: denied { read } for name="stat" dev="proc" ino=4026532127 scontext=u:r:untrusted_app_25:s0:c512,c768 tcontext=u:object_r:proc_stat:s0 tclass=file permissive=0
12-09 11:45:00.069 10425 10459 D UE4     : [2018.12.09-13.45.00:069][454]LogBlueprintUserMessages: [GoogleVRPawn_326] StaticMesh
12-09 11:45:00.086 10425 10459 D UE4     : [2018.12.09-13.45.00:086][455]LogBlueprintUserMessages: [GoogleVRPawn_326] StaticMesh
12-09 11:45:00.104 10425 10459 D UE4     : [2018.12.09-13.45.00:103][456]LogBlueprintUserMessages: [GoogleVRPawn_326] StaticMesh
12-09 11:45:00.119 10425 10459 D UE4     : [2018.12.09-13.45.00:119][457]LogBlueprintUserMessages: [GoogleVRPawn_326] StaticMesh
12-09 11:45:00.127  3306  3306 D keyguard: AsusSimpleDigitalClockForFBE:mTimeUpdateReceiver action:android.intent.action.TIME_TICK
12-09 11:45:00.127  2821  4255 D CompatibilityInfo: mCompatibilityFlags - 0
12-09 11:45:00.127  2821  4255 D CompatibilityInfo: applicationDensity - 480
12-09 11:45:00.127  2821  4255 D CompatibilityInfo: applicationScale - 1.0
12-09 11:45:00.127  3306  3306 I keyguard: AsusSimpleDigitalClockForFBE:updateTime  hour:11  min:45
12-09 11:45:00.135 10425 10459 D UE4     : [2018.12.09-13.45.00:135][458]LogBlueprintUserMessages: [GoogleVRPawn_326] StaticMesh
12-09 11:45:00.154 10425 10459 D UE4     : [2018.12.09-13.45.00:153][459]LogBlueprintUserMessages: [GoogleVRPawn_326] StaticMesh
12-09 11:45:00.156 10425 10425 W Thread-2: type=1400 audit(0.0:27727): avc: denied { read } for name="stat" dev="proc" ino=4026532127 scontext=u:r:untrusted_app_25:s0:c512,c768 tcontext=u:object_r:proc_stat:s0 tclass=file permissive=0
12-09 11:45:00.165  4312  4710 I AnimationIconReceiver: Get animation icon from Method 4= [com.asus.deskclock] 216 x 216
12-09 11:45:00.165  4312  4710 D AnimationIconReceiver: get app package name: com.asus.deskclock class name: com.asus.deskclock.DeskClock size: 216
12-09 11:45:00.165  4312  4710 W Launcher: setApplicationContext called twice! old=com.android.launcher3.LauncherApplication@d3c5bb new=com.android.launcher3.LauncherApplication@d3c5bb
12-09 11:45:00.170 10425 10459 D UE4     : [2018.12.09-13.45.00:170][460]LogBlueprintUserMessages: [GoogleVRPawn_326] StaticMesh
12-09 11:45:00.186 10425 10459 D UE4     : [2018.12.09-13.45.00:186][461]LogBlueprintUserMessages: [GoogleVRPawn_326] StaticMesh
12-09 11:45:00.204 10425 10459 D UE4     : [2018.12.09-13.45.00:204][462]LogBlueprintUserMessages: [GoogleVRPawn_326] StaticMesh
12-09 11:45:00.219 10425 10459 D UE4     : [2018.12.09-13.45.00:219][463]LogBlueprintUserMessages: [GoogleVRPawn_326] StaticMesh
12-09 11:45:00.236 10425 10459 D UE4     : [2018.12.09-13.45.00:236][464]LogBlueprintUserMessages: [GoogleVRPawn_326] StaticMesh
12-09 11:45:00.254 10425 10459 D UE4     : [2018.12.09-13.45.00:254][465]LogBlueprintUserMessages: [GoogleVRPawn_326] StaticMesh
12-09 11:45:00.256 10425 10425 W Thread-2: type=1400 audit(0.0:27728): avc: denied { read } for name="stat" dev="proc" ino=4026532127 scontext=u:r:untrusted_app_25:s0:c512,c768 tcontext=u:object_r:proc_stat:s0 tclass=file permissive=0
12-09 11:45:00.270 10425 10459 D UE4     : [2018.12.09-13.45.00:269][466]LogBlueprintUserMessages: [GoogleVRPawn_326] StaticMesh
12-09 11:45:00.287 10425 10459 D UE4     : [2018.12.09-13.45.00:287][467]LogBlueprintUserMessages: [GoogleVRPawn_326] StaticMesh
12-09 11:45:00.303 10425 10459 D UE4     : [2018.12.09-13.45.00:303][468]LogBlueprintUserMessages: [GoogleVRPawn_326] StaticMesh
12-09 11:45:00.320 10425 10459 D UE4     : [2018.12.09-13.45.00:320][469]LogBlueprintUserMessages: [GoogleVRPawn_326] StaticMesh
12-09 11:45:00.336 10425 10459 D UE4     : [2018.12.09-13.45.00:336][470]LogBlueprintUserMessages: [GoogleVRPawn_326] StaticMesh
12-09 11:45:00.352 10425 10459 D UE4     : [2018.12.09-13.45.00:352][471]LogBlueprintUserMessages: [GoogleVRPawn_326] StaticMesh
12-09 11:45:00.355  4312  4710 D AnimationIconReceiver: update icon to DB - pkg: com.asus.deskclock clz: com.asus.deskclock.DeskClock isEnable: true
12-09 11:45:00.355  4312  4710 D AnimationIconReceiver: get animation icon but doesn't flush immediately because mUseInstallQueue: true launcherNotLoaded: false
12-09 11:45:00.356 10425 10425 W Thread-2: type=1400 audit(0.0:27729): avc: denied { read } for name="stat" dev="proc" ino=4026532127 scontext=u:r:untrusted_app_25:s0:c512,c768 tcontext=u:object_r:proc_stat:s0 tclass=file permissive=0
12-09 11:45:00.370 10425 10459 D UE4     : [2018.12.09-13.45.00:370][472]LogBlueprintUserMessages: [GoogleVRPawn_326] StaticMesh
12-09 11:45:00.386 10425 10459 D UE4     : [2018.12.09-13.45.00:386][473]LogBlueprintUserMessages: [GoogleVRPawn_326] StaticMesh
12-09 11:45:00.403 10425 10459 D UE4     : [2018.12.09-13.45.00:403][474]LogBlueprintUserMessages: [GoogleVRPawn_326] StaticMesh
12-09 11:45:00.421 10425 10459 D UE4     : [2018.12.09-13.45.00:421][475]LogBlueprintUserMessages: [GoogleVRPawn_326] StaticMesh
12-09 11:45:00.438 10425 10459 D UE4     : [2018.12.09-13.45.00:437][476]LogBlueprintUserMessages: [GoogleVRPawn_326] StaticMesh
12-09 11:45:00.454 10425 10459 D UE4     : [2018.12.09-13.45.00:454][477]LogBlueprintUserMessages: [GoogleVRPawn_326] StaticMesh
12-09 11:45:00.456 10425 10425 W Thread-2: type=1400 audit(0.0:27730): avc: denied { read } for name="stat" dev="proc" ino=4026532127 scontext=u:r:untrusted_app_25:s0:c512,c768 tcontext=u:object_r:proc_stat:s0 tclass=file permissive=0
12-09 11:45:00.472 10425 10459 D UE4     : [2018.12.09-13.45.00:472][478]LogBlueprintUserMessages: [GoogleVRPawn_326] StaticMesh
12-09 11:45:00.487 10425 10459 D UE4     : [2018.12.09-13.45.00:486][479]LogBlueprintUserMessages: [GoogleVRPawn_326] StaticMesh
12-09 11:45:00.504 10425 10459 D UE4     : [2018.12.09-13.45.00:504][480]LogBlueprintUserMessages: [GoogleVRPawn_326] StaticMesh
12-09 11:45:00.521 10425 10459 D UE4     : [2018.12.09-13.45.00:521][481]LogBlueprintUserMessages: [GoogleVRPawn_326] StaticMesh
12-09 11:45:00.539 10425 10459 D UE4     : [2018.12.09-13.45.00:538][482]LogBlueprintUserMessages: [GoogleVRPawn_326] StaticMesh
12-09 11:45:00.553 10425 10459 D UE4     : [2018.12.09-13.45.00:553][483]LogBlueprintUserMessages: [GoogleVRPawn_326] StaticMesh
12-09 11:45:00.570 10425 10459 D UE4     : [2018.12.09-13.45.00:570][484]LogBlueprintUserMessages: [GoogleVRPawn_326] StaticMesh
12-09 11:45:00.576 10425 10425 W Thread-2: type=1400 audit(0.0:27731): avc: denied { read } for name="stat" dev="proc" ino=4026532127 scontext=u:r:untrusted_app_25:s0:c512,c768 tcontext=u:object_r:proc_stat:s0 tclass=file permissive=0
12-09 11:45:00.588 10425 10459 D UE4     : [2018.12.09-13.45.00:588][485]LogBlueprintUserMessages: [GoogleVRPawn_326] StaticMesh
12-09 11:45:00.604 10425 10459 D UE4     : [2018.12.09-13.45.00:604][486]LogBlueprintUserMessages: [GoogleVRPawn_326] StaticMesh
12-09 11:45:00.620 10425 10459 D UE4     : [2018.12.09-13.45.00:620][487]LogBlueprintUserMessages: [GoogleVRPawn_326] StaticMesh
12-09 11:45:00.637 10425 10459 D UE4     : [2018.12.09-13.45.00:637][488]LogBlueprintUserMessages: [GoogleVRPawn_326] StaticMesh
12-09 11:45:00.655 10425 10459 D UE4     : [2018.12.09-13.45.00:655][489]LogBlueprintUserMessages: [GoogleVRPawn_326] StaticMesh
12-09 11:45:00.672 10425 10459 D UE4     : [2018.12.09-13.45.00:672][490]LogBlueprintUserMessages: [GoogleVRPawn_326] StaticMesh
12-09 11:45:00.676 10425 10425 W Thread-2: type=1400 audit(0.0:27732): avc: denied { read } for name="stat" dev="proc" ino=4026532127 scontext=u:r:untrusted_app_25:s0:c512,c768 tcontext=u:object_r:proc_stat:s0 tclass=file permissive=0
12-09 11:45:00.688 10425 10459 D UE4     : [2018.12.09-13.45.00:687][491]LogBlueprintUserMessages: [GoogleVRPawn_326] StaticMesh
12-09 11:45:00.704 10425 10459 D UE4     : [2018.12.09-13.45.00:704][492]LogBlueprintUserMessages: [GoogleVRPawn_326] StaticMesh
12-09 11:45:00.721 10425 10459 D UE4     : [2018.12.09-13.45.00:721][493]LogBlueprintUserMessages: [GoogleVRPawn_326] StaticMesh
12-09 11:45:00.737 10425 10459 D UE4     : [2018.12.09-13.45.00:737][494]LogBlueprintUserMessages: [GoogleVRPawn_326] StaticMesh
12-09 11:45:00.756 10425 10459 D UE4     : [2018.12.09-13.45.00:756][495]LogBlueprintUserMessages: [GoogleVRPawn_326] StaticMesh
12-09 11:45:00.771 10425 10459 D UE4     : [2018.12.09-13.45.00:771][496]LogBlueprintUserMessages: [GoogleVRPawn_326] StaticMesh
12-09 11:45:00.776 10425 10425 W Thread-2: type=1400 audit(0.0:27733): avc: denied { read } for name="stat" dev="proc" ino=4026532127 scontext=u:r:untrusted_app_25:s0:c512,c768 tcontext=u:object_r:proc_stat:s0 tclass=file permissive=0
12-09 11:45:00.788 10425 10459 D UE4     : [2018.12.09-13.45.00:788][497]LogBlueprintUserMessages: [GoogleVRPawn_326] StaticMesh
12-09 11:45:00.805 10425 10459 D UE4     : [2018.12.09-13.45.00:804][498]LogBlueprintUserMessages: [GoogleVRPawn_326] StaticMesh
12-09 11:45:00.822 10425 10459 D UE4     : [2018.12.09-13.45.00:822][499]LogBlueprintUserMessages: [GoogleVRPawn_326] StaticMesh
12-09 11:45:00.838 10425 10459 D UE4     : [2018.12.09-13.45.00:838][500]LogBlueprintUserMessages: [GoogleVRPawn_326] StaticMesh
12-09 11:45:00.855 10425 10459 D UE4     : [2018.12.09-13.45.00:855][501]LogBlueprintUserMessages: [GoogleVRPawn_326] StaticMesh
12-09 11:45:00.871 10425 10459 D UE4     : [2018.12.09-13.45.00:871][502]LogBlueprintUserMessages: [GoogleVRPawn_326] StaticMesh
12-09 11:45:00.876 10425 10425 W Thread-2: type=1400 audit(0.0:27734): avc: denied { read } for name="stat" dev="proc" ino=4026532127 scontext=u:r:untrusted_app_25:s0:c512,c768 tcontext=u:object_r:proc_stat:s0 tclass=file permissive=0
12-09 11:45:00.889 10425 10459 D UE4     : [2018.12.09-13.45.00:889][503]LogBlueprintUserMessages: [GoogleVRPawn_326] StaticMesh
12-09 11:45:00.906 10425 10459 D UE4     : [2018.12.09-13.45.00:906][504]LogBlueprintUserMessages: [GoogleVRPawn_326] StaticMesh
12-09 11:45:00.924 10425 10459 D UE4     : [2018.12.09-13.45.00:924][505]LogBlueprintUserMessages: [GoogleVRPawn_326] StaticMesh
12-09 11:45:00.938 10425 10459 D UE4     : [2018.12.09-13.45.00:938][506]LogBlueprintUserMessages: [GoogleVRPawn_326] StaticMesh
12-09 11:45:00.955 10425 10459 D UE4     : [2018.12.09-13.45.00:955][507]LogBlueprintUserMessages: [GoogleVRPawn_326] StaticMesh
12-09 11:45:00.974 10425 10459 D UE4     : [2018.12.09-13.45.00:974][508]LogBlueprintUserMessages: [GoogleVRPawn_326] StaticMesh
12-09 11:45:00.976 10425 10425 W Thread-2: type=1400 audit(0.0:27735): avc: denied { read } for name="stat" dev="proc" ino=4026532127 scontext=u:r:untrusted_app_25:s0:c512,c768 tcontext=u:object_r:proc_stat:s0 tclass=file permissive=0
12-09 11:45:00.989 10425 10459 D UE4     : [2018.12.09-13.45.00:989][509]LogBlueprintUserMessages: [GoogleVRPawn_326] StaticMesh
12-09 11:45:01.005 10425 10459 D UE4     : [2018.12.09-13.45.01:005][510]LogBlueprintUserMessages: [GoogleVRPawn_326] StaticMesh
12-09 11:45:01.023 10425 10459 D UE4     : [2018.12.09-13.45.01:023][511]LogBlueprintUserMessages: [GoogleVRPawn_326] StaticMesh
12-09 11:45:01.040 10425 10459 D UE4     : [2018.12.09-13.45.01:040][512]LogBlueprintUserMessages: [GoogleVRPawn_326] StaticMesh
12-09 11:45:01.058 10425 10459 D UE4     : [2018.12.09-13.45.01:058][513]LogBlueprintUserMessages: [GoogleVRPawn_326] StaticMesh
12-09 11:45:01.073 10425 10459 D UE4     : [2018.12.09-13.45.01:073][514]LogBlueprintUserMessages: [GoogleVRPawn_326] StaticMesh
12-09 11:45:01.089 10425 10459 D UE4     : [2018.12.09-13.45.01:089][515]LogBlueprintUserMessages: [GoogleVRPawn_326] StaticMesh
12-09 11:45:01.096 10425 10425 W Thread-2: type=1400 audit(0.0:27736): avc: denied { read } for name="stat" dev="proc" ino=4026532127 scontext=u:r:untrusted_app_25:s0:c512,c768 tcontext=u:object_r:proc_stat:s0 tclass=file permissive=0
12-09 11:45:01.106 10425 10459 D UE4     : [2018.12.09-13.45.01:106][516]LogBlueprintUserMessages: [GoogleVRPawn_326] StaticMesh
12-09 11:45:01.124 10425 10459 D UE4     : [2018.12.09-13.45.01:124][517]LogBlueprintUserMessages: [GoogleVRPawn_326] StaticMesh
12-09 11:45:01.140 10425 10459 D UE4     : [2018.12.09-13.45.01:140][518]LogBlueprintUserMessages: [GoogleVRPawn_326] StaticMesh
12-09 11:45:01.155 10425 10459 D UE4     : [2018.12.09-13.45.01:155][519]LogBlueprintUserMessages: [GoogleVRPawn_326] StaticMesh
12-09 11:45:01.173 10425 10459 D UE4     : [2018.12.09-13.45.01:173][520]LogBlueprintUserMessages: [GoogleVRPawn_326] StaticMesh
12-09 11:45:01.190 10425 10459 D UE4     : [2018.12.09-13.45.01:190][521]LogBlueprintUserMessages: [GoogleVRPawn_326] StaticMesh
12-09 11:45:01.205 10425 10459 D UE4     : [2018.12.09-13.45.01:205][522]LogBlueprintUserMessages: [GoogleVRPawn_326] StaticMesh
12-09 11:45:01.216 10425 10425 W Thread-2: type=1400 audit(0.0:27737): avc: denied { read } for name="stat" dev="proc" ino=4026532127 scontext=u:r:untrusted_app_25:s0:c512,c768 tcontext=u:object_r:proc_stat:s0 tclass=file permissive=0
12-09 11:45:01.225 10425 10459 D UE4     : [2018.12.09-13.45.01:225][523]LogBlueprintUserMessages: [GoogleVRPawn_326] StaticMesh
12-09 11:45:01.240 10425 10459 D UE4     : [2018.12.09-13.45.01:240][524]LogBlueprintUserMessages: [GoogleVRPawn_326] StaticMesh
12-09 11:45:01.254 10425 10459 D UE4     : [2018.12.09-13.45.01:254][525]LogBlueprintUserMessages: [GoogleVRPawn_326] StaticMesh
12-09 11:45:01.273 10425 10459 D UE4     : [2018.12.09-13.45.01:273][526]LogBlueprintUserMessages: [GoogleVRPawn_326] StaticMesh
12-09 11:45:01.290 10425 10459 D UE4     : [2018.12.09-13.45.01:290][527]LogBlueprintUserMessages: [GoogleVRPawn_326] StaticMesh
12-09 11:45:01.305 10425 10459 D UE4     : [2018.12.09-13.45.01:305][528]LogBlueprintUserMessages: [GoogleVRPawn_326] StaticMesh
12-09 11:45:01.323 10425 10459 D UE4     : [2018.12.09-13.45.01:323][529]LogBlueprintUserMessages: [GoogleVRPawn_326] StaticMesh
12-09 11:45:01.326 10425 10425 W Thread-2: type=1400 audit(0.0:27738): avc: denied { read } for name="stat" dev="proc" ino=4026532127 scontext=u:r:untrusted_app_25:s0:c512,c768 tcontext=u:object_r:proc_stat:s0 tclass=file permissive=0
12-09 11:45:01.341 10425 10459 D UE4     : [2018.12.09-13.45.01:341][530]LogBlueprintUserMessages: [GoogleVRPawn_326] StaticMesh
12-09 11:45:01.355 10425 10459 D UE4     : [2018.12.09-13.45.01:355][531]LogBlueprintUserMessages: [GoogleVRPawn_326] StaticMesh
12-09 11:45:01.374 10425 10459 D UE4     : [2018.12.09-13.45.01:374][532]LogBlueprintUserMessages: [GoogleVRPawn_326] StaticMesh
12-09 11:45:01.391 10425 10459 D UE4     : [2018.12.09-13.45.01:391][533]LogBlueprintUserMessages: [GoogleVRPawn_326] StaticMesh
12-09 11:45:01.407 10425 10459 D UE4     : [2018.12.09-13.45.01:407][534]LogBlueprintUserMessages: [GoogleVRPawn_326] StaticMesh
12-09 11:45:01.424 10425 10459 D UE4     : [2018.12.09-13.45.01:424][535]LogBlueprintUserMessages: [GoogleVRPawn_326] StaticMesh
12-09 11:45:01.440 10425 10459 D UE4     : [2018.12.09-13.45.01:440][536]LogBlueprintUserMessages: [GoogleVRPawn_326] StaticMesh
12-09 11:45:01.446 10425 10425 W Thread-2: type=1400 audit(0.0:27739): avc: denied { read } for name="stat" dev="proc" ino=4026532127 scontext=u:r:untrusted_app_25:s0:c512,c768 tcontext=u:object_r:proc_stat:s0 tclass=file permissive=0
12-09 11:45:01.458 10425 10459 D UE4     : [2018.12.09-13.45.01:458][537]LogBlueprintUserMessages: [GoogleVRPawn_326] StaticMesh
12-09 11:45:01.473 10425 10459 D UE4     : [2018.12.09-13.45.01:473][538]LogBlueprintUserMessages: [GoogleVRPawn_326] StaticMesh
12-09 11:45:01.490 10425 10459 D UE4     : [2018.12.09-13.45.01:490][539]LogBlueprintUserMessages: [GoogleVRPawn_326] StaticMesh
12-09 11:45:01.506 10425 10459 D UE4     : [2018.12.09-13.45.01:506][540]LogBlueprintUserMessages: [GoogleVRPawn_326] StaticMesh
12-09 11:45:01.522 10425 10459 D UE4     : [2018.12.09-13.45.01:522][541]LogBlueprintUserMessages: [GoogleVRPawn_326] StaticMesh
