12-09 11:44:50.742 10425 10459 D UE4     : [2018.12.09-13.44.50:742][  0]LogAIModule: Creating AISystem for world NivelCeu
12-09 11:44:50.742 10425 10459 D UE4     : [2018.12.09-13.44.50:742][  0]LogLoad: Game class is 'GameModeBase'
12-09 11:44:50.746 10425 10459 D UE4     : LogUMG: Display: Widget Class WidgetUI_C - Loaded Fast Template.
12-09 11:44:50.746 10425 10459 D UE4     : 
12-09 11:44:50.746 10425 10459 D UE4     : [2018.12.09-13.44.50:746][  0]LogUMG: Display: Widget Class WidgetUI_C - Loaded Fast Template.
12-09 11:44:50.747 10425 10459 D UE4     : LogUMG: Display: Widget Class Crosshair_Widget_C - Loaded Fast Template.
12-09 11:44:50.747 10425 10459 D UE4     : 
12-09 11:44:50.747 10425 10459 D UE4     : [2018.12.09-13.44.50:747][  0]LogUMG: Display: Widget Class Crosshair_Widget_C - Loaded Fast Template.
12-09 11:44:50.747 10425 10459 D UE4     : [2018.12.09-13.44.50:747][  0]LogWorld: Bringing World /Game/NivelCeu.NivelCeu up for play (max tick rate 0) at 2018.12.09-11.44.50
12-09 11:44:50.748 10425 10459 D UE4     : [2018.12.09-13.44.50:748][  0]LogWorld: Bringing up level for play took: 0.005055
12-09 11:44:50.748 10425 10459 D UE4     : LogOnline: Warning: FOnlineSubsystemGooglePlayModule was disabled
12-09 11:44:50.748 10425 10459 D UE4     : 
12-09 11:44:50.748 10425 10459 D UE4     : [2018.12.09-13.44.50:748][  0]LogOnline: Warning: FOnlineSubsystemGooglePlayModule was disabled
12-09 11:44:50.750 10425 10459 D UE4     : [2018.12.09-13.44.50:750][  0]LogLoad: Took 0.069947 seconds to LoadMap(/Game/NivelCeu)
12-09 11:44:50.752 10425 10542 D UE4     : *** JavaEnvDestructor: 10542
12-09 11:44:50.754 10425 10540 D UE4     : AndroidEGL::ResetDisplay()
12-09 11:44:50.755 10425 10540 D UE4     : *** JavaEnvDestructor: 10540
12-09 11:44:50.759 10425 10459 D UE4     : [2018.12.09-13.44.50:759][  0]LogSlate: Took 0.000245 seconds to synchronously load lazily loaded font '../../../Engine/Content/EngineFonts/Faces/RobotoRegular.ufont' (155K)
12-09 11:44:50.765 10425 10459 D UE4     : [2018.12.09-13.44.50:765][  0]LogRenderer: Reallocating scene render targets to support 1144x576 Format 10 NumSamples 1 (Frame:1).
12-09 11:44:50.765 10425 10459 D UE4     : [2018.12.09-13.44.50:765][  0]LogAndroid: Passed GEngineLoop.Init()
12-09 11:44:50.765 10425 10459 D UE4     : LogModuleManager: Warning: ModuleManager: Module 'FunctionalTesting' not found - its StaticallyLinkedModuleInitializers function is null.
12-09 11:44:50.765 10425 10459 D UE4     : 
12-09 11:44:50.765 10425 10459 D UE4     : [2018.12.09-13.44.50:765][  0]LogModuleManager: Warning: ModuleManager: Module 'FunctionalTesting' not found - its StaticallyLinkedModuleInitializers function is null.
12-09 11:44:50.766 10425 10459 D UE4     : LogAndroidEvents: Display: DequeueAppEvent : 9, 0
12-09 11:44:50.766 10425 10459 D UE4     : 
12-09 11:44:50.766 10425 10459 D UE4     : [2018.12.09-13.44.50:766][  0]LogAndroidEvents: Display: DequeueAppEvent : 9, 0
12-09 11:44:50.766 10425 10459 D UE4     : LogAndroidEvents: Display: DequeueAppEvent : 7, 0
12-09 11:44:50.766 10425 10459 D UE4     : 
12-09 11:44:50.766 10425 10459 D UE4     : [2018.12.09-13.44.50:766][  0]LogAndroidEvents: Display: DequeueAppEvent : 7, 0
12-09 11:44:50.766 10425 10459 D UE4     : LogAndroidEvents: Display: DequeueAppEvent : 6, 0
12-09 11:44:50.766 10425 10459 D UE4     : 
12-09 11:44:50.766 10425 10459 D UE4     : [2018.12.09-13.44.50:766][  0]LogAndroidEvents: Display: DequeueAppEvent : 6, 0
12-09 11:44:50.766 10425 10459 D UE4     : LogAndroidEvents: Display: DequeueAppEvent : 0, 753147920
12-09 11:44:50.766 10425 10459 D UE4     : 
12-09 11:44:50.766 10425 10459 D UE4     : [2018.12.09-13.44.50:766][  0]LogAndroidEvents: Display: DequeueAppEvent : 0, 753147920
12-09 11:44:50.766 10425 10459 D UE4     : APP_EVENT_STATE_WINDOW_CREATED, 0, 0, 0
12-09 11:44:50.766 10425 10459 D UE4     : LogAndroidEvents: Display: ExecWindowCreated
12-09 11:44:50.766 10425 10459 D UE4     : 
12-09 11:44:50.766 10425 10459 D UE4     : [2018.12.09-13.44.50:766][  0]LogAndroidEvents: Display: ExecWindowCreated
12-09 11:44:50.766 10425 10459 D UE4     : AndroidEGL::ReInitWindow()
12-09 11:44:50.766 10425 10459 D UE4     : AndroidEGL::ReInit()
12-09 11:44:50.766 10425 10459 D UE4     : AndroidEGL::ResetDisplay()
12-09 11:44:50.766 10425 10459 D UE4     : AndroidEGL::InitSurface 0, 1
12-09 11:44:50.766 10425 10459 D UE4     : AndroidEGL::CreateEGLSurface() Already initialized: 0x792a97ba00
12-09 11:44:50.766 10425 10459 D UE4     : ExecWindowCreated, 0, 1, 0
12-09 11:44:50.766 10425 10459 D UE4     : LogAndroidEvents: Display: DequeueAppEvent : 11, 0
12-09 11:44:50.766 10425 10459 D UE4     : 
12-09 11:44:50.766 10425 10459 D UE4     : [2018.12.09-13.44.50:766][  0]LogAndroidEvents: Display: DequeueAppEvent : 11, 0
12-09 11:44:50.766 10425 10459 D UE4     : LogAndroidEvents: Display: DequeueAppEvent : 7, 0
12-09 11:44:50.766 10425 10459 D UE4     : 
12-09 11:44:50.766 10425 10459 D UE4     : [2018.12.09-13.44.50:766][  0]LogAndroidEvents: Display: DequeueAppEvent : 7, 0
12-09 11:44:50.766 10425 10459 D UE4     : [2018.12.09-13.44.50:766][  0]LogTemp: Android resume audio
12-09 11:44:50.770 10425 10459 D ConfigUtils: Parameters file not found for reading: java.io.FileNotFoundException: /storage/emulated/0/Cardboard/current_device_params (No such file or directory)
12-09 11:44:50.775 10425 10459 D UE4     : Registering volume receiver
12-09 11:44:50.777 10425 10459 D UE4     : startVolumeReceiver: 4
12-09 11:44:50.777 10425 10459 D UE4     : nativeVolumeEvent(4)
12-09 11:44:50.777 10425 10459 D UE4     : Registering battery receiver
12-09 11:44:50.778 10425 10459 D UE4     : Registering headset receiver
12-09 11:44:50.778 10425 10425 D UE4     : Battery: status = 2, rawlevel = 83, scale = 100
12-09 11:44:50.779 10425 10425 D UE4     : nativeBatteryEvent(stat = 2, lvl = 83  temp = 28.00 �C)
12-09 11:44:50.779 10425 10459 D UE4     : startHeadsetReceiver: 0
12-09 11:44:50.779 10425 10459 D UE4     : nativeHeadsetEvent(0)
12-09 11:44:50.779 10425 10425 D UE4     : headsetReceiver::onReceive
12-09 11:44:50.779 10425 10425 D UE4     : nativeHeadsetEvent(0)
12-09 11:44:50.786   662  1015 D SDM     : DisplayBase::BuildLayerStackStats: LayerStack layer_count: 4, app_layer_count: 3, gpu_target_index: 3, display type: 0
12-09 11:44:50.796 10425 10551 D UE4     : *** JavaEnvDestructor: 10551
12-09 11:44:50.870   662  1015 D SDM     : DisplayBase::BuildLayerStackStats: LayerStack layer_count: 4, app_layer_count: 3, gpu_target_index: 3, display type: 0
12-09 11:44:50.886   662  1015 I chatty  : uid=1000(system) HwBinder:662_2 identical 1 line
12-09 11:44:50.903   662  1015 D SDM     : DisplayBase::BuildLayerStackStats: LayerStack layer_count: 4, app_layer_count: 3, gpu_target_index: 3, display type: 0
12-09 11:44:50.906  3306  3306 D MoreNotificationIcon: implementMoreNotificationIcon(false)
12-09 11:44:50.906  3306  3306 D StatusBar: com.asus.powersaver checkMoreIconColorize: !isPreL: true isGrayscale: true
12-09 11:44:50.906  3306  3306 D StatusBar:  checkMoreIconColorize: !isPreL: true isGrayscale: true
12-09 11:44:50.920   662  1015 D SDM     : DisplayBase::BuildLayerStackStats: LayerStack layer_count: 4, app_layer_count: 3, gpu_target_index: 3, display type: 0
12-09 11:44:50.936   662  1015 I chatty  : uid=1000(system) HwBinder:662_2 identical 1 line
12-09 11:44:50.953   662  1015 D SDM     : DisplayBase::BuildLayerStackStats: LayerStack layer_count: 4, app_layer_count: 3, gpu_target_index: 3, display type: 0
12-09 11:44:50.970   662  1015 D SDM     : DisplayBase::BuildLayerStackStats: LayerStack layer_count: 3, app_layer_count: 2, gpu_target_index: 2, display type: 0
12-09 11:44:50.970  3306  3306 D StatusBar: Status bar setSystemUiVisibility sbMode: -1
12-09 11:44:50.970  3306  3306 D GestureNavigationUtility: sIsNavigationBarHidden:true, sIsImmersive:true, sIsImmersiveByUser:false
12-09 11:44:50.971  3306  3306 D NavigationBar: Navigation bar setSystemUiVisibility nbMode: 0
12-09 11:44:50.971  3306  3306 D NavigationBarView: ImmersiveModeByUser: false
12-09 11:44:50.972  3306  3306 D LightBarController: Check HasLightNavigationBar
12-09 11:44:50.972  3306  3306 D LightBarController: Check light: false light: false
12-09 11:44:50.972  3306  3306 D LightBarController: mNavigationLight: false mHasLightNavigationBar: false mScrimAlphaBelowThreshold: true mImeShown: false
12-09 11:44:50.972  3306  3306 D MoreNotificationIcon: implementMoreNotificationIcon(false)
12-09 11:44:50.972  3306  3306 D StatusBar: com.asus.powersaver checkMoreIconColorize: !isPreL: true isGrayscale: true
12-09 11:44:50.972  3306  3306 D StatusBar:  checkMoreIconColorize: !isPreL: true isGrayscale: true
12-09 11:44:50.986   662  1015 D SDM     : DisplayBase::BuildLayerStackStats: LayerStack layer_count: 3, app_layer_count: 2, gpu_target_index: 2, display type: 0
12-09 11:44:51.086   662  1015 D SDM     : DisplayBase::BuildLayerStackStats: LayerStack layer_count: 3, app_layer_count: 2, gpu_target_index: 2, display type: 0
12-09 11:44:51.189  3306  3306 D MoreNotificationIcon: implementMoreNotificationIcon(false)
12-09 11:44:51.189   666   666 I QTI PowerHAL: Enable request for mode: 0x1
12-09 11:44:51.189   666   666 D QTI PowerHAL: Hint id is 0x1206 for mode 0x1
12-09 11:44:51.189  3306  3306 D StatusBar: com.asus.powersaver checkMoreIconColorize: !isPreL: true isGrayscale: true
12-09 11:44:51.189  3306  3306 D StatusBar:  checkMoreIconColorize: !isPreL: true isGrayscale: true
12-09 11:44:51.189   666   666 D QTI PowerHAL: Acquired handle 0x1c830
12-09 11:44:51.189   666   666 I QTI PowerHAL: Current mode is 0x1
12-09 11:44:51.189   680   775 E ANDR-PERF-REQUEST: Failed to set timer
12-09 11:44:51.220   662  1015 D SDM     : DisplayBase::BuildLayerStackStats: LayerStack layer_count: 3, app_layer_count: 2, gpu_target_index: 2, display type: 0
12-09 11:44:51.406  3306  3306 D MoreNotificationIcon: implementMoreNotificationIcon(false)
12-09 11:44:51.406  3306  3306 D StatusBar: com.asus.powersaver checkMoreIconColorize: !isPreL: true isGrayscale: true
12-09 11:44:51.406  3306  3306 D StatusBar:  checkMoreIconColorize: !isPreL: true isGrayscale: true
12-09 11:44:51.507 10425 10549 D UE4     : *** JavaEnvDestructor: 10549
12-09 11:44:51.507 10425 10550 D UE4     : *** JavaEnvDestructor: 10550
12-09 11:44:51.507 10425 10548 D UE4     : *** JavaEnvDestructor: 10548
12-09 11:44:51.562   680   775 E ANDR-PERF-OPTSHANDLER: perf_lock_rel: updated /sys/class/scsi_host/host0/../../../clkscale_enable with 1
12-09 11:44:51.562   680   775 E ANDR-PERF-OPTSHANDLER:  return value 2
12-09 11:44:51.608 10425 10459 D UE4     : [2018.12.09-13.44.51:608][  0]LogUdpMessaging: Initializing bridge on interface 0.0.0.0:0 to multicast group 230.0.0.1:6666.
12-09 11:44:51.677 10425 10547 D UE4     : *** JavaEnvDestructor: 10547
12-09 11:44:51.778 10425 10459 D UE4     : [2018.12.09-13.44.51:778][  0]LogTcpMessaging: Initializing TcpMessaging bridge, listening on 127.0.0.1:6666
12-09 11:44:51.781 10425 10459 D UE4     : Execution has been resumed!
12-09 11:44:51.787 10425 10498 D UE4     : LogStats: Warning: MetaData mismatch. Did you assign a stat to two groups? New //STATGROUP_Threads//FUdpMessageBeacon///Thread_2949_0///####STATCAT_Advanced#### old //STATGROUP_Threads//FUdpMessageBeacon///Thread_2935_0///####STATCAT_Advanced####
12-09 11:44:51.787 10425 10498 D UE4     : 
12-09 11:44:51.787 10425 10498 D UE4     : LogStats: Warning: MetaData mismatch. Did you assign a stat to two groups? New //STATGROUP_Threads//FUdpMessageProcessor.Sender///Thread_294a_0///####STATCAT_Advanced#### old //STATGROUP_Threads//FUdpMessageProcessor.Sender///Thread_2936_0///####STATCAT_Advanced####
12-09 11:44:51.787 10425 10498 D UE4     : 
12-09 11:44:51.787 10425 10498 D UE4     : LogStats: Warning: MetaData mismatch. Did you assign a stat to two groups? New //STATGROUP_Threads//FUdpMessageProcessor///Thread_2948_0///####STATCAT_Advanced#### old //STATGROUP_Threads//FUdpMessageProcessor///Thread_2934_0///####STATCAT_Advanced####
12-09 11:44:51.787 10425 10498 D UE4     : 
12-09 11:44:51.787 10425 10498 D UE4     : LogStats: Warning: MetaData mismatch. Did you assign a stat to two groups? New //STATGROUP_Threads//UdpMessageMulticastReceiver///Thread_294b_0///####STATCAT_Advanced#### old //STATGROUP_Threads//UdpMessageMulticastReceiver///Thread_2937_0///####STATCAT_Advanced####
12-09 11:44:51.787 10425 10498 D UE4     : 
12-09 11:44:51.787 10425 10498 D UE4     : LogStats: Warning: MetaData mismatch. Did you assign a stat to two groups? New //STATGROUP_Threads//FTcpMessageTransport///Thread_2956_0///####STATCAT_Advanced#### old //STATGROUP_Threads//FTcpMessageTransport///Thread_2931_0///####STATCAT_Advanced####
12-09 11:44:51.787 10425 10498 D UE4     : 
12-09 11:44:51.787 10425 10498 D UE4     : LogStats: Warning: MetaData mismatch. Did you assign a stat to two groups? New //STATGROUP_Threads//FTcpListener///Thread_2957_0///####STATCAT_Advanced#### old //STATGROUP_Threads//FTcpListener///Thread_2933_0///####STATCAT_Advanced####
12-09 11:44:51.787 10425 10498 D UE4     : 
12-09 11:44:51.799 10425 10459 D UE4     : [2018.12.09-13.44.51:799][  0]LogStats: Warning: MetaData mismatch. Did you assign a stat to two groups? New //STATGROUP_Threads//FUdpMessageBeacon///Thread_2949_0///####STATCAT_Advanced#### old //STATGROUP_Threads//FUdpMessageBeacon///Thread_2935_0///####STATCAT_Advanced####
12-09 11:44:51.800 10425 10459 D UE4     : [2018.12.09-13.44.51:800][  0]LogStats: Warning: MetaData mismatch. Did you assign a stat to two groups? New //STATGROUP_Threads//FUdpMessageProcessor.Sender///Thread_294a_0///####STATCAT_Advanced#### old //STATGROUP_Threads//FUdpMessageProcessor.Sender///Thread_2936_0///####STATCAT_Advanced####
12-09 11:44:51.800 10425 10459 D UE4     : [2018.12.09-13.44.51:800][  0]LogStats: Warning: MetaData mismatch. Did you assign a stat to two groups? New //STATGROUP_Threads//FUdpMessageProcessor///Thread_2948_0///####STATCAT_Advanced#### old //STATGROUP_Threads//FUdpMessageProcessor///Thread_2934_0///####STATCAT_Advanced####
12-09 11:44:51.800 10425 10459 D UE4     : [2018.12.09-13.44.51:800][  0]LogStats: Warning: MetaData mismatch. Did you assign a stat to two groups? New //STATGROUP_Threads//UdpMessageMulticastReceiver///Thread_294b_0///####STATCAT_Advanced#### old //STATGROUP_Threads//UdpMessageMulticastReceiver///Thread_2937_0///####STATCAT_Advanced####
12-09 11:44:51.800 10425 10459 D UE4     : [2018.12.09-13.44.51:800][  0]LogStats: Warning: MetaData mismatch. Did you assign a stat to two groups? New //STATGROUP_Threads//FTcpMessageTransport///Thread_2956_0///####STATCAT_Advanced#### old //STATGROUP_Threads//FTcpMessageTransport///Thread_2931_0///####STATCAT_Advanced####
12-09 11:44:51.800 10425 10459 D UE4     : [2018.12.09-13.44.51:800][  0]LogStats: Warning: MetaData mismatch. Did you assign a stat to two groups? New //STATGROUP_Threads//FTcpListener///Thread_2957_0///####STATCAT_Advanced#### old //STATGROUP_Threads//FTcpListener///Thread_2933_0///####STATCAT_Advanced####
12-09 11:44:51.800 10425 10459 D UE4     : [2018.12.09-13.44.51:800][  0]LogContentStreaming: Texture pool size now 1000 MB
12-09 11:44:51.907   662  1015 D SDM     : DisplayBase::BuildLayerStackStats: LayerStack layer_count: 3, app_layer_count: 2, gpu_target_index: 2, display type: 0
12-09 11:44:51.989   662  1015 D SDM     : DisplayBase::BuildLayerStackStats: LayerStack layer_count: 3, app_layer_count: 2, gpu_target_index: 2, display type: 0
12-09 11:44:52.128  2821  2961 I zygote64: Explicit concurrent copying GC freed 118495(6MB) AllocSpace objects, 15(320KB) LOS objects, 42% free, 28MB/50MB, paused 381us total 249.139ms
12-09 11:44:52.496 10425 10425 W Thread-2: type=1400 audit(0.0:27656): avc: denied { read } for name="stat" dev="proc" ino=4026532127 scontext=u:r:untrusted_app_25:s0:c512,c768 tcontext=u:object_r:proc_stat:s0 tclass=file permissive=0
12-09 11:44:52.504 10425 10545 D UE4     : *** JavaEnvDestructor: 10545
12-09 11:44:52.519 10425 10459 D UE4     : [2018.12.09-13.44.52:519][  1]LogSlate: Took 0.000374 seconds to synchronously load lazily loaded font '../../../Engine/Content/Slate/Fonts/Roboto-Regular.ttf' (155K)
12-09 11:44:52.558   662  1015 D SDM     : DisplayBase::BuildLayerStackStats: LayerStack layer_count: 3, app_layer_count: 2, gpu_target_index: 2, display type: 0
12-09 11:44:52.606 10425 10425 W Thread-2: type=1400 audit(0.0:27657): avc: denied { read } for name="stat" dev="proc" ino=4026532127 scontext=u:r:untrusted_app_25:s0:c512,c768 tcontext=u:object_r:proc_stat:s0 tclass=file permissive=0
12-09 11:44:52.826 10425 10425 I chatty  : uid=10195(u0_a195) com.YourCompany.SkyVision identical 2 lines
12-09 11:44:52.936 10425 10425 W Thread-2: type=1400 audit(0.0:27660): avc: denied { read } for name="stat" dev="proc" ino=4026532127 scontext=u:r:untrusted_app_25:s0:c512,c768 tcontext=u:object_r:proc_stat:s0 tclass=file permissive=0
12-09 11:44:53.051 10425 10459 D UE4     : [2018.12.09-13.44.53:051][ 34]LogBlueprintUserMessages: [GoogleVRPawn_326] StaticMesh
12-09 11:44:53.056 10425 10425 W Thread-2: type=1400 audit(0.0:27661): avc: denied { read } for name="stat" dev="proc" ino=4026532127 scontext=u:r:untrusted_app_25:s0:c512,c768 tcontext=u:object_r:proc_stat:s0 tclass=file permissive=0
12-09 11:44:53.067 10425 10459 D UE4     : [2018.12.09-13.44.53:067][ 35]LogBlueprintUserMessages: [GoogleVRPawn_326] StaticMesh
12-09 11:44:53.084 10425 10459 D UE4     : [2018.12.09-13.44.53:084][ 36]LogBlueprintUserMessages: [GoogleVRPawn_326] StaticMesh
12-09 11:44:53.100 10425 10459 D UE4     : [2018.12.09-13.44.53:100][ 37]LogBlueprintUserMessages: [GoogleVRPawn_326] StaticMesh
12-09 11:44:53.118 10425 10459 D UE4     : [2018.12.09-13.44.53:118][ 38]LogBlueprintUserMessages: [GoogleVRPawn_326] StaticMesh
12-09 11:44:53.130   667   667 I sensors-hal: batch:159, android.sensor.accelerometer/34, period=2500000, max_latency=0
12-09 11:44:53.130   667   667 I sensors-hal: batch:168, android.sensor.accelerometer/34, period=2500000, max_latency=0 request completed
12-09 11:44:53.134 10425 10459 D UE4     : [2018.12.09-13.44.53:134][ 39]LogBlueprintUserMessages: [GoogleVRPawn_326] StaticMesh
12-09 11:44:53.152 10425 10459 D UE4     : [2018.12.09-13.44.53:152][ 40]LogBlueprintUserMessages: [GoogleVRPawn_326] StaticMesh
12-09 11:44:53.156 10425 10425 W Thread-2: type=1400 audit(0.0:27662): avc: denied { read } for name="stat" dev="proc" ino=4026532127 scontext=u:r:untrusted_app_25:s0:c512,c768 tcontext=u:object_r:proc_stat:s0 tclass=file permissive=0
12-09 11:44:53.159   662  1015 D SDM     : DisplayBase::BuildLayerStackStats: LayerStack layer_count: 3, app_layer_count: 2, gpu_target_index: 2, display type: 0
12-09 11:44:53.170 10425 10459 D UE4     : [2018.12.09-13.44.53:170][ 41]LogBlueprintUserMessages: [GoogleVRPawn_326] StaticMesh
12-09 11:44:53.183 10425 10459 D UE4     : [2018.12.09-13.44.53:183][ 42]LogBlueprintUserMessages: [GoogleVRPawn_326] StaticMesh
12-09 11:44:53.203 10425 10459 D UE4     : [2018.12.09-13.44.53:203][ 43]LogBlueprintUserMessages: [GoogleVRPawn_326] StaticMesh
12-09 11:44:53.220 10425 10459 D UE4     : [2018.12.09-13.44.53:220][ 44]LogBlueprintUserMessages: [GoogleVRPawn_326] StaticMesh
12-09 11:44:53.235 10425 10459 D UE4     : [2018.12.09-13.44.53:235][ 45]LogBlueprintUserMessages: [GoogleVRPawn_326] StaticMesh
12-09 11:44:53.252 10425 10459 D UE4     : [2018.12.09-13.44.53:252][ 46]LogBlueprintUserMessages: [GoogleVRPawn_326] StaticMesh
12-09 11:44:53.266 10425 10425 W Thread-2: type=1400 audit(0.0:27663): avc: denied { read } for name="stat" dev="proc" ino=4026532127 scontext=u:r:untrusted_app_25:s0:c512,c768 tcontext=u:object_r:proc_stat:s0 tclass=file permissive=0
12-09 11:44:53.268 10425 10459 D UE4     : [2018.12.09-13.44.53:268][ 47]LogBlueprintUserMessages: [GoogleVRPawn_326] StaticMesh
12-09 11:44:53.284 10425 10459 D UE4     : [2018.12.09-13.44.53:284][ 48]LogBlueprintUserMessages: [GoogleVRPawn_326] StaticMesh
12-09 11:44:53.293 10425 10432 I zygote64: Do partial code cache collection, code=59KB, data=56KB
12-09 11:44:53.294 10425 10432 I zygote64: After code cache collection, code=59KB, data=56KB
12-09 11:44:53.294 10425 10432 I zygote64: Increasing code cache capacity to 256KB
12-09 11:44:53.301 10425 10459 D UE4     : [2018.12.09-13.44.53:301][ 49]LogBlueprintUserMessages: [GoogleVRPawn_326] StaticMesh
12-09 11:44:53.319 10425 10459 D UE4     : [2018.12.09-13.44.53:319][ 50]LogBlueprintUserMessages: [GoogleVRPawn_326] StaticMesh
12-09 11:44:53.335 10425 10459 D UE4     : [2018.12.09-13.44.53:335][ 51]LogBlueprintUserMessages: [GoogleVRPawn_326] StaticMesh
12-09 11:44:53.353 10425 10459 D UE4     : [2018.12.09-13.44.53:353][ 52]LogBlueprintUserMessages: [GoogleVRPawn_326] StaticMesh
12-09 11:44:53.369 10425 10459 D UE4     : [2018.12.09-13.44.53:369][ 53]LogBlueprintUserMessages: [GoogleVRPawn_326] StaticMesh
12-09 11:44:53.376 10425 10425 W Thread-2: type=1400 audit(0.0:27664): avc: denied { read } for name="stat" dev="proc" ino=4026532127 scontext=u:r:untrusted_app_25:s0:c512,c768 tcontext=u:object_r:proc_stat:s0 tclass=file permissive=0
12-09 11:44:53.385 10425 10459 D UE4     : [2018.12.09-13.44.53:385][ 54]LogBlueprintUserMessages: [GoogleVRPawn_326] StaticMesh
12-09 11:44:53.403 10425 10459 D UE4     : [2018.12.09-13.44.53:403][ 55]LogBlueprintUserMessages: [GoogleVRPawn_326] StaticMesh
12-09 11:44:53.419 10425 10459 D UE4     : [2018.12.09-13.44.53:419][ 56]LogBlueprintUserMessages: [GoogleVRPawn_326] StaticMesh
12-09 11:44:53.435 10425 10459 D UE4     : [2018.12.09-13.44.53:435][ 57]LogBlueprintUserMessages: [GoogleVRPawn_326] StaticMesh
12-09 11:44:53.454 10425 10459 D UE4     : [2018.12.09-13.44.53:454][ 58]LogBlueprintUserMessages: [GoogleVRPawn_326] StaticMesh
12-09 11:44:53.470 10425 10459 D UE4     : [2018.12.09-13.44.53:470][ 59]LogBlueprintUserMessages: [GoogleVRPawn_326] StaticMesh
12-09 11:44:53.476 10425 10425 W Thread-2: type=1400 audit(0.0:27665): avc: denied { read } for name="stat" dev="proc" ino=4026532127 scontext=u:r:untrusted_app_25:s0:c512,c768 tcontext=u:object_r:proc_stat:s0 tclass=file permissive=0
12-09 11:44:53.486 10425 10459 D UE4     : [2018.12.09-13.44.53:486][ 60]LogBlueprintUserMessages: [GoogleVRPawn_326] StaticMesh
12-09 11:44:53.503 10425 10459 D UE4     : [2018.12.09-13.44.53:503][ 61]LogBlueprintUserMessages: [GoogleVRPawn_326] StaticMesh
12-09 11:44:53.521 10425 10459 D UE4     : [2018.12.09-13.44.53:521][ 62]LogBlueprintUserMessages: [GoogleVRPawn_326] StaticMesh
12-09 11:44:53.536 10425 10459 D UE4     : [2018.12.09-13.44.53:536][ 63]LogBlueprintUserMessages: [GoogleVRPawn_326] StaticMesh
12-09 11:44:53.554 10425 10459 D UE4     : [2018.12.09-13.44.53:554][ 64]LogBlueprintUserMessages: [GoogleVRPawn_326] StaticMesh
12-09 11:44:53.570 10425 10459 D UE4     : [2018.12.09-13.44.53:570][ 65]LogBlueprintUserMessages: [GoogleVRPawn_326] StaticMesh
12-09 11:44:53.576 10425 10425 W Thread-2: type=1400 audit(0.0:27666): avc: denied { read } for name="stat" dev="proc" ino=4026532127 scontext=u:r:untrusted_app_25:s0:c512,c768 tcontext=u:object_r:proc_stat:s0 tclass=file permissive=0
12-09 11:44:53.587 10425 10459 D UE4     : [2018.12.09-13.44.53:587][ 66]LogBlueprintUserMessages: [GoogleVRPawn_326] StaticMesh
12-09 11:44:53.604 10425 10459 D UE4     : [2018.12.09-13.44.53:604][ 67]LogBlueprintUserMessages: [GoogleVRPawn_326] StaticMesh
12-09 11:44:53.622 10425 10459 D UE4     : [2018.12.09-13.44.53:622][ 68]LogBlueprintUserMessages: [GoogleVRPawn_326] StaticMesh
12-09 11:44:53.637 10425 10459 D UE4     : [2018.12.09-13.44.53:637][ 69]LogBlueprintUserMessages: [GoogleVRPawn_326] StaticMesh
12-09 11:44:53.654 10425 10459 D UE4     : [2018.12.09-13.44.53:654][ 70]LogBlueprintUserMessages: [GoogleVRPawn_326] StaticMesh
12-09 11:44:53.667  3306  3306 D MoreNotificationIcon: implementMoreNotificationIcon(false)
12-09 11:44:53.667  3306  3306 D StatusBar: com.asus.powersaver checkMoreIconColorize: !isPreL: true isGrayscale: true
12-09 11:44:53.667  3306  3306 D StatusBar:  checkMoreIconColorize: !isPreL: true isGrayscale: true
12-09 11:44:53.672 10425 10459 D UE4     : [2018.12.09-13.44.53:672][ 71]LogBlueprintUserMessages: [GoogleVRPawn_326] StaticMesh
12-09 11:44:53.676 10425 10425 W Thread-2: type=1400 audit(0.0:27667): avc: denied { read } for name="stat" dev="proc" ino=4026532127 scontext=u:r:untrusted_app_25:s0:c512,c768 tcontext=u:object_r:proc_stat:s0 tclass=file permissive=0
12-09 11:44:53.688 10425 10459 D UE4     : [2018.12.09-13.44.53:688][ 72]LogBlueprintUserMessages: [GoogleVRPawn_326] StaticMesh
12-09 11:44:53.705 10425 10459 D UE4     : [2018.12.09-13.44.53:704][ 73]LogBlueprintUserMessages: [GoogleVRPawn_326] StaticMesh
12-09 11:44:53.711   662  1015 D SDM     : DisplayBase::BuildLayerStackStats: LayerStack layer_count: 3, app_layer_count: 2, gpu_target_index: 2, display type: 0
12-09 11:44:53.739 10425 10459 D UE4     : [2018.12.09-13.44.53:739][ 75]LogBlueprintUserMessages: [GoogleVRPawn_326] StaticMesh
12-09 11:44:53.755 10425 10459 D UE4     : [2018.12.09-13.44.53:755][ 76]LogBlueprintUserMessages: [GoogleVRPawn_326] StaticMesh
12-09 11:44:53.772 10425 10459 D UE4     : [2018.12.09-13.44.53:772][ 77]LogBlueprintUserMessages: [GoogleVRPawn_326] StaticMesh
12-09 11:44:53.776 10425 10425 W Thread-2: type=1400 audit(0.0:27668): avc: denied { read } for name="stat" dev="proc" ino=4026532127 scontext=u:r:untrusted_app_25:s0:c512,c768 tcontext=u:object_r:proc_stat:s0 tclass=file permissive=0
12-09 11:44:53.789 10425 10459 D UE4     : [2018.12.09-13.44.53:789][ 78]LogBlueprintUserMessages: [GoogleVRPawn_326] StaticMesh
12-09 11:44:53.896 10425 10425 W Thread-2: type=1400 audit(0.0:27669): avc: denied { read } for name="stat" dev="proc" ino=4026532127 scontext=u:r:untrusted_app_25:s0:c512,c768 tcontext=u:object_r:proc_stat:s0 tclass=file permissive=0
12-09 11:44:53.996 10425 10425 I chatty  : uid=10195(u0_a195) com.YourCompany.SkyVision identical 1 line
12-09 11:44:54.096 10425 10425 W Thread-2: type=1400 audit(0.0:27671): avc: denied { read } for name="stat" dev="proc" ino=4026532127 scontext=u:r:untrusted_app_25:s0:c512,c768 tcontext=u:object_r:proc_stat:s0 tclass=file permissive=0
12-09 11:44:54.122 10425 10459 D UE4     : [2018.12.09-13.44.54:122][ 98]LogBlueprintUserMessages: [GoogleVRPawn_326] StaticMesh
12-09 11:44:54.139 10425 10459 D UE4     : [2018.12.09-13.44.54:139][ 99]LogBlueprintUserMessages: [GoogleVRPawn_326] StaticMesh
12-09 11:44:54.154 10425 10459 D UE4     : [2018.12.09-13.44.54:154][100]LogBlueprintUserMessages: [GoogleVRPawn_326] StaticMesh
12-09 11:44:54.172 10425 10459 D UE4     : [2018.12.09-13.44.54:172][101]LogBlueprintUserMessages: [GoogleVRPawn_326] StaticMesh
12-09 11:44:54.189 10425 10459 D UE4     : [2018.12.09-13.44.54:189][102]LogBlueprintUserMessages: [GoogleVRPawn_326] StaticMesh
12-09 11:44:54.206 10425 10425 W Thread-2: type=1400 audit(0.0:27672): avc: denied { read } for name="stat" dev="proc" ino=4026532127 scontext=u:r:untrusted_app_25:s0:c512,c768 tcontext=u:object_r:proc_stat:s0 tclass=file permissive=0
12-09 11:44:54.206 10425 10459 D UE4     : [2018.12.09-13.44.54:206][103]LogBlueprintUserMessages: [GoogleVRPawn_326] StaticMesh
12-09 11:44:54.222 10425 10459 D UE4     : [2018.12.09-13.44.54:222][104]LogBlueprintUserMessages: [GoogleVRPawn_326] StaticMesh
12-09 11:44:54.238 10425 10459 D UE4     : [2018.12.09-13.44.54:238][105]LogBlueprintUserMessages: [GoogleVRPawn_326] StaticMesh
12-09 11:44:54.257 10425 10459 D UE4     : [2018.12.09-13.44.54:256][106]LogBlueprintUserMessages: [GoogleVRPawn_326] StaticMesh
12-09 11:44:54.273 10425 10459 D UE4     : [2018.12.09-13.44.54:273][107]LogBlueprintUserMessages: [GoogleVRPawn_326] StaticMesh
12-09 11:44:54.288 10425 10459 D UE4     : [2018.12.09-13.44.54:288][108]LogBlueprintUserMessages: [GoogleVRPawn_326] StaticMesh
12-09 11:44:54.307 10425 10459 D UE4     : [2018.12.09-13.44.54:306][109]LogBlueprintUserMessages: [GoogleVRPawn_326] StaticMesh
12-09 11:44:54.316 10425 10425 W Thread-2: type=1400 audit(0.0:27673): avc: denied { read } for name="stat" dev="proc" ino=4026532127 scontext=u:r:untrusted_app_25:s0:c512,c768 tcontext=u:object_r:proc_stat:s0 tclass=file permissive=0
12-09 11:44:54.324 10425 10459 D UE4     : [2018.12.09-13.44.54:324][110]LogBlueprintUserMessages: [GoogleVRPawn_326] StaticMesh
12-09 11:44:54.339 10425 10459 D UE4     : [2018.12.09-13.44.54:339][111]LogBlueprintUserMessages: [GoogleVRPawn_326] StaticMesh
12-09 11:44:54.355 10425 10459 D UE4     : [2018.12.09-13.44.54:354][112]LogBlueprintUserMessages: [GoogleVRPawn_326] StaticMesh
12-09 11:44:54.374 10425 10459 D UE4     : [2018.12.09-13.44.54:374][113]LogBlueprintUserMessages: [GoogleVRPawn_326] StaticMesh
12-09 11:44:54.390 10425 10459 D UE4     : [2018.12.09-13.44.54:390][114]LogBlueprintUserMessages: [GoogleVRPawn_326] StaticMesh
12-09 11:44:54.406 10425 10459 D UE4     : [2018.12.09-13.44.54:406][115]LogBlueprintUserMessages: [GoogleVRPawn_326] StaticMesh
12-09 11:44:54.423 10425 10459 D UE4     : [2018.12.09-13.44.54:423][116]LogBlueprintUserMessages: [GoogleVRPawn_326] StaticMesh
12-09 11:44:54.426 10425 10425 W Thread-2: type=1400 audit(0.0:27674): avc: denied { read } for name="stat" dev="proc" ino=4026532127 scontext=u:r:untrusted_app_25:s0:c512,c768 tcontext=u:object_r:proc_stat:s0 tclass=file permissive=0
12-09 11:44:54.439 10425 10459 D UE4     : [2018.12.09-13.44.54:439][117]LogBlueprintUserMessages: [GoogleVRPawn_326] StaticMesh
12-09 11:44:54.455 10425 10459 D UE4     : [2018.12.09-13.44.54:455][118]LogBlueprintUserMessages: [GoogleVRPawn_326] StaticMesh
12-09 11:44:54.474 10425 10459 D UE4     : [2018.12.09-13.44.54:474][119]LogBlueprintUserMessages: [GoogleVRPawn_326] StaticMesh
12-09 11:44:54.490 10425 10459 D UE4     : [2018.12.09-13.44.54:490][120]LogBlueprintUserMessages: [GoogleVRPawn_326] StaticMesh
12-09 11:44:54.508 10425 10459 D UE4     : [2018.12.09-13.44.54:508][121]LogBlueprintUserMessages: [GoogleVRPawn_326] StaticMesh
12-09 11:44:54.524 10425 10459 D UE4     : [2018.12.09-13.44.54:524][122]LogBlueprintUserMessages: [GoogleVRPawn_326] StaticMesh
12-09 11:44:54.526 10425 10425 W Thread-2: type=1400 audit(0.0:27675): avc: denied { read } for name="stat" dev="proc" ino=4026532127 scontext=u:r:untrusted_app_25:s0:c512,c768 tcontext=u:object_r:proc_stat:s0 tclass=file permissive=0
12-09 11:44:54.539 10425 10459 D UE4     : [2018.12.09-13.44.54:539][123]LogBlueprintUserMessages: [GoogleVRPawn_326] StaticMesh
12-09 11:44:54.555 10425 10459 D UE4     : [2018.12.09-13.44.54:555][124]LogBlueprintUserMessages: [GoogleVRPawn_326] StaticMesh
12-09 11:44:54.574 10425 10459 D UE4     : [2018.12.09-13.44.54:574][125]LogBlueprintUserMessages: [GoogleVRPawn_326] StaticMesh
12-09 11:44:54.590 10425 10459 D UE4     : [2018.12.09-13.44.54:590][126]LogBlueprintUserMessages: [GoogleVRPawn_326] StaticMesh
12-09 11:44:54.606 10425 10459 D UE4     : [2018.12.09-13.44.54:606][127]LogBlueprintUserMessages: [GoogleVRPawn_326] StaticMesh
12-09 11:44:54.623 10425 10459 D UE4     : [2018.12.09-13.44.54:623][128]LogBlueprintUserMessages: [GoogleVRPawn_326] StaticMesh
12-09 11:44:54.626 10425 10425 W Thread-2: type=1400 audit(0.0:27676): avc: denied { read } for name="stat" dev="proc" ino=4026532127 scontext=u:r:untrusted_app_25:s0:c512,c768 tcontext=u:object_r:proc_stat:s0 tclass=file permissive=0
12-09 11:44:54.641 10425 10459 D UE4     : [2018.12.09-13.44.54:641][129]LogBlueprintUserMessages: [GoogleVRPawn_326] StaticMesh
12-09 11:44:54.655 10425 10459 D UE4     : [2018.12.09-13.44.54:655][130]LogBlueprintUserMessages: [GoogleVRPawn_326] StaticMesh
12-09 11:44:54.674 10425 10459 D UE4     : [2018.12.09-13.44.54:674][131]LogBlueprintUserMessages: [GoogleVRPawn_326] StaticMesh
12-09 11:44:54.691 10425 10459 D UE4     : [2018.12.09-13.44.54:691][132]LogBlueprintUserMessages: [GoogleVRPawn_326] StaticMesh
12-09 11:44:54.708 10425 10459 D UE4     : [2018.12.09-13.44.54:708][133]LogBlueprintUserMessages: [GoogleVRPawn_326] StaticMesh
12-09 11:44:54.724 10425 10459 D UE4     : [2018.12.09-13.44.54:724][134]LogBlueprintUserMessages: [GoogleVRPawn_326] StaticMesh
12-09 11:44:54.726 10425 10425 W Thread-2: type=1400 audit(0.0:27677): avc: denied { read } for name="stat" dev="proc" ino=4026532127 scontext=u:r:untrusted_app_25:s0:c512,c768 tcontext=u:object_r:proc_stat:s0 tclass=file permissive=0
12-09 11:44:54.743 10425 10459 D UE4     : [2018.12.09-13.44.54:743][135]LogBlueprintUserMessages: [GoogleVRPawn_326] StaticMesh
12-09 11:44:54.756 10425 10459 D UE4     : [2018.12.09-13.44.54:756][136]LogBlueprintUserMessages: [GoogleVRPawn_326] StaticMesh
12-09 11:44:54.774 10425 10459 D UE4     : [2018.12.09-13.44.54:774][137]LogBlueprintUserMessages: [GoogleVRPawn_326] StaticMesh
12-09 11:44:54.791 10425 10459 D UE4     : [2018.12.09-13.44.54:791][138]LogBlueprintUserMessages: [GoogleVRPawn_326] StaticMesh
12-09 11:44:54.807 10425 10459 D UE4     : [2018.12.09-13.44.54:807][139]LogBlueprintUserMessages: [GoogleVRPawn_326] StaticMesh
12-09 11:44:54.824 10425 10459 D UE4     : [2018.12.09-13.44.54:824][140]LogBlueprintUserMessages: [GoogleVRPawn_326] StaticMesh
12-09 11:44:54.841 10425 10459 D UE4     : [2018.12.09-13.44.54:841][141]LogBlueprintUserMessages: [GoogleVRPawn_326] StaticMesh
12-09 11:44:54.846 10425 10425 W Thread-2: type=1400 audit(0.0:27678): avc: denied { read } for name="stat" dev="proc" ino=4026532127 scontext=u:r:untrusted_app_25:s0:c512,c768 tcontext=u:object_r:proc_stat:s0 tclass=file permissive=0
12-09 11:44:54.856 10425 10459 D UE4     : [2018.12.09-13.44.54:856][142]LogBlueprintUserMessages: [GoogleVRPawn_326] StaticMesh
12-09 11:44:54.875 10425 10459 D UE4     : [2018.12.09-13.44.54:875][143]LogBlueprintUserMessages: [GoogleVRPawn_326] StaticMesh
12-09 11:44:54.891 10425 10459 D UE4     : [2018.12.09-13.44.54:891][144]LogBlueprintUserMessages: [GoogleVRPawn_326] StaticMesh
12-09 11:44:54.908 10425 10459 D UE4     : [2018.12.09-13.44.54:908][145]LogBlueprintUserMessages: [GoogleVRPawn_326] StaticMesh
12-09 11:44:54.926 10425 10459 D UE4     : [2018.12.09-13.44.54:926][146]LogBlueprintUserMessages: [GoogleVRPawn_326] StaticMesh
12-09 11:44:54.941 10425 10459 D UE4     : [2018.12.09-13.44.54:941][147]LogBlueprintUserMessages: [GoogleVRPawn_326] StaticMesh
12-09 11:44:54.946 10425 10425 W Thread-2: type=1400 audit(0.0:27679): avc: denied { read } for name="stat" dev="proc" ino=4026532127 scontext=u:r:untrusted_app_25:s0:c512,c768 tcontext=u:object_r:proc_stat:s0 tclass=file permissive=0
12-09 11:44:54.957 10425 10459 D UE4     : [2018.12.09-13.44.54:957][148]LogBlueprintUserMessages: [GoogleVRPawn_326] StaticMesh
12-09 11:44:54.974 10425 10459 D UE4     : [2018.12.09-13.44.54:974][149]LogBlueprintUserMessages: [GoogleVRPawn_326] StaticMesh
12-09 11:44:54.991 10425 10459 D UE4     : [2018.12.09-13.44.54:990][150]LogBlueprintUserMessages: [GoogleVRPawn_326] StaticMesh
12-09 11:44:55.007 10425 10459 D UE4     : [2018.12.09-13.44.55:007][151]LogBlueprintUserMessages: [GoogleVRPawn_326] StaticMesh
12-09 11:44:55.023 10425 10459 D UE4     : [2018.12.09-13.44.55:023][152]LogBlueprintUserMessages: [GoogleVRPawn_326] StaticMesh
12-09 11:44:55.040 10425 10459 D UE4     : [2018.12.09-13.44.55:040][153]LogBlueprintUserMessages: [GoogleVRPawn_326] StaticMesh
12-09 11:44:55.041   667  1445 I sensors-hal: batch:159, android.sensor.accelerometer/33, period=20000000, max_latency=0
12-09 11:44:55.044   667  1445 I sensors-hal: batch:168, android.sensor.accelerometer/33, period=20000000, max_latency=0 request completed
12-09 11:44:55.045   667  1445 I sensors-hal: flush:188, android.sensor.accelerometer/33
12-09 11:44:55.046   667  1445 I sensors-hal: flush:194, android.sensor.accelerometer/33 completed
12-09 11:44:55.055 10425 10459 D UE4     : [2018.12.09-13.44.55:055][154]LogBlueprintUserMessages: [GoogleVRPawn_326] StaticMesh
12-09 11:44:55.066 10425 10425 W Thread-2: type=1400 audit(0.0:27680): avc: denied { read } for name="stat" dev="proc" ino=4026532127 scontext=u:r:untrusted_app_25:s0:c512,c768 tcontext=u:object_r:proc_stat:s0 tclass=file permissive=0
12-09 11:44:55.074 10425 10459 D UE4     : [2018.12.09-13.44.55:074][155]LogBlueprintUserMessages: [GoogleVRPawn_326] StaticMesh
12-09 11:44:55.091 10425 10459 D UE4     : [2018.12.09-13.44.55:091][156]LogBlueprintUserMessages: [GoogleVRPawn_326] StaticMesh
12-09 11:44:55.107 10425 10459 D UE4     : [2018.12.09-13.44.55:107][157]LogBlueprintUserMessages: [GoogleVRPawn_326] StaticMesh
12-09 11:44:55.123 10425 10459 D UE4     : [2018.12.09-13.44.55:123][158]LogBlueprintUserMessages: [GoogleVRPawn_326] StaticMesh
12-09 11:44:55.141 10425 10459 D UE4     : [2018.12.09-13.44.55:141][159]LogBlueprintUserMessages: [GoogleVRPawn_326] StaticMesh
12-09 11:44:55.144  2821 11864 I BatteryService: health = 2, mPlugType = 2, mUsbAbnormal = 0
12-09 11:44:55.146  3306  3306 D KeyguardUpdateMonitor: received broadcast android.intent.action.BATTERY_CHANGED
12-09 11:44:55.146  3306  3306 D KeyguardUpdateMonitor: handleBatteryUpdate
12-09 11:44:55.148  2821  4548 V LocSvc_HIDL_Subscription_jni: battery_level_update
12-09 11:44:55.148  2821  4548 V LocSvc_HIDL_Subscription_jni: [battery_level_update][886] [HC] =>> [HS]
12-09 11:44:55.149  2447  2447 V LocSvc_HIDL_IzatSubscription: [batteryLevelUpdate][757] [HS] <<<<= [HC]
12-09 11:44:55.149  2821  4548 V LocSvc_HIDL_Subscription_jni: Exit Result 0
12-09 11:44:55.149  3755  3755 D PowerSaverService: extraBatteryHealth =2, dongle_type=-1
12-09 11:44:55.150  3755  3755 D PowerSaverService: battery_soh = -1
12-09 11:44:55.151  3306  3306 D PowerUI : oldTemp=280, mTemp=290
12-09 11:44:55.152  3306  3306 D PowerUI : findUsbOtg =false,supportReverseCharging =0
12-09 11:44:55.152 10425 10425 D UE4     : Battery: status = 2, rawlevel = 83, scale = 100
12-09 11:44:55.152 10425 10425 D UE4     : nativeBatteryEvent(stat = 2, lvl = 83  temp = 29.00 �C)
12-09 11:44:55.155 23595 23595 D BroadcastReceiver: action = android.intent.action.BATTERY_CHANGED
12-09 11:44:55.158 10425 10459 D UE4     : [2018.12.09-13.44.55:158][160]LogBlueprintUserMessages: [GoogleVRPawn_326] StaticMesh
12-09 11:44:55.166 10425 10425 W Thread-2: type=1400 audit(0.0:27681): avc: denied { read } for name="stat" dev="proc" ino=4026532127 scontext=u:r:untrusted_app_25:s0:c512,c768 tcontext=u:object_r:proc_stat:s0 tclass=file permissive=0
12-09 11:44:55.167  2447  3444 E IzatSvc_PassiveLocListener: Exiting with error onLocationChanged line 152 "1"
12-09 11:44:55.167  2447  3444 V LocSvc_HIDL_IzatProvider: [onLocationChanged][70] [HS] =>>>> [HC]
12-09 11:44:55.168  2821 20876 V LocSvc_HIDL_IzatProvider_jni: [onLocationChanged][151] [HC] <<= [HS]
12-09 11:44:55.169  2821  2899 D LocationManagerService: incoming location: Location[fused -23,609713,-46,682099 hAcc=10011 et=+4d19h3m5s770ms alt=737.9710083007812 vel=0.0 bear=1.515625 vAcc=??? sAcc=??? bAcc=??? {Bundle[{com.qualcomm.location.nlp:ready=true}]}]
12-09 11:44:55.175 10425 10459 D UE4     : [2018.12.09-13.44.55:175][161]LogBlueprintUserMessages: [GoogleVRPawn_326] StaticMesh
12-09 11:44:55.192 10425 10459 D UE4     : [2018.12.09-13.44.55:192][162]LogBlueprintUserMessages: [GoogleVRPawn_326] StaticMesh
12-09 11:44:55.210 10425 10459 D UE4     : [2018.12.09-13.44.55:210][163]LogBlueprintUserMessages: [GoogleVRPawn_326] StaticMesh
12-09 11:44:55.224 10425 10459 D UE4     : [2018.12.09-13.44.55:224][164]LogBlueprintUserMessages: [GoogleVRPawn_326] StaticMesh
12-09 11:44:55.240 10425 10459 D UE4     : [2018.12.09-13.44.55:240][165]LogBlueprintUserMessages: [GoogleVRPawn_326] StaticMesh
12-09 11:44:55.258 10425 10459 D UE4     : [2018.12.09-13.44.55:258][166]LogBlueprintUserMessages: [GoogleVRPawn_326] StaticMesh
12-09 11:44:55.266 10425 10425 W Thread-2: type=1400 audit(0.0:27682): avc: denied { read } for name="stat" dev="proc" ino=4026532127 scontext=u:r:untrusted_app_25:s0:c512,c768 tcontext=u:object_r:proc_stat:s0 tclass=file permissive=0
12-09 11:44:55.276 10425 10459 D UE4     : [2018.12.09-13.44.55:276][167]LogBlueprintUserMessages: [GoogleVRPawn_326] StaticMesh
12-09 11:44:55.290 10425 10459 D UE4     : [2018.12.09-13.44.55:290][168]LogBlueprintUserMessages: [GoogleVRPawn_326] StaticMesh
12-09 11:44:55.308 10425 10459 D UE4     : [2018.12.09-13.44.55:308][169]LogBlueprintUserMessages: [GoogleVRPawn_326] StaticMesh
12-09 11:44:55.323 10425 10459 D UE4     : [2018.12.09-13.44.55:323][170]LogBlueprintUserMessages: [GoogleVRPawn_326] StaticMesh
12-09 11:44:55.341 10425 10459 D UE4     : [2018.12.09-13.44.55:341][171]LogBlueprintUserMessages: [GoogleVRPawn_326] StaticMesh
12-09 11:44:55.357 10425 10459 D UE4     : [2018.12.09-13.44.55:357][172]LogBlueprintUserMessages: [GoogleVRPawn_326] StaticMesh
12-09 11:44:55.375 10425 10459 D UE4     : [2018.12.09-13.44.55:375][173]LogBlueprintUserMessages: [GoogleVRPawn_326] StaticMesh
12-09 11:44:55.376 10425 10425 W Thread-2: type=1400 audit(0.0:27683): avc: denied { read } for name="stat" dev="proc" ino=4026532127 scontext=u:r:untrusted_app_25:s0:c512,c768 tcontext=u:object_r:proc_stat:s0 tclass=file permissive=0
12-09 11:44:55.391 10425 10459 D UE4     : [2018.12.09-13.44.55:391][174]LogBlueprintUserMessages: [GoogleVRPawn_326] StaticMesh
12-09 11:44:55.408 10425 10459 D UE4     : [2018.12.09-13.44.55:408][175]LogBlueprintUserMessages: [GoogleVRPawn_326] StaticMesh
12-09 11:44:55.424 10425 10459 D UE4     : [2018.12.09-13.44.55:424][176]LogBlueprintUserMessages: [GoogleVRPawn_326] StaticMesh
12-09 11:44:55.441 10425 10459 D UE4     : [2018.12.09-13.44.55:441][177]LogBlueprintUserMessages: [GoogleVRPawn_326] StaticMesh
12-09 11:44:55.458 10425 10459 D UE4     : [2018.12.09-13.44.55:458][178]LogBlueprintUserMessages: [GoogleVRPawn_326] StaticMesh
12-09 11:44:55.475 10425 10459 D UE4     : [2018.12.09-13.44.55:475][179]LogBlueprintUserMessages: [GoogleVRPawn_326] StaticMesh
12-09 11:44:55.476 10425 10425 W Thread-2: type=1400 audit(0.0:27684): avc: denied { read } for name="stat" dev="proc" ino=4026532127 scontext=u:r:untrusted_app_25:s0:c512,c768 tcontext=u:object_r:proc_stat:s0 tclass=file permissive=0
12-09 11:44:55.492 10425 10459 D UE4     : [2018.12.09-13.44.55:492][180]LogBlueprintUserMessages: [GoogleVRPawn_326] StaticMesh
12-09 11:44:55.508 10425 10459 D UE4     : [2018.12.09-13.44.55:508][181]LogBlueprintUserMessages: [GoogleVRPawn_326] StaticMesh
12-09 11:44:55.526 10425 10459 D UE4     : [2018.12.09-13.44.55:526][182]LogBlueprintUserMessages: [GoogleVRPawn_326] StaticMesh
12-09 11:44:55.542 10425 10459 D UE4     : [2018.12.09-13.44.55:542][183]LogBlueprintUserMessages: [GoogleVRPawn_326] StaticMesh
12-09 11:44:55.558 10425 10459 D UE4     : [2018.12.09-13.44.55:558][184]LogBlueprintUserMessages: [GoogleVRPawn_326] StaticMesh
12-09 11:44:55.574 10425 10459 D UE4     : [2018.12.09-13.44.55:574][185]LogBlueprintUserMessages: [GoogleVRPawn_326] StaticMesh
12-09 11:44:55.576 10425 10425 W Thread-2: type=1400 audit(0.0:27685): avc: denied { read } for name="stat" dev="proc" ino=4026532127 scontext=u:r:untrusted_app_25:s0:c512,c768 tcontext=u:object_r:proc_stat:s0 tclass=file permissive=0
12-09 11:44:55.592 10425 10459 D UE4     : [2018.12.09-13.44.55:592][186]LogBlueprintUserMessages: [GoogleVRPawn_326] StaticMesh
12-09 11:44:55.593  3306  3686 D NetworkController: onReceive: intent=Intent { act=android.net.wifi.RSSI_CHANGED flg=0x4000010 (has extras) }
12-09 11:44:55.594  3306  3686 D NetworkController.WifiSignalController: Change in state from: connected=true,enabled=true,level=4,inetCondition=1,iconGroup=IconGroup(Wi-Fi Icons),activityIn=true,activityOut=true,rssi=-64,lastModified=12-09 11:44:49,ssid="GIOVANE_2.4",badgeEnum=0,isTransient=false
12-09 11:44:55.594  3306  3686 D NetworkController.WifiSignalController: 	to: connected=true,enabled=true,level=3,inetCondition=1,iconGroup=IconGroup(Wi-Fi Icons),activityIn=true,activityOut=true,rssi=-69,lastModified=12-09 11:44:49,ssid="GIOVANE_2.4",badgeEnum=0,isTransient=false
12-09 11:44:55.603  3306  3306 D MoreNotificationIcon: implementMoreNotificationIcon(false)
12-09 11:44:55.603  3306  3306 D StatusBar: com.asus.powersaver checkMoreIconColorize: !isPreL: true isGrayscale: true
12-09 11:44:55.603  3306  3306 D StatusBar:  checkMoreIconColorize: !isPreL: true isGrayscale: true
12-09 11:44:55.607 14167 14217 I CarrierServices: [7473] bxd.a: FiST: Wifi connectivity status true
12-09 11:44:55.608 14167 14339 I CarrierServices: [7493] bei.handleMessage: RCS is disabled, skipping config update request
12-09 11:44:55.608 14167 14217 I CarrierServices: [7473] bxi.d: Connected state: [1], networkType: [WIFI]
12-09 11:44:55.608 10425 10459 D UE4     : [2018.12.09-13.44.55:608][187]LogBlueprintUserMessages: [GoogleVRPawn_326] StaticMesh
12-09 11:44:55.613 14167 14383 I CarrierServices: [7499] dax.a: CarrierServices.apk is not sim call manager. Not enabling MMTel.
12-09 11:44:55.613 14167 14383 I CarrierServices: [7499] bda.run: (MMTel): : Ignoring Network Change based on IMS preferences
12-09 11:44:55.625 10425 10459 D UE4     : [2018.12.09-13.44.55:625][188]LogBlueprintUserMessages: [GoogleVRPawn_326] StaticMesh
12-09 11:44:55.641 10425 10459 D UE4     : [2018.12.09-13.44.55:641][189]LogBlueprintUserMessages: [GoogleVRPawn_326] StaticMesh
12-09 11:44:55.658 10425 10459 D UE4     : [2018.12.09-13.44.55:657][190]LogBlueprintUserMessages: [GoogleVRPawn_326] StaticMesh
12-09 11:44:55.675 10425 10459 D UE4     : [2018.12.09-13.44.55:675][191]LogBlueprintUserMessages: [GoogleVRPawn_326] StaticMesh
12-09 11:44:55.676 10425 10425 W Thread-2: type=1400 audit(0.0:27686): avc: denied { read } for name="stat" dev="proc" ino=4026532127 scontext=u:r:untrusted_app_25:s0:c512,c768 tcontext=u:object_r:proc_stat:s0 tclass=file permissive=0
12-09 11:44:55.694 10425 10459 D UE4     : [2018.12.09-13.44.55:694][192]LogBlueprintUserMessages: [GoogleVRPawn_326] StaticMesh
12-09 11:44:55.708 10425 10459 D UE4     : [2018.12.09-13.44.55:708][193]LogBlueprintUserMessages: [GoogleVRPawn_326] StaticMesh
12-09 11:44:55.726 10425 10459 D UE4     : [2018.12.09-13.44.55:726][194]LogBlueprintUserMessages: [GoogleVRPawn_326] StaticMesh
12-09 11:44:55.744 10425 10459 D UE4     : [2018.12.09-13.44.55:744][195]LogBlueprintUserMessages: [GoogleVRPawn_326] StaticMesh
12-09 11:44:55.759 10425 10459 D UE4     : [2018.12.09-13.44.55:759][196]LogBlueprintUserMessages: [GoogleVRPawn_326] StaticMesh
12-09 11:44:55.796 10425 10425 W Thread-2: type=1400 audit(0.0:27687): avc: denied { read } for name="stat" dev="proc" ino=4026532127 scontext=u:r:untrusted_app_25:s0:c512,c768 tcontext=u:object_r:proc_stat:s0 tclass=file permissive=0
12-09 11:44:55.916 10425 10425 I chatty  : uid=10195(u0_a195) com.YourCompany.SkyVision identical 1 line
12-09 11:44:56.026 10425 10425 W Thread-2: type=1400 audit(0.0:27689): avc: denied { read } for name="stat" dev="proc" ino=4026532127 scontext=u:r:untrusted_app_25:s0:c512,c768 tcontext=u:object_r:proc_stat:s0 tclass=file permissive=0
12-09 11:44:56.109 10425 10459 D UE4     : [2018.12.09-13.44.56:109][217]LogBlueprintUserMessages: [GoogleVRPawn_326] StaticMesh
12-09 11:44:56.126 10425 10459 D UE4     : [2018.12.09-13.44.56:126][218]LogBlueprintUserMessages: [GoogleVRPawn_326] StaticMesh
12-09 11:44:56.142 10425 10459 D UE4     : [2018.12.09-13.44.56:142][219]LogBlueprintUserMessages: [GoogleVRPawn_326] StaticMesh
12-09 11:44:56.146 10425 10425 W Thread-2: type=1400 audit(0.0:27690): avc: denied { read } for name="stat" dev="proc" ino=4026532127 scontext=u:r:untrusted_app_25:s0:c512,c768 tcontext=u:object_r:proc_stat:s0 tclass=file permissive=0
12-09 11:44:56.160 10425 10459 D UE4     : [2018.12.09-13.44.56:160][220]LogBlueprintUserMessages: [GoogleVRPawn_326] StaticMesh
12-09 11:44:56.176 10425 10459 D UE4     : [2018.12.09-13.44.56:176][221]LogBlueprintUserMessages: [GoogleVRPawn_326] StaticMesh
12-09 11:44:56.192 10425 10459 D UE4     : [2018.12.09-13.44.56:192][222]LogBlueprintUserMessages: [GoogleVRPawn_326] StaticMesh
12-09 11:44:56.210 10425 10459 D UE4     : [2018.12.09-13.44.56:210][223]LogBlueprintUserMessages: [GoogleVRPawn_326] StaticMesh
12-09 11:44:56.226 10425 10459 D UE4     : [2018.12.09-13.44.56:226][224]LogBlueprintUserMessages: [GoogleVRPawn_326] StaticMesh
12-09 11:44:56.243 10425 10459 D UE4     : [2018.12.09-13.44.56:243][225]LogBlueprintUserMessages: [GoogleVRPawn_326] StaticMesh
12-09 11:44:56.246 10425 10425 W Thread-2: type=1400 audit(0.0:27691): avc: denied { read } for name="stat" dev="proc" ino=4026532127 scontext=u:r:untrusted_app_25:s0:c512,c768 tcontext=u:object_r:proc_stat:s0 tclass=file permissive=0
12-09 11:44:56.260 10425 10459 D UE4     : [2018.12.09-13.44.56:260][226]LogBlueprintUserMessages: [GoogleVRPawn_326] StaticMesh
12-09 11:44:56.277 10425 10459 D UE4     : [2018.12.09-13.44.56:277][227]LogBlueprintUserMessages: [GoogleVRPawn_326] StaticMesh
12-09 11:44:56.294 10425 10459 D UE4     : [2018.12.09-13.44.56:294][228]LogBlueprintUserMessages: [GoogleVRPawn_326] StaticMesh
12-09 11:44:56.311 10425 10459 D UE4     : [2018.12.09-13.44.56:311][229]LogBlueprintUserMessages: [GoogleVRPawn_326] StaticMesh
12-09 11:44:56.326 10425 10459 D UE4     : [2018.12.09-13.44.56:326][230]LogBlueprintUserMessages: [GoogleVRPawn_326] StaticMesh
12-09 11:44:56.343 10425 10459 D UE4     : [2018.12.09-13.44.56:343][231]LogBlueprintUserMessages: [GoogleVRPawn_326] StaticMesh
12-09 11:44:56.360 10425 10459 D UE4     : [2018.12.09-13.44.56:360][232]LogBlueprintUserMessages: [GoogleVRPawn_326] StaticMesh
12-09 11:44:56.366 10425 10425 W Thread-2: type=1400 audit(0.0:27692): avc: denied { read } for name="stat" dev="proc" ino=4026532127 scontext=u:r:untrusted_app_25:s0:c512,c768 tcontext=u:object_r:proc_stat:s0 tclass=file permissive=0
12-09 11:44:56.377 10425 10459 D UE4     : [2018.12.09-13.44.56:377][233]LogBlueprintUserMessages: [GoogleVRPawn_326] StaticMesh
