12-08 19:07:16.147  3306  3306 D Recents : setIsRecentLaunching false
12-08 19:07:16.147  2821  3133 I WindowManager: Screen frozen for +490ms due to Window{7e785c8 u0 com.android.systemui.ImageWallpaper}
12-08 19:07:16.152   695   695 D SurfaceFlinger: duplicate layer name: changing BlackSurface to BlackSurface#1
12-08 19:07:16.154   662  1014 D SDM     : DisplayBase::BuildLayerStackStats: LayerStack layer_count: 6, app_layer_count: 5, gpu_target_index: 5, display type: 0
12-08 19:07:16.157  3306  3306 D StatusBar: mTopActivityClassName:com.android.systemui.recents.RecentsActivity
12-08 19:07:16.157  3306  3306 D MoreNotificationIcon: implementMoreNotificationIcon(false)
12-08 19:07:16.157  3306  3306 D StatusBar: android checkMoreIconColorize: !isPreL: true isGrayscale: true
12-08 19:07:16.171   662  1014 D SDM     : DisplayBase::BuildLayerStackStats: LayerStack layer_count: 4, app_layer_count: 3, gpu_target_index: 3, display type: 0
12-08 19:07:16.185   695   695 D SurfaceFlinger: Backpressure trigger, skipping transaction & refresh!
12-08 19:07:16.191 15410 15600 D UE4     : *** JavaEnvDestructor: 15600
12-08 19:07:16.203   662  1014 D SDM     : DisplayBase::BuildLayerStackStats: LayerStack layer_count: 8, app_layer_count: 7, gpu_target_index: 7, display type: 0
12-08 19:07:16.220   662  1014 D SDM     : DisplayBase::BuildLayerStackStats: LayerStack layer_count: 10, app_layer_count: 9, gpu_target_index: 9, display type: 0
12-08 19:07:16.286   662  1014 I chatty  : uid=1000(system) HwBinder:662_1 identical 4 lines
12-08 19:07:16.303   662  1014 D SDM     : DisplayBase::BuildLayerStackStats: LayerStack layer_count: 10, app_layer_count: 9, gpu_target_index: 9, display type: 0
12-08 19:07:16.306 15410 15448 D UE4     : Unregistering volume receiver
12-08 19:07:16.307 15410 15448 D UE4     : Unregistering battery receiver
12-08 19:07:16.307 15410 15448 D UE4     : Unregistering headset receiver
12-08 19:07:16.314 15410 15572 D UE4     : *** JavaEnvDestructor: 15572
12-08 19:07:16.315 15410 15571 D UE4     : AndroidEGL::ResetDisplay()
12-08 19:07:16.317 15410 15571 D UE4     : *** JavaEnvDestructor: 15571
12-08 19:07:16.318 15410 15448 D UE4     : [2018.12.08-21.07.16:318][485]LogTemp: Android pause audio
12-08 19:07:16.319   662  1014 D SDM     : DisplayBase::BuildLayerStackStats: LayerStack layer_count: 10, app_layer_count: 9, gpu_target_index: 9, display type: 0
12-08 19:07:16.321 15410 15448 D UE4     : Execution has been paused...
12-08 19:07:16.321 15410 15449 D UE4     : LogAndroidEvents: EnqueueAppEvent : 10, 0, tid = 15449
12-08 19:07:16.321 15410 15449 D UE4     : LogAndroidEvents: EnqueueAppEvent : 12, 0, tid = 15449
12-08 19:07:16.324 15410 15449 D UE4     : Case APP_CMD_TERM_WINDOW, tid = 15449
12-08 19:07:16.324 15410 15449 D UE4     : AndroidEGL::DestroyWindow()
12-08 19:07:16.324 15410 15449 D UE4     : AndroidEGL::UnBind()
12-08 19:07:16.324 15410 15449 D UE4     : AndroidEGL::ResetDisplay()
12-08 19:07:16.324 15410 15449 D UE4     : AndroidEGL::DestroySurface()
12-08 19:07:16.325 15410 15449 D UE4     : LogAndroidEvents: EnqueueAppEvent : 3, 0, tid = 15449
12-08 19:07:16.336   662  1014 D SDM     : DisplayBase::BuildLayerStackStats: LayerStack layer_count: 10, app_layer_count: 9, gpu_target_index: 9, display type: 0
12-08 19:07:16.353   662  1014 D SDM     : DisplayBase::BuildLayerStackStats: LayerStack layer_count: 6, app_layer_count: 5, gpu_target_index: 5, display type: 0
12-08 19:07:16.370   662  1014 D SDM     : DisplayBase::BuildLayerStackStats: LayerStack layer_count: 6, app_layer_count: 5, gpu_target_index: 5, display type: 0
12-08 19:07:16.388   662  1014 D SDM     : DisplayBase::BuildLayerStackStats: LayerStack layer_count: 5, app_layer_count: 4, gpu_target_index: 4, display type: 0
12-08 19:07:16.390  3306  3306 D MoreNotificationIcon: implementMoreNotificationIcon(false)
12-08 19:07:16.390  3306  3306 D StatusBar: android checkMoreIconColorize: !isPreL: true isGrayscale: true
12-08 19:07:16.391  2421  2461 D         : DpmQmiMgr areAllIfaceActive 
12-08 19:07:16.403   662  1014 D SDM     : DisplayBase::BuildLayerStackStats: LayerStack layer_count: 5, app_layer_count: 4, gpu_target_index: 4, display type: 0
12-08 19:07:16.446 15410 15410 W Thread-2: type=1400 audit(0.0:11726): avc: denied { read } for name="stat" dev="proc" ino=4026532127 scontext=u:r:untrusted_app_25:s0:c512,c768 tcontext=u:object_r:proc_stat:s0 tclass=file permissive=0
12-08 19:07:16.454 15410 15448 D UE4     : LogAndroidEvents: Display: DequeueAppEvent : 10, 0
12-08 19:07:16.454 15410 15448 D UE4     : 
12-08 19:07:16.455 15410 15448 D UE4     : [2018.12.08-21.07.16:455][485]LogAndroid: Case APP_CMD_LOST_FOCUS
12-08 19:07:16.455 15410 15448 D UE4     : [2018.12.08-21.07.16:455][485]LogAndroid: Case APP_CMD_SAVE_STATE
12-08 19:07:16.455 15410 15448 D UE4     : [2018.12.08-21.07.16:455][485]LogAndroid: Case APP_CMD_TERM_WINDOW
12-08 19:07:16.455 15410 15448 D UE4     : [2018.12.08-21.07.16:455][485]LogAndroidEvents: Display: DequeueAppEvent : 10, 0
12-08 19:07:16.455 15410 15448 D UE4     : LogAndroidEvents: Display: DequeueAppEvent : 12, 0
12-08 19:07:16.455 15410 15448 D UE4     : 
12-08 19:07:16.455 15410 15448 D UE4     : [2018.12.08-21.07.16:455][485]LogAndroidEvents: Display: DequeueAppEvent : 12, 0
12-08 19:07:16.455 15410 15448 D UE4     : LogAndroidEvents: Display: DequeueAppEvent : 3, 0
12-08 19:07:16.455 15410 15448 D UE4     : 
12-08 19:07:16.455 15410 15448 D UE4     : [2018.12.08-21.07.16:455][485]LogAndroidEvents: Display: DequeueAppEvent : 3, 0
12-08 19:07:16.455 15410 15448 D UE4     : APP_EVENT_STATE_WINDOW_DESTROYED, 0, 0, 0
12-08 19:07:16.456 15410 15449 D UE4     : LogAndroidEvents: EnqueueAppEvent : 8, 0, tid = 15449
12-08 19:07:16.457 15410 15410 D UE4     : ==============> GameActive.onStop complete!
12-08 19:07:16.460 15410 15410 I Choreographer: Skipped 40 frames!  The application may be doing too much work on its main thread.
12-08 19:07:16.466  3306  3306 D MoreNotificationIcon: implementMoreNotificationIcon(false)
12-08 19:07:16.466  3306  3306 D StatusBar: android checkMoreIconColorize: !isPreL: true isGrayscale: true
12-08 19:07:16.468 15410 15410 D UE4     : === Restoring Transparent Bars due to Visibility Change ===
12-08 19:07:16.471 15410 15410 D UE4     : === Restoring Transparent Bars ===
12-08 19:07:16.492  3306  3306 D MoreNotificationIcon: implementMoreNotificationIcon(false)
12-08 19:07:16.492  3306  3306 D StatusBar: android checkMoreIconColorize: !isPreL: true isGrayscale: true
12-08 19:07:16.536   662  1014 D SDM     : DisplayBase::BuildLayerStackStats: LayerStack layer_count: 5, app_layer_count: 4, gpu_target_index: 4, display type: 0
12-08 19:07:16.566 15410 15410 W Thread-2: type=1400 audit(0.0:11727): avc: denied { read } for name="stat" dev="proc" ino=4026532127 scontext=u:r:untrusted_app_25:s0:c512,c768 tcontext=u:object_r:proc_stat:s0 tclass=file permissive=0
12-08 19:07:16.578 15410 15448 D UE4     : LogAndroidEvents: Display: DequeueAppEvent : 8, 0
12-08 19:07:16.578 15410 15448 D UE4     : 
12-08 19:07:16.578 15410 15448 D UE4     : [2018.12.08-21.07.16:578][485]LogAndroid: Case APP_CMD_STOP
12-08 19:07:16.578 15410 15448 D UE4     : [2018.12.08-21.07.16:578][485]LogAndroidEvents: Display: DequeueAppEvent : 8, 0
12-08 19:07:16.598  3306  3306 D Recents : Trigger AppWindowChangeCallback, isRecentLaunching: false
12-08 19:07:16.619   662  1014 D SDM     : DisplayBase::BuildLayerStackStats: LayerStack layer_count: 5, app_layer_count: 4, gpu_target_index: 4, display type: 0
12-08 19:07:16.676   680   775 E ANDR-PERF-REQUEST: Failed to set timer
12-08 19:07:16.703   662  1014 D SDM     : DisplayBase::BuildLayerStackStats: LayerStack layer_count: 5, app_layer_count: 4, gpu_target_index: 4, display type: 0
12-08 19:07:16.706 15410 15410 W Thread-2: type=1400 audit(0.0:11728): avc: denied { read } for name="stat" dev="proc" ino=4026532127 scontext=u:r:untrusted_app_25:s0:c512,c768 tcontext=u:object_r:proc_stat:s0 tclass=file permissive=0
12-08 19:07:16.816 15410 15410 I chatty  : uid=10193(u0_a193) com.YourCompany.SkyVision identical 1 line
12-08 19:07:16.936 15410 15410 W Thread-2: type=1400 audit(0.0:11730): avc: denied { read } for name="stat" dev="proc" ino=4026532127 scontext=u:r:untrusted_app_25:s0:c512,c768 tcontext=u:object_r:proc_stat:s0 tclass=file permissive=0
12-08 19:07:16.959  3306  3306 D NavigationBarView: onInterceptTouchEvent name: 0 x = 597 y = 123
12-08 19:07:16.961  2821 27710 D Telecom : TelecomServiceImpl: isRinging callingPackage = com.android.systemui
12-08 19:07:16.961  2821 27710 D Telecom : TelecomServiceImpl: canReadPhoneState callingPackage = com.android.systemui: TSI.iR@QNc
12-08 19:07:16.961  2821 27710 D Telecom : TelecomServiceImpl: isPrivilegedDialerCalling = com.android.systemui: TSI.iR@QNc
12-08 19:07:16.962  3306  3306 D KeyButtonView: ACTION_DOWN mCode: 3
12-08 19:07:16.965  2821  3155 I WindowManager: beforeDispatching keycode is KEYCODE_HOME
12-08 19:07:16.988   662  1014 D SDM     : DisplayBase::BuildLayerStackStats: LayerStack layer_count: 5, app_layer_count: 4, gpu_target_index: 4, display type: 0
12-08 19:07:16.990  3306  3655 D SystemServicesProxy: RemoveTask 4268, count:-8
12-08 19:07:17.001 15410 15449 D UE4     : LogAndroidEvents: EnqueueAppEvent : 5, 0, tid = 15449
12-08 19:07:17.008  2821  4369 I ActivityManager: Killing 15410:com.YourCompany.SkyVision/u0a193 (adj 900): remove task
12-08 19:07:17.013  3306  3306 D MoreNotificationIcon: implementMoreNotificationIcon(false)
12-08 19:07:17.013  3306  3306 D StatusBar: android checkMoreIconColorize: !isPreL: true isGrayscale: true
12-08 19:07:17.059  3306  3306 D NavigationBarView: onInterceptTouchEvent name: 1 x = 597 y = 123
12-08 19:07:17.059  3306  3306 D KeyButtonView: ACTION_UP mCode: 3
12-08 19:07:17.061  2821  3155 I WindowManager: beforeDispatching keycode is KEYCODE_HOME
12-08 19:07:17.063  2821  3155 D Telecom : TelecomServiceImpl: isRinging callingPackage = android
12-08 19:07:17.063  2821  3155 D Telecom : TelecomServiceImpl: canReadPhoneState callingPackage = android: TSI.iR@QNk
12-08 19:07:17.063  2821  3155 D Telecom : TelecomServiceImpl: isPrivilegedDialerCalling = android: TSI.iR@QNk
12-08 19:07:17.259  2821  3155 W InputDispatcher: channel 'c44995b com.YourCompany.SkyVision/com.epicgames.ue4.GameActivity (server)' ~ Consumer closed input channel or an error occurred.  events=0x9
12-08 19:07:17.260  2821  3155 E InputDispatcher: channel 'c44995b com.YourCompany.SkyVision/com.epicgames.ue4.GameActivity (server)' ~ Channel is unrecoverably broken and will be disposed!
12-08 19:07:17.263  2821  4251 I WindowManager: WIN DEATH: Window{c44995b u0 com.YourCompany.SkyVision/com.epicgames.ue4.GameActivity}
12-08 19:07:17.263  2821 12295 W ActivityManager: App Op not allow to restart app com.YourCompany.SkyVision/10193
12-08 19:07:17.263  2821  4251 W InputDispatcher: Attempted to unregister already unregistered input channel 'c44995b com.YourCompany.SkyVision/com.epicgames.ue4.GameActivity (server)'
12-08 19:07:17.265   667   667 I sensors-hal: activate:126, android.sensor.gyroscope_uncalibrated/2 en=0
12-08 19:07:17.268   667   667 I sensors-hal: activate:137, android.sensor.gyroscope_uncalibrated/2 en=0 completed
12-08 19:07:17.269   667  1445 I sensors-hal: batch:159, android.sensor.accelerometer/34, period=200000000, max_latency=0
12-08 19:07:17.272   667  1445 I sensors-hal: batch:168, android.sensor.accelerometer/34, period=200000000, max_latency=0 request completed
12-08 19:07:17.286  2821  2961 W ActivityManager: setHasOverlayUi called on unknown pid: 15410
12-08 19:07:17.289  3306  3306 D Recents : setIsRecentLaunching false
12-08 19:07:17.295  3306  3306 D MoreNotificationIcon: implementMoreNotificationIcon(false)
12-08 19:07:17.295  3306  3306 D StatusBar: android checkMoreIconColorize: !isPreL: true isGrayscale: true
12-08 19:07:17.322  3306  3306 D Recents : setIsRecentLaunching false
12-08 19:07:17.356  3306  3306 I chatty  : uid=10018(u0_a18) com.android.systemui identical 1 line
12-08 19:07:17.388  3306  3306 D Recents : setIsRecentLaunching false
12-08 19:07:17.391  3306  3306 D RecentsActivity: Dismiss Recents to launch home
12-08 19:07:17.395  2821  4369 I ActivityManager: START u0 {act=android.intent.action.MAIN cat=[android.intent.category.HOME] flg=0x10200000 cmp=com.asus.launcher/com.android.launcher3.Launcher} from uid 10018
12-08 19:07:17.407  2821  4369 D ActivityTrigger: activityResumeTrigger: The activity in ApplicationInfo{43e8ca6 com.asus.launcher} is now in focus and seems to be in full-screen mode
12-08 19:07:17.407  2821  4369 E ActivityTrigger: activityResumeTrigger: not whiteListedcom.asus.launcher/com.android.launcher3.Launcher/1550001310
12-08 19:07:17.407  2821  4369 D ActivityTrigger: ActivityTrigger activityPauseTrigger 
12-08 19:07:17.409  2821  4369 D CompatibilityInfo: mCompatibilityFlags - 0
12-08 19:07:17.409  2821  4369 D CompatibilityInfo: applicationDensity - 480
12-08 19:07:17.409  2821  4369 D CompatibilityInfo: applicationScale - 1.0
12-08 19:07:17.409  2821  4369 D ActivityTrigger: activityResumeTrigger: The activity in ApplicationInfo{43e8ca6 com.asus.launcher} is now in focus and seems to be in full-screen mode
12-08 19:07:17.409  2821  4369 E ActivityTrigger: activityResumeTrigger: not whiteListedcom.asus.launcher/com.android.launcher3.Launcher/1550001310
12-08 19:07:17.414  2821 12295 D ActivityTrigger: activityResumeTrigger: The activity in ApplicationInfo{43e8ca6 com.asus.launcher} is now in focus and seems to be in full-screen mode
12-08 19:07:17.414  2821 12295 E ActivityTrigger: activityResumeTrigger: not whiteListedcom.asus.launcher/com.android.launcher3.Launcher/1550001310
12-08 19:07:17.416  2821 12295 I InputDispatcher: Window 'Window{5bdebd0 u0 com.android.systemui/com.android.systemui.recents.RecentsActivity}' spent 6.5ms processing input events on average(0/25). Monitor spent 0.8ms processing input events on average(0/13). Window input events down spent 3.4ms on average (0/4). Window input events up spent 2.7ms on average (0/3). Monitor input events down spent 2.0ms on average (0/2). Monitor input events up spent 1.1ms on average (0/2).
12-08 19:07:17.422   662  1014 D SDM     : DisplayBase::BuildLayerStackStats: LayerStack layer_count: 5, app_layer_count: 4, gpu_target_index: 4, display type: 0
12-08 19:07:17.439   662  1014 D SDM     : DisplayBase::BuildLayerStackStats: LayerStack layer_count: 5, app_layer_count: 4, gpu_target_index: 4, display type: 0
12-08 19:07:17.446  2821 12295 D WindowManager: adjustConfigurationLw, config:{0 1.0 724mcc10mnc [pt_BR] ldltr sw360dp w360dp h675dp 480dpi nrml long hdr port finger -keyb/v/h -nav/v appBounds=Rect(0, 0 - 1080, 2114) s.35} mLidState:-1 mHasDockFeature:false mHasKeyboardFeature:false mHasHallSensorFeature:false config.hardKeyboardHidden:2
12-08 19:07:17.447  2821 12295 D ActivityManager: [MemInfo] Before resuming ActivityRecord{b1b6fe8 u0 com.asus.launcher/com.android.launcher3.Launcher t4108}. System free memory=2463477760
12-08 19:07:17.448  4312  4312 V Launcher: [onNewIntent] called
12-08 19:07:17.448  4312  4312 I Launcher: Time spent in onNewIntent: 0ms
12-08 19:07:17.459  3306  3306 D StatusBar: mTopActivityClassName:com.android.launcher3.Launcher
12-08 19:07:17.459  3306  3306 D MoreNotificationIcon: implementMoreNotificationIcon(false)
12-08 19:07:17.459  3306  3306 D StatusBar: android checkMoreIconColorize: !isPreL: true isGrayscale: true
12-08 19:07:17.465  3755  4338 W ContextImpl: Calling a method in the system process without a qualified user: android.app.ContextImpl.bindService:1540 android.content.ContextWrapper.bindService:689 com.google.android.gms.common.stats.b.a:15 com.google.android.gms.common.stats.b.a:13 com.google.android.gms.ads.identifier.AdvertisingIdClient.a:60 
12-08 19:07:17.467  3755  3785 D OpenedTimeAppInfoProvider: Update DB : number of affected records : 1
12-08 19:07:17.467  2821  4251 D CompatibilityInfo: mCompatibilityFlags - 0
12-08 19:07:17.467  2821  4251 D CompatibilityInfo: applicationDensity - 480
12-08 19:07:17.468  2821  4251 D CompatibilityInfo: applicationScale - 1.0
12-08 19:07:17.472  4312  4312 I NotificationListener: rebindListener: sIsConnected = false
12-08 19:07:17.482  2821 27192 D CompatibilityInfo: mCompatibilityFlags - 0
12-08 19:07:17.482  2821 27192 D CompatibilityInfo: applicationDensity - 480
12-08 19:07:17.482  2821 27192 D CompatibilityInfo: applicationScale - 1.0
12-08 19:07:17.487  3755  3785 I AppOpsStatusUpdateHandler: pkgName = com.asus.launcher
12-08 19:07:17.488  3755  3785 I AppOpsStatusUpdateHandler: taskId = 4108
12-08 19:07:17.488  3755  3785 D CNAppLockHandler: CNAppLockHandler handleAppFocus
12-08 19:07:17.493  2821  4453 D CompatibilityInfo: mCompatibilityFlags - 0
12-08 19:07:17.493  2821  4453 D CompatibilityInfo: applicationDensity - 480
12-08 19:07:17.493  2821  4453 D CompatibilityInfo: applicationScale - 1.0
12-08 19:07:17.494  3306  3306 D NavigationBarView: resetFloatingToolState
12-08 19:07:17.495  3306  3306 D NavigationBarView: resetFloatingToolState
12-08 19:07:17.495  3755  3755 D TaskWatcherService: pkgName: com.asus.launcher taskId: 4108
12-08 19:07:17.495  3755  3755 W ContextImpl: Calling a method in the system process without a qualified user: android.app.ContextImpl.startService:1460 android.content.ContextWrapper.startService:655 com.asus.powersaver.TaskWatcherService$IncomingHandler.handleMessage:96 android.os.Handler.dispatchMessage:105 android.os.Looper.loop:169 
12-08 19:07:17.498  4312  4312 V Launcher: [onResume] called
12-08 19:07:17.499  4312  4413 D Launcher_badge: LauncherProvider query badge db - launcher-loader-phone : com.asus.launcher
12-08 19:07:17.500  4312  4312 I Launcher: hideAppsCustomizeHelper: return for no state changed
12-08 19:07:17.500  3755  3755 W ContextImpl: Calling a method in the system process without a qualified user: android.app.ContextImpl.sendBroadcast:950 android.content.ContextWrapper.sendBroadcast:442 com.asus.powersaver.TaskWatcherService$IncomingHandler.handleMessage:111 android.os.Handler.dispatchMessage:105 android.os.Looper.loop:169 
12-08 19:07:17.509  3306  3306 D MoreNotificationIcon: implementMoreNotificationIcon(false)
12-08 19:07:17.509  3306  3306 D StatusBar: android checkMoreIconColorize: !isPreL: true isGrayscale: true
12-08 19:07:17.512  3755  3755 D PowerSaverService: onStartCommand PowerSaverService:
12-08 19:07:17.513  3755  3755 D PowerSaverService: onStartCommand  action:null
12-08 19:07:17.513  4312  4312 I Launcher: Time spent in onResume: 15ms
12-08 19:07:17.513  3755  3755 D PowerSaverService: current package:com.asus.launcher, activity:com.android.launcher3.Launcher, SMode:0, PMode:2
12-08 19:07:17.515  4312  4472 D GmailContractLoader: onAccountsUpdated: 0
12-08 19:07:17.517  4312  4472 D GmailContractLoader: Is Gmail install? true
12-08 19:07:17.518   695   695 D SurfaceFlinger: duplicate layer name: changing com.asus.launcher/com.android.launcher3.Launcher to com.asus.launcher/com.android.launcher3.Launcher#1
12-08 19:07:17.518  4312  4472 D GmailContractLoader: updateGmailBadgeCount 0
12-08 19:07:17.518  4312  4472 I Launcher_badge: Badge DB update: com.google.android.gm|com.google.android.gm.ConversationListActivityGmail|0|0|null|null
12-08 19:07:17.519  4312  4472 D Launcher_badge: LauncherProvider update badge db - badge-receiver-thread : com.asus.launcher
12-08 19:07:17.522   662  1014 D SDM     : DisplayBase::BuildLayerStackStats: LayerStack layer_count: 5, app_layer_count: 4, gpu_target_index: 4, display type: 0
12-08 19:07:17.527  3306  3306 D StatusBar: Status bar setSystemUiVisibility sbMode: -1
12-08 19:07:17.527  3306  3306 D GestureNavigationUtility: sIsNavigationBarHidden:false, sIsImmersive:false, sIsImmersiveByUser:false
12-08 19:07:17.527  3306  3306 D NavigationBar: Navigation bar setSystemUiVisibility nbMode: -1
12-08 19:07:17.528  3306  3306 D NavigationBarView: ImmersiveModeByUser: false
12-08 19:07:17.532  4781  4851 W SearchServiceCore: Abort, client detached.
12-08 19:07:17.534  4781  4851 W SessionLifecycleManager: Handover failed. Creating new session controller.
12-08 19:07:17.537  4312  4312 D LauncherLog: ratio: 0.796875
12-08 19:07:17.538  4312  4312 D NotificationListener: start NotificationListener
12-08 19:07:17.538  4312  4312 D NotificationListener: onBind
12-08 19:07:17.539   662  1014 D SDM     : DisplayBase::BuildLayerStackStats: LayerStack layer_count: 5, app_layer_count: 4, gpu_target_index: 4, display type: 0
12-08 19:07:17.541  4312  4413 I TelephonyLoader: No SMS permission
12-08 19:07:17.541  4312  4413 D Launcher_badge: [registerMmsSmsObserver]
12-08 19:07:17.542  4312  4413 D Launcher_badge: LauncherProvider query badge db - launcher-loader-phone : com.asus.launcher
12-08 19:07:17.542  3306  3306 D MoreNotificationIcon: implementMoreNotificationIcon(false)
12-08 19:07:17.542  3306  3306 D StatusBar: android checkMoreIconColorize: !isPreL: true isGrayscale: true
12-08 19:07:17.544  4312  4312 D Launcher: onBadgeDataUpdate: size = 8
12-08 19:07:17.545  4781  4851 W ThreadPoolDumper: Queue length for executor EventBus is now 11. Perhaps some tasks are too long, or the pool is too small.
12-08 19:07:17.550  4312  4312 D Launcher.Utilities: isPhone= true
12-08 19:07:17.560  4312  4312 D Launcher.Utilities: isPhone= true
12-08 19:07:17.565  4781  4851 I StreamController: registerScope: nowcards-15-14f0f7d1-1220
12-08 19:07:17.566  4312  4312 D Launcher.Utilities: isPhone= true
12-08 19:07:17.585  4312  4312 V Launcher: [onWindowFocusChanged]: true, takes: 0ms
12-08 19:07:17.587  3306  3306 D MoreNotificationIcon: implementMoreNotificationIcon(false)
12-08 19:07:17.587  3306  3306 D StatusBar: android checkMoreIconColorize: !isPreL: true isGrayscale: true
12-08 19:07:17.590   662  1014 D SDM     : DisplayBase::BuildLayerStackStats: LayerStack layer_count: 5, app_layer_count: 4, gpu_target_index: 4, display type: 0
12-08 19:07:17.590  3306  3306 D MoreNotificationIcon: implementMoreNotificationIcon(false)
12-08 19:07:17.590  3306  3306 D StatusBar: android checkMoreIconColorize: !isPreL: true isGrayscale: true
12-08 19:07:17.596  4312  4312 D Launcher: onBadgeDataUpdate: size = 0
12-08 19:07:17.596  4312  4312 D Launcher: bindAppsUpdated start, apps size: 1, isUpdateAppsIcon: true
12-08 19:07:17.596  4312  4312 D Launcher: updateFolders start
12-08 19:07:17.597  4312  4312 D Launcher: updateFolders finished: 1ms
12-08 19:07:17.597  4312  4312 D Launcher: bindAppsUpdated finished: 1ms
12-08 19:07:17.597  4312  4312 I NotificationListener: onListenerConnected
12-08 19:07:17.597  4312  4312 I NotificationListener: onNotificationFullRefresh
12-08 19:07:17.601  4781  4851 W TemplatedStringEvaluato: Got templated string with no display string
12-08 19:07:17.602  4781  4851 I ClusterController: Found empty cluster, or no children successfully created.
12-08 19:07:17.606   662  1014 D SDM     : DisplayBase::BuildLayerStackStats: LayerStack layer_count: 4, app_layer_count: 3, gpu_target_index: 3, display type: 0
12-08 19:07:17.612  3306  3306 D MoreNotificationIcon: implementMoreNotificationIcon(false)
12-08 19:07:17.612  3306  3306 D StatusBar: android checkMoreIconColorize: !isPreL: true isGrayscale: true
12-08 19:07:17.614  3306  3306 D MoreNotificationIcon: implementMoreNotificationIcon(false)
12-08 19:07:17.614  3306  3306 D StatusBar: android checkMoreIconColorize: !isPreL: true isGrayscale: true
12-08 19:07:17.622  4312  4312 D Launcher.Utilities: isPhone= true
12-08 19:07:17.623  4312  4312 I chatty  : uid=10016(u0_a16) com.asus.launcher identical 1 line
12-08 19:07:17.624  4312  4312 D Launcher.Utilities: isPhone= true
12-08 19:07:17.624   662  1014 D SDM     : DisplayBase::BuildLayerStackStats: LayerStack layer_count: 5, app_layer_count: 4, gpu_target_index: 4, display type: 0
12-08 19:07:17.626  4781 12493 W LocationOracle: No location history returned by ContextManager
12-08 19:07:17.627  4781  4851 I MicroDetectionState: Keep running hotword in interactor process
12-08 19:07:17.640   662  1014 D SDM     : DisplayBase::BuildLayerStackStats: LayerStack layer_count: 5, app_layer_count: 4, gpu_target_index: 4, display type: 0
12-08 19:07:17.650  2821  2900 D CompatibilityInfo: mCompatibilityFlags - 10
12-08 19:07:17.650  2821  2900 D CompatibilityInfo: applicationDensity - 480
12-08 19:07:17.650  2821  2900 D CompatibilityInfo: applicationScale - 1.0
12-08 19:07:17.656   662  1014 D SDM     : DisplayBase::BuildLayerStackStats: LayerStack layer_count: 5, app_layer_count: 4, gpu_target_index: 4, display type: 0
12-08 19:07:17.664  2821  2821 W JobServiceContext: App Op not allow JobScheduler to start app com.google.android.projection.gearhead/10153
12-08 19:07:17.664  2821  2821 D JobSchedulerService: Error executing JobStatus{e8abfba #u0a153/203167958 com.google.android.projection.gearhead/com.google.android.apps.auto.wireless.scan.WifiChannelScanJobService u=0 s=10153 TIME=-3d6h40m43s256ms:-3d5h40m43s256ms READY}
12-08 19:07:17.664  2821  2821 W JobServiceContext: App Op not allow JobScheduler to start app com.google.android.projection.gearhead/10153
12-08 19:07:17.664  2821  2821 D JobSchedulerService: Error executing JobStatus{39d5df1 #u0a153/790541 com.google.android.projection.gearhead/com.google.android.gearhead.cloud.home.CloudCardJobService u=0 s=10153 TIME=-3d5h32m33s858ms:none NET=3 PERSISTED failures=9 READY}
12-08 19:07:17.666  2821  2821 W JobServiceContext: App Op not allow JobScheduler to start app com.ninegag.android.app/10139
12-08 19:07:17.666  2821  2821 D JobSchedulerService: Error executing JobStatus{eb63aa5 #u0a139/2577 com.ninegag.android.app/com.instabug.chat.network.InstabugMessageUploaderService u=0 s=10139 TIME=none:-46m42s173ms READY}
12-08 19:07:17.666  2821  2821 W JobServiceContext: App Op not allow JobScheduler to start app com.ninegag.android.app/10139
12-08 19:07:17.666  2821  2821 D JobSchedulerService: Error executing JobStatus{3d208cc #u0a139/2579 com.ninegag.android.app/com.instabug.library.network.worker.uploader.InstabugSessionUploaderService u=0 s=10139 TIME=none:-46m42s73ms READY}
12-08 19:07:17.672  2821  2821 D CompatibilityInfo: mCompatibilityFlags - 0
12-08 19:07:17.672  2821  2821 D CompatibilityInfo: applicationDensity - 480
12-08 19:07:17.672  2821  2821 D CompatibilityInfo: applicationScale - 1.0
12-08 19:07:17.672   662  1014 D SDM     : DisplayBase::BuildLayerStackStats: LayerStack layer_count: 5, app_layer_count: 4, gpu_target_index: 4, display type: 0
12-08 19:07:17.675  2821  2900 D ActivityTrigger: ActivityTrigger activityStopTrigger 
12-08 19:07:17.677  3306  3306 D MoreNotificationIcon: implementMoreNotificationIcon(false)
12-08 19:07:17.677  3306  3306 D StatusBar: android checkMoreIconColorize: !isPreL: true isGrayscale: true
12-08 19:07:17.680  3306  3306 D MoreNotificationIcon: implementMoreNotificationIcon(false)
12-08 19:07:17.680  3306  3306 D StatusBar: android checkMoreIconColorize: !isPreL: true isGrayscale: true
12-08 19:07:17.683  3306  3306 D Recents : setIsRecentLaunching false
12-08 19:07:17.698  3948 15239 E ctxmgr  : [ProducerStatusImpl]updateStateForNewContextData: inactive, contextName=7
12-08 19:07:17.701  3306  3306 D MoreNotificationIcon: implementMoreNotificationIcon(false)
12-08 19:07:17.701  3306  3306 D StatusBar: android checkMoreIconColorize: !isPreL: true isGrayscale: true
12-08 19:07:17.702 15364 15785 D NextAppTrainingJobService: insert data - Package:__na__, Previous1:com.asus.launcher, Previous2:com.android.systemui, Previous3:com.YourCompany.SkyVision, Previous4:com.google.android.packageinstaller, Timestamp:1544303237517, p1_ts_diff:71, p2_ts_diff:1801, p3_ts_diff:63692, p4_ts_diff:63887, p1_dur:71, p2_dur:1690, p3_dur:61807, p4_dur:178, Hour:19, DayClass:18~00, Weekday:Saturday, WeekClass:weekend, Timezone:America/Sao_Paulo, UTC:-2, Plugged:1, LastPlugged:3016103, MobileRadioOn:1, LastMobileRadioOn:11472, WifiOn:1, LastWifiOn:95183415, GpsOn:-1, LastGpsOn:58100913, SensorOn:-1, LastSensorOn:59681, WifiScan:-1, LastWifiScan:13886, WifiFullLock:-1, LastWifiFullLock:398728, WifiRunning:1, LastWifiRunning:354294740, WifiMultiCastOn:1, LastWifiMultiCastOn:88711, AudioOn:1, LastAudioOn:88779, CameraOn:-1, LastCameraOn:17326902, VideoOn:-1, LastVideoOn:12348443, LowPowerModeOn:0, LastLowPowerModeOn:86400, FlashlightOn:0, LastFlashlightOn:86400, ChargingOn:1, LastChargingOn:3015644, PhoneInCall:-1, LastPhoneInCall:175688651, PhoneScanning:-1, LastPhoneScanning:278253006, BleScanning:-1, LastBleScanning:285776894, WifiHotspotOn:0, LastWifiHotspotOn:86400, 
12-08 19:07:17.704   667  1445 I sensors-hal: flush:188, android.sensor.accelerometer/33
12-08 19:07:17.708   667  1445 I sensors-hal: flush:194, android.sensor.accelerometer/33 completed
12-08 19:07:17.712  2821  2821 W JobServiceContext: App Op not allow JobScheduler to start app com.google.android.projection.gearhead/10153
12-08 19:07:17.712  2821  2821 D JobSchedulerService: Error executing JobStatus{e8abfba #u0a153/203167958 com.google.android.projection.gearhead/com.google.android.apps.auto.wireless.scan.WifiChannelScanJobService u=0 s=10153 TIME=-3d6h40m43s305ms:-3d5h40m43s305ms READY}
12-08 19:07:17.713  2821  2821 W JobServiceContext: App Op not allow JobScheduler to start app com.google.android.projection.gearhead/10153
12-08 19:07:17.713  2821  2821 D JobSchedulerService: Error executing JobStatus{39d5df1 #u0a153/790541 com.google.android.projection.gearhead/com.google.android.gearhead.cloud.home.CloudCardJobService u=0 s=10153 TIME=-3d5h32m33s906ms:none NET=3 PERSISTED failures=9 READY}
12-08 19:07:17.716  2821  2821 W JobServiceContext: App Op not allow JobScheduler to start app com.ninegag.android.app/10139
12-08 19:07:17.716  2821  2821 D JobSchedulerService: Error executing JobStatus{eb63aa5 #u0a139/2577 com.ninegag.android.app/com.instabug.chat.network.InstabugMessageUploaderService u=0 s=10139 TIME=none:-46m42s223ms READY}
12-08 19:07:17.717  2821  2821 W JobServiceContext: App Op not allow JobScheduler to start app com.ninegag.android.app/10139
12-08 19:07:17.717  2821  2821 D JobSchedulerService: Error executing JobStatus{3d208cc #u0a139/2579 com.ninegag.android.app/com.instabug.library.network.worker.uploader.InstabugSessionUploaderService u=0 s=10139 TIME=none:-46m42s123ms READY}
12-08 19:07:17.720  3306  3306 D NetworkController.WifiSignalController: Change in state from: connected=true,enabled=true,level=3,inetCondition=1,iconGroup=IconGroup(Wi-Fi Icons),activityIn=true,activityOut=true,rssi=-70,lastModified=12-08 07:07:09,ssid="GIOVANE_2.4",badgeEnum=0,isTransient=false
12-08 19:07:17.720  3306  3306 D NetworkController.WifiSignalController: 	to: connected=true,enabled=true,level=3,inetCondition=1,iconGroup=IconGroup(Wi-Fi Icons),activityIn=false,activityOut=false,rssi=-70,lastModified=12-08 07:07:09,ssid="GIOVANE_2.4",badgeEnum=0,isTransient=false
12-08 19:07:17.725  3306 11494 I zygote64: Explicit concurrent copying GC freed 23198(990KB) AllocSpace objects, 0(0B) LOS objects, 49% free, 6MB/13MB, paused 182us total 42.467ms
12-08 19:07:17.730 15364 15785 D NextAppCoreTrainingJobService: [filter predict result] current pkg = com.asus.launcher, predict 1 = com.whatsapp:0.3132721781730652, predict 2 = com.reddit.frontpage:0.18043012917041779, predict 3 = com.facebook.katana:0.13934744894504547, predict 4 = com.ninegag.android.app:0.06466847658157349, predict 5 = com.square_enix.android_googleplay.FFBEWW:0.04453560337424278
12-08 19:07:17.730 15364 15785 D NextAppCoreTrainingJobService: [predict result] current pkg = com.asus.launcher, predict 1 = com.whatsapp:0.3132721781730652, predict 2 = com.reddit.frontpage:0.18043012917041779, predict 3 = com.facebook.katana:0.13934744894504547, predict 4 = com.ninegag.android.app:0.06466847658157349, predict 5 = com.square_enix.android_googleplay.FFBEWW:0.04453560337424278
12-08 19:07:17.731 15364 15785 D NextAppCoreTrainingJobService: [predictAll] pkg = com.whatsapp,com.reddit.frontpage,com.facebook.katana,com.ninegag.android.app,com.square_enix.android_googleplay.FFBEWW,com.android.chrome,com.nianticlabs.pokemongo,com.google.android.googlequicksearchbox,com.google.android.gm,com.yahoo.mobile.client.android.mail,org.telegram.messenger,com.asus.contacts,com.google.android.keep,com.asus.deskclock,com.waze
12-08 19:07:17.731 15364 15785 D NextAppCoreTrainingJobService: [predictAll] rate= 3132,1804,1393,646,445,369,327,238,222,151,149,139,136,123,102
12-08 19:07:17.732  3306  3306 D MoreNotificationIcon: implementMoreNotificationIcon(false)
12-08 19:07:17.732  3306  3306 D StatusBar: android checkMoreIconColorize: !isPreL: true isGrayscale: true
12-08 19:07:17.735  3948 26756 I PlaceInferenceEngine: [anon] Changed inference mode: 0
12-08 19:07:17.756  4312  4312 D Launcher: NextAppCoreObserver onChange:false
12-08 19:07:17.763  4781  4793 I zygote64: Background concurrent copying GC freed 516903(20MB) AllocSpace objects, 57(1948KB) LOS objects, 35% free, 44MB/68MB, paused 12.710ms total 189.150ms
12-08 19:07:17.767  2821  2821 W JobServiceContext: App Op not allow JobScheduler to start app com.google.android.projection.gearhead/10153
12-08 19:07:17.767  2821  2821 D JobSchedulerService: Error executing JobStatus{e8abfba #u0a153/203167958 com.google.android.projection.gearhead/com.google.android.apps.auto.wireless.scan.WifiChannelScanJobService u=0 s=10153 TIME=-3d6h40m43s359ms:-3d5h40m43s359ms READY}
12-08 19:07:17.767  4312 15791 D Launcher: app prediction list:com.whatsapp,com.reddit.frontpage,com.facebook.katana,com.ninegag.android.app,com.square_enix.android_googleplay.FFBEWW,com.android.chrome,com.nianticlabs.pokemongo,com.google.android.googlequicksearchbox,com.google.android.gm,com.yahoo.mobile.client.android.mail,org.telegram.messenger,com.asus.contacts,com.google.android.keep,com.asus.deskclock,com.waze
12-08 19:07:17.773   662  1014 D SDM     : DisplayBase::BuildLayerStackStats: LayerStack layer_count: 5, app_layer_count: 4, gpu_target_index: 4, display type: 0
12-08 19:07:17.780  2821  2821 W JobServiceContext: App Op not allow JobScheduler to start app com.google.android.projection.gearhead/10153
12-08 19:07:17.780  2821  2821 D JobSchedulerService: Error executing JobStatus{39d5df1 #u0a153/790541 com.google.android.projection.gearhead/com.google.android.gearhead.cloud.home.CloudCardJobService u=0 s=10153 TIME=-3d5h32m33s973ms:none NET=3 PERSISTED failures=9 READY}
12-08 19:07:17.783  4312  4312 D LauncherLog: AppsCustomizePagedView - syncAppsPageItems page: 0 index: 0 Item: WhatsApp
12-08 19:07:17.785  4312  4312 D LauncherLog: AppsCustomizePagedView - syncAppsPageItems page: 0 index: 1 Item: Reddit
12-08 19:07:17.787  4312  4312 D LauncherLog: AppsCustomizePagedView - syncAppsPageItems page: 0 index: 2 Item: Facebook
12-08 19:07:17.788  4312  4312 D LauncherLog: AppsCustomizePagedView - syncAppsPageItems page: 0 index: 3 Item: 9GAG
12-08 19:07:17.789   662  1014 D SDM     : DisplayBase::BuildLayerStackStats: LayerStack layer_count: 5, app_layer_count: 4, gpu_target_index: 4, display type: 0
12-08 19:07:17.791  4312  4312 D LauncherLog: AppsCustomizePagedView - syncAppsPageItems page: 0 index: 4 Item: FFEXVIUS
12-08 19:07:17.798  2821  2821 W JobServiceContext: App Op not allow JobScheduler to start app com.ninegag.android.app/10139
12-08 19:07:17.798  2821  2821 D JobSchedulerService: Error executing JobStatus{eb63aa5 #u0a139/2577 com.ninegag.android.app/com.instabug.chat.network.InstabugMessageUploaderService u=0 s=10139 TIME=none:-46m42s305ms READY}
12-08 19:07:17.800  2821  2821 W JobServiceContext: App Op not allow JobScheduler to start app com.ninegag.android.app/10139
12-08 19:07:17.801  2821  2821 D JobSchedulerService: Error executing JobStatus{3d208cc #u0a139/2579 com.ninegag.android.app/com.instabug.library.network.worker.uploader.InstabugSessionUploaderService u=0 s=10139 TIME=none:-46m42s207ms READY}
12-08 19:07:17.806   662  1014 D SDM     : DisplayBase::BuildLayerStackStats: LayerStack layer_count: 5, app_layer_count: 4, gpu_target_index: 4, display type: 0
12-08 19:07:17.824   667   667 I sensors-hal: batch:159, android.sensor.accelerometer/33, period=20000000, max_latency=0
12-08 19:07:17.826   667   667 I sensors-hal: batch:168, android.sensor.accelerometer/33, period=20000000, max_latency=0 request completed
12-08 19:07:17.826   667   667 I sensors-hal: flush:188, android.sensor.accelerometer/33
12-08 19:07:17.828   667   667 I sensors-hal: flush:194, android.sensor.accelerometer/33 completed
12-08 19:07:17.839  2821  4453 D CompatibilityInfo: mCompatibilityFlags - 0
12-08 19:07:17.839  2821  4453 D CompatibilityInfo: applicationDensity - 480
12-08 19:07:17.839  2821  4453 D CompatibilityInfo: applicationScale - 1.0
12-08 19:07:17.852  2821  4453 D CompatibilityInfo: mCompatibilityFlags - 0
12-08 19:07:17.852  2821  4453 D CompatibilityInfo: applicationDensity - 480
12-08 19:07:17.852  2821  4453 D CompatibilityInfo: applicationScale - 1.0
12-08 19:07:17.862  3948 26756 I Places  : ?: PlacesBleScanner start() with priority 2
12-08 19:07:17.862  3948 26756 I PlaceInferenceEngine: [anon] Changed inference mode: 1
12-08 19:07:17.862  2821  4453 D CompatibilityInfo: mCompatibilityFlags - 0
12-08 19:07:17.862  2821  4453 D CompatibilityInfo: applicationDensity - 480
12-08 19:07:17.862  2821  4453 D CompatibilityInfo: applicationScale - 1.0
12-08 19:07:17.868  2821 12295 D CompatibilityInfo: mCompatibilityFlags - 0
12-08 19:07:17.868  2821 12295 D CompatibilityInfo: applicationDensity - 480
12-08 19:07:17.868  2821 12295 D CompatibilityInfo: applicationScale - 1.0
12-08 19:07:17.884  2821  3156 D Telecom : TelecomServiceImpl: isRinging callingPackage = android
12-08 19:07:17.884  2821  3156 D Telecom : TelecomServiceImpl: canReadPhoneState callingPackage = android: TSI.iR@QNw
12-08 19:07:17.885  2821  3156 D Telecom : TelecomServiceImpl: isPrivilegedDialerCalling = android: TSI.iR@QNw
12-08 19:07:17.885  2821  3156 D Telecom : TelecomServiceImpl: isInCall callingPackage = android
12-08 19:07:17.885  2821  3156 D Telecom : TelecomServiceImpl: canReadPhoneState callingPackage = android: TSI.iIC@QN0
12-08 19:07:17.885  2821  3156 D Telecom : TelecomServiceImpl: isPrivilegedDialerCalling = android: TSI.iIC@QN0
12-08 19:07:17.889   662  1014 D SDM     : DisplayBase::BuildLayerStackStats: LayerStack layer_count: 5, app_layer_count: 4, gpu_target_index: 4, display type: 0
12-08 19:07:17.892  3948  3948 I BeaconBle: Using BLE 'L' hardware layer
12-08 19:07:17.916  3948  3948 I BeaconBle: Client requested scan, settings=BleSettings [scanMode=ZERO_POWER, callbackType=ALL_MATCHES, reportDelayMillis=0, 1 filters, 0 clients, callingClientName=Places]
12-08 19:07:17.917  3948  3948 E BeaconBle: Scan couldn't start for Places
12-08 19:07:17.917  3948  3948 W Places  : BLE failure while scanning - code 5
12-08 19:07:18.048  2821  3156 I PowerManagerService: Going to sleep due to power button (uid 1000)...
12-08 19:07:18.049  2821  2821 D ActivityTrigger: ActivityTrigger activityPauseTrigger 
12-08 19:07:18.061  4312  4721 W OpenGLRenderer: Incorrectly called buildLayer on View: qf, destroying layer...
12-08 19:07:18.061  4312  4721 W OpenGLRenderer: Incorrectly called buildLayer on View: qf, destroying layer...
12-08 19:07:18.061  4312  4312 D LauncherLog: Launcher onPause Begin
12-08 19:07:18.061  4312  4312 D LauncherLog: Launcher onPause End
12-08 19:07:18.074   662  1014 D SDM     : DisplayBase::BuildLayerStackStats: LayerStack layer_count: 5, app_layer_count: 4, gpu_target_index: 4, display type: 0
12-08 19:07:18.116  2821  2969 I PowerManagerService: Sleeping (uid 1000)...
12-08 19:07:18.117  3306  3840 D KeyguardViewMediator: onStartedGoingToSleep(2)
12-08 19:07:18.118  3306  3840 D KeyguardViewMediator: notifyStartedGoingToSleep
12-08 19:07:18.119  3306  3306 D keyguard: KeyguardUpdateMonitor:handleStartedGoingToSleep
12-08 19:07:18.119  3306  3306 D keyguard: AsusFingerprintSupportManager:onStartedGoingToSleep() 2
12-08 19:07:18.120  2821  2900 D ActivityTrigger: ActivityTrigger activityStopTrigger 
12-08 19:07:18.124   662  1014 D SDM     : DisplayBase::BuildLayerStackStats: LayerStack layer_count: 5, app_layer_count: 4, gpu_target_index: 4, display type: 0
12-08 19:07:18.126  3306  3306 D keyguard: KeyguardUpdateMonitor:shouldListenForFingerprint<kVbgSotufAd>
12-08 19:07:18.128  3306  3306 D keyguard: KeyguardUpdateMonitor:updateFingerprintListeningState should=true, state=0
12-08 19:07:18.128  3306  3306 V KeyguardUpdateMonitor: startListeningForFingerprint()
12-08 19:07:18.129  4312  4312 D LauncherLog: Launcher onStop Begin
12-08 19:07:18.130  4312  4312 D DragLayer: resetDrawState: 
12-08 19:07:18.130  4312  4312 I NotificationListener: unbindListener: sIsConnected = true
12-08 19:07:18.136  3306  3306 D KeyguardViewMediator: handleNotifyStartedGoingToSleep
12-08 19:07:18.136  2821  2821 W FingerprintService: authenticate: mPerformanceStats = stats
12-08 19:07:18.137  2505  2505 E [gf_ca_entry] : [gx_ta_send_modified_cmd_req] begin, token = 4909, cmd_id = 1011
12-08 19:07:18.143  3306  3306 D MoreNotificationIcon: implementMoreNotificationIcon(false)
12-08 19:07:18.143  3306  3306 D StatusBar: android checkMoreIconColorize: !isPreL: true isGrayscale: true
12-08 19:07:18.144  4312  4312 D Launcher_badge: [unregisterMmsSmsObserver]
12-08 19:07:18.144  4312  4312 D LauncherLog: Launcher onStop End
12-08 19:07:18.145  4312  4312 D NotificationListener: onUnbind
12-08 19:07:18.145  4312  4312 I NotificationListener: onListenerDisconnected
12-08 19:07:18.148  2505  2505 D [gf_ca_entry] : [gx_ta_send_modified_cmd_req] end
12-08 19:07:18.148  2505  2505 D [gf_ca_entry] : [gf_ca_invoke_command] gx_ta_send_modified_cmd_req success
12-08 19:07:18.148  2505  2505 D [gf_ca_entry] : [gf_ca_invoke_command] ta execution succeed
12-08 19:07:18.148  2821  2821 V FingerprintService: startAuthentication(com.android.systemui)
12-08 19:07:18.148  2821  2821 V FingerprintService: starting client AuthenticationClient(com.android.systemui), initiatedByClient = true)
12-08 19:07:18.148  2505  2505 E [gf_ca_entry] : [gx_ta_send_modified_cmd_req] begin, token = 4910, cmd_id = 1010
12-08 19:07:18.153  2821  2969 D DisplayPowerController: Unfinished business...
12-08 19:07:18.159   662  1014 D SDM     : DisplayBase::BuildLayerStackStats: LayerStack layer_count: 2, app_layer_count: 1, gpu_target_index: 1, display type: 0
12-08 19:07:18.177  2505  2505 D [gf_ca_entry] : [gx_ta_send_modified_cmd_req] end
12-08 19:07:18.177  2505  2505 D [gf_ca_entry] : [gf_ca_invoke_command] gx_ta_send_modified_cmd_req success
12-08 19:07:18.177  2505  2505 D [gf_ca_entry] : [gf_ca_invoke_command] ta execution succeed
12-08 19:07:18.177  2505  2505 D android.hardware.biometrics.fingerprint@2.1-service: onAcquired(6)
12-08 19:07:18.177  2505  2505 I [GF_HAL][gf_hal]: [gf_hal_authenticate] set g_work_state to STATE_AUTHENTICATE
12-08 19:07:18.177  2821  2821 W FingerprintService: client com.android.systemui is authenticating...
12-08 19:07:18.178  2821  2821 W FingerprintService: handleAcquired: mPerformanceStats.acquire =1613
12-08 19:07:18.178  3306  3306 D keyguard: KeyguardUpdateMonitor:onAuthenticationAcquired info:1101
12-08 19:07:18.178  3306  3306 D keyguard: AsusFingerprintSupportManager:onFingerprintAcquired() acquiredInfo:1101 keyguardVisible:false mEarlyWakeupSupported:true mWaitPowerKeyToAuth:false screenON:false alwaysON:false speedUpTurnOnFunctionEnabled: true applySpeedUpTurnOnFunction: true
12-08 19:07:18.178  3306  3306 I FingerprintManager: Get acquire info: 6, vendor code: 101
12-08 19:07:18.178  3306  3306 W FingerprintManager: Invalid acquired message: 6, 101
12-08 19:07:18.197 32495 32495 E adbd    : failed to connect to socket 'tcp:6666': Connection refused
12-08 19:07:18.326  2821  2961 I zygote64: Explicit concurrent copying GC freed 195173(9MB) AllocSpace objects, 11(268KB) LOS objects, 42% free, 28MB/50MB, paused 711us total 171.407ms
12-08 19:07:18.580  2821  2969 I DisplayPowerController: setScreenState  mPowerState.getScreenState(): ON to state: OFF
12-08 19:07:18.580  2821  2969 I DisplayPowerController: Blocking screen off
12-08 19:07:18.593  2821  2969 D DisplayPowerController: call sendOnStateChangedWithWakelock
12-08 19:07:18.593  2821  2969 D DisplayPowerController: Finished business...
12-08 19:07:18.595  3306  3375 D KeyguardViewMediator: onFinishedGoingToSleep(2)
12-08 19:07:18.595  3306  3375 D KeyguardViewMediator: notifyFinishedGoingToSleep
12-08 19:07:18.600  3306  3375 D KeyguardViewMediator: doKeyguard: showing the lock screen
12-08 19:07:18.600  3306  3375 D KeyguardViewMediator: showLocked
12-08 19:07:18.602  3306  3306 D KeyguardViewMediator: handleNotifyFinishedGoingToSleep
12-08 19:07:18.603  2821  2961 I WindowManager: TaskSnapshot Task = {taskId=4108 appTokens=[AppWindowToken{bddf439 token=Token{c378601 ActivityRecord{b1b6fe8 u0 com.asus.launcher/com.android.launcher3.Launcher t4108}}}] mdr=false}, snapshot width = 1080, height = 2246
12-08 19:07:18.603  2821  2969 I DisplayPowerController: Unblocked screen off after 24 ms
12-08 19:07:18.604  2821  2969 I DisplayPowerController: setScreenState  mPowerState.getScreenState(): ON to state: OFF
12-08 19:07:18.604  3306  3306 D KeyguardViewMediator: handleShow
12-08 19:07:18.604  3306  3306 I keyguard: AsusMediator:onKeyguardShowingChanged:true
12-08 19:07:18.604  3306  3306 D keyguard: AsusFingerprintSupportManager:onKeyguardShowingChanged() true
12-08 19:07:18.605  3306  3306 I keyguard: AsusKeyguardWallpaper:updateVisible:false isFingerprintUnlocking:false
12-08 19:07:18.606  3306  3306 I keyguard: AsusKeyguardSpriteAnimation:updateStatus:false
12-08 19:07:18.606  3306  3306 I keyguard: AsusSlideshowManager:onKeyguardShowingChanged: showing: true
12-08 19:07:18.606  3306  3306 I keyguard: AsusSlideshowSettingPanelManager:onKeyguardShowingChanged: showing=true
12-08 19:07:18.606  3306  3306 D keyguard: StatusBarWindowManager:isExpanded<FKvkbhp>
12-08 19:07:18.606  3306  3306 D keyguard: StatusBarWindowManager:applyHeight,expanded:true
12-08 19:07:18.607  3306  3306 D keyguard: StatusBarWindowManager:isExpanded<FKvkbhp>
12-08 19:07:18.612  3306  3375 D KeyguardViewMediator: notifyScreenTurnedOff
12-08 19:07:18.613  2821  2969 D AutomaticBrightnessController: setLightSensorEnabled diable
12-08 19:07:18.613  2821  2969 D DisplayPowerController: Unfinished business...
12-08 19:07:18.613  2821  2969 I DisplayPowerController: setScreenState  mPowerState.getScreenState(): OFF to state: OFF
12-08 19:07:18.628  2821  4444 I OpenGLRenderer: Initialized EGL, version 1.4
12-08 19:07:18.628  2821  4444 D OpenGLRenderer: Swap behavior 2
12-08 19:07:18.638  2821  3285 D LightsService: Excessive delay setting light: 57ms
12-08 19:07:18.639   695   695 D SurfaceFlinger: Set power mode=0, type=0 flinger=0x7215860000
12-08 19:07:18.639  2821  2961 I DisplayManagerService: Display device changed state: "Tela integrada", OFF
12-08 19:07:18.639  2821  3199 V AudioService.RotationHelper: publishing device rotation =0 (x90deg)
12-08 19:07:18.640  2821  3280 D InadvertentTouchController: <MSG_DISPLAY_CHANGED> mInadvertentTouchEnable or mCompleteSetupWizard false. return
12-08 19:07:18.648  2821  3199 W WindowOrientationListener: proposedRotation = 3
12-08 19:07:18.649  2821  3156 I InputReader: Reconfiguring input devices.  changes=0x00000004
12-08 19:07:18.649   662  1014 I SDM     : DisplayBase::SetDisplayState: Set state = 0, display 0
12-08 19:07:18.652  3306  3306 I keyguard: AsusClockContainer_U:onInit
12-08 19:07:18.654  3306  3306 D AppWidgetUtils: isSupportNewWeatherInfoRequest supportFeature: 1
12-08 19:07:18.654  3306  3306 D keyguard: AsusClockContainer_U:onFinishInflate: mWeatherWidgetIdInSettings=-1
12-08 19:07:18.657  2505  2884 E [gf_ca_entry] : [gx_ta_send_modified_cmd_req] begin, token = 4911, cmd_id = 1022
12-08 19:07:18.659  2821  2900 D CompatibilityInfo: mCompatibilityFlags - 0
12-08 19:07:18.659  2821  2900 D CompatibilityInfo: applicationDensity - 480
12-08 19:07:18.659  2821  2900 D CompatibilityInfo: applicationScale - 1.0
12-08 19:07:18.660  3306  3306 V KeyguardSecurityView: showPrimarySecurityScreen(turningOff=false)
12-08 19:07:18.660  3306  3306 D KeyguardSecurityView: showSecurityScreen(Pattern)
12-08 19:07:18.661  3306  3306 V KeyguardSecurityView: inflating id = 2131558471
12-08 19:07:18.662  3306  3306 V KeyguardUpdateMonitor: *** register callback for com.android.keyguard.KeyguardMessageArea$2@d664f86
12-08 19:07:18.662  3306  3306 V KeyguardUpdateMonitor: *** unregister callback for null
12-08 19:07:18.663  2821 27710 I InputDispatcher: Window 'Window{8408d08 u0 com.asus.launcher/com.android.launcher3.Launcher}' spent 0.0ms processing input events on average(0/0). Monitor spent 0.0ms processing input events on average(0/0). Window input events down spent 0.0ms on average (0/0). Window input events up spent 0.0ms on average (0/0). Monitor input events down spent 0.0ms on average (0/0). Monitor input events up spent 0.0ms on average (0/0).
12-08 19:07:18.665  3306  3306 D keyguard: LockScreenUtils:updateDensityDpi to 480,restoreToSystemDpi:true,originalSmallestWidth:361
12-08 19:07:18.666  3306  3306 V KeyguardUpdateMonitor: *** register callback for com.android.keyguard.KeyguardPatternView$3@72ec99d
12-08 19:07:18.666  3306  3306 V KeyguardUpdateMonitor: *** unregister callback for null
12-08 19:07:18.668  3306  3306 D AsusIndicationImageView: updateIndicationIcon visibility: 0
12-08 19:07:18.668  3306  3306 D AsusIndicationImageView: isCurrentStateCanShowIcon isVisible: true
12-08 19:07:18.668  3306  3306 D AsusIndicationImageView: updateIndicationIcon isVisibile: true
12-08 19:07:18.668  2821  3284 I WindowManager: TaskSnapshotPersister writeBuffer TaskId = 4108 UserId = 0
12-08 19:07:18.670  2821  4453 D Telecom : TelecomServiceImpl: isInCall callingPackage = com.android.systemui
