11-12 17:08:31.474 20030 20061 D UE4     : [2018.11.12-19.08.31:474][852]LogBlueprintUserMessages: [GoogleVRPawn_326] 
11-12 17:08:31.476 20030 20030 W Thread-2: type=1400 audit(0.0:24719): avc: denied { read } for name="stat" dev="proc" ino=4026532127 scontext=u:r:untrusted_app_25:s0:c512,c768 tcontext=u:object_r:proc_stat:s0 tclass=file permissive=0
11-12 17:08:31.491 20030 20061 D UE4     : [2018.11.12-19.08.31:491][853]LogBlueprintUserMessages: [GoogleVRPawn_326] 
11-12 17:08:31.508 20030 20061 D UE4     : [2018.11.12-19.08.31:508][854]LogBlueprintUserMessages: [GoogleVRPawn_326] 
11-12 17:08:31.524 20030 20061 D UE4     : [2018.11.12-19.08.31:524][855]LogBlueprintUserMessages: [GoogleVRPawn_326] 
11-12 17:08:31.541 20030 20061 D UE4     : [2018.11.12-19.08.31:541][856]LogBlueprintUserMessages: [GoogleVRPawn_326] 
11-12 17:08:31.557 20030 20061 D UE4     : [2018.11.12-19.08.31:557][857]LogBlueprintUserMessages: [GoogleVRPawn_326] 
11-12 17:08:31.574 20030 20061 D UE4     : [2018.11.12-19.08.31:574][858]LogBlueprintUserMessages: [GoogleVRPawn_326] 
11-12 17:08:31.576 20030 20030 W Thread-2: type=1400 audit(0.0:24720): avc: denied { read } for name="stat" dev="proc" ino=4026532127 scontext=u:r:untrusted_app_25:s0:c512,c768 tcontext=u:object_r:proc_stat:s0 tclass=file permissive=0
11-12 17:08:31.591 20030 20061 D UE4     : [2018.11.12-19.08.31:591][859]LogBlueprintUserMessages: [GoogleVRPawn_326] 
11-12 17:08:31.608 20030 20061 D UE4     : [2018.11.12-19.08.31:608][860]LogBlueprintUserMessages: [GoogleVRPawn_326] 
11-12 17:08:31.623 20030 20061 D UE4     : [2018.11.12-19.08.31:623][861]LogBlueprintUserMessages: [GoogleVRPawn_326] 
11-12 17:08:31.640 20030 20061 D UE4     : [2018.11.12-19.08.31:640][862]LogBlueprintUserMessages: [GoogleVRPawn_326] 
11-12 17:08:31.654   670   670 I sensors-hal: flush:188, android.sensor.accelerometer/33
11-12 17:08:31.655   670   670 I sensors-hal: flush:194, android.sensor.accelerometer/33 completed
11-12 17:08:31.657 20030 20061 D UE4     : [2018.11.12-19.08.31:657][863]LogBlueprintUserMessages: [GoogleVRPawn_326] 
11-12 17:08:31.674 20030 20061 D UE4     : [2018.11.12-19.08.31:674][864]LogBlueprintUserMessages: [GoogleVRPawn_326] 
11-12 17:08:21.628  2975  2992 W ActivityManager: App Op not allow to start app com.waze/10165
11-12 17:08:31.676 20030 20030 W Thread-2: type=1400 audit(0.0:24721): avc: denied { read } for name="stat" dev="proc" ino=4026532127 scontext=u:r:untrusted_app_25:s0:c512,c768 tcontext=u:object_r:proc_stat:s0 tclass=file permissive=0
11-12 17:08:31.684  2975  8575 W ActivityManager: App Op not allow to start app com.waze/10165
11-12 17:08:31.692 20030 20061 D UE4     : [2018.11.12-19.08.31:692][865]LogBlueprintUserMessages: [GoogleVRPawn_326] 
11-12 17:08:31.693  2975  8575 D CompatibilityInfo: mCompatibilityFlags - 10
11-12 17:08:31.693  2975  8575 D CompatibilityInfo: applicationDensity - 480
11-12 17:08:31.693  2975  8575 D CompatibilityInfo: applicationScale - 1.0
11-12 17:08:31.708 20030 20061 D UE4     : [2018.11.12-19.08.31:708][866]LogBlueprintUserMessages: [GoogleVRPawn_326] 
11-12 17:08:31.724 20030 20061 D UE4     : [2018.11.12-19.08.31:724][867]LogBlueprintUserMessages: [GoogleVRPawn_326] 
11-12 17:08:31.740 20030 20061 D UE4     : [2018.11.12-19.08.31:740][868]LogBlueprintUserMessages: [GoogleVRPawn_326] 
11-12 17:08:31.759 20030 20061 D UE4     : [2018.11.12-19.08.31:759][869]LogBlueprintUserMessages: [GoogleVRPawn_326] 
11-12 17:08:31.777 20030 20061 D UE4     : [2018.11.12-19.08.31:777][870]LogBlueprintUserMessages: [GoogleVRPawn_326] 
11-12 17:08:31.791 20030 20061 D UE4     : [2018.11.12-19.08.31:791][871]LogBlueprintUserMessages: [GoogleVRPawn_326] 
11-12 17:08:31.796 20030 20030 W Thread-2: type=1400 audit(0.0:24722): avc: denied { read } for name="stat" dev="proc" ino=4026532127 scontext=u:r:untrusted_app_25:s0:c512,c768 tcontext=u:object_r:proc_stat:s0 tclass=file permissive=0
11-12 17:08:31.808 20030 20061 D UE4     : [2018.11.12-19.08.31:808][872]LogBlueprintUserMessages: [GoogleVRPawn_326] 
11-12 17:08:31.825 20030 20061 D UE4     : [2018.11.12-19.08.31:825][873]LogBlueprintUserMessages: [GoogleVRPawn_326] 
11-12 17:08:31.829  4436  4448 I zygote64: Background concurrent copying GC freed 334374(15MB) AllocSpace objects, 52(1040KB) LOS objects, 49% free, 16MB/32MB, paused 261us total 118.629ms
11-12 17:08:31.843 20030 20061 D UE4     : [2018.11.12-19.08.31:843][874]LogBlueprintUserMessages: [GoogleVRPawn_326] 
11-12 17:08:31.859 20030 20061 D UE4     : [2018.11.12-19.08.31:859][875]LogBlueprintUserMessages: [GoogleVRPawn_326] 
11-12 17:08:31.876 20030 20061 D UE4     : [2018.11.12-19.08.31:876][876]LogBlueprintUserMessages: [GoogleVRPawn_326] 
11-12 17:08:31.894 20030 20061 D UE4     : [2018.11.12-19.08.31:894][877]LogBlueprintUserMessages: [GoogleVRPawn_326] 
11-12 17:08:31.896 20030 20030 W Thread-2: type=1400 audit(0.0:24723): avc: denied { read } for name="stat" dev="proc" ino=4026532127 scontext=u:r:untrusted_app_25:s0:c512,c768 tcontext=u:object_r:proc_stat:s0 tclass=file permissive=0
11-12 17:08:31.913 20030 20061 D UE4     : [2018.11.12-19.08.31:913][878]LogBlueprintUserMessages: [GoogleVRPawn_326] 
11-12 17:08:31.927 20030 20061 D UE4     : [2018.11.12-19.08.31:927][879]LogBlueprintUserMessages: [GoogleVRPawn_326] 
11-12 17:08:31.945 20030 20061 D UE4     : [2018.11.12-19.08.31:945][880]LogBlueprintUserMessages: [GoogleVRPawn_326] 
11-12 17:08:31.961 20030 20061 D UE4     : [2018.11.12-19.08.31:961][881]LogBlueprintUserMessages: [GoogleVRPawn_326] 
11-12 17:08:31.977 20030 20061 D UE4     : [2018.11.12-19.08.31:976][882]LogBlueprintUserMessages: [GoogleVRPawn_326] 
11-12 17:08:31.994 20030 20061 D UE4     : [2018.11.12-19.08.31:994][883]LogBlueprintUserMessages: [GoogleVRPawn_326] 
11-12 17:08:32.010 20030 20061 D UE4     : [2018.11.12-19.08.32:010][884]LogBlueprintUserMessages: [GoogleVRPawn_326] 
11-12 17:08:32.016 20030 20030 W Thread-2: type=1400 audit(0.0:24724): avc: denied { read } for name="stat" dev="proc" ino=4026532127 scontext=u:r:untrusted_app_25:s0:c512,c768 tcontext=u:object_r:proc_stat:s0 tclass=file permissive=0
11-12 17:08:32.028 20030 20061 D UE4     : [2018.11.12-19.08.32:028][885]LogBlueprintUserMessages: [GoogleVRPawn_326] 
11-12 17:08:32.045 20030 20061 D UE4     : [2018.11.12-19.08.32:045][886]LogBlueprintUserMessages: [GoogleVRPawn_326] 
11-12 17:08:32.061 20030 20061 D UE4     : [2018.11.12-19.08.32:061][887]LogBlueprintUserMessages: [GoogleVRPawn_326] 
11-12 17:08:32.075  4610  4634 I QcrilOemhookMsgTunnel: [0]processOemHookIndication length=21
11-12 17:08:32.075  4610  4634 I QcrilOemhookMsgTunnel: [0]Response ID in RIL_UNSOL_OEM_HOOK_RAW is 525295
11-12 17:08:32.075  4610  4610 D QcrilMsgTunnelIfaceManager: handleMessage what = 0
11-12 17:08:32.077 20030 20061 D UE4     : [2018.11.12-19.08.32:077][888]LogBlueprintUserMessages: [GoogleVRPawn_326] 
11-12 17:08:32.079  4277  4277 D QC_RIL_OEM_HOOK: Received Broadcast Intent ACTION_UNSOL_RESPONSE_OEM_HOOK_RAW
11-12 17:08:32.079  4277  4277 D QC_RIL_OEM_HOOK: Oem ID in QCRILHOOK UNSOL RESP is QOEMHOOK
11-12 17:08:32.079  4245  4245 D QC_RIL_OEM_HOOK: Received Broadcast Intent ACTION_UNSOL_RESPONSE_OEM_HOOK_RAW
11-12 17:08:32.079  4277  4277 D QC_RIL_OEM_HOOK: Received Broadcast Intent ACTION_UNSOL_RESPONSE_OEM_HOOK_RAW
11-12 17:08:32.079  4245  4245 D QC_RIL_OEM_HOOK: Oem ID in QCRILHOOK UNSOL RESP is QOEMHOOK
11-12 17:08:32.079  4277  4277 D QC_RIL_OEM_HOOK: Oem ID in QCRILHOOK UNSOL RESP is QOEMHOOK
11-12 17:08:32.080  4610  4634 I QcrilOemhookMsgTunnel: [0]processOemHookIndication length=21
11-12 17:08:32.080  4610  4634 I QcrilOemhookMsgTunnel: [0]Response ID in RIL_UNSOL_OEM_HOOK_RAW is 525306
11-12 17:08:32.080  4610  4610 D QcrilMsgTunnelIfaceManager: handleMessage what = 0
11-12 17:08:32.088  4277  4277 D QC_RIL_OEM_HOOK: Received Broadcast Intent ACTION_UNSOL_RESPONSE_OEM_HOOK_RAW
11-12 17:08:32.088  4277  4277 D QC_RIL_OEM_HOOK: Oem ID in QCRILHOOK UNSOL RESP is QOEMHOOK
11-12 17:08:32.088  4277  4277 D QC_RIL_OEM_HOOK: Received Broadcast Intent ACTION_UNSOL_RESPONSE_OEM_HOOK_RAW
11-12 17:08:32.088  4277  4277 D QC_RIL_OEM_HOOK: Oem ID in QCRILHOOK UNSOL RESP is QOEMHOOK
11-12 17:08:32.088  4245  4245 D QC_RIL_OEM_HOOK: Received Broadcast Intent ACTION_UNSOL_RESPONSE_OEM_HOOK_RAW
11-12 17:08:32.089  4245  4245 D QC_RIL_OEM_HOOK: Oem ID in QCRILHOOK UNSOL RESP is QOEMHOOK
11-12 17:08:32.094 20030 20061 D UE4     : [2018.11.12-19.08.32:094][889]LogBlueprintUserMessages: [GoogleVRPawn_326] 
11-12 17:08:32.094  4069  4382 D NetworkController.MobileSignalController(2): onSignalStrengthsChanged signalStrength=SignalStrength: 9 0 -94 -120 -150 -120 -1 -1 99 2147483647 2147483647 2147483647 2147483647 0 2147483647 gsm|lte level=4
11-12 17:08:32.094  4069  4382 D NetworkController.MobileSignalController(2): updateTelephonySignalStrength: hasService=true ss=SignalStrength: 9 0 -94 -120 -150 -120 -1 -1 99 2147483647 2147483647 2147483647 2147483647 0 2147483647 gsm|lte
11-12 17:08:32.096  4277 16205 D PhoneInterfaceManager: isWifiCallingAvailable: sub Id : 2
11-12 17:08:32.097  4069  4382 D NetworkController.MobileSignalController(2): isWifiCallingAvailable=false
11-12 17:08:32.097  4277 16205 D PhoneInterfaceManager: isVolteAvailable: sub Id : 2
11-12 17:08:32.098  4069  4382 D NetworkController.MobileSignalController(2): isVolteAvailable=false
11-12 17:08:32.099  4277 16205 D PhoneInterfaceManager: isVideoTelephonyAvailable: sub Id : 2
11-12 17:08:32.099  4069  4382 D NetworkController.MobileSignalController(2): isVideoTelephonyAvailable=false
11-12 17:08:32.109  4069  4382 D NetworkController.MobileSignalController(2): onDataActivity: direction=4
11-12 17:08:32.110  4277 16205 D PhoneInterfaceManager: isWifiCallingAvailable: sub Id : 2
11-12 17:08:32.110  4069  4382 D NetworkController.MobileSignalController(2): isWifiCallingAvailable=false
11-12 17:08:32.110  4277 18335 D PhoneInterfaceManager: isVolteAvailable: sub Id : 2
11-12 17:08:32.110  4069  4382 D NetworkController.MobileSignalController(2): isVolteAvailable=false
11-12 17:08:32.111  4277 16205 D PhoneInterfaceManager: isVideoTelephonyAvailable: sub Id : 2
11-12 17:08:32.111 20030 20061 D UE4     : [2018.11.12-19.08.32:111][890]LogBlueprintUserMessages: [GoogleVRPawn_326] 
11-12 17:08:32.111  4069  4382 D NetworkController.MobileSignalController(2): isVideoTelephonyAvailable=false
11-12 17:08:32.127 20030 20061 D UE4     : [2018.11.12-19.08.32:127][891]LogBlueprintUserMessages: [GoogleVRPawn_326] 
11-12 17:08:32.129  4069  4382 D NetworkController.MobileSignalController(2): onDataActivity: direction=0
11-12 17:08:32.130  4277 16205 D PhoneInterfaceManager: isWifiCallingAvailable: sub Id : 2
11-12 17:08:32.131  4069  4382 D NetworkController.MobileSignalController(2): isWifiCallingAvailable=false
11-12 17:08:32.131  4277 16205 D PhoneInterfaceManager: isVolteAvailable: sub Id : 2
11-12 17:08:32.131  4069  4382 D NetworkController.MobileSignalController(2): isVolteAvailable=false
11-12 17:08:32.132  4277 16205 D PhoneInterfaceManager: isVideoTelephonyAvailable: sub Id : 2
11-12 17:08:32.132  4069  4382 D NetworkController.MobileSignalController(2): isVideoTelephonyAvailable=false
11-12 17:08:32.136 20030 20030 W Thread-2: type=1400 audit(0.0:24725): avc: denied { read } for name="stat" dev="proc" ino=4026532127 scontext=u:r:untrusted_app_25:s0:c512,c768 tcontext=u:object_r:proc_stat:s0 tclass=file permissive=0
11-12 17:08:32.144 20030 20061 D UE4     : [2018.11.12-19.08.32:144][892]LogBlueprintUserMessages: [GoogleVRPawn_326] 
11-12 17:08:32.161 20030 20061 D UE4     : [2018.11.12-19.08.32:161][893]LogBlueprintUserMessages: [GoogleVRPawn_326] 
11-12 17:08:32.177 20030 20061 D UE4     : [2018.11.12-19.08.32:177][894]LogBlueprintUserMessages: [GoogleVRPawn_326] 
11-12 17:08:32.185  2443  2698 E NetlinkEvent: NetlinkEvent::FindParam(): Parameter 'INTERFACE' not found
11-12 17:08:32.186  2443  2698 E NetlinkEvent: NetlinkEvent::FindParam(): Parameter 'STATE' not found
11-12 17:08:32.186  2443  2698 E NetlinkEvent: NetlinkEvent::FindParam(): Parameter 'TIME_NS' not found
11-12 17:08:32.186  2443  2698 E NetlinkEvent: NetlinkEvent::FindParam(): Parameter 'UID' not found
11-12 17:08:32.193 20030 20061 D UE4     : [2018.11.12-19.08.32:193][895]LogBlueprintUserMessages: [GoogleVRPawn_326] 
11-12 17:08:32.210 20030 20061 D UE4     : [2018.11.12-19.08.32:210][896]LogBlueprintUserMessages: [GoogleVRPawn_326] 
11-12 17:08:32.230 20030 20061 D UE4     : [2018.11.12-19.08.32:230][897]LogBlueprintUserMessages: [GoogleVRPawn_326] 
11-12 17:08:32.236 20030 20030 W Thread-2: type=1400 audit(0.0:24726): avc: denied { read } for name="stat" dev="proc" ino=4026532127 scontext=u:r:untrusted_app_25:s0:c512,c768 tcontext=u:object_r:proc_stat:s0 tclass=file permissive=0
11-12 17:08:32.244 20030 20061 D UE4     : [2018.11.12-19.08.32:244][898]LogBlueprintUserMessages: [GoogleVRPawn_326] 
11-12 17:08:32.260 20030 20061 D UE4     : [2018.11.12-19.08.32:260][899]LogBlueprintUserMessages: [GoogleVRPawn_326] 
11-12 17:08:32.277 20030 20061 D UE4     : [2018.11.12-19.08.32:277][900]LogBlueprintUserMessages: [GoogleVRPawn_326] 
11-12 17:08:32.295 20030 20061 D UE4     : [2018.11.12-19.08.32:295][901]LogBlueprintUserMessages: [GoogleVRPawn_326] 
11-12 17:08:32.312 20030 20061 D UE4     : [2018.11.12-19.08.32:312][902]LogBlueprintUserMessages: [GoogleVRPawn_326] 
11-12 17:08:32.327 20030 20061 D UE4     : [2018.11.12-19.08.32:327][903]LogBlueprintUserMessages: [GoogleVRPawn_326] 
11-12 17:08:32.336 20030 20030 W Thread-2: type=1400 audit(0.0:24727): avc: denied { read } for name="stat" dev="proc" ino=4026532127 scontext=u:r:untrusted_app_25:s0:c512,c768 tcontext=u:object_r:proc_stat:s0 tclass=file permissive=0
11-12 17:08:32.344 20030 20061 D UE4     : [2018.11.12-19.08.32:344][904]LogBlueprintUserMessages: [GoogleVRPawn_326] 
11-12 17:08:32.362 20030 20061 D UE4     : [2018.11.12-19.08.32:362][905]LogBlueprintUserMessages: [GoogleVRPawn_326] 
11-12 17:08:32.378 20030 20061 D UE4     : [2018.11.12-19.08.32:378][906]LogBlueprintUserMessages: [GoogleVRPawn_326] 
11-12 17:08:32.395 20030 20061 D UE4     : [2018.11.12-19.08.32:395][907]LogBlueprintUserMessages: [GoogleVRPawn_326] 
11-12 17:08:32.412 20030 20061 D UE4     : [2018.11.12-19.08.32:412][908]LogBlueprintUserMessages: [GoogleVRPawn_326] 
11-12 17:08:32.428 20030 20061 D UE4     : [2018.11.12-19.08.32:428][909]LogBlueprintUserMessages: [GoogleVRPawn_326] 
11-12 17:08:32.436 20030 20030 W Thread-2: type=1400 audit(0.0:24728): avc: denied { read } for name="stat" dev="proc" ino=4026532127 scontext=u:r:untrusted_app_25:s0:c512,c768 tcontext=u:object_r:proc_stat:s0 tclass=file permissive=0
11-12 17:08:32.445 20030 20061 D UE4     : [2018.11.12-19.08.32:445][910]LogBlueprintUserMessages: [GoogleVRPawn_326] 
11-12 17:08:32.462 20030 20061 D UE4     : [2018.11.12-19.08.32:462][911]LogBlueprintUserMessages: [GoogleVRPawn_326] 
11-12 17:08:32.478 20030 20061 D UE4     : [2018.11.12-19.08.32:478][912]LogBlueprintUserMessages: [GoogleVRPawn_326] 
11-12 17:08:32.494 20030 20061 D UE4     : [2018.11.12-19.08.32:494][913]LogBlueprintUserMessages: [GoogleVRPawn_326] 
11-12 17:08:32.512 20030 20061 D UE4     : [2018.11.12-19.08.32:511][914]LogBlueprintUserMessages: [GoogleVRPawn_326] 
11-12 17:08:32.527 20030 20061 D UE4     : [2018.11.12-19.08.32:527][915]LogBlueprintUserMessages: [GoogleVRPawn_326] 
11-12 17:08:32.536 20030 20030 W Thread-2: type=1400 audit(0.0:24729): avc: denied { read } for name="stat" dev="proc" ino=4026532127 scontext=u:r:untrusted_app_25:s0:c512,c768 tcontext=u:object_r:proc_stat:s0 tclass=file permissive=0
11-12 17:08:32.546 20030 20061 D UE4     : [2018.11.12-19.08.32:546][916]LogBlueprintUserMessages: [GoogleVRPawn_326] 
11-12 17:08:32.562 20030 20061 D UE4     : [2018.11.12-19.08.32:562][917]LogBlueprintUserMessages: [GoogleVRPawn_326] 
11-12 17:08:32.578 20030 20061 D UE4     : [2018.11.12-19.08.32:578][918]LogBlueprintUserMessages: [GoogleVRPawn_326] 
11-12 17:08:32.592 20030 20061 D UE4     : [2018.11.12-19.08.32:592][919]LogBlueprintUserMessages: [GoogleVRPawn_326] 
11-12 17:08:32.610 20030 20061 D UE4     : [2018.11.12-19.08.32:610][920]LogBlueprintUserMessages: [GoogleVRPawn_326] 
11-12 17:08:32.626 20030 20061 D UE4     : [2018.11.12-19.08.32:626][921]LogBlueprintUserMessages: [GoogleVRPawn_326] 
11-12 17:08:32.643 20030 20061 D UE4     : [2018.11.12-19.08.32:643][922]LogBlueprintUserMessages: [GoogleVRPawn_326] 
11-12 17:08:32.646 20030 20030 W Thread-2: type=1400 audit(0.0:24730): avc: denied { read } for name="stat" dev="proc" ino=4026532127 scontext=u:r:untrusted_app_25:s0:c512,c768 tcontext=u:object_r:proc_stat:s0 tclass=file permissive=0
11-12 17:08:32.660 20030 20061 D UE4     : [2018.11.12-19.08.32:660][923]LogBlueprintUserMessages: [GoogleVRPawn_326] 
11-12 17:08:32.676 20030 20061 D UE4     : [2018.11.12-19.08.32:676][924]LogBlueprintUserMessages: [GoogleVRPawn_326] 
11-12 17:08:32.694 20030 20061 D UE4     : [2018.11.12-19.08.32:694][925]LogBlueprintUserMessages: [GoogleVRPawn_326] 
11-12 17:08:32.710 20030 20061 D UE4     : [2018.11.12-19.08.32:710][926]LogBlueprintUserMessages: [GoogleVRPawn_326] 
11-12 17:08:32.727 20030 20061 D UE4     : [2018.11.12-19.08.32:727][927]LogBlueprintUserMessages: [GoogleVRPawn_326] 
11-12 17:08:32.744 20030 20061 D UE4     : [2018.11.12-19.08.32:744][928]LogBlueprintUserMessages: [GoogleVRPawn_326] 
11-12 17:08:32.746 20030 20030 W Thread-2: type=1400 audit(0.0:24731): avc: denied { read } for name="stat" dev="proc" ino=4026532127 scontext=u:r:untrusted_app_25:s0:c512,c768 tcontext=u:object_r:proc_stat:s0 tclass=file permissive=0
11-12 17:08:32.763 20030 20061 D UE4     : [2018.11.12-19.08.32:763][929]LogBlueprintUserMessages: [GoogleVRPawn_326] 
11-12 17:08:32.777 20030 20061 D UE4     : [2018.11.12-19.08.32:777][930]LogBlueprintUserMessages: [GoogleVRPawn_326] 
11-12 17:08:32.794 20030 20061 D UE4     : [2018.11.12-19.08.32:794][931]LogBlueprintUserMessages: [GoogleVRPawn_326] 
11-12 17:08:32.811 20030 20061 D UE4     : [2018.11.12-19.08.32:811][932]LogBlueprintUserMessages: [GoogleVRPawn_326] 
11-12 17:08:32.828 20030 20061 D UE4     : [2018.11.12-19.08.32:828][933]LogBlueprintUserMessages: [GoogleVRPawn_326] 
11-12 17:08:32.844 20030 20061 D UE4     : [2018.11.12-19.08.32:844][934]LogBlueprintUserMessages: [GoogleVRPawn_326] 
11-12 17:08:32.861 20030 20061 D UE4     : [2018.11.12-19.08.32:861][935]LogBlueprintUserMessages: [GoogleVRPawn_326] 
11-12 17:08:32.866 20030 20030 W Thread-2: type=1400 audit(0.0:24732): avc: denied { read } for name="stat" dev="proc" ino=4026532127 scontext=u:r:untrusted_app_25:s0:c512,c768 tcontext=u:object_r:proc_stat:s0 tclass=file permissive=0
11-12 17:08:32.879 20030 20061 D UE4     : [2018.11.12-19.08.32:879][936]LogBlueprintUserMessages: [GoogleVRPawn_326] 
11-12 17:08:32.894 20030 20061 D UE4     : [2018.11.12-19.08.32:894][937]LogBlueprintUserMessages: [GoogleVRPawn_326] 
11-12 17:08:32.912 20030 20061 D UE4     : [2018.11.12-19.08.32:912][938]LogBlueprintUserMessages: [GoogleVRPawn_326] 
11-12 17:08:32.928 20030 20061 D UE4     : [2018.11.12-19.08.32:928][939]LogBlueprintUserMessages: [GoogleVRPawn_326] 
11-12 17:08:32.943 20030 20061 D UE4     : [2018.11.12-19.08.32:943][940]LogBlueprintUserMessages: [GoogleVRPawn_326] 
11-12 17:08:32.962 20030 20061 D UE4     : [2018.11.12-19.08.32:962][941]LogBlueprintUserMessages: [GoogleVRPawn_326] 
11-12 17:08:32.964  4069  4382 D NetworkController.MobileSignalController(2): onDataActivity: direction=3
11-12 17:08:32.965  4277 16205 D PhoneInterfaceManager: isWifiCallingAvailable: sub Id : 2
11-12 17:08:32.966  4069  4382 D NetworkController.MobileSignalController(2): isWifiCallingAvailable=false
11-12 17:08:32.967  4277 16205 D PhoneInterfaceManager: isVolteAvailable: sub Id : 2
11-12 17:08:32.967  4069  4382 D NetworkController.MobileSignalController(2): isVolteAvailable=false
11-12 17:08:32.968  4277 16205 D PhoneInterfaceManager: isVideoTelephonyAvailable: sub Id : 2
11-12 17:08:32.968  4069  4382 D NetworkController.MobileSignalController(2): isVideoTelephonyAvailable=false
11-12 17:08:32.970  4069  4382 D NetworkController.MobileSignalController(2): Change in state from: connected=true,enabled=true,level=4,inetCondition=1,iconGroup=IconGroup(H+),activityIn=false,activityOut=false,rssi=0,lastModified=11-12 05:07:39,dataSim=true,networkName=Vivo,networkNameData=Vivo,dataConnected=true,roaming=false,isDefault=false,isEmergency=false,airplaneMode=false,carrierNetworkChangeMode=false,userSetup=true
11-12 17:08:32.970  4069  4382 D NetworkController.MobileSignalController(2): 	to: connected=true,enabled=true,level=4,inetCondition=1,iconGroup=IconGroup(H+),activityIn=true,activityOut=true,rssi=0,lastModified=11-12 05:07:39,dataSim=true,networkName=Vivo,networkNameData=Vivo,dataConnected=true,roaming=false,isDefault=false,isEmergency=false,airplaneMode=false,carrierNetworkChangeMode=false,userSetup=true
11-12 17:08:32.970  4069  4382 D NetworkController.MobileSignalController(2): SubscriptionInfo.getSimSlotIndex(): 0
11-12 17:08:32.970  4069  4382 D NetworkController: isSimOff(0): false
11-12 17:08:32.970  4069  4382 D NetworkController: hasPrefered: false
11-12 17:08:32.970  4069  4382 D NetworkController.MobileSignalController(2): SubscriptionInfo.getSimSlotIndex(): 0
11-12 17:08:32.970  4069  4382 D NetworkController: isSimOff(0): false
11-12 17:08:32.970  4069  4382 D NetworkController: hasPrefered: false
11-12 17:08:32.970  4069  4382 D NetworkController.MobileSignalController(2): SubscriptionInfo.getSimSlotIndex(): 0
11-12 17:08:32.970  4069  4382 D NetworkController: isSimOff(0): false
11-12 17:08:32.970  4069  4382 D NetworkController: hasPrefered: false
11-12 17:08:32.971  4069  4382 D NetworkController.MobileSignalController(2): notifyListeners NetworkCountryIso=br
11-12 17:08:32.975  4069  4069 D MoreNotificationIcon: implementMoreNotificationIcon(false)
11-12 17:08:32.976  4069  4069 D StatusBar: android checkMoreIconColorize: !isPreL: true isGrayscale: true
11-12 17:08:32.977 20030 20061 D UE4     : [2018.11.12-19.08.32:977][942]LogBlueprintUserMessages: [GoogleVRPawn_326] 
11-12 17:08:32.986 20030 20030 W Thread-2: type=1400 audit(0.0:24733): avc: denied { read } for name="stat" dev="proc" ino=4026532127 scontext=u:r:untrusted_app_25:s0:c512,c768 tcontext=u:object_r:proc_stat:s0 tclass=file permissive=0
11-12 17:08:32.994 20030 20061 D UE4     : [2018.11.12-19.08.32:994][943]LogBlueprintUserMessages: [GoogleVRPawn_326] 
11-12 17:08:33.013 20030 20061 D UE4     : [2018.11.12-19.08.33:013][944]LogBlueprintUserMessages: [GoogleVRPawn_326] 
11-12 17:08:33.028 20030 20061 D UE4     : [2018.11.12-19.08.33:028][945]LogBlueprintUserMessages: [GoogleVRPawn_326] 
11-12 17:08:33.044 20030 20061 D UE4     : [2018.11.12-19.08.33:044][946]LogBlueprintUserMessages: [GoogleVRPawn_326] 
11-12 17:08:33.061 20030 20061 D UE4     : [2018.11.12-19.08.33:061][947]LogBlueprintUserMessages: [GoogleVRPawn_326] 
11-12 17:08:33.077 20030 20061 D UE4     : [2018.11.12-19.08.33:077][948]LogBlueprintUserMessages: [GoogleVRPawn_326] 
11-12 17:08:33.086 20030 20030 W Thread-2: type=1400 audit(0.0:24734): avc: denied { read } for name="stat" dev="proc" ino=4026532127 scontext=u:r:untrusted_app_25:s0:c512,c768 tcontext=u:object_r:proc_stat:s0 tclass=file permissive=0
11-12 17:08:33.094 20030 20061 D UE4     : [2018.11.12-19.08.33:094][949]LogBlueprintUserMessages: [GoogleVRPawn_326] 
11-12 17:08:33.111 20030 20061 D UE4     : [2018.11.12-19.08.33:111][950]LogBlueprintUserMessages: [GoogleVRPawn_326] 
11-12 17:08:33.127 20030 20061 D UE4     : [2018.11.12-19.08.33:127][951]LogBlueprintUserMessages: [GoogleVRPawn_326] 
11-12 17:08:33.145 20030 20061 D UE4     : [2018.11.12-19.08.33:145][952]LogBlueprintUserMessages: [GoogleVRPawn_326] 
11-12 17:08:33.161 20030 20061 D UE4     : [2018.11.12-19.08.33:161][953]LogBlueprintUserMessages: [GoogleVRPawn_326] 
11-12 17:08:33.178 20030 20061 D UE4     : [2018.11.12-19.08.33:178][954]LogBlueprintUserMessages: [GoogleVRPawn_326] 
11-12 17:08:33.186 20030 20030 W Thread-2: type=1400 audit(0.0:24735): avc: denied { read } for name="stat" dev="proc" ino=4026532127 scontext=u:r:untrusted_app_25:s0:c512,c768 tcontext=u:object_r:proc_stat:s0 tclass=file permissive=0
11-12 17:08:33.196 20030 20061 D UE4     : [2018.11.12-19.08.33:196][955]LogBlueprintUserMessages: [GoogleVRPawn_326] 
11-12 17:08:33.212 20030 20061 D UE4     : [2018.11.12-19.08.33:212][956]LogBlueprintUserMessages: [GoogleVRPawn_326] 
11-12 17:08:33.228 20030 20061 D UE4     : [2018.11.12-19.08.33:228][957]LogBlueprintUserMessages: [GoogleVRPawn_326] 
11-12 17:08:33.245 20030 20061 D UE4     : [2018.11.12-19.08.33:245][958]LogBlueprintUserMessages: [GoogleVRPawn_326] 
11-12 17:08:33.263 20030 20061 D UE4     : [2018.11.12-19.08.33:263][959]LogBlueprintUserMessages: [GoogleVRPawn_326] 
11-12 17:08:33.279 20030 20061 D UE4     : [2018.11.12-19.08.33:279][960]LogBlueprintUserMessages: [GoogleVRPawn_326] 
11-12 17:08:33.294 20030 20061 D UE4     : [2018.11.12-19.08.33:294][961]LogBlueprintUserMessages: [GoogleVRPawn_326] 
11-12 17:08:33.296 20030 20030 W Thread-2: type=1400 audit(0.0:24736): avc: denied { read } for name="stat" dev="proc" ino=4026532127 scontext=u:r:untrusted_app_25:s0:c512,c768 tcontext=u:object_r:proc_stat:s0 tclass=file permissive=0
11-12 17:08:33.308  2975  4035 W WindowOrientationListener: proposedRotation = 0
11-12 17:08:33.311 20030 20061 D UE4     : [2018.11.12-19.08.33:311][962]LogBlueprintUserMessages: [GoogleVRPawn_326] 
11-12 17:08:33.329 20030 20061 D UE4     : [2018.11.12-19.08.33:329][963]LogBlueprintUserMessages: [GoogleVRPawn_326] 
11-12 17:08:33.345 20030 20061 D UE4     : [2018.11.12-19.08.33:345][964]LogBlueprintUserMessages: [GoogleVRPawn_326] 
11-12 17:08:33.361 20030 20061 D UE4     : [2018.11.12-19.08.33:361][965]LogBlueprintUserMessages: [GoogleVRPawn_326] 
11-12 17:08:33.379 20030 20061 D UE4     : [2018.11.12-19.08.33:379][966]LogBlueprintUserMessages: [GoogleVRPawn_326] 
11-12 17:08:33.394 20030 20061 D UE4     : [2018.11.12-19.08.33:394][967]LogBlueprintUserMessages: [GoogleVRPawn_326] 
11-12 17:08:33.396 20030 20030 W Thread-2: type=1400 audit(0.0:24737): avc: denied { read } for name="stat" dev="proc" ino=4026532127 scontext=u:r:untrusted_app_25:s0:c512,c768 tcontext=u:object_r:proc_stat:s0 tclass=file permissive=0
11-12 17:08:33.412 20030 20061 D UE4     : [2018.11.12-19.08.33:412][968]LogBlueprintUserMessages: [GoogleVRPawn_326] 
11-12 17:08:33.428 20030 20061 D UE4     : [2018.11.12-19.08.33:428][969]LogBlueprintUserMessages: [GoogleVRPawn_326] 
11-12 17:08:33.445 20030 20061 D UE4     : [2018.11.12-19.08.33:445][970]LogBlueprintUserMessages: [GoogleVRPawn_326] 
11-12 17:08:33.462 20030 20061 D UE4     : [2018.11.12-19.08.33:462][971]LogBlueprintUserMessages: [GoogleVRPawn_326] 
11-12 17:08:33.478 20030 20061 D UE4     : [2018.11.12-19.08.33:478][972]LogBlueprintUserMessages: [GoogleVRPawn_326] 
11-12 17:08:33.495 20030 20061 D UE4     : [2018.11.12-19.08.33:495][973]LogBlueprintUserMessages: [GoogleVRPawn_326] 
11-12 17:08:33.512 20030 20061 D UE4     : [2018.11.12-19.08.33:512][974]LogBlueprintUserMessages: [GoogleVRPawn_326] 
11-12 17:08:33.516 20030 20030 W Thread-2: type=1400 audit(0.0:24738): avc: denied { read } for name="stat" dev="proc" ino=4026532127 scontext=u:r:untrusted_app_25:s0:c512,c768 tcontext=u:object_r:proc_stat:s0 tclass=file permissive=0
11-12 17:08:33.531 20030 20061 D UE4     : [2018.11.12-19.08.33:531][975]LogBlueprintUserMessages: [GoogleVRPawn_326] 
11-12 17:08:33.545 20030 20061 D UE4     : [2018.11.12-19.08.33:545][976]LogBlueprintUserMessages: [GoogleVRPawn_326] 
11-12 17:08:33.545   680   751 E ANDR-PERF-REQUEST: Failed to set timer
11-12 17:08:33.552  4069  4069 D StatusBar: Status bar setSystemUiVisibility sbMode: 1
11-12 17:08:33.553  4069  4069 D GestureNavigationUtility: sIsNavigationBarHidden:true, sIsImmersive:true, sIsImmersiveByUser:false
11-12 17:08:33.555  4069  4069 D LightBarController: Check FullscreenLight
11-12 17:08:33.555  4069  4069 D LightBarController: Check light: false light: false
11-12 17:08:33.556  4069  4069 D LightBarController: Check DockedLight
11-12 17:08:33.556  4069  4069 D LightBarController: Check light: false light: false
11-12 17:08:33.556  4069  4069 D NavigationBar: Navigation bar setSystemUiVisibility nbMode: 1
11-12 17:08:33.558  4069  4069 D NavigationBarView: ImmersiveModeByUser: false
11-12 17:08:33.559  4069  4069 D LightBarController: Check HasLightNavigationBar
11-12 17:08:33.559  4069  4069 D LightBarController: Check light: false light: false
11-12 17:08:33.559  4069  4069 D LightBarController: mNavigationLight: false mHasLightNavigationBar: false mScrimAlphaBelowThreshold: true mImeShown: false
11-12 17:08:33.559  4069  4069 D MoreNotificationIcon: implementMoreNotificationIcon(false)
11-12 17:08:33.559  4069  4069 D StatusBar: android checkMoreIconColorize: !isPreL: true isGrayscale: true
11-12 17:08:33.564 20030 20061 D UE4     : [2018.11.12-19.08.33:564][977]LogBlueprintUserMessages: [GoogleVRPawn_326] 
11-12 17:08:33.570  4069  4069 D LightBarController: Check FullscreenLight
11-12 17:08:33.570  4069  4069 D LightBarController: Check light: false light: false
11-12 17:08:33.570  4069  4069 D LightBarController: Check DockedLight
11-12 17:08:33.570  4069  4069 D LightBarController: Check light: false light: false
11-12 17:08:33.572  4069  4069 D NavigationBar: Navigation bar setSystemUiVisibility nbMode: -1
11-12 17:08:33.573  4069  4069 D NavigationBarView: ImmersiveModeByUser: false
11-12 17:08:33.574  4069  4069 D MoreNotificationIcon: implementMoreNotificationIcon(false)
11-12 17:08:33.574  4069  4069 D StatusBar: android checkMoreIconColorize: !isPreL: true isGrayscale: true
11-12 17:08:33.578 20030 20061 D UE4     : [2018.11.12-19.08.33:578][978]LogBlueprintUserMessages: [GoogleVRPawn_326] 
11-12 17:08:33.595 20030 20061 D UE4     : [2018.11.12-19.08.33:595][979]LogBlueprintUserMessages: [GoogleVRPawn_326] 
11-12 17:08:33.606   665   982 D SDM     : DisplayBase::BuildLayerStackStats: LayerStack layer_count: 5, app_layer_count: 4, gpu_target_index: 4, display type: 0
11-12 17:08:33.615 20030 20061 D UE4     : [2018.11.12-19.08.33:615][980]LogBlueprintUserMessages: [GoogleVRPawn_326] 
11-12 17:08:33.616 20030 20030 W Thread-2: type=1400 audit(0.0:24739): avc: denied { read } for name="stat" dev="proc" ino=4026532127 scontext=u:r:untrusted_app_25:s0:c512,c768 tcontext=u:object_r:proc_stat:s0 tclass=file permissive=0
11-12 17:08:33.622   665   982 D SDM     : DisplayBase::BuildLayerStackStats: LayerStack layer_count: 5, app_layer_count: 4, gpu_target_index: 4, display type: 0
11-12 17:08:33.632 20030 20061 D UE4     : [2018.11.12-19.08.33:632][981]LogBlueprintUserMessages: [GoogleVRPawn_326] 
11-12 17:08:33.639   665   982 D SDM     : DisplayBase::BuildLayerStackStats: LayerStack layer_count: 5, app_layer_count: 4, gpu_target_index: 4, display type: 0
11-12 17:08:33.647 20030 20061 D UE4     : [2018.11.12-19.08.33:647][982]LogBlueprintUserMessages: [GoogleVRPawn_326] 
11-12 17:08:33.655   665   982 D SDM     : DisplayBase::BuildLayerStackStats: LayerStack layer_count: 5, app_layer_count: 4, gpu_target_index: 4, display type: 0
11-12 17:08:33.664 20030 20061 D UE4     : [2018.11.12-19.08.33:664][983]LogBlueprintUserMessages: [GoogleVRPawn_326] 
11-12 17:08:33.672   665   982 D SDM     : DisplayBase::BuildLayerStackStats: LayerStack layer_count: 5, app_layer_count: 4, gpu_target_index: 4, display type: 0
11-12 17:08:33.681 20030 20061 D UE4     : [2018.11.12-19.08.33:681][984]LogBlueprintUserMessages: [GoogleVRPawn_326] 
11-12 17:08:33.689   665   982 D SDM     : DisplayBase::BuildLayerStackStats: LayerStack layer_count: 5, app_layer_count: 4, gpu_target_index: 4, display type: 0
11-12 17:08:33.698 20030 20061 D UE4     : [2018.11.12-19.08.33:698][985]LogBlueprintUserMessages: [GoogleVRPawn_326] 
11-12 17:08:33.706   665   982 D SDM     : DisplayBase::BuildLayerStackStats: LayerStack layer_count: 5, app_layer_count: 4, gpu_target_index: 4, display type: 0
11-12 17:08:33.714 20030 20061 D UE4     : [2018.11.12-19.08.33:714][986]LogBlueprintUserMessages: [GoogleVRPawn_326] 
11-12 17:08:33.725  4069  4069 D MoreNotificationIcon: implementMoreNotificationIcon(false)
11-12 17:08:33.725  4069  4069 D StatusBar: android checkMoreIconColorize: !isPreL: true isGrayscale: true
11-12 17:08:33.729 20030 20061 D UE4     : [2018.11.12-19.08.33:729][987]LogBlueprintUserMessages: [GoogleVRPawn_326] 
11-12 17:08:33.736 20030 20030 W Thread-2: type=1400 audit(0.0:24740): avc: denied { read } for name="stat" dev="proc" ino=4026532127 scontext=u:r:untrusted_app_25:s0:c512,c768 tcontext=u:object_r:proc_stat:s0 tclass=file permissive=0
11-12 17:08:33.745 20030 20061 D UE4     : [2018.11.12-19.08.33:745][988]LogBlueprintUserMessages: [GoogleVRPawn_326] 
11-12 17:08:33.755   665   982 D SDM     : DisplayBase::BuildLayerStackStats: LayerStack layer_count: 5, app_layer_count: 4, gpu_target_index: 4, display type: 0
11-12 17:08:33.765 20030 20061 D UE4     : [2018.11.12-19.08.33:765][989]LogBlueprintUserMessages: [GoogleVRPawn_326] 
11-12 17:08:33.772   665   982 D SDM     : DisplayBase::BuildLayerStackStats: LayerStack layer_count: 5, app_layer_count: 4, gpu_target_index: 4, display type: 0
11-12 17:08:33.780 20030 20061 D UE4     : [2018.11.12-19.08.33:780][990]LogBlueprintUserMessages: [GoogleVRPawn_326] 
11-12 17:08:33.796 20030 20061 D UE4     : [2018.11.12-19.08.33:796][991]LogBlueprintUserMessages: [GoogleVRPawn_326] 
11-12 17:08:33.813 20030 20061 D UE4     : [2018.11.12-19.08.33:812][992]LogBlueprintUserMessages: [GoogleVRPawn_326] 
11-12 17:08:33.830 20030 20061 D UE4     : [2018.11.12-19.08.33:830][993]LogBlueprintUserMessages: [GoogleVRPawn_326] 
11-12 17:08:33.836 20030 20030 W Thread-2: type=1400 audit(0.0:24741): avc: denied { read } for name="stat" dev="proc" ino=4026532127 scontext=u:r:untrusted_app_25:s0:c512,c768 tcontext=u:object_r:proc_stat:s0 tclass=file permissive=0
11-12 17:08:33.847 20030 20061 D UE4     : [2018.11.12-19.08.33:847][994]LogBlueprintUserMessages: [GoogleVRPawn_326] 
11-12 17:08:33.862 20030 20061 D UE4     : [2018.11.12-19.08.33:862][995]LogBlueprintUserMessages: [GoogleVRPawn_326] 
11-12 17:08:33.879 20030 20061 D UE4     : [2018.11.12-19.08.33:879][996]LogBlueprintUserMessages: [GoogleVRPawn_326] 
11-12 17:08:33.897 20030 20061 D UE4     : [2018.11.12-19.08.33:897][997]LogBlueprintUserMessages: [GoogleVRPawn_326] 
11-12 17:08:33.914 20030 20061 D UE4     : [2018.11.12-19.08.33:914][998]LogBlueprintUserMessages: [GoogleVRPawn_326] 
11-12 17:08:33.931 20030 20061 D UE4     : [2018.11.12-19.08.33:931][999]LogBlueprintUserMessages: [GoogleVRPawn_326] 
11-12 17:08:33.936 20030 20030 W Thread-2: type=1400 audit(0.0:24742): avc: denied { read } for name="stat" dev="proc" ino=4026532127 scontext=u:r:untrusted_app_25:s0:c512,c768 tcontext=u:object_r:proc_stat:s0 tclass=file permissive=0
11-12 17:08:33.948 20030 20061 D UE4     : [2018.11.12-19.08.33:948][  0]LogBlueprintUserMessages: [GoogleVRPawn_326] 
11-12 17:08:33.964 20030 20061 D UE4     : [2018.11.12-19.08.33:964][  1]LogBlueprintUserMessages: [GoogleVRPawn_326] 
11-12 17:08:33.969  4069  4382 D NetworkController.MobileSignalController(2): onDataActivity: direction=1
11-12 17:08:33.970  4277 16205 D PhoneInterfaceManager: isWifiCallingAvailable: sub Id : 2
11-12 17:08:33.970  4069  4382 D NetworkController.MobileSignalController(2): isWifiCallingAvailable=false
11-12 17:08:33.971  4277 16205 D PhoneInterfaceManager: isVolteAvailable: sub Id : 2
11-12 17:08:33.972  4069  4382 D NetworkController.MobileSignalController(2): isVolteAvailable=false
11-12 17:08:33.973  4277 16205 D PhoneInterfaceManager: isVideoTelephonyAvailable: sub Id : 2
11-12 17:08:33.974  4069  4382 D NetworkController.MobileSignalController(2): isVideoTelephonyAvailable=false
11-12 17:08:33.975  4069  4382 D NetworkController.MobileSignalController(2): Change in state from: connected=true,enabled=true,level=4,inetCondition=1,iconGroup=IconGroup(H+),activityIn=true,activityOut=true,rssi=0,lastModified=11-12 05:08:32,dataSim=true,networkName=Vivo,networkNameData=Vivo,dataConnected=true,roaming=false,isDefault=false,isEmergency=false,airplaneMode=false,carrierNetworkChangeMode=false,userSetup=true
11-12 17:08:33.975  4069  4382 D NetworkController.MobileSignalController(2): 	to: connected=true,enabled=true,level=4,inetCondition=1,iconGroup=IconGroup(H+),activityIn=true,activityOut=false,rssi=0,lastModified=11-12 05:08:32,dataSim=true,networkName=Vivo,networkNameData=Vivo,dataConnected=true,roaming=false,isDefault=false,isEmergency=false,airplaneMode=false,carrierNetworkChangeMode=false,userSetup=true
11-12 17:08:33.975  4069  4382 D NetworkController.MobileSignalController(2): SubscriptionInfo.getSimSlotIndex(): 0
11-12 17:08:33.975  4069  4382 D NetworkController: isSimOff(0): false
11-12 17:08:33.976  4069  4382 D NetworkController: hasPrefered: false
11-12 17:08:33.976  4069  4382 D NetworkController.MobileSignalController(2): SubscriptionInfo.getSimSlotIndex(): 0
11-12 17:08:33.976  4069  4382 D NetworkController: isSimOff(0): false
11-12 17:08:33.976  4069  4382 D NetworkController: hasPrefered: false
11-12 17:08:33.976  4069  4382 D NetworkController.MobileSignalController(2): SubscriptionInfo.getSimSlotIndex(): 0
11-12 17:08:33.976  4069  4382 D NetworkController: isSimOff(0): false
11-12 17:08:33.976  4069  4382 D NetworkController: hasPrefered: false
11-12 17:08:33.977  4069  4382 D NetworkController.MobileSignalController(2): notifyListeners NetworkCountryIso=br
11-12 17:08:33.981  4069  4069 D MoreNotificationIcon: implementMoreNotificationIcon(false)
11-12 17:08:33.981  4069  4069 D StatusBar: android checkMoreIconColorize: !isPreL: true isGrayscale: true
11-12 17:08:33.982 20030 20061 D UE4     : [2018.11.12-19.08.33:982][  2]LogBlueprintUserMessages: [GoogleVRPawn_326] 
11-12 17:08:33.997 20030 20061 D UE4     : [2018.11.12-19.08.33:997][  3]LogBlueprintUserMessages: [GoogleVRPawn_326] 
11-12 17:08:34.014 20030 20061 D UE4     : [2018.11.12-19.08.34:014][  4]LogBlueprintUserMessages: [GoogleVRPawn_326] 
11-12 17:08:34.031 20030 20061 D UE4     : [2018.11.12-19.08.34:031][  5]LogBlueprintUserMessages: [GoogleVRPawn_326] 
11-12 17:08:34.048 20030 20061 D UE4     : [2018.11.12-19.08.34:048][  6]LogBlueprintUserMessages: [GoogleVRPawn_326] 
11-12 17:08:34.056 20030 20030 W Thread-2: type=1400 audit(0.0:24743): avc: denied { read } for name="stat" dev="proc" ino=4026532127 scontext=u:r:untrusted_app_25:s0:c512,c768 tcontext=u:object_r:proc_stat:s0 tclass=file permissive=0
11-12 17:08:34.064 20030 20061 D UE4     : [2018.11.12-19.08.34:064][  7]LogBlueprintUserMessages: [GoogleVRPawn_326] 
11-12 17:08:34.081 20030 20061 D UE4     : [2018.11.12-19.08.34:081][  8]LogBlueprintUserMessages: [GoogleVRPawn_326] 
11-12 17:08:34.097 20030 20061 D UE4     : [2018.11.12-19.08.34:097][  9]LogBlueprintUserMessages: [GoogleVRPawn_326] 
11-12 17:08:34.113 20030 20061 D UE4     : [2018.11.12-19.08.34:113][ 10]LogBlueprintUserMessages: [GoogleVRPawn_326] 
11-12 17:08:34.132 20030 20061 D UE4     : [2018.11.12-19.08.34:132][ 11]LogBlueprintUserMessages: [GoogleVRPawn_326] 
11-12 17:08:34.149 20030 20061 D UE4     : [2018.11.12-19.08.34:149][ 12]LogBlueprintUserMessages: [GoogleVRPawn_326] 
11-12 17:08:34.156 20030 20030 W Thread-2: type=1400 audit(0.0:24744): avc: denied { read } for name="stat" dev="proc" ino=4026532127 scontext=u:r:untrusted_app_25:s0:c512,c768 tcontext=u:object_r:proc_stat:s0 tclass=file permissive=0
11-12 17:08:34.165 20030 20061 D UE4     : [2018.11.12-19.08.34:165][ 13]LogBlueprintUserMessages: [GoogleVRPawn_326] 
11-12 17:08:34.182 20030 20061 D UE4     : [2018.11.12-19.08.34:182][ 14]LogBlueprintUserMessages: [GoogleVRPawn_326] 
11-12 17:08:34.198 20030 20061 D UE4     : [2018.11.12-19.08.34:198][ 15]LogBlueprintUserMessages: [GoogleVRPawn_326] 
11-12 17:08:34.214 20030 20061 D UE4     : [2018.11.12-19.08.34:214][ 16]LogBlueprintUserMessages: [GoogleVRPawn_326] 
11-12 17:08:34.233 20030 20061 D UE4     : [2018.11.12-19.08.34:233][ 17]LogBlueprintUserMessages: [GoogleVRPawn_326] 
11-12 17:08:34.250 20030 20061 D UE4     : [2018.11.12-19.08.34:250][ 18]LogBlueprintUserMessages: [GoogleVRPawn_326] 
11-12 17:08:34.256 20030 20030 W Thread-2: type=1400 audit(0.0:24745): avc: denied { read } for name="stat" dev="proc" ino=4026532127 scontext=u:r:untrusted_app_25:s0:c512,c768 tcontext=u:object_r:proc_stat:s0 tclass=file permissive=0
11-12 17:08:34.266 20030 20061 D UE4     : [2018.11.12-19.08.34:266][ 19]LogBlueprintUserMessages: [GoogleVRPawn_326] 
11-12 17:08:34.282 20030 20061 D UE4     : [2018.11.12-19.08.34:282][ 20]LogBlueprintUserMessages: [GoogleVRPawn_326] 
11-12 17:08:34.299 20030 20061 D UE4     : [2018.11.12-19.08.34:299][ 21]LogBlueprintUserMessages: [GoogleVRPawn_326] 
11-12 17:08:34.312  4069  4069 D NavigationBarView: onInterceptTouchEvent name: 0 x = 90 y = 288
11-12 17:08:34.312  4069  4069 D KeyButtonView: ACTION_DOWN mCode: 0
11-12 17:08:34.315 20030 20061 D UE4     : [2018.11.12-19.08.34:315][ 22]LogBlueprintUserMessages: [GoogleVRPawn_326] 
11-12 17:08:34.324  4069  4069 D NavigationBarView: onInterceptTouchEvent name: 2 x = 90 y = 288
11-12 17:08:34.331 20030 20061 D UE4     : [2018.11.12-19.08.34:331][ 23]LogBlueprintUserMessages: [GoogleVRPawn_326] 
11-12 17:08:34.340   665   982 D SDM     : DisplayBase::BuildLayerStackStats: LayerStack layer_count: 5, app_layer_count: 4, gpu_target_index: 4, display type: 0
11-12 17:08:34.350 20030 20061 D UE4     : [2018.11.12-19.08.34:350][ 24]LogBlueprintUserMessages: [GoogleVRPawn_326] 
11-12 17:08:34.351  4069  4069 D NavigationBarView: onInterceptTouchEvent name: 2 x = 90 y = 288
11-12 17:08:34.356  4069  4069 D NavigationBarView: onInterceptTouchEvent name: 2 x = 90 y = 288
11-12 17:08:34.364 20030 20061 D UE4     : [2018.11.12-19.08.34:364][ 25]LogBlueprintUserMessages: [GoogleVRPawn_326] 
11-12 17:08:34.366 20030 20030 W Thread-2: type=1400 audit(0.0:24746): avc: denied { read } for name="stat" dev="proc" ino=4026532127 scontext=u:r:untrusted_app_25:s0:c512,c768 tcontext=u:object_r:proc_stat:s0 tclass=file permissive=0
11-12 17:08:34.378  4069  4069 D NavigationBarView: onInterceptTouchEvent name: 1 x = 90 y = 288
11-12 17:08:34.379  4069  4069 D KeyButtonView: ACTION_UP mCode: 0
11-12 17:08:34.379  4069  4069 D NavigationBar: Navigation bar Recents click!!
11-12 17:08:34.380  4069  4069 D Recents : setIsRecentLaunching true
11-12 17:08:34.382 20030 20061 D UE4     : [2018.11.12-19.08.34:382][ 26]LogBlueprintUserMessages: [GoogleVRPawn_326] 
11-12 17:08:34.397 20030 20061 D UE4     : [2018.11.12-19.08.34:397][ 27]LogBlueprintUserMessages: [GoogleVRPawn_326] 
11-12 17:08:34.403  2975  2992 I ActivityManager: START u0 {flg=0x10804000 cmp=com.android.systemui/.recents.RecentsActivity} from uid 10018
11-12 17:08:34.414 20030 20061 D UE4     : [2018.11.12-19.08.34:414][ 28]LogBlueprintUserMessages: [GoogleVRPawn_326] 
11-12 17:08:34.415  4069  4069 E BufferItemConsumer: [unnamed-4069-189] Failed to release buffer: Unknown error -1 (1)
11-12 17:08:34.416  2975  2992 D ActivityTrigger: activityResumeTrigger: The activity in ApplicationInfo{2bc4af4 com.android.systemui} is now in focus and seems to be in full-screen mode
11-12 17:08:34.416  2975  2992 E ActivityTrigger: activityResumeTrigger: not whiteListedcom.android.systemui/com.android.systemui.recents.RecentsActivity/1511938000
11-12 17:08:34.416  2975  2992 D ActivityTrigger: ActivityTrigger activityPauseTrigger 
11-12 17:08:34.418 20030 20062 D UE4     : Case APP_CMD_PAUSE
11-12 17:08:34.418 20030 20062 D UE4     : LogAndroidEvents: EnqueueAppEvent : 6, 0, tid = 20062
11-12 17:08:34.419   670   670 I sensors-hal: activate:126, android.sensor.gyroscope/4 en=0
11-12 17:08:34.419  2975  2992 I InputDispatcher: Window 'Window{7f163af u0 com.YourCompany.SkyVision/com.epicgames.ue4.GameActivity}' spent 11.3ms processing input events on average(0/6). Monitor spent 0.8ms processing input events on average(0/19). Window input events down spent 5.3ms on average (0/1). Window input events up spent 2.1ms on average (0/1). Monitor input events down spent 2.6ms on average (0/2). Monitor input events up spent 1.1ms on average (0/2).
11-12 17:08:34.419 20030 20061 D UE4     : [2018.11.12-19.08.34:419][ 29]LogAndroid: Case APP_CMD_PAUSE
11-12 17:08:34.420   670   670 I sensors-hal: activate:137, android.sensor.gyroscope/4 en=0 completed
11-12 17:08:34.420   670   670 I sensors-hal: activate:126, android.sensor.magnetic_field/32 en=0
11-12 17:08:34.424  2975  5379 W WindowOrientationListener: setCurrentRotation(0)
11-12 17:08:34.427   670   670 I sensors-hal: activate:137, android.sensor.magnetic_field/32 en=0 completed
11-12 17:08:34.428   670   670 I sensors-hal: batch:159, android.sensor.accelerometer/34, period=2500000, max_latency=0
11-12 17:08:34.428   670   670 I sensors-hal: batch:168, android.sensor.accelerometer/34, period=2500000, max_latency=0 request completed
11-12 17:08:34.429 20030 20030 D UE4     : ==============> GameActive.onPause complete!
11-12 17:08:34.431 20030 20061 D UE4     : LogAndroidEvents: Display: DequeueAppEvent : 6, 0
11-12 17:08:34.431 20030 20061 D UE4     : 
11-12 17:08:34.432 20030 20061 D UE4     : [2018.11.12-19.08.34:432][ 29]LogAndroidEvents: Display: DequeueAppEvent : 6, 0
11-12 17:08:34.433 20030 20169 D UE4     : *** JavaEnvDestructor: 20169
11-12 17:08:34.442  2975  2992 D WindowManager: adjustConfigurationLw, config:{0 1.0 724mcc10mnc [pt_BR] ldltr sw360dp w360dp h675dp 480dpi nrml long hdr port finger -keyb/v/h -nav/v appBounds=Rect(0, 0 - 1080, 2114) s.87} mLidState:-1 mHasDockFeature:false mHasKeyboardFeature:false mHasHallSensorFeature:false config.hardKeyboardHidden:2
11-12 17:08:34.442  2975  2992 I ActivityManager: Config changes=480 {0 1.0 724mcc10mnc [pt_BR] ldltr sw360dp w360dp h675dp 480dpi nrml long hdr port finger -keyb/v/h -nav/h appBounds=Rect(0, 0 - 1080, 2114) s.88}
11-12 17:08:34.443   665   982 D SDM     : DisplayBase::BuildLayerStackStats: LayerStack layer_count: 5, app_layer_count: 4, gpu_target_index: 4, display type: 0
11-12 17:08:34.456   695   695 D SurfaceFlinger: Backpressure trigger, skipping transaction & refresh!
11-12 17:08:34.462  2975  2992 I ActivityManager: Override config changes=480 {0 1.0 724mcc10mnc [pt_BR] ldltr sw360dp w360dp h675dp 480dpi nrml long hdr port finger -keyb/v/h -nav/h appBounds=Rect(0, 0 - 1080, 2114) s.88} for displayId=0
11-12 17:08:34.463  2975  2992 D WindowManager: adjustConfigurationLw, config:{0 1.0 724mcc10mnc [pt_BR] ldltr sw360dp w360dp h675dp 480dpi nrml long hdr port finger -keyb/v/h -nav/v appBounds=Rect(0, 0 - 1080, 2114) s.88} mLidState:-1 mHasDockFeature:false mHasKeyboardFeature:false mHasHallSensorFeature:false config.hardKeyboardHidden:2
11-12 17:08:34.464  2975  2992 D WindowManager: adjustConfigurationLw, config:{0 1.0 724mcc10mnc [pt_BR] ldltr sw360dp w360dp h675dp 480dpi nrml long hdr port finger -keyb/v/h -nav/v appBounds=Rect(0, 0 - 1080, 2114) s.88} mLidState:-1 mHasDockFeature:false mHasKeyboardFeature:false mHasHallSensorFeature:false config.hardKeyboardHidden:2
11-12 17:08:34.465  2975  2992 D WindowManager: adjustConfigurationLw, config:{0 1.0 724mcc10mnc [pt_BR] ldltr sw360dp w360dp h748dp 480dpi nrml long port finger -keyb/v/h -nav/v appBounds=Rect(0, 0 - 1080, 2246) s.88} mLidState:-1 mHasDockFeature:false mHasKeyboardFeature:false mHasHallSensorFeature:false config.hardKeyboardHidden:2
11-12 17:08:34.467  2975  2992 I WindowManager: Failed to capture screenshot of Token{518603d ActivityRecord{1829d94 u0 com.YourCompany.SkyVision/com.epicgames.ue4.GameActivity t3062}} appWin=Window{7f163af u0 com.YourCompany.SkyVision/com.epicgames.ue4.GameActivity} drawState=4
11-12 17:08:34.468  2975  2992 D ActivityManager: [MemInfo] Before resuming ActivityRecord{45d2606 u0 com.android.systemui/.recents.RecentsActivity t2983}. System free memory=1550766080
11-12 17:08:34.470  2975  2992 D CompatibilityInfo: mCompatibilityFlags - 0
11-12 17:08:34.470  2975  2992 D CompatibilityInfo: applicationDensity - 480
11-12 17:08:34.470  2975  2992 D CompatibilityInfo: applicationScale - 1.0
11-12 17:08:34.473   695   695 D SurfaceFlinger: Backpressure trigger, skipping transaction & refresh!
11-12 17:08:34.474   669   669 I QTI PowerHAL: Disable request for mode: 0x1
11-12 17:08:34.474   669   669 D QTI PowerHAL: Releasing handle 0x11c02
11-12 17:08:34.474   669   669 D QTI PowerHAL: Couldn't find the hint for mode 0x0
11-12 17:08:34.474   669   669 I QTI PowerHAL: Current mode is 0x0
11-12 17:08:34.476  2975  4046 D InadvertentTouchController: <MSG_DISPLAY_CHANGED> mInadvertentTouchEnable or mCompleteSetupWizard false. return
11-12 17:08:34.477  2975  2975 I DeviceIdleController: becomeActiveLocked, reason = screen
11-12 17:08:34.477  2975  2975 D Telecom : AsusTelecomReceiver: AsusTelecomReceiver: onReceive()...action = android.intent.action.CONFIGURATION_CHANGED
11-12 17:08:34.480  4277 16205 D [TELESERVICE][AsusPhoneUtils]: getMobileSlot(): slotId = 0
11-12 17:08:34.489   695   695 D SurfaceFlinger: Backpressure trigger, skipping transaction & refresh!
11-12 17:08:34.492  2975 20221 V AudioService.RotationHelper: publishing device rotation =0 (x90deg)
11-12 17:08:34.494  2975  5379 D WindowManager: adjustConfigurationLw, config:{0 0.0 ?mcc?mnc ?localeList ?layoutDir sw360dp w360dp h675dp 480dpi nrml long hdr port ?uimode ?night finger -keyb/v/h -nav/v appBounds=Rect(0, 0 - 1080, 2114)} mLidState:-1 mHasDockFeature:false mHasKeyboardFeature:false mHasHallSensorFeature:false config.hardKeyboardHidden:2
11-12 17:08:34.496  2975  2997 D ActivityTrigger: ActivityTrigger activityStopTrigger 
11-12 17:08:34.496  4459  4516 D OpenedTimeAppInfoProvider: Update DB : number of affected records : 1
