--------- beginning of main
12-09 11:44:49.017  3711  3749 I QcrilOemhookMsgTunnel: [0]processOemHookIndication length=21
12-09 11:44:49.017  3711  3749 I QcrilOemhookMsgTunnel: [0]Response ID in RIL_UNSOL_OEM_HOOK_RAW is 525306
12-09 11:44:49.017  3711  3711 D QcrilMsgTunnelIfaceManager: handleMessage what = 0
12-09 11:44:49.019  3517  3517 D QC_RIL_OEM_HOOK: Received Broadcast Intent ACTION_UNSOL_RESPONSE_OEM_HOOK_RAW
12-09 11:44:49.019  3482  3482 D QC_RIL_OEM_HOOK: Received Broadcast Intent ACTION_UNSOL_RESPONSE_OEM_HOOK_RAW
12-09 11:44:49.019  3517  3517 D QC_RIL_OEM_HOOK: Oem ID in QCRILHOOK UNSOL RESP is QOEMHOOK
12-09 11:44:49.019  3482  3482 D QC_RIL_OEM_HOOK: Oem ID in QCRILHOOK UNSOL RESP is QOEMHOOK
12-09 11:44:49.019  3517  3517 D QC_RIL_OEM_HOOK: Received Broadcast Intent ACTION_UNSOL_RESPONSE_OEM_HOOK_RAW
12-09 11:44:49.019  3517  3517 D QC_RIL_OEM_HOOK: Oem ID in QCRILHOOK UNSOL RESP is QOEMHOOK
12-09 11:44:49.023  3306  3686 D NetworkController.MobileSignalController(2): onSignalStrengthsChanged signalStrength=SignalStrength: 99 0 0 -120 -160 -120 -1 -1 31 -73 -7 260 2147483647 0 2147483647 gsm|lte level=5
12-09 11:44:49.023  3306  3686 D NetworkController.MobileSignalController(2): updateTelephonySignalStrength: hasService=true ss=SignalStrength: 99 0 0 -120 -160 -120 -1 -1 31 -73 -7 260 2147483647 0 2147483647 gsm|lte
12-09 11:44:49.023  3517  8896 D PhoneInterfaceManager: isWifiCallingAvailable: sub Id : 2
12-09 11:44:49.024  3306  3686 D NetworkController.MobileSignalController(2): isWifiCallingAvailable=false
12-09 11:44:49.024  3517  8896 D PhoneInterfaceManager: isVolteAvailable: sub Id : 2
12-09 11:44:49.024  3306  3686 D NetworkController.MobileSignalController(2): isVolteAvailable=false
12-09 11:44:49.027  3517  8896 D PhoneInterfaceManager: isVideoTelephonyAvailable: sub Id : 2
12-09 11:44:49.028  3306  3686 D NetworkController.MobileSignalController(2): isVideoTelephonyAvailable=false
12-09 11:44:49.030  3306  3686 D NetworkController.MobileSignalController(2): onDataActivity: direction=0
12-09 11:44:49.031  3517  8896 D PhoneInterfaceManager: isWifiCallingAvailable: sub Id : 2
12-09 11:44:49.031  3306  3686 D NetworkController.MobileSignalController(2): isWifiCallingAvailable=false
12-09 11:44:49.031  3517  8896 D PhoneInterfaceManager: isVolteAvailable: sub Id : 2
12-09 11:44:49.032  3306  3686 D NetworkController.MobileSignalController(2): isVolteAvailable=false
12-09 11:44:49.032  3517  8896 D PhoneInterfaceManager: isVideoTelephonyAvailable: sub Id : 2
12-09 11:44:49.033  3306  3686 D NetworkController.MobileSignalController(2): isVideoTelephonyAvailable=false
12-09 11:44:49.033  3306  3686 D NetworkController.MobileSignalController(2): onDataActivity: direction=4
12-09 11:44:49.033  3517  8896 D PhoneInterfaceManager: isWifiCallingAvailable: sub Id : 2
12-09 11:44:49.034  3306  3686 D NetworkController.MobileSignalController(2): isWifiCallingAvailable=false
12-09 11:44:49.034  3517  8896 D PhoneInterfaceManager: isVolteAvailable: sub Id : 2
12-09 11:44:49.034  3306  3686 D NetworkController.MobileSignalController(2): isVolteAvailable=false
12-09 11:44:49.034  3517  8896 D PhoneInterfaceManager: isVideoTelephonyAvailable: sub Id : 2
12-09 11:44:49.035  3306  3686 D NetworkController.MobileSignalController(2): isVideoTelephonyAvailable=false
12-09 11:44:49.057  3306  3686 D NetworkController.MobileSignalController(2): onServiceStateChanged voiceState=0 dataState=0
12-09 11:44:49.057  3306  3686 D NetworkController.MobileSignalController(2): updateTelephonySignalStrength: hasService=true ss=SignalStrength: 99 0 0 -120 -160 -120 -1 -1 31 -73 -7 260 2147483647 0 2147483647 gsm|lte
12-09 11:44:49.057  3517 11485 D PhoneInterfaceManager: isWifiCallingAvailable: sub Id : 2
12-09 11:44:49.058  3306  3686 D NetworkController.MobileSignalController(2): isWifiCallingAvailable=false
12-09 11:44:49.058  3306  3306 D KeyguardUpdateMonitor: received broadcast android.intent.action.SERVICE_STATE
12-09 11:44:49.058  3517  3517 D ServiceStateProvider: subId=2
12-09 11:44:49.059  3306  3306 V KeyguardUpdateMonitor: action android.intent.action.SERVICE_STATE serviceState=0 0 voice home data home VIVO VIVO 72410 VIVO VIVO 72410  LTE LTE CSS not supported -1 -1 RoamInd=-1 DefRoamInd=-1 EmergOnly=false IsDataRoamingFromRegistration=false IsUsingCarrierAggregation=false mLteEarfcnRsrpBoost=0 subId=2
12-09 11:44:49.059  3306  3306 D KeyguardUpdateMonitor: handleServiceStateChange(subId=2, serviceState=0 0 voice home data home VIVO VIVO 72410 VIVO VIVO 72410  LTE LTE CSS not supported -1 -1 RoamInd=-1 DefRoamInd=-1 EmergOnly=false IsDataRoamingFromRegistration=false IsUsingCarrierAggregation=false mLteEarfcnRsrpBoost=0
12-09 11:44:49.059  3306  3306 D CarrierText: N=1
12-09 11:44:49.059  3306  3306 D CarrierText: isBrazilCountryCode subId=2 simCountryISO=br result=true
12-09 11:44:49.060  3517 11485 D PhoneInterfaceManager: isVolteAvailable: sub Id : 2
12-09 11:44:49.060  3306  3686 D NetworkController.MobileSignalController(2): isVolteAvailable=false
12-09 11:44:49.061  3306  3306 D CarrierText: i=0 subId=2 status=Normal ss=true
12-09 11:44:49.061  3306  3306 D CarrierText: getRoaming=false
12-09 11:44:49.061  3306  3306 D CarrierText: Handling (subId=2): READY Vivo
12-09 11:44:49.061  3463  3635 I QCNEJ/CndHalConnector: -> SND notifyWwanSubtypeChanged(13)
12-09 11:44:49.063  3306  3306 D CarrierText: Handling subId=2 simState=READY carrierName=Vivo carrierTextForSimState=Vivo mSimSlotMessage={}
12-09 11:44:49.064  3306  3306 D CarrierText: subId=2 voice_network_type=13 network_class=3 is2G=false hasService=true
12-09 11:44:49.064  3306  3306 D CarrierText: displayText=null carrierTextForSimState=Vivo
12-09 11:44:49.064  3306  3306 D CarrierText: SIM ready and in service: subId=2, ss=0 0 voice home data home VIVO VIVO 72410 VIVO VIVO 72410  LTE LTE CSS not supported -1 -1 RoamInd=-1 DefRoamInd=-1 EmergOnly=false IsDataRoamingFromRegistration=false IsUsingCarrierAggregation=false mLteEarfcnRsrpBoost=0
12-09 11:44:49.064  3306  3306 D CarrierText: displayText--Vivo
12-09 11:44:49.064  3517  8896 D PhoneInterfaceManager: isVideoTelephonyAvailable: sub Id : 2
12-09 11:44:49.064  3306  3686 D NetworkController.MobileSignalController(2): isVideoTelephonyAvailable=false
12-09 11:44:49.064  3306  3306 D CarrierText: N=1
12-09 11:44:49.065  3306  3686 D NetworkController.MobileSignalController(2): Change in state from: connected=true,enabled=true,level=5,inetCondition=1,iconGroup=IconGroup(4G+),activityIn=false,activityOut=false,rssi=0,lastModified=12-09 11:44:38,dataSim=true,networkName=Vivo,networkNameData=Vivo,dataConnected=true,roaming=false,isDefault=false,isEmergency=false,airplaneMode=false,carrierNetworkChangeMode=false,userSetup=true
12-09 11:44:49.065  3306  3686 D NetworkController.MobileSignalController(2): 	to: connected=true,enabled=true,level=5,inetCondition=1,iconGroup=IconGroup(4G),activityIn=false,activityOut=false,rssi=0,lastModified=12-09 11:44:38,dataSim=true,networkName=Vivo,networkNameData=Vivo,dataConnected=true,roaming=false,isDefault=false,isEmergency=false,airplaneMode=false,carrierNetworkChangeMode=false,userSetup=true
12-09 11:44:49.065  3306  3686 D NetworkController.MobileSignalController(2): SubscriptionInfo.getSimSlotIndex(): 0
12-09 11:44:49.065  3306  3686 D NetworkController: isSimOff(0): false
12-09 11:44:49.065  3306  3686 D NetworkController: hasPrefered: false
12-09 11:44:49.065  3306  3686 D NetworkController.MobileSignalController(2): SubscriptionInfo.getSimSlotIndex(): 0
12-09 11:44:49.065  3306  3686 D NetworkController: isSimOff(0): false
12-09 11:44:49.065  3306  3686 D NetworkController: hasPrefered: false
12-09 11:44:49.065  3306  3686 D NetworkController.MobileSignalController(2): SubscriptionInfo.getSimSlotIndex(): 0
12-09 11:44:49.065  3306  3686 D NetworkController: isSimOff(0): false
12-09 11:44:49.066  3306  3686 D NetworkController: hasPrefered: false
12-09 11:44:49.068  3306  3306 D CarrierText: isBrazilCountryCode subId=2 simCountryISO=br result=true
12-09 11:44:49.069  3463  3635 I QCNEJ/CndHalConnector: -> SND notifyMobileDataEnabledChanged(true)
12-09 11:44:49.070  3306  3686 D NetworkController.MobileSignalController(2): notifyListeners NetworkCountryIso=br
12-09 11:44:49.070  3306  3306 D CarrierText: i=0 subId=2 status=Normal ss=true
12-09 11:44:49.070  3306  3306 D CarrierText: getRoaming=false
12-09 11:44:49.070  3306  3686 D NetworkController: onReceive: intent=Intent { act=android.intent.action.SERVICE_STATE flg=0x1000010 (has extras) }
12-09 11:44:49.070  3306  3306 D CarrierText: Handling (subId=2): READY Vivo
12-09 11:44:49.071  3306  3306 D CarrierText: Handling subId=2 simState=READY carrierName=Vivo carrierTextForSimState=Vivo mSimSlotMessage={2=VIVO SP 11}
12-09 11:44:49.071  2821  2900 D CompatibilityInfo: mCompatibilityFlags - 0
12-09 11:44:49.071  2821  2900 D CompatibilityInfo: applicationDensity - 480
12-09 11:44:49.071  2821  2900 D CompatibilityInfo: applicationScale - 1.0
12-09 11:44:49.072  8947  8947 V AsusCellBroadcast: [CellBroadcastReceiver] onReceive Intent { act=android.intent.action.SERVICE_STATE flg=0x1000010 cmp=com.android.cellbroadcastreceiver/.CellBroadcastReceiver (has extras) } , privileged=false
12-09 11:44:49.072  3306  3306 D CarrierText: subId=2 voice_network_type=13 network_class=3 is2G=false hasService=true
12-09 11:44:49.072  3306  3306 D CarrierText: displayText=null carrierTextForSimState=Vivo
12-09 11:44:49.072  3306  3306 D CarrierText: SIM ready and in service: subId=2, ss=0 0 voice home data home VIVO VIVO 72410 VIVO VIVO 72410  LTE LTE CSS not supported -1 -1 RoamInd=-1 DefRoamInd=-1 EmergOnly=false IsDataRoamingFromRegistration=false IsUsingCarrierAggregation=false mLteEarfcnRsrpBoost=0
12-09 11:44:49.072  3306  3306 D CarrierText: displayText--Vivo
12-09 11:44:49.078  2821  4256 D CompatibilityInfo: mCompatibilityFlags - 0
12-09 11:44:49.078  2821  4256 D CompatibilityInfo: applicationDensity - 480
12-09 11:44:49.078  2821  4256 D CompatibilityInfo: applicationScale - 1.0
12-09 11:44:49.083  6692  6692 D SimCardReceiver: onReceive actioncode: android.intent.action.SERVICE_STATE
12-09 11:44:49.086  6692 10415 D PhoneCapabilityTester: sim1 isActive = true
12-09 11:44:49.086  6692 10415 D PhoneCapabilityTester: sim2 isActive = false
12-09 11:44:49.089  3463  3463 W DPMJ    : |SERVICE| DPM received ACTION_ANY_DATA_CONNECTION_STATE_CHANGEDdefault
12-09 11:44:49.089  3463  3463 W DPMJ    : |SERVICE| If apn type is default ->default
--------- beginning of system
12-09 11:44:49.090  3755  3755 W ContextImpl: Calling a method in the system process without a qualified user: android.app.ContextImpl.sendBroadcast:965 android.content.ContextWrapper.sendBroadcast:447 com.asus.mobilemanagerservice.MobileManagerService$b.onReceive:54 android.app.LoadedApk$ReceiverDispatcher$Args.lambda$-android_app_LoadedApk$ReceiverDispatcher$Args_51298:1299 android.app.-$Lambda$FilBqgnXJrN9Mgyks1XHeAxzSTk.$m$0:4 
12-09 11:44:49.093  2821  2900 D CompatibilityInfo: mCompatibilityFlags - 0
12-09 11:44:49.093  2821  2900 D CompatibilityInfo: applicationDensity - 480
12-09 11:44:49.093  2821  2900 D CompatibilityInfo: applicationScale - 1.0
12-09 11:44:49.094 14167 14167 I CarrierServices: [2] ServiceStateReceiver.onReceive: Received SERVICE_STATE intent.
12-09 11:44:49.095  3463  3635 I QCNEJ/CndHalConnector: -> SND notifyRatConnectionStatusChanged(rat = 0, CONNECTED)
12-09 11:44:49.099  3517  3517 D PhoneGlobals: [mPhoneStateListener] onServiceStateChanged, subId[0] = 2, phoneId = 0
12-09 11:44:49.099  3517  3517 D PhoneGlobals: [mPhoneStateListener] onServiceStateChanged, state.getState() = 0
12-09 11:44:49.099  3517  3517 D PhoneGlobals: [mPhoneStateListener] onServiceStateChanged, isNonRoamingInService = true
12-09 11:44:49.099  3517  3517 D TeleService: [TELESERVICE][AsusPhoneUtils]: checkRoamingStateForPrompt(), bRoaming = false, slot = 0
12-09 11:44:49.100  3517  3517 D PhoneGlobals: [mPhoneStateListener] onServiceStateChanged, state.getRoaming() = false, getPhone(subId[0]).getDataRoamingEnabled() = false
12-09 11:44:49.100  3517  3517 D [TELESERVICE][AsusPhoneUtils]: getMobileSlot(): slotId = 0
12-09 11:44:49.100  3517  3517 D TeleService: [TELESERVICE][AsusPhoneUtils]: getRoamingNotificationDB: iRoamingNotificationState = 1, ret = true
12-09 11:44:49.100  3517  3517 D PhoneGlobals: [mPhoneStateListener] onServiceStateChanged, mobileDataOn = true
12-09 11:44:49.100  3517  3517 D PhoneGlobals: onServiceStateChanged(): mServiceState = 0, mServiceState2 = 1
12-09 11:44:49.101  3517  3517 D PhoneGlobals: onReceive(): action = android.intent.action.SERVICE_STATE
12-09 11:44:49.101  3517  3517 D TeleService: PhoneGlobals: mReceiver: ACTION_SERVICE_STATE_CHANGED
12-09 11:44:49.101  3517  3517 D PhoneGlobals: handleServiceStateChanged: intent = Intent { act=android.intent.action.SERVICE_STATE flg=0x1000010 (has extras) }
12-09 11:44:49.102  3306  3306 D MoreNotificationIcon: implementMoreNotificationIcon(false)
12-09 11:44:49.102  3306  3306 D StatusBar: com.asus.powersaver checkMoreIconColorize: !isPreL: true isGrayscale: true
12-09 11:44:49.103  3306  3306 D StatusBar:  checkMoreIconColorize: !isPreL: true isGrayscale: true
12-09 11:44:49.103  3517  3517 D PhoneGlobals: handleServiceStateChanged: state = 0, ss.getVoiceRoaming() = false
12-09 11:44:49.103  3517  3517 D [TELESERVICE][AsusPhoneUtils]: setHasShowedmRoamingDialog(): on = false, slotId = 0
12-09 11:44:49.104  3517  3517 D [TELESERVICE][AsusPhoneUtils]: getMobileSlot(): slotId = 0
12-09 11:44:49.104  3517  3517 D PhoneGlobals: onReceive(): action = android.intent.action.ANY_DATA_STATE
12-09 11:44:49.105  3517  3517 D PhoneGlobals: mReceiver: android.intent.action.ANY_DATA_STATE
12-09 11:44:49.105  3517  3517 D PhoneGlobals: - state: CONNECTED
12-09 11:44:49.105  3517  3517 D PhoneGlobals: - reason: null
12-09 11:44:49.105  3517  3517 D PhoneGlobals: - subId: 2
12-09 11:44:49.105  3517  3517 D PhoneGlobals: - phoneId: 0
12-09 11:44:49.105  3517  3517 D [TELESERVICE][AsusPhoneUtils]: getMobileSlot(): slotId = 0
12-09 11:44:49.105  3517  3517 D TeleService: PhoneGlobals: mReceiver: ACTION_ANY_DATA_CONNECTION_STATE_CHANGED: subId = 2
12-09 11:44:49.105  3517  3517 D TeleService: PhoneGlobals: mReceiver: ACTION_ANY_DATA_CONNECTION_STATE_CHANGED: mDataDisconnectedDueToRoaming = false
12-09 11:44:49.105  3517  3517 D TeleService: PhoneGlobals: mReceiver: ACTION_ANY_DATA_CONNECTION_STATE_CHANGED: phone.getDataRoamingEnabled = false
12-09 11:44:49.105  3517  3517 D PhoneGlobals: handleMessage() msg.what: 102
12-09 11:44:49.105  3517  3517 D PhoneGlobals: handleMessage() msg.what: 11
12-09 11:44:49.106  3517  3517 D TeleService: PhoneGlobals: mHandler: EVENT_DATA_ROAMING_OK
12-09 11:44:49.112  2821  2900 D CompatibilityInfo: mCompatibilityFlags - 0
12-09 11:44:49.112  2821  2900 D CompatibilityInfo: applicationDensity - 480
12-09 11:44:49.112  2821  2900 D CompatibilityInfo: applicationScale - 1.0
12-09 11:44:49.116   662  1015 D SDM     : DisplayBase::BuildLayerStackStats: LayerStack layer_count: 5, app_layer_count: 4, gpu_target_index: 4, display type: 0
12-09 11:44:49.232   662  1015 D SDM     : DisplayBase::BuildLayerStackStats: LayerStack layer_count: 5, app_layer_count: 4, gpu_target_index: 4, display type: 0
12-09 11:44:49.247  2821  3513 I ActivityManager: START u0 {flg=0x10000000 cmp=com.YourCompany.SkyVision/com.epicgames.ue4.GameActivity} from uid 2000
12-09 11:44:49.254  2821  3513 E ANDR-PERF-JNI: com_qualcomm_qtiperformance_native_perf_io_prefetch_start
12-09 11:44:49.255 13754 13754 E ANDR-IOP: IOP HAL: Received pkg_name = com.YourCompany.SkyVision pid = -1
12-09 11:44:49.259  2821  3513 D ActivityTrigger: activityStartTrigger: Activity is Triggerred in full screen ApplicationInfo{cb4b47a com.YourCompany.SkyVision}
12-09 11:44:49.259  2821  3513 E ActivityTrigger: activityStartTrigger: not whiteListedcom.YourCompany.SkyVision/com.epicgames.ue4.GameActivity/1
12-09 11:44:49.259  2821  3513 D CompatibilityInfo: mCompatibilityFlags - 10
12-09 11:44:49.259  2821  3513 D CompatibilityInfo: applicationDensity - 480
12-09 11:44:49.259  2821  3513 D CompatibilityInfo: applicationScale - 1.0
12-09 11:44:49.259  2821  3513 D ActivityTrigger: activityResumeTrigger: The activity in ApplicationInfo{cb4b47a com.YourCompany.SkyVision} is now in focus and seems to be in full-screen mode
12-09 11:44:49.259  2821  3513 E ActivityTrigger: activityResumeTrigger: not whiteListedcom.YourCompany.SkyVision/com.epicgames.ue4.GameActivity/1
12-09 11:44:49.259  2821  3513 D ActivityTrigger: ActivityTrigger activityPauseTrigger 
12-09 11:44:49.260  4312  4312 D LauncherLog: Launcher onPause Begin
12-09 11:44:49.260  4312  4312 D LauncherLog: Launcher onPause End
12-09 11:44:49.262  2821  4256 D ActivityTrigger: activityResumeTrigger: The activity in ApplicationInfo{cb4b47a com.YourCompany.SkyVision} is now in focus and seems to be in full-screen mode
12-09 11:44:49.262  2821  4256 E ActivityTrigger: activityResumeTrigger: not whiteListedcom.YourCompany.SkyVision/com.epicgames.ue4.GameActivity/1
12-09 11:44:49.262  2821  4256 D ActivityManager: [MemInfo] Process does not exist before starting ActivityRecord{9e1969c u0 com.YourCompany.SkyVision/com.epicgames.ue4.GameActivity t4293}. System free memory=2198388736
12-09 11:44:49.263 13754 13768 E ANDR-IOP: is_in_recent_list is TRUE
12-09 11:44:49.263 13754 13768 E ANDR-IOP: io prefetch is deactivate
12-09 11:44:49.271 10425 10425 I chatty  : uid=10195(u0_a195) com.YourCompany.SkyVision expire 54 lines
12-09 11:44:49.273  2821  4256 I ActivityManager: Start proc 10425:com.YourCompany.SkyVision/u0a195 for activity com.YourCompany.SkyVision/com.epicgames.ue4.GameActivity duration: 11
12-09 11:44:49.274  2821  4256 D ActivityManager: [MemInfo] Process does not exist before starting ActivityRecord{9e1969c u0 com.YourCompany.SkyVision/com.epicgames.ue4.GameActivity t4293}. System free memory=2197839872
12-09 11:44:49.276  3306  3306 D StatusBar: mTopActivityClassName:com.epicgames.ue4.GameActivity
12-09 11:44:49.276  3306  3306 D MoreNotificationIcon: implementMoreNotificationIcon(false)
12-09 11:44:49.276  3306  3306 D StatusBar: com.asus.powersaver checkMoreIconColorize: !isPreL: true isGrayscale: true
12-09 11:44:49.276  3306  3306 D StatusBar:  checkMoreIconColorize: !isPreL: true isGrayscale: true
12-09 11:44:49.281  3306  3306 D MoreNotificationIcon: implementMoreNotificationIcon(false)
12-09 11:44:49.281  3306  3306 D StatusBar: com.asus.powersaver checkMoreIconColorize: !isPreL: true isGrayscale: true
12-09 11:44:49.281  3306  3306 D StatusBar:  checkMoreIconColorize: !isPreL: true isGrayscale: true
12-09 11:44:49.282   662  1015 D SDM     : DisplayBase::BuildLayerStackStats: LayerStack layer_count: 5, app_layer_count: 4, gpu_target_index: 4, display type: 0
12-09 11:44:49.289  3306  3306 D MoreNotificationIcon: implementMoreNotificationIcon(false)
12-09 11:44:49.289  3306  3306 D StatusBar: com.asus.powersaver checkMoreIconColorize: !isPreL: true isGrayscale: true
12-09 11:44:49.289  3306  3306 D StatusBar:  checkMoreIconColorize: !isPreL: true isGrayscale: true
12-09 11:44:49.293  2821 11864 D CompatibilityInfo: mCompatibilityFlags - 10
12-09 11:44:49.293  2821 11864 D CompatibilityInfo: applicationDensity - 480
12-09 11:44:49.293  2821 11864 D CompatibilityInfo: applicationScale - 1.0
12-09 11:44:49.294  2821 11864 W WindowOrientationListener: setCurrentRotation(1)
12-09 11:44:49.315  2821 11864 D WindowManager: adjustConfigurationLw, config:{0 0.0 ?mcc?mnc ?localeList ?layoutDir sw360dp w704dp h331dp 480dpi nrml long hdr land ?uimode ?night finger -keyb/v/h -nav/v appBounds=Rect(0, 0 - 2114, 1080)} mLidState:-1 mHasDockFeature:false mHasKeyboardFeature:false mHasHallSensorFeature:false config.hardKeyboardHidden:2
12-09 11:44:49.315  2821  3199 V AudioService.RotationHelper: publishing device rotation =1 (x90deg)
12-09 11:44:49.316  2821 11864 I ActivityManager: Config changes=480 {0 1.0 724mcc10mnc [pt_BR] ldltr sw360dp w704dp h331dp 480dpi nrml long hdr land finger -keyb/v/h -nav/h appBounds=Rect(0, 0 - 2114, 1080) s.58}
12-09 11:44:49.316   662  1015 D SDM     : DisplayBase::BuildLayerStackStats: LayerStack layer_count: 5, app_layer_count: 4, gpu_target_index: 4, display type: 0
12-09 11:44:49.317  2821  3199 W WindowOrientationListener: proposedRotation = 0
12-09 11:44:49.333   662  1015 D SDM     : DisplayBase::BuildLayerStackStats: LayerStack layer_count: 3, app_layer_count: 2, gpu_target_index: 2, display type: 0
12-09 11:44:49.341  2821 11864 I ActivityManager: Override config changes=480 {0 1.0 724mcc10mnc [pt_BR] ldltr sw360dp w704dp h331dp 480dpi nrml long hdr land finger -keyb/v/h -nav/h appBounds=Rect(0, 0 - 2114, 1080) s.58} for displayId=0
12-09 11:44:49.342  2821 11864 D WindowManager: adjustConfigurationLw, config:{0 1.0 724mcc10mnc [pt_BR] ldltr sw360dp w704dp h331dp 480dpi nrml long hdr land finger -keyb/v/h -nav/v appBounds=Rect(0, 0 - 2114, 1080) s.58} mLidState:-1 mHasDockFeature:false mHasKeyboardFeature:false mHasHallSensorFeature:false config.hardKeyboardHidden:2
12-09 11:44:49.343  2821 11864 D WindowManager: adjustConfigurationLw, config:{0 1.0 724mcc10mnc [pt_BR] ldltr sw360dp w704dp h331dp 480dpi nrml long hdr land finger -keyb/v/h -nav/v appBounds=Rect(0, 0 - 2114, 1080) s.58} mLidState:-1 mHasDockFeature:false mHasKeyboardFeature:false mHasHallSensorFeature:false config.hardKeyboardHidden:2
12-09 11:44:49.347  2821 11864 I WindowManager: Failed to capture screenshot of Token{c378601 ActivityRecord{b1b6fe8 u0 com.asus.launcher/com.android.launcher3.Launcher t4108}} appWin=Window{8408d08 u0 com.asus.launcher/com.android.launcher3.Launcher} drawState=4
12-09 11:44:49.347  2821 11864 I InputDispatcher: Window 'Window{8408d08 u0 com.asus.launcher/com.android.launcher3.Launcher}' spent 0.0ms processing input events on average(0/0). Monitor spent 0.0ms processing input events on average(0/0). Window input events down spent 0.0ms on average (0/0). Window input events up spent 0.0ms on average (0/0). Monitor input events down spent 0.0ms on average (0/0). Monitor input events up spent 0.0ms on average (0/0).
12-09 11:44:49.349   662  1015 D SDM     : DisplayBase::BuildLayerStackStats: LayerStack layer_count: 4, app_layer_count: 3, gpu_target_index: 3, display type: 0
12-09 11:44:49.350  4312  4312 D Launcher.Utilities: isPhone= true
12-09 11:44:49.350  4312  4312 D FontUtils: getSavedDisplaySettingsFontScale: 1.0
12-09 11:44:49.351  4312  4312 D FontUtils: current Launcher saved fontscale: 1.0
12-09 11:44:49.351  4312  4312 D FontUtils: getSavedDisplaySettingsFontScale: 1.0
12-09 11:44:49.352  4312  4312 D FontUtils: checkAndGetSavedFontScale, Latest saved displaySettings fontscale: 1.0, current displaySettings fontscale: 1.0, AsusEzmodeStatus(0 is disabled): 0
12-09 11:44:49.352  4312  4312 D FontUtils: current Launcher saved fontscale: 1.0
12-09 11:44:49.352  4312  4312 I LauncherApplication: isSystemFontChanged: false
12-09 11:44:49.352  4312  4312 D FontUtils: getSavedDisplaySettingsFontScale: 1.0
12-09 11:44:49.352  2821 11864 D CompatibilityInfo: mCompatibilityFlags - 10
12-09 11:44:49.352  2821 11864 D CompatibilityInfo: applicationDensity - 480
12-09 11:44:49.352  2821 11864 D CompatibilityInfo: applicationScale - 1.0
12-09 11:44:49.353  4312  4312 D LauncherLog: LauncherProvier - getDatabase: normal-launcher.db
12-09 11:44:49.354  2821 11864 W ActivityManager: Slow operation: 62ms so far, now at attachApplicationLocked: after mServices.attachApplicationLocked
12-09 11:44:49.356  2821  2821 D Telecom : AsusTelecomReceiver: AsusTelecomReceiver: onReceive()...action = android.intent.action.CONFIGURATION_CHANGED
12-09 11:44:49.357  3755  3785 D OpenedTimeAppInfoProvider: Update DB : number of affected records : 1
12-09 11:44:49.359  3755  4338 W ContextImpl: Calling a method in the system process without a qualified user: android.app.ContextImpl.bindService:1540 android.content.ContextWrapper.bindService:689 com.google.android.gms.common.stats.b.a:15 com.google.android.gms.common.stats.b.a:13 com.google.android.gms.ads.identifier.AdvertisingIdClient.a:60 
12-09 11:44:49.360  2821  2821 I DeviceIdleController: becomeActiveLocked, reason = screen
12-09 11:44:49.360  2821  3280 D InadvertentTouchController: <MSG_DISPLAY_CHANGED> mInadvertentTouchEnable or mCompleteSetupWizard false. return
12-09 11:44:49.362  3517  8896 D [TELESERVICE][AsusPhoneUtils]: getMobileSlot(): slotId = 0
12-09 11:44:49.363  2821  4256 W AppOps  : Finishing op nesting under-run: uid 10018 pkg com.android.systemui code 24 time=0 duration=0 nesting=0
12-09 11:44:49.363  2821  3156 I InputReader: Reconfiguring input devices.  changes=0x00000004
12-09 11:44:49.363  2821  3156 I InputReader: Device reconfigured: id=11, name='fts_ts', size 1080x2246, orientation 1, mode 1, display id 0
12-09 11:44:49.365   695   695 D SurfaceFlinger: Backpressure trigger, skipping transaction & refresh!
12-09 11:44:49.368  2821  3156 I InputReader: Reconfiguring input devices.  changes=0x00000004
12-09 11:44:49.372  4781  9532 I PBSessionCacheImpl: Deleted sessionId[4069892757954] from persistence.
12-09 11:44:49.373  3755  3755 D TaskWatcherService: pkgName: com.YourCompany.SkyVision taskId: 4293
12-09 11:44:49.374  3755  3755 W ContextImpl: Calling a method in the system process without a qualified user: android.app.ContextImpl.startService:1460 android.content.ContextWrapper.startService:655 com.asus.powersaver.TaskWatcherService$IncomingHandler.handleMessage:96 android.os.Handler.dispatchMessage:105 android.os.Looper.loop:169 
12-09 11:44:49.376  2821  4254 D CompatibilityInfo: mCompatibilityFlags - 0
12-09 11:44:49.377  2821  4254 D CompatibilityInfo: applicationDensity - 480
12-09 11:44:49.377  2821  4254 D CompatibilityInfo: applicationScale - 1.0
12-09 11:44:49.378  4781  4851 W SearchServiceCore: Abort, client detached.
12-09 11:44:49.380  3755  3755 W ContextImpl: Calling a method in the system process without a qualified user: android.app.ContextImpl.sendBroadcast:950 android.content.ContextWrapper.sendBroadcast:442 com.asus.powersaver.TaskWatcherService$IncomingHandler.handleMessage:111 android.os.Handler.dispatchMessage:105 android.os.Looper.loop:169 
12-09 11:44:49.381  3755  3755 D PowerSaverService: onStartCommand PowerSaverService:
12-09 11:44:49.381  3755  3755 D PowerSaverService: onStartCommand  action:null
12-09 11:44:49.381  4781  4851 I StreamController: cleanUpControllerScope(nowcards-15-18a598d1-7b36)
12-09 11:44:49.387  4312  4312 D Launcher.Model: onReceive intent=Intent { act=android.intent.action.CONFIGURATION_CHANGED flg=0x70200010 }
12-09 11:44:49.389  3755  3755 D PowerSaverService: current package:com.YourCompany.SkyVision, activity:com.epicgames.ue4.GameActivity, SMode:0, PMode:2
12-09 11:44:49.392  4312  4312 V Launcher: [onWindowFocusChanged]: false, takes: 0ms
12-09 11:44:49.393  3755  3785 I AppOpsStatusUpdateHandler: pkgName = com.YourCompany.SkyVision
12-09 11:44:49.393  3755  3785 I AppOpsStatusUpdateHandler: taskId = 4293
12-09 11:44:49.393  3755  3785 D CNAppLockHandler: CNAppLockHandler handleAppFocus
12-09 11:44:49.399  4781  4851 I WorkerManager: dispose()
12-09 11:44:49.399  4781  4851 W ThreadPoolDumper: Queue length for executor EventBus is now 11. Perhaps some tasks are too long, or the pool is too small.
12-09 11:44:49.405  2821  2900 D CompatibilityInfo: mCompatibilityFlags - 10
12-09 11:44:49.405  2821  2900 D CompatibilityInfo: applicationDensity - 480
12-09 11:44:49.405  2821  2900 D CompatibilityInfo: applicationScale - 1.0
12-09 11:44:49.406  4781 10291 I WorkController: WorkProxy is not enqueued because WorkController is disposed: WorkProxy{Name=context::h, WorkerId=context, id=6db2564}
12-09 11:44:49.406  4781 10291 I WorkController: WorkProxy is not enqueued because WorkController is disposed: WorkProxy{Name=context::j, WorkerId=context, id=b93cd}
12-09 11:44:49.406  4781 10291 I WorkController: WorkProxy is not enqueued because WorkController is disposed: WorkProxy{Name=context::k, WorkerId=context, id=9849482}
12-09 11:44:49.407  4781 10291 I WorkController: WorkProxy is not enqueued because WorkController is disposed: WorkProxy{Name=context::i, WorkerId=context, id=13f0793}
12-09 11:44:49.407  4781 10291 I WorkController: WorkProxy is not enqueued because WorkController is disposed: WorkProxy{Name=context::m, WorkerId=context, id=ad733d0}
12-09 11:44:49.416  3755  4338 W ContextImpl: Calling a method in the system process without a qualified user: android.app.ContextImpl.bindService:1540 android.content.ContextWrapper.bindService:689 com.google.android.gms.common.stats.b.a:15 com.google.android.gms.common.stats.b.a:13 com.google.android.gms.analytics.internal.zzi$zza.zzzv:59 
12-09 11:44:49.416   662  1015 D SDM     : DisplayBase::BuildLayerStackStats: LayerStack layer_count: 4, app_layer_count: 3, gpu_target_index: 3, display type: 0
12-09 11:44:49.426  3306  3306 D StatusBar: onConfigurationChanged Vertical new : false / old : true
12-09 11:44:49.426  3306  3306 D LightBarController: Check FullscreenLight
12-09 11:44:49.426  3306  3306 D LightBarController: Check light: true light: false
12-09 11:44:49.426  3306  3306 D LightBarController: Check DockedLight
12-09 11:44:49.426  3306  3306 D LightBarController: Check light: true light: false
12-09 11:44:49.427  3306  3306 D skia    : --- SkAndroidCodec::NewFromStream returned null
12-09 11:44:49.431  2821  4256 D CompatibilityInfo: mCompatibilityFlags - 0
12-09 11:44:49.432  2821  4256 D CompatibilityInfo: applicationDensity - 480
12-09 11:44:49.432  2821  4256 D CompatibilityInfo: applicationScale - 1.0
12-09 11:44:49.433   662  1015 D SDM     : DisplayBase::BuildLayerStackStats: LayerStack layer_count: 4, app_layer_count: 3, gpu_target_index: 3, display type: 0
12-09 11:44:49.433  3306  3686 D NetworkController.MobileSignalController(2): updateTelephonySignalStrength: hasService=true ss=SignalStrength: 99 0 0 -120 -160 -120 -1 -1 31 -73 -7 260 2147483647 0 2147483647 gsm|lte
12-09 11:44:49.437  3517  8896 D PhoneInterfaceManager: isWifiCallingAvailable: sub Id : 2
12-09 11:44:49.438  3306  3686 D NetworkController.MobileSignalController(2): isWifiCallingAvailable=false
12-09 11:44:49.439  3517  8896 D PhoneInterfaceManager: isVolteAvailable: sub Id : 2
12-09 11:44:49.439  3306  3686 D NetworkController.MobileSignalController(2): isVolteAvailable=false
12-09 11:44:49.440  3517  8896 D PhoneInterfaceManager: isVideoTelephonyAvailable: sub Id : 2
12-09 11:44:49.440  3306  3686 D NetworkController.MobileSignalController(2): isVideoTelephonyAvailable=false
12-09 11:44:49.446  3306  3306 D LightBarController: Check FullscreenLight
12-09 11:44:49.446  3306  3306 D LightBarController: Check light: true light: false
12-09 11:44:49.446  3306  3306 D LightBarController: Check DockedLight
12-09 11:44:49.446  3306  3306 D LightBarController: Check light: true light: false
12-09 11:44:49.446  3306  3306 D NavigationBarView: ImmersiveModeByUser: false
12-09 11:44:49.447  3306  3306 D MoreNotificationIcon: implementMoreNotificationIcon(false)
12-09 11:44:49.447  3306  3306 D StatusBar: com.asus.powersaver checkMoreIconColorize: !isPreL: true isGrayscale: true
12-09 11:44:49.447  3306  3306 D StatusBar:  checkMoreIconColorize: !isPreL: true isGrayscale: true
12-09 11:44:49.450  3306  3306 I keyguard: AsusMediator:onConfigurationChanged:{0 1.0 724mcc10mnc [pt_BR] ldltr sw360dp w704dp h331dp 480dpi nrml long hdr land finger -keyb/v/h -nav/h appBounds=Rect(0, 0 - 2114, 1080) s.58}
12-09 11:44:49.450  3306  3306 I keyguard: AsusSlideshowManager:onConfigurationChanged
12-09 11:44:49.450  3306  3306 I keyguard: SlideshowLocaleManager:getLanguageLocale: pt_br
12-09 11:44:49.450  3306  3306 I keyguard: AsusClockContainer_L:uninit
12-09 11:44:49.450  3306  3306 V KeyguardUpdateMonitor: *** unregister callback for com.android.keyguard.CarrierText$1@b220a2
12-09 11:44:49.451  3306  3306 V KeyguardUpdateMonitor: *** unregister callback for com.asus.keyguard.module.clock.ui.AsusSimpleDigitalClockForFBE$2@929ff87
12-09 11:44:49.451  3306  3306 I keyguard: AsusMediator:unregisterBarClockShowCallback callback:com.asus.keyguard.module.clock.ui.AsusWeatherClockContainer$1@f10ecf0
12-09 11:44:49.451  3306  3306 I keyguard: TargetContainer:uninitDrag
12-09 11:44:49.451  3306  3306 W keyguard: AnimationTargetContainer:reset mState:READY
12-09 11:44:49.452  3306  3306 I keyguard: AsusClockContainer_L:onInit
12-09 11:44:49.454  3306  3306 D AppWidgetUtils: isSupportNewWeatherInfoRequest supportFeature: 1
12-09 11:44:49.455  3306  3306 D keyguard: AsusClockContainer_L:onFinishInflate: mWeatherWidgetIdInSettings=-1
12-09 11:44:49.455  3306  3306 V KeyguardUpdateMonitor: *** register callback for com.android.keyguard.CarrierText$1@ea93ec4
12-09 11:44:49.455  3306  3306 V KeyguardUpdateMonitor: *** unregister callback for null
12-09 11:44:49.455  3306  3306 D CarrierText: N=1
12-09 11:44:49.455  3306  3306 D CarrierText: isBrazilCountryCode subId=2 simCountryISO=br result=true
12-09 11:44:49.456  3306  3306 D CarrierText: i=0 subId=2 status=Normal ss=true
12-09 11:44:49.456  3306  3306 D CarrierText: getRoaming=false
12-09 11:44:49.456  3306  3306 D CarrierText: Handling (subId=2): READY Vivo
12-09 11:44:49.456  3306  3306 D CarrierText: Handling subId=2 simState=READY carrierName=Vivo carrierTextForSimState=Vivo mSimSlotMessage={}
12-09 11:44:49.457  3306  3306 D CarrierText: subId=2 voice_network_type=13 network_class=3 is2G=false hasService=true
12-09 11:44:49.457  3306  3306 D CarrierText: displayText=null carrierTextForSimState=Vivo
12-09 11:44:49.457  3306  3306 D CarrierText: SIM ready and in service: subId=2, ss=0 0 voice home data home VIVO VIVO 72410 VIVO VIVO 72410  LTE LTE CSS not supported -1 -1 RoamInd=-1 DefRoamInd=-1 EmergOnly=false IsDataRoamingFromRegistration=false IsUsingCarrierAggregation=false mLteEarfcnRsrpBoost=0
12-09 11:44:49.457  3306  3306 D CarrierText: displayText--Vivo
12-09 11:44:49.458  3306  3306 I keyguard: TargetContainer:onPathDataChanged mPathKey:clock data:null
12-09 11:44:49.458  3306  3306 I keyguard: AsusMediator:registerBarClockShowCallback callback:com.asus.keyguard.module.clock.ui.AsusWeatherClockContainer$1@710bce2
12-09 11:44:49.458  3306  3306 I keyguard: TargetContainer:init
12-09 11:44:49.459  3306  3306 D QSContainerImpl: onConfigurationChanged Vertical new : false / old : true
12-09 11:44:49.459  3306  3306 D QuickStatusBarHeader: onConfigurationChanged Vertical new : false / old : true
12-09 11:44:49.460  3306  3306 D keyguard: KeyguardUpdateMonitor:getUserCanSkipBouncer,getUserHasTrust:false,isFpAuthenticated:false,isFaceAuthenticated:false
12-09 11:44:49.463  3306  3306 I keyguard: TargetContainer:uninitDrag
12-09 11:44:49.463  3306  3306 W keyguard: AnimationTargetContainer:reset mState:READY
12-09 11:44:49.463  3306  3306 I keyguard: TargetContainer:uninitDrag
12-09 11:44:49.463  3306  3306 W keyguard: AnimationTargetContainer:reset mState:READY
12-09 11:44:49.464  3306  3306 I keyguard: TargetContainer:init
12-09 11:44:49.465  3306  3306 I keyguard: AsusLSShortcut:updateUI app:android.graphics.drawable.VectorDrawable@9aa26e1 background:null color:-1
12-09 11:44:49.470  3306  3306 I keyguard: AsusLSShortcut:setAppInfo:Câmera
12-09 11:44:49.471  3306  3306 I keyguard: TargetContainer:init
12-09 11:44:49.471  3306  3306 I keyguard: AsusLSShortcut:updateUI app:android.graphics.drawable.VectorDrawable@8514c06 background:null color:-1
12-09 11:44:49.471  3306  3306 I keyguard: AsusLSShortcut:setAppInfo:Câmera
12-09 11:44:49.472  3306  3306 I keyguard: AsusLSShortcut:updateUI app:android.graphics.drawable.VectorDrawable@cbbe0f4 background:null color:-1
12-09 11:44:49.473  3306  3306 W keyguard: AsusShortcutInfo:appName not found:android.content.pm.PackageManager$NameNotFoundException: ComponentInfo{com.asus.keyguard.module.slideshow.ui/com.asus.keyguard.module.slideshow.ui.SlideshowSettingPanelView}
12-09 11:44:49.473  3306  3306 I keyguard: AsusLSShortcut:setAppInfo:null
12-09 11:44:49.477  3306  3306 I keyguard: AsusLSShortcut:updateUI app:android.graphics.drawable.VectorDrawable@1301860 background:null color:-1
12-09 11:44:49.477  3306  3306 I keyguard: AsusLSShortcut:updateUI app:android.graphics.drawable.VectorDrawable@327d119 background:null color:-1
12-09 11:44:49.477  3306  3306 I keyguard: TargetContainer:onPathDataChanged mPathKey:null data:null
12-09 11:44:49.477  3306  3306 I keyguard: TargetContainer:onPathDataChanged mPathKey:null data:null
12-09 11:44:49.500   662  1015 D SDM     : DisplayBase::BuildLayerStackStats: LayerStack layer_count: 4, app_layer_count: 3, gpu_target_index: 3, display type: 0
12-09 11:44:49.506  3948 26756 I Places  : ?: PlacesBleScanner stop()
12-09 11:44:49.508  3948  3948 I BeaconBle: Scan canceled successfully.
12-09 11:44:49.516   662  1015 D SDM     : DisplayBase::BuildLayerStackStats: LayerStack layer_count: 4, app_layer_count: 3, gpu_target_index: 3, display type: 0
12-09 11:44:49.523  3948 26756 I PlaceInferenceEngine: [anon] Changed inference mode: 0
12-09 11:44:49.532  3306  3306 D StatusBar: disable<e i a s b h r c s q >
12-09 11:44:49.533  2821  2821 W JobServiceContext: App Op not allow JobScheduler to start app com.google.android.projection.gearhead/10153
12-09 11:44:49.533  2821  2821 D JobSchedulerService: Error executing JobStatus{e8abfba #u0a153/203167958 com.google.android.projection.gearhead/com.google.android.apps.auto.wireless.scan.WifiChannelScanJobService u=0 s=10153 TIME=-3d23h18m15s125ms:-3d22h18m15s125ms READY}
12-09 11:44:49.536  2821  2821 D CompatibilityInfo: mCompatibilityFlags - 0
12-09 11:44:49.536  2821  2821 D CompatibilityInfo: applicationDensity - 480
12-09 11:44:49.536  2821  2821 D CompatibilityInfo: applicationScale - 1.0
12-09 11:44:49.541 10425 10459 I chatty  : uid=10195(u0_a195) com.YourCompany.SkyVision expire 177 lines
12-09 11:44:49.542 10425 10460 I chatty  : uid=10195(u0_a195) com.YourCompany.SkyVision expire 14 lines
12-09 11:44:49.543  2821  2821 W JobServiceContext: App Op not allow JobScheduler to start app com.google.android.projection.gearhead/10153
12-09 11:44:49.543  2821  2821 D JobSchedulerService: Error executing JobStatus{e8abfba #u0a153/203167958 com.google.android.projection.gearhead/com.google.android.apps.auto.wireless.scan.WifiChannelScanJobService u=0 s=10153 TIME=-3d23h18m15s136ms:-3d22h18m15s136ms READY}
12-09 11:44:49.551   662  1015 D SDM     : DisplayBase::BuildLayerStackStats: LayerStack layer_count: 4, app_layer_count: 3, gpu_target_index: 3, display type: 0
12-09 11:44:49.557  2821  4255 I ActivityManager: START u0 {act=android.content.pm.action.REQUEST_PERMISSIONS pkg=com.google.android.packageinstaller cmp=com.google.android.packageinstaller/com.android.packageinstaller.permission.ui.GrantPermissionsActivity (has extras)} from uid 10195
12-09 11:44:49.561  2821  4255 D ActivityTrigger: activityStartTrigger: Activity is Triggerred in full screen ApplicationInfo{e00ad33 com.google.android.packageinstaller}
12-09 11:44:49.561  2821  4255 E ActivityTrigger: activityStartTrigger: not whiteListedcom.google.android.packageinstaller/com.android.packageinstaller.permission.ui.GrantPermissionsActivity/26
12-09 11:44:49.561  2821  4255 D CompatibilityInfo: mCompatibilityFlags - 0
12-09 11:44:49.561  2821  4255 D CompatibilityInfo: applicationDensity - 480
12-09 11:44:49.561  2821  4255 D CompatibilityInfo: applicationScale - 1.0
12-09 11:44:49.561  2821  4255 D ActivityTrigger: activityResumeTrigger: The activity in ApplicationInfo{e00ad33 com.google.android.packageinstaller} is now in focus and seems to be in full-screen mode
12-09 11:44:49.561  2821  4255 E ActivityTrigger: activityResumeTrigger: not whiteListedcom.google.android.packageinstaller/com.android.packageinstaller.permission.ui.GrantPermissionsActivity/26
12-09 11:44:49.561  2821  4255 D ActivityTrigger: ActivityTrigger activityPauseTrigger 
12-09 11:44:49.566   662  1015 D SDM     : DisplayBase::BuildLayerStackStats: LayerStack layer_count: 4, app_layer_count: 3, gpu_target_index: 3, display type: 0
12-09 11:44:49.569  3306  3306 I keyguard: AsusSlideshowManager:updateSlideshowInformation: imageSource: false
12-09 11:44:49.569  3306  3306 I keyguard: AsusSlideshowManager:setSlideshowInformationTitle: null, view: true
12-09 11:44:49.569  3306  3306 I keyguard: AsusKgBottomAreaZen35:setSlideshowInformationTextView: null
12-09 11:44:49.569  3306  3306 I keyguard: TargetContainer:initDrag
12-09 11:44:49.569  3306  3306 E keyguard: FramesHelp:not support no path data
12-09 11:44:49.569  3306  3306 D CarrierText: AsusCBMSG50Receiver subId=2 messageBody=VIVO SP 11 isMsg50=true mSimSlotMessage={}
12-09 11:44:49.569  3306  3306 D CarrierText: N=1
12-09 11:44:49.570  3306  3306 D CarrierText: isBrazilCountryCode subId=2 simCountryISO=br result=true
12-09 11:44:49.571  3306  3306 D CarrierText: i=0 subId=2 status=Normal ss=true
12-09 11:44:49.571  5575 10461 D NextAppTrainingJobService: insert data - Package:__na__, Previous1:com.YourCompany.SkyVision, Previous2:com.asus.launcher, Previous3:com.android.systemui, Previous4:com.asus.launcher, Timestamp:1544363089410, p1_ts_diff:57, p2_ts_diff:18528, p3_ts_diff:20318, p4_ts_diff:21707, p1_dur:57, p2_dur:18377, p3_dur:1736, p4_dur:1364, Hour:11, DayClass:06~12, Weekday:Sunday, WeekClass:weekend, Timezone:America/Sao_Paulo, UTC:-2, Plugged:1, LastPlugged:4074224, MobileRadioOn:1, LastMobileRadioOn:10568, WifiOn:1, LastWifiOn:155035306, GpsOn:-1, LastGpsOn:3910742, SensorOn:1, LastSensorOn:11315, WifiScan:-1, LastWifiScan:1427, WifiFullLock:-1, LastWifiFullLock:560168, WifiRunning:1, LastWifiRunning:414146631, WifiMultiCastOn:1, LastWifiMultiCastOn:38577, AudioOn:1, LastAudioOn:38695, CameraOn:-1, LastCameraOn:77178793, VideoOn:-1, LastVideoOn:58858783, LowPowerModeOn:0, LastLowPowerModeOn:86400, FlashlightOn:0, LastFlashlightOn:86400, ChargingOn:1, LastChargingOn:4073734, PhoneInCall:-1, LastPhoneInCall:235540542, PhoneScanning:-1, LastPhoneScanning:338104897, BleScanning:-1, LastBleScanning:345628785, WifiHotspotOn:0, LastWifiHotspotOn:86400, 
12-09 11:44:49.571  3306  3306 D CarrierText: getRoaming=false
12-09 11:44:49.571  3306  3306 D CarrierText: Handling (subId=2): READY Vivo
12-09 11:44:49.571  3306  3306 D CarrierText: Handling subId=2 simState=READY carrierName=Vivo carrierTextForSimState=Vivo mSimSlotMessage={2=VIVO SP 11}
12-09 11:44:49.573  3306  3306 D CarrierText: subId=2 voice_network_type=13 network_class=3 is2G=false hasService=true
12-09 11:44:49.573  3306  3306 D CarrierText: displayText=null carrierTextForSimState=Vivo
12-09 11:44:49.573  3306  3306 D CarrierText: SIM ready and in service: subId=2, ss=0 0 voice home data home VIVO VIVO 72410 VIVO VIVO 72410  LTE LTE CSS not supported -1 -1 RoamInd=-1 DefRoamInd=-1 EmergOnly=false IsDataRoamingFromRegistration=false IsUsingCarrierAggregation=false mLteEarfcnRsrpBoost=0
12-09 11:44:49.573  3306  3306 D CarrierText: displayText--Vivo
12-09 11:44:49.573  3306  3306 D CarrierText: AsusCBMSG50Receiver update mSimSlotMessage={2=VIVO SP 11}
12-09 11:44:49.573  3306  3306 I keyguard: TargetContainer:initDrag
12-09 11:44:49.574  3306  3306 E keyguard: FramesHelp:not support no path data
12-09 11:44:49.574  3306  3306 I keyguard: TargetContainer:initDrag
12-09 11:44:49.574  3306  3306 E keyguard: FramesHelp:not support no path data
12-09 11:44:49.584   662  1015 D SDM     : DisplayBase::BuildLayerStackStats: LayerStack layer_count: 4, app_layer_count: 3, gpu_target_index: 3, display type: 0
12-09 11:44:49.586  2821  2915 D BatteryStatsService: updateFlags s=4
12-09 11:44:49.588  5575 10461 D NextAppCoreTrainingJobService: [filter predict result] current pkg = com.YourCompany.SkyVision, predict 1 = com.whatsapp:0.29164162278175354, predict 2 = com.facebook.katana:0.14416275918483734, predict 3 = com.reddit.frontpage:0.13775549829006195, predict 4 = com.ninegag.android.app:0.0904339849948883, predict 5 = com.android.chrome:0.0580366849899292
12-09 11:44:49.588  5575 10461 D NextAppCoreTrainingJobService: [predict result] current pkg = com.YourCompany.SkyVision, predict 1 = com.whatsapp:0.29164162278175354, predict 2 = com.facebook.katana:0.14416275918483734, predict 3 = com.reddit.frontpage:0.13775549829006195, predict 4 = com.ninegag.android.app:0.0904339849948883, predict 5 = com.android.chrome:0.0580366849899292
12-09 11:44:49.589  5575 10461 D NextAppCoreTrainingJobService: [20 launch app][filter predict result] current pkg = com.YourCompany.SkyVision, predict 1 = com.whatsapp:0.29164162278175354, predict 2 = com.facebook.katana:0.14416275918483734, predict 3 = com.reddit.frontpage:0.13775549829006195, predict 4 = com.ninegag.android.app:0.0904339849948883, predict 5 = com.android.chrome:0.0580366849899292
12-09 11:44:49.589  5575 10461 D NextAppCoreTrainingJobService: [20 launch app][predict result] current pkg = com.YourCompany.SkyVision, predict 1 = com.whatsapp:0.29164162278175354, predict 2 = com.facebook.katana:0.14416275918483734, predict 3 = com.reddit.frontpage:0.13775549829006195, predict 4 = com.ninegag.android.app:0.0904339849948883, predict 5 = com.android.chrome:0.0580366849899292
12-09 11:44:49.589  5575 10461 D NextAppCoreTrainingJobService: [predictAll] pkg = com.whatsapp,com.facebook.katana,com.reddit.frontpage,com.ninegag.android.app,com.android.chrome,com.square_enix.android_googleplay.FFBEWW,com.nianticlabs.pokemongo,com.google.android.gm,com.google.android.googlequicksearchbox,org.telegram.messenger,com.google.android.keep,com.asus.contacts,com.yahoo.mobile.client.android.mail,com.waze,com.asus.deskclock
12-09 11:44:49.589  5575 10461 D NextAppCoreTrainingJobService: [predictAll] rate= 2916,1441,1377,904,580,504,361,265,232,181,163,122,119,119,118
12-09 11:44:49.593  2821  2915 E BatteryStatsService: modem info is invalid: ModemActivityInfo{ mTimestamp=414180191 mSleepTimeMs=5416 mIdleTimeMs=-2461 mTxTimeMs[]=[195, 5, 0, 0, 0] mRxTimeMs=10275 mEnergyUsed=0}
12-09 11:44:49.594  3306  3306 I keyguard: AsusSimpleDigitalClockForFBE:updateTime  hour:11  min:44
12-09 11:44:49.595  3306  3306 V KeyguardUpdateMonitor: *** register callback for com.asus.keyguard.module.clock.ui.AsusSimpleDigitalClockForFBE$2@46c9378
12-09 11:44:49.595  3306  3306 V KeyguardUpdateMonitor: *** unregister callback for null
12-09 11:44:49.597  3306  3306 I keyguard: AsusFirstKGUnlockedMonitor:getSettingsForFirstKGUnlocked()  settings: true
12-09 11:44:49.598  3306  3306 D keyguard: LockScreenUtils:updateDensityDpi to 480,restoreToSystemDpi:true,originalSmallestWidth:361
12-09 11:44:49.599  3306  3306 D NetworkController.WifiSignalController: Change in state from: connected=true,enabled=true,level=4,inetCondition=1,iconGroup=IconGroup(Wi-Fi Icons),activityIn=false,activityOut=false,rssi=-64,lastModified=12-09 11:44:45,ssid="GIOVANE_2.4",badgeEnum=0,isTransient=false
12-09 11:44:49.599  3306  3306 D NetworkController.WifiSignalController: 	to: connected=true,enabled=true,level=4,inetCondition=1,iconGroup=IconGroup(Wi-Fi Icons),activityIn=true,activityOut=true,rssi=-64,lastModified=12-09 11:44:45,ssid="GIOVANE_2.4",badgeEnum=0,isTransient=false
12-09 11:44:49.600   662  1015 D SDM     : DisplayBase::BuildLayerStackStats: LayerStack layer_count: 4, app_layer_count: 3, gpu_target_index: 3, display type: 0
12-09 11:44:49.604  4312  4312 D Launcher: NextAppCoreObserver onChange:false
12-09 11:44:49.605  3306  3306 D MoreNotificationIcon: implementMoreNotificationIcon(false)
12-09 11:44:49.605  3306  3306 D StatusBar: com.asus.powersaver checkMoreIconColorize: !isPreL: true isGrayscale: true
12-09 11:44:49.605  3306  3306 D StatusBar:  checkMoreIconColorize: !isPreL: true isGrayscale: true
12-09 11:44:49.608  2821  2821 W JobServiceContext: App Op not allow JobScheduler to start app com.google.android.projection.gearhead/10153
12-09 11:44:49.608  2821  2821 D JobSchedulerService: Error executing JobStatus{e8abfba #u0a153/203167958 com.google.android.projection.gearhead/com.google.android.apps.auto.wireless.scan.WifiChannelScanJobService u=0 s=10153 TIME=-3d23h18m15s200ms:-3d22h18m15s200ms READY}
12-09 11:44:49.612  4312 10464 D Launcher: app prediction list:com.whatsapp,com.facebook.katana,com.reddit.frontpage,com.ninegag.android.app,com.android.chrome,com.square_enix.android_googleplay.FFBEWW,com.nianticlabs.pokemongo,com.google.android.gm,com.google.android.googlequicksearchbox,org.telegram.messenger,com.google.android.keep,com.asus.contacts,com.yahoo.mobile.client.android.mail,com.waze,com.asus.deskclock
12-09 11:44:49.616   662  1015 D SDM     : DisplayBase::BuildLayerStackStats: LayerStack layer_count: 4, app_layer_count: 3, gpu_target_index: 3, display type: 0
12-09 11:44:49.618  4312  4312 D LauncherLog: AppsCustomizePagedView - syncAppsPageItems page: 0 index: 0 Item: WhatsApp
12-09 11:44:49.619  4312  4312 D LauncherLog: AppsCustomizePagedView - syncAppsPageItems page: 0 index: 1 Item: Facebook
12-09 11:44:49.620  4312  4312 D LauncherLog: AppsCustomizePagedView - syncAppsPageItems page: 0 index: 2 Item: Reddit
12-09 11:44:49.621  4312  4312 D LauncherLog: AppsCustomizePagedView - syncAppsPageItems page: 0 index: 3 Item: 9GAG
12-09 11:44:49.621  4312  4312 D LauncherLog: AppsCustomizePagedView - syncAppsPageItems page: 0 index: 4 Item: FFEXVIUS
12-09 11:44:49.630  2821  2900 D CompatibilityInfo: mCompatibilityFlags - 0
12-09 11:44:49.630  2821  2900 D CompatibilityInfo: applicationDensity - 480
12-09 11:44:49.630  2821  2900 D CompatibilityInfo: applicationScale - 1.0
12-09 11:44:49.632   667  1445 I sensors-hal: flush:188, android.sensor.accelerometer/34
12-09 11:44:49.634   667  1445 I sensors-hal: flush:194, android.sensor.accelerometer/34 completed
12-09 11:44:49.635   667  1445 I sensors-hal: batch:159, android.sensor.accelerometer/34, period=2500000, max_latency=0
